**********************************************************************
** Visual Studio 2026 Developer PowerShell v18.7.1
** Copyright (c) 2026 Microsoft Corporation
**********************************************************************
pointer=4 view=000 open=00000000
root view=000 class=2 status=00000000 returned=44 bytes=D1833BC64E58DD0100000000FFFFFFFF00000000310000004600000000000000000000000000000000000000
root view=000 class=3 status=00000000 returned=186 bytes=B60000005C00520045004700490053005400520059005C004D0041004300480049004E0045005C0053004F004600540057004100520045005C004D006900630072006F0073006F00660074005C00570069006E0064006F007700730020004E0054005C00430075007200720065006E007400560065007200730069006F006E005C0049006D006100670065002000460069006C006500200045007800650063007500740069006F006E0020004F007000740069006F006E007300
child view=000 index=0 status=00000000 name=610070007000760065007200690066002E00650078006500
child-open view=000 index=0 status=00000000
child-info view=000 index=0 status=00000000 returned=44 bytes=B5043BC64E58DD0100000000FFFFFFFF00000000000000000000000000000000010000001400000004000000
child view=000 index=1 status=00000000 name=63007300630072006900700074002E00650078006500
child-open view=000 index=1 status=00000000
child-info view=000 index=1 status=00000000 returned=44 bytes=0E90A5AB8A51DD0100000000FFFFFFFF00000000000000000000000000000000010000003E00000004000000
child view=000 index=2 status=00000000 name=44006500660065006E006400650072004100670065006E0074005300630061006E002E00650078006500
child-open view=000 index=2 status=00000000
child-info view=000 index=2 status=00000000 returned=44 bytes=193ABBD8FB57DD0100000000FFFFFFFF00000000000000000000000000000000010000002200000008000000
child view=000 index=3 status=00000000 name=64006C006C0068006F00730074002E00650078006500
child-open view=000 index=3 status=00000000
child-info view=000 index=3 status=00000000 returned=44 bytes=0E90A5AB8A51DD0100000000FFFFFFFF00000000000000000000000000000000010000003E00000004000000
child view=000 index=4 status=00000000 name=44006C006C004E0058004F007000740069006F006E007300
child-open view=000 index=4 status=00000000
child-info view=000 index=4 status=00000000 returned=44 bytes=0E90A5AB8A51DD0100000000FFFFFFFF00000000000000000000000000000000250000002600000004000000
child view=000 index=5 status=00000000 name=64007200760069006E00730074002E00650078006500
child-open view=000 index=5 status=00000000
child-info view=000 index=5 status=00000000 returned=44 bytes=0E90A5AB8A51DD0100000000FFFFFFFF00000000000000000000000000000000010000003E00000004000000
child view=000 index=6 status=00000000 name=6500680065007800740068006F0073007400330032002E00650078006500
child-open view=000 index=6 status=00000000
child-info view=000 index=6 status=00000000 returned=44 bytes=0E90A5AB8A51DD0100000000FFFFFFFF00000000000000000000000000000000010000003E00000004000000
child view=000 index=7 status=00000000 name=6500780070006C006F007200650072002E00650078006500
child-open view=000 index=7 status=00000000
child-info view=000 index=7 status=00000000 returned=44 bytes=0E90A5AB8A51DD0100000000FFFFFFFF00000000000000000000000000000000010000003E00000004000000
child view=000 index=8 status=00000000 name=4500780074004500780070006F00720074002E00650078006500
child-open view=000 index=8 status=00000000
child-info view=000 index=8 status=00000000 returned=44 bytes=0E90A5AB8A51DD0100000000FFFFFFFF00000000000000000000000000000000010000002200000008000000
child view=000 index=9 status=00000000 name=6900640061002E00650078006500
child-open view=000 index=9 status=00000000
child-info view=000 index=9 status=00000000 returned=44 bytes=B5043BC64E58DD0100000000FFFFFFFF00000000000000000000000000000000030000003E00000004000000
child view=000 index=10 status=00000000 name=69006400610074002E00650078006500
child-open view=000 index=10 status=00000000
child-info view=000 index=10 status=00000000 returned=44 bytes=903F3BC64E58DD0100000000FFFFFFFF00000000000000000000000000000000030000003E00000004000000
child view=000 index=11 status=00000000 name=690065003400750069006E00690074002E00650078006500
child-open view=000 index=11 status=00000000
child-info view=000 index=11 status=00000000 returned=44 bytes=0E90A5AB8A51DD0100000000FFFFFFFF00000000000000000000000000000000010000002200000008000000
child view=000 index=12 status=00000000 name=6900650069006E007300740061006C002E00650078006500
child-open view=000 index=12 status=00000000
child-info view=000 index=12 status=00000000 returned=44 bytes=0E90A5AB8A51DD0100000000FFFFFFFF00000000000000000000000000000000010000002200000008000000
child view=000 index=13 status=00000000 name=690065006C006F0077007500740069006C002E00650078006500
child-open view=000 index=13 status=00000000
child-info view=000 index=13 status=00000000 returned=44 bytes=0E90A5AB8A51DD0100000000FFFFFFFF00000000000000000000000000000000010000002200000008000000
child view=000 index=14 status=00000000 name=6900650055006E006100740074002E00650078006500
child-open view=000 index=14 status=00000000
child-info view=000 index=14 status=00000000 returned=44 bytes=18A3A5AB8A51DD0100000000FFFFFFFF00000000000000000000000000000000010000002200000008000000
child view=000 index=15 status=00000000 name=69006500780070006C006F00720065002E00650078006500
child-open view=000 index=15 status=00000000
child-info view=000 index=15 status=00000000 returned=44 bytes=00D3FC818E51DD0100000000FFFFFFFF00000000000000000000000000000000030000003E00000008000000
child view=000 index=16 status=00000000 name=4C0053004100530053002E00650078006500
child-open view=000 index=16 status=00000000
child-info view=000 index=16 status=00000000 returned=44 bytes=903F3BC64E58DD0100000000FFFFFFFF00000000000000000000000000000000010000001400000004000000
child view=000 index=17 status=00000000 name=4D006900630072006F0073006F006600740045006400670065005500700064006100740065002E00650078006500
child-open view=000 index=17 status=00000000
child-info view=000 index=17 status=00000000 returned=44 bytes=903F3BC64E58DD0100000000FFFFFFFF00000000000000000000000000000000010000003E00000004000000
child view=000 index=18 status=00000000 name=6D006D0063002E00650078006500
child-open view=000 index=18 status=00000000
child-info view=000 index=18 status=00000000 returned=44 bytes=18A3A5AB8A51DD0100000000FFFFFFFF00000000000000000000000000000000020000003E00000004000000
child view=000 index=19 status=00000000 name=4D00520054002E00650078006500
child-open view=000 index=19 status=00000000
child-info view=000 index=19 status=00000000 returned=44 bytes=18A3A5AB8A51DD0100000000FFFFFFFF00000000000000000000000000000000010000001400000004000000
child view=000 index=20 status=00000000 name=6D00730063006F0072007300760077002E00650078006500
child-open view=000 index=20 status=00000000
child-info view=000 index=20 status=00000000 returned=44 bytes=18A3A5AB8A51DD0100000000FFFFFFFF00000000000000000000000000000000010000002200000008000000
child view=000 index=21 status=00000000 name=6D00730066006500650064007300730079006E0063002E00650078006500
child-open view=000 index=21 status=00000000
child-info view=000 index=21 status=00000000 returned=44 bytes=18A3A5AB8A51DD0100000000FFFFFFFF00000000000000000000000000000000010000002200000008000000
child view=000 index=22 status=00000000 name=6D0073006800740061002E00650078006500
child-open view=000 index=22 status=00000000
child-info view=000 index=22 status=00000000 returned=44 bytes=18A3A5AB8A51DD0100000000FFFFFFFF00000000000000000000000000000000010000002200000008000000
child view=000 index=23 status=00000000 name=4D0073004D00700045006E0067002E00650078006500
child-open view=000 index=23 status=00000000
child-info view=000 index=23 status=00000000 returned=44 bytes=18A3A5AB8A51DD0100000000FFFFFFFF00000000000000000000000000000000010000001400000004000000
child view=000 index=24 status=00000000 name=4D007300530065006E00730065002E00650078006500
child-open view=000 index=24 status=00000000
child-info view=000 index=24 status=00000000 returned=44 bytes=398C7A918E51DD0100000000FFFFFFFF00000000000000000000000000000000010000002200000008000000
child view=000 index=25 status=00000000 name=6E00670065006E002E00650078006500
child-open view=000 index=25 status=00000000
child-info view=000 index=25 status=00000000 returned=44 bytes=18A3A5AB8A51DD0100000000FFFFFFFF00000000000000000000000000000000010000002200000008000000
child view=000 index=26 status=00000000 name=6E00670065006E007400610073006B002E00650078006500
child-open view=000 index=26 status=00000000
child-info view=000 index=26 status=00000000 returned=44 bytes=18A3A5AB8A51DD0100000000FFFFFFFF00000000000000000000000000000000010000002200000008000000
child view=000 index=27 status=00000000 name=6E006F00740065007000610064002E00650078006500
child-open view=000 index=27 status=00000000
child-info view=000 index=27 status=00000000 returned=44 bytes=398C7A918E51DD0100000000FFFFFFFF00000000040000000200000000000000010000001200000004000000
child view=000 index=28 status=00000000 name=70006F007700650072007300680065006C006C005F006900730065002E00650078006500
child-open view=000 index=28 status=00000000
child-info view=000 index=28 status=00000000 returned=44 bytes=00D3FC818E51DD0100000000FFFFFFFF00000000000000000000000000000000010000002000000004000000
child view=000 index=29 status=00000000 name=500072006500730065006E0074006100740069006F006E0048006F00730074002E00650078006500
child-open view=000 index=29 status=00000000
child-info view=000 index=29 status=00000000 returned=44 bytes=18A3A5AB8A51DD0100000000FFFFFFFF00000000000000000000000000000000010000002200000008000000
child view=000 index=30 status=00000000 name=5000720069006E007400490073006F006C006100740069006F006E0048006F00730074002E00650078006500
child-open view=000 index=30 status=00000000
child-info view=000 index=30 status=00000000 returned=44 bytes=18A3A5AB8A51DD0100000000FFFFFFFF00000000000000000000000000000000010000002200000008000000
child view=000 index=31 status=00000000 name=720075006E0064006C006C00330032002E00650078006500
child-open view=000 index=31 status=00000000
child-info view=000 index=31 status=00000000 returned=44 bytes=18A3A5AB8A51DD0100000000FFFFFFFF00000000000000000000000000000000010000003E00000004000000
child view=000 index=32 status=00000000 name=720075006E00740069006D006500620072006F006B00650072002E00650078006500
child-open view=000 index=32 status=00000000
child-info view=000 index=32 status=00000000 returned=44 bytes=18A3A5AB8A51DD0100000000FFFFFFFF00000000000000000000000000000000010000002200000008000000
child view=000 index=33 status=00000000 name=730065006100720063006800700072006F0074006F0063006F006C0068006F00730074002E00650078006500
child-open view=000 index=33 status=00000000
child-info view=000 index=33 status=00000000 returned=44 bytes=18A3A5AB8A51DD0100000000FFFFFFFF00000000000000000000000000000000010000003E00000004000000
child view=000 index=34 status=00000000 name=730070006C0077006F007700360034002E00650078006500
child-open view=000 index=34 status=00000000
child-info view=000 index=34 status=00000000 returned=44 bytes=18A3A5AB8A51DD0100000000FFFFFFFF00000000000000000000000000000000010000002200000008000000
child view=000 index=35 status=00000000 name=730070006F006F006C00730076002E00650078006500
child-open view=000 index=35 status=00000000
child-info view=000 index=35 status=00000000 returned=44 bytes=18A3A5AB8A51DD0100000000FFFFFFFF00000000000000000000000000000000020000003E00000008000000
child view=000 index=36 status=00000000 name=7300730068002D006100670065006E0074002E00650078006500
child-open view=000 index=36 status=00000000
child-info view=000 index=36 status=00000000 returned=44 bytes=00D3FC818E51DD0100000000FFFFFFFF00000000000000000000000000000000010000002200000013000000
child view=000 index=37 status=00000000 name=73007600630068006F00730074002E00650078006500
child-open view=000 index=37 status=00000000
child-info view=000 index=37 status=00000000 returned=44 bytes=18A3A5AB8A51DD0100000000FFFFFFFF00000000000000000000000000000000020000003200000008000000
child view=000 index=38 status=00000000 name=530079007300740065006D00530065007400740069006E00670073002E00650078006500
child-open view=000 index=38 status=00000000
child-info view=000 index=38 status=00000000 returned=44 bytes=18A3A5AB8A51DD0100000000FFFFFFFF00000000000000000000000000000000010000002200000008000000
child view=000 index=39 status=00000000 name=560042006F00780048006500610064006C006500730073002E00650078006500
child-open view=000 index=39 status=00000000
child-info view=000 index=39 status=00000000 returned=44 bytes=18A3A5AB8A51DD0100000000FFFFFFFF00000000000000000000000000000000010000003000000004000000
child view=000 index=40 status=00000000 name=560042006F0078004E006500740044004800430050002E00650078006500
child-open view=000 index=40 status=00000000
child-info view=000 index=40 status=00000000 returned=44 bytes=18A3A5AB8A51DD0100000000FFFFFFFF00000000000000000000000000000000010000003000000004000000
child view=000 index=41 status=00000000 name=5600690072007400750061006C0042006F0078002E00650078006500
child-open view=000 index=41 status=00000000
child-info view=000 index=41 status=00000000 returned=44 bytes=18A3A5AB8A51DD0100000000FFFFFFFF00000000000000000000000000000000010000003000000004000000
child view=000 index=42 status=00000000 name=5600690072007400750061006C0042006F00780056004D002E00650078006500
child-open view=000 index=42 status=00000000
child-info view=000 index=42 status=00000000 returned=44 bytes=18A3A5AB8A51DD0100000000FFFFFFFF00000000000000000000000000000000010000003000000004000000
child view=000 index=43 status=00000000 name=770069006E0064006F00770073003100300075006E006900760065007200730061006C002E00650078006500
child-open view=000 index=43 status=00000000
child-info view=000 index=43 status=00000000 returned=44 bytes=D1833BC64E58DD0100000000FFFFFFFF00000000000000000000000000000000010000003000000004000000
child view=000 index=44 status=00000000 name=77006D0070006E006500740077006B002E00650078006500
child-open view=000 index=44 status=00000000
child-info view=000 index=44 status=00000000 returned=44 bytes=398C7A918E51DD0100000000FFFFFFFF00000000000000000000000000000000010000002200000013000000
child view=000 index=45 status=00000000 name=7700700072002E00650078006500
child-open view=000 index=45 status=00000000
child-info view=000 index=45 status=00000000 returned=44 bytes=18A3A5AB8A51DD0100000000FFFFFFFF00000000000000000000000000000000010000002200000013000000
child view=000 index=46 status=00000000 name=770070007200750069002E00650078006500
child-open view=000 index=46 status=00000000
child-info view=000 index=46 status=00000000 returned=44 bytes=18A3A5AB8A51DD0100000000FFFFFFFF00000000000000000000000000000000010000002200000013000000
child view=000 index=47 status=00000000 name=77007300630072006900700074002E00650078006500
child-open view=000 index=47 status=00000000
child-info view=000 index=47 status=00000000 returned=44 bytes=18A3A5AB8A51DD0100000000FFFFFFFF00000000000000000000000000000000010000003E00000004000000
child view=000 index=48 status=00000000 name=7B004100700070006C00690063006100740069006F006E005600650072006900660069006500720047006C006F00620061006C00530065007400740069006E00670073007D00
child-open view=000 index=48 status=00000000
child-info view=000 index=48 status=00000000 returned=44 bytes=D1833BC64E58DD0100000000FFFFFFFF000000000000000000000000000000000100000022000000DC000000
end view=000 count=49 status=8000001A returned=A5A5A5A5
image-open view=000 name=probe.exe status=C0000034
image-open view=000 name=smoke.exe status=C0000034
image-open view=000 name=whoami.exe status=C0000034
image-open view=000 name=missing-rax-image.exe status=C0000034
pointer=4 view=100 open=00000000
root view=100 class=2 status=00000000 returned=44 bytes=D1833BC64E58DD0100000000FFFFFFFF00000000310000004600000000000000000000000000000000000000
root view=100 class=3 status=00000000 returned=186 bytes=B60000005C00520045004700490053005400520059005C004D0041004300480049004E0045005C0053004F004600540057004100520045005C004D006900630072006F0073006F00660074005C00570069006E0064006F007700730020004E0054005C00430075007200720065006E007400560065007200730069006F006E005C0049006D006100670065002000460069006C006500200045007800650063007500740069006F006E0020004F007000740069006F006E007300
child view=100 index=0 status=00000000 name=610070007000760065007200690066002E00650078006500
child-open view=100 index=0 status=00000000
child-info view=100 index=0 status=00000000 returned=44 bytes=B5043BC64E58DD0100000000FFFFFFFF00000000000000000000000000000000010000001400000004000000
child view=100 index=1 status=00000000 name=63007300630072006900700074002E00650078006500
child-open view=100 index=1 status=00000000
child-info view=100 index=1 status=00000000 returned=44 bytes=0E90A5AB8A51DD0100000000FFFFFFFF00000000000000000000000000000000010000003E00000004000000
child view=100 index=2 status=00000000 name=44006500660065006E006400650072004100670065006E0074005300630061006E002E00650078006500
child-open view=100 index=2 status=00000000
child-info view=100 index=2 status=00000000 returned=44 bytes=193ABBD8FB57DD0100000000FFFFFFFF00000000000000000000000000000000010000002200000008000000
child view=100 index=3 status=00000000 name=64006C006C0068006F00730074002E00650078006500
child-open view=100 index=3 status=00000000
child-info view=100 index=3 status=00000000 returned=44 bytes=0E90A5AB8A51DD0100000000FFFFFFFF00000000000000000000000000000000010000003E00000004000000
child view=100 index=4 status=00000000 name=44006C006C004E0058004F007000740069006F006E007300
child-open view=100 index=4 status=00000000
child-info view=100 index=4 status=00000000 returned=44 bytes=0E90A5AB8A51DD0100000000FFFFFFFF00000000000000000000000000000000250000002600000004000000
child view=100 index=5 status=00000000 name=64007200760069006E00730074002E00650078006500
child-open view=100 index=5 status=00000000
child-info view=100 index=5 status=00000000 returned=44 bytes=0E90A5AB8A51DD0100000000FFFFFFFF00000000000000000000000000000000010000003E00000004000000
child view=100 index=6 status=00000000 name=6500680065007800740068006F0073007400330032002E00650078006500
child-open view=100 index=6 status=00000000
child-info view=100 index=6 status=00000000 returned=44 bytes=0E90A5AB8A51DD0100000000FFFFFFFF00000000000000000000000000000000010000003E00000004000000
child view=100 index=7 status=00000000 name=6500780070006C006F007200650072002E00650078006500
child-open view=100 index=7 status=00000000
child-info view=100 index=7 status=00000000 returned=44 bytes=0E90A5AB8A51DD0100000000FFFFFFFF00000000000000000000000000000000010000003E00000004000000
child view=100 index=8 status=00000000 name=4500780074004500780070006F00720074002E00650078006500
child-open view=100 index=8 status=00000000
child-info view=100 index=8 status=00000000 returned=44 bytes=0E90A5AB8A51DD0100000000FFFFFFFF00000000000000000000000000000000010000002200000008000000
child view=100 index=9 status=00000000 name=6900640061002E00650078006500
child-open view=100 index=9 status=00000000
child-info view=100 index=9 status=00000000 returned=44 bytes=B5043BC64E58DD0100000000FFFFFFFF00000000000000000000000000000000030000003E00000004000000
child view=100 index=10 status=00000000 name=69006400610074002E00650078006500
child-open view=100 index=10 status=00000000
child-info view=100 index=10 status=00000000 returned=44 bytes=903F3BC64E58DD0100000000FFFFFFFF00000000000000000000000000000000030000003E00000004000000
child view=100 index=11 status=00000000 name=690065003400750069006E00690074002E00650078006500
child-open view=100 index=11 status=00000000
child-info view=100 index=11 status=00000000 returned=44 bytes=0E90A5AB8A51DD0100000000FFFFFFFF00000000000000000000000000000000010000002200000008000000
child view=100 index=12 status=00000000 name=6900650069006E007300740061006C002E00650078006500
child-open view=100 index=12 status=00000000
child-info view=100 index=12 status=00000000 returned=44 bytes=0E90A5AB8A51DD0100000000FFFFFFFF00000000000000000000000000000000010000002200000008000000
child view=100 index=13 status=00000000 name=690065006C006F0077007500740069006C002E00650078006500
child-open view=100 index=13 status=00000000
child-info view=100 index=13 status=00000000 returned=44 bytes=0E90A5AB8A51DD0100000000FFFFFFFF00000000000000000000000000000000010000002200000008000000
child view=100 index=14 status=00000000 name=6900650055006E006100740074002E00650078006500
child-open view=100 index=14 status=00000000
child-info view=100 index=14 status=00000000 returned=44 bytes=18A3A5AB8A51DD0100000000FFFFFFFF00000000000000000000000000000000010000002200000008000000
child view=100 index=15 status=00000000 name=69006500780070006C006F00720065002E00650078006500
child-open view=100 index=15 status=00000000
child-info view=100 index=15 status=00000000 returned=44 bytes=00D3FC818E51DD0100000000FFFFFFFF00000000000000000000000000000000030000003E00000008000000
child view=100 index=16 status=00000000 name=4C0053004100530053002E00650078006500
child-open view=100 index=16 status=00000000
child-info view=100 index=16 status=00000000 returned=44 bytes=903F3BC64E58DD0100000000FFFFFFFF00000000000000000000000000000000010000001400000004000000
child view=100 index=17 status=00000000 name=4D006900630072006F0073006F006600740045006400670065005500700064006100740065002E00650078006500
child-open view=100 index=17 status=00000000
child-info view=100 index=17 status=00000000 returned=44 bytes=903F3BC64E58DD0100000000FFFFFFFF00000000000000000000000000000000010000003E00000004000000
child view=100 index=18 status=00000000 name=6D006D0063002E00650078006500
child-open view=100 index=18 status=00000000
child-info view=100 index=18 status=00000000 returned=44 bytes=18A3A5AB8A51DD0100000000FFFFFFFF00000000000000000000000000000000020000003E00000004000000
child view=100 index=19 status=00000000 name=4D00520054002E00650078006500
child-open view=100 index=19 status=00000000
child-info view=100 index=19 status=00000000 returned=44 bytes=18A3A5AB8A51DD0100000000FFFFFFFF00000000000000000000000000000000010000001400000004000000
child view=100 index=20 status=00000000 name=6D00730063006F0072007300760077002E00650078006500
child-open view=100 index=20 status=00000000
child-info view=100 index=20 status=00000000 returned=44 bytes=18A3A5AB8A51DD0100000000FFFFFFFF00000000000000000000000000000000010000002200000008000000
child view=100 index=21 status=00000000 name=6D00730066006500650064007300730079006E0063002E00650078006500
child-open view=100 index=21 status=00000000
child-info view=100 index=21 status=00000000 returned=44 bytes=18A3A5AB8A51DD0100000000FFFFFFFF00000000000000000000000000000000010000002200000008000000
child view=100 index=22 status=00000000 name=6D0073006800740061002E00650078006500
child-open view=100 index=22 status=00000000
child-info view=100 index=22 status=00000000 returned=44 bytes=18A3A5AB8A51DD0100000000FFFFFFFF00000000000000000000000000000000010000002200000008000000
child view=100 index=23 status=00000000 name=4D0073004D00700045006E0067002E00650078006500
child-open view=100 index=23 status=00000000
child-info view=100 index=23 status=00000000 returned=44 bytes=18A3A5AB8A51DD0100000000FFFFFFFF00000000000000000000000000000000010000001400000004000000
child view=100 index=24 status=00000000 name=4D007300530065006E00730065002E00650078006500
child-open view=100 index=24 status=00000000
child-info view=100 index=24 status=00000000 returned=44 bytes=398C7A918E51DD0100000000FFFFFFFF00000000000000000000000000000000010000002200000008000000
child view=100 index=25 status=00000000 name=6E00670065006E002E00650078006500
child-open view=100 index=25 status=00000000
child-info view=100 index=25 status=00000000 returned=44 bytes=18A3A5AB8A51DD0100000000FFFFFFFF00000000000000000000000000000000010000002200000008000000
child view=100 index=26 status=00000000 name=6E00670065006E007400610073006B002E00650078006500
child-open view=100 index=26 status=00000000
child-info view=100 index=26 status=00000000 returned=44 bytes=18A3A5AB8A51DD0100000000FFFFFFFF00000000000000000000000000000000010000002200000008000000
child view=100 index=27 status=00000000 name=6E006F00740065007000610064002E00650078006500
child-open view=100 index=27 status=00000000
child-info view=100 index=27 status=00000000 returned=44 bytes=398C7A918E51DD0100000000FFFFFFFF00000000040000000200000000000000010000001200000004000000
child view=100 index=28 status=00000000 name=70006F007700650072007300680065006C006C005F006900730065002E00650078006500
child-open view=100 index=28 status=00000000
child-info view=100 index=28 status=00000000 returned=44 bytes=00D3FC818E51DD0100000000FFFFFFFF00000000000000000000000000000000010000002000000004000000
child view=100 index=29 status=00000000 name=500072006500730065006E0074006100740069006F006E0048006F00730074002E00650078006500
child-open view=100 index=29 status=00000000
child-info view=100 index=29 status=00000000 returned=44 bytes=18A3A5AB8A51DD0100000000FFFFFFFF00000000000000000000000000000000010000002200000008000000
child view=100 index=30 status=00000000 name=5000720069006E007400490073006F006C006100740069006F006E0048006F00730074002E00650078006500
child-open view=100 index=30 status=00000000
child-info view=100 index=30 status=00000000 returned=44 bytes=18A3A5AB8A51DD0100000000FFFFFFFF00000000000000000000000000000000010000002200000008000000
child view=100 index=31 status=00000000 name=720075006E0064006C006C00330032002E00650078006500
child-open view=100 index=31 status=00000000
child-info view=100 index=31 status=00000000 returned=44 bytes=18A3A5AB8A51DD0100000000FFFFFFFF00000000000000000000000000000000010000003E00000004000000
child view=100 index=32 status=00000000 name=720075006E00740069006D006500620072006F006B00650072002E00650078006500
child-open view=100 index=32 status=00000000
child-info view=100 index=32 status=00000000 returned=44 bytes=18A3A5AB8A51DD0100000000FFFFFFFF00000000000000000000000000000000010000002200000008000000
child view=100 index=33 status=00000000 name=730065006100720063006800700072006F0074006F0063006F006C0068006F00730074002E00650078006500
child-open view=100 index=33 status=00000000
child-info view=100 index=33 status=00000000 returned=44 bytes=18A3A5AB8A51DD0100000000FFFFFFFF00000000000000000000000000000000010000003E00000004000000
child view=100 index=34 status=00000000 name=730070006C0077006F007700360034002E00650078006500
child-open view=100 index=34 status=00000000
child-info view=100 index=34 status=00000000 returned=44 bytes=18A3A5AB8A51DD0100000000FFFFFFFF00000000000000000000000000000000010000002200000008000000
child view=100 index=35 status=00000000 name=730070006F006F006C00730076002E00650078006500
child-open view=100 index=35 status=00000000
child-info view=100 index=35 status=00000000 returned=44 bytes=18A3A5AB8A51DD0100000000FFFFFFFF00000000000000000000000000000000020000003E00000008000000
child view=100 index=36 status=00000000 name=7300730068002D006100670065006E0074002E00650078006500
child-open view=100 index=36 status=00000000
child-info view=100 index=36 status=00000000 returned=44 bytes=00D3FC818E51DD0100000000FFFFFFFF00000000000000000000000000000000010000002200000013000000
child view=100 index=37 status=00000000 name=73007600630068006F00730074002E00650078006500
child-open view=100 index=37 status=00000000
child-info view=100 index=37 status=00000000 returned=44 bytes=18A3A5AB8A51DD0100000000FFFFFFFF00000000000000000000000000000000020000003200000008000000
child view=100 index=38 status=00000000 name=530079007300740065006D00530065007400740069006E00670073002E00650078006500
child-open view=100 index=38 status=00000000
child-info view=100 index=38 status=00000000 returned=44 bytes=18A3A5AB8A51DD0100000000FFFFFFFF00000000000000000000000000000000010000002200000008000000
child view=100 index=39 status=00000000 name=560042006F00780048006500610064006C006500730073002E00650078006500
child-open view=100 index=39 status=00000000
child-info view=100 index=39 status=00000000 returned=44 bytes=18A3A5AB8A51DD0100000000FFFFFFFF00000000000000000000000000000000010000003000000004000000
child view=100 index=40 status=00000000 name=560042006F0078004E006500740044004800430050002E00650078006500
child-open view=100 index=40 status=00000000
child-info view=100 index=40 status=00000000 returned=44 bytes=18A3A5AB8A51DD0100000000FFFFFFFF00000000000000000000000000000000010000003000000004000000
child view=100 index=41 status=00000000 name=5600690072007400750061006C0042006F0078002E00650078006500
child-open view=100 index=41 status=00000000
child-info view=100 index=41 status=00000000 returned=44 bytes=18A3A5AB8A51DD0100000000FFFFFFFF00000000000000000000000000000000010000003000000004000000
child view=100 index=42 status=00000000 name=5600690072007400750061006C0042006F00780056004D002E00650078006500
child-open view=100 index=42 status=00000000
child-info view=100 index=42 status=00000000 returned=44 bytes=18A3A5AB8A51DD0100000000FFFFFFFF00000000000000000000000000000000010000003000000004000000
child view=100 index=43 status=00000000 name=770069006E0064006F00770073003100300075006E006900760065007200730061006C002E00650078006500
child-open view=100 index=43 status=00000000
child-info view=100 index=43 status=00000000 returned=44 bytes=D1833BC64E58DD0100000000FFFFFFFF00000000000000000000000000000000010000003000000004000000
child view=100 index=44 status=00000000 name=77006D0070006E006500740077006B002E00650078006500
child-open view=100 index=44 status=00000000
child-info view=100 index=44 status=00000000 returned=44 bytes=398C7A918E51DD0100000000FFFFFFFF00000000000000000000000000000000010000002200000013000000
child view=100 index=45 status=00000000 name=7700700072002E00650078006500
child-open view=100 index=45 status=00000000
child-info view=100 index=45 status=00000000 returned=44 bytes=18A3A5AB8A51DD0100000000FFFFFFFF00000000000000000000000000000000010000002200000013000000
child view=100 index=46 status=00000000 name=770070007200750069002E00650078006500
child-open view=100 index=46 status=00000000
child-info view=100 index=46 status=00000000 returned=44 bytes=18A3A5AB8A51DD0100000000FFFFFFFF00000000000000000000000000000000010000002200000013000000
child view=100 index=47 status=00000000 name=77007300630072006900700074002E00650078006500
child-open view=100 index=47 status=00000000
child-info view=100 index=47 status=00000000 returned=44 bytes=18A3A5AB8A51DD0100000000FFFFFFFF00000000000000000000000000000000010000003E00000004000000
child view=100 index=48 status=00000000 name=7B004100700070006C00690063006100740069006F006E005600650072006900660069006500720047006C006F00620061006C00530065007400740069006E00670073007D00
child-open view=100 index=48 status=00000000
child-info view=100 index=48 status=00000000 returned=44 bytes=D1833BC64E58DD0100000000FFFFFFFF000000000000000000000000000000000100000022000000DC000000
end view=100 count=49 status=8000001A returned=A5A5A5A5
image-open view=100 name=probe.exe status=C0000034
image-open view=100 name=smoke.exe status=C0000034
image-open view=100 name=whoami.exe status=C0000034
image-open view=100 name=missing-rax-image.exe status=C0000034
pointer=4 view=200 open=00000000
root view=200 class=2 status=00000000 returned=44 bytes=D1833BC64E58DD0100000000FFFFFFFF00000000310000004600000000000000000000000000000000000000
root view=200 class=3 status=00000000 returned=186 bytes=B60000005C00520045004700490053005400520059005C004D0041004300480049004E0045005C0053004F004600540057004100520045005C004D006900630072006F0073006F00660074005C00570069006E0064006F007700730020004E0054005C00430075007200720065006E007400560065007200730069006F006E005C0049006D006100670065002000460069006C006500200045007800650063007500740069006F006E0020004F007000740069006F006E007300
child view=200 index=0 status=00000000 name=610070007000760065007200690066002E00650078006500
child-open view=200 index=0 status=00000000
child-info view=200 index=0 status=00000000 returned=44 bytes=B5043BC64E58DD0100000000FFFFFFFF00000000000000000000000000000000010000001400000004000000
child view=200 index=1 status=00000000 name=63007300630072006900700074002E00650078006500
child-open view=200 index=1 status=00000000
child-info view=200 index=1 status=00000000 returned=44 bytes=0E90A5AB8A51DD0100000000FFFFFFFF00000000000000000000000000000000010000003E00000004000000
child view=200 index=2 status=00000000 name=44006500660065006E006400650072004100670065006E0074005300630061006E002E00650078006500
child-open view=200 index=2 status=00000000
child-info view=200 index=2 status=00000000 returned=44 bytes=193ABBD8FB57DD0100000000FFFFFFFF00000000000000000000000000000000010000002200000008000000
child view=200 index=3 status=00000000 name=64006C006C0068006F00730074002E00650078006500
child-open view=200 index=3 status=00000000
child-info view=200 index=3 status=00000000 returned=44 bytes=0E90A5AB8A51DD0100000000FFFFFFFF00000000000000000000000000000000010000003E00000004000000
child view=200 index=4 status=00000000 name=44006C006C004E0058004F007000740069006F006E007300
child-open view=200 index=4 status=00000000
child-info view=200 index=4 status=00000000 returned=44 bytes=0E90A5AB8A51DD0100000000FFFFFFFF00000000000000000000000000000000250000002600000004000000
child view=200 index=5 status=00000000 name=64007200760069006E00730074002E00650078006500
child-open view=200 index=5 status=00000000
child-info view=200 index=5 status=00000000 returned=44 bytes=0E90A5AB8A51DD0100000000FFFFFFFF00000000000000000000000000000000010000003E00000004000000
child view=200 index=6 status=00000000 name=6500680065007800740068006F0073007400330032002E00650078006500
child-open view=200 index=6 status=00000000
child-info view=200 index=6 status=00000000 returned=44 bytes=0E90A5AB8A51DD0100000000FFFFFFFF00000000000000000000000000000000010000003E00000004000000
child view=200 index=7 status=00000000 name=6500780070006C006F007200650072002E00650078006500
child-open view=200 index=7 status=00000000
child-info view=200 index=7 status=00000000 returned=44 bytes=0E90A5AB8A51DD0100000000FFFFFFFF00000000000000000000000000000000010000003E00000004000000
child view=200 index=8 status=00000000 name=4500780074004500780070006F00720074002E00650078006500
child-open view=200 index=8 status=00000000
child-info view=200 index=8 status=00000000 returned=44 bytes=0E90A5AB8A51DD0100000000FFFFFFFF00000000000000000000000000000000010000002200000008000000
child view=200 index=9 status=00000000 name=6900640061002E00650078006500
child-open view=200 index=9 status=00000000
child-info view=200 index=9 status=00000000 returned=44 bytes=B5043BC64E58DD0100000000FFFFFFFF00000000000000000000000000000000030000003E00000004000000
child view=200 index=10 status=00000000 name=69006400610074002E00650078006500
child-open view=200 index=10 status=00000000
child-info view=200 index=10 status=00000000 returned=44 bytes=903F3BC64E58DD0100000000FFFFFFFF00000000000000000000000000000000030000003E00000004000000
child view=200 index=11 status=00000000 name=690065003400750069006E00690074002E00650078006500
child-open view=200 index=11 status=00000000
child-info view=200 index=11 status=00000000 returned=44 bytes=0E90A5AB8A51DD0100000000FFFFFFFF00000000000000000000000000000000010000002200000008000000
child view=200 index=12 status=00000000 name=6900650069006E007300740061006C002E00650078006500
child-open view=200 index=12 status=00000000
child-info view=200 index=12 status=00000000 returned=44 bytes=0E90A5AB8A51DD0100000000FFFFFFFF00000000000000000000000000000000010000002200000008000000
child view=200 index=13 status=00000000 name=690065006C006F0077007500740069006C002E00650078006500
child-open view=200 index=13 status=00000000
child-info view=200 index=13 status=00000000 returned=44 bytes=0E90A5AB8A51DD0100000000FFFFFFFF00000000000000000000000000000000010000002200000008000000
child view=200 index=14 status=00000000 name=6900650055006E006100740074002E00650078006500
child-open view=200 index=14 status=00000000
child-info view=200 index=14 status=00000000 returned=44 bytes=18A3A5AB8A51DD0100000000FFFFFFFF00000000000000000000000000000000010000002200000008000000
child view=200 index=15 status=00000000 name=69006500780070006C006F00720065002E00650078006500
child-open view=200 index=15 status=00000000
child-info view=200 index=15 status=00000000 returned=44 bytes=00D3FC818E51DD0100000000FFFFFFFF00000000000000000000000000000000030000003E00000008000000
child view=200 index=16 status=00000000 name=4C0053004100530053002E00650078006500
child-open view=200 index=16 status=00000000
child-info view=200 index=16 status=00000000 returned=44 bytes=903F3BC64E58DD0100000000FFFFFFFF00000000000000000000000000000000010000001400000004000000
child view=200 index=17 status=00000000 name=4D006900630072006F0073006F006600740045006400670065005500700064006100740065002E00650078006500
child-open view=200 index=17 status=00000000
child-info view=200 index=17 status=00000000 returned=44 bytes=903F3BC64E58DD0100000000FFFFFFFF00000000000000000000000000000000010000003E00000004000000
child view=200 index=18 status=00000000 name=6D006D0063002E00650078006500
child-open view=200 index=18 status=00000000
child-info view=200 index=18 status=00000000 returned=44 bytes=18A3A5AB8A51DD0100000000FFFFFFFF00000000000000000000000000000000020000003E00000004000000
child view=200 index=19 status=00000000 name=4D00520054002E00650078006500
child-open view=200 index=19 status=00000000
child-info view=200 index=19 status=00000000 returned=44 bytes=18A3A5AB8A51DD0100000000FFFFFFFF00000000000000000000000000000000010000001400000004000000
child view=200 index=20 status=00000000 name=6D00730063006F0072007300760077002E00650078006500
child-open view=200 index=20 status=00000000
child-info view=200 index=20 status=00000000 returned=44 bytes=18A3A5AB8A51DD0100000000FFFFFFFF00000000000000000000000000000000010000002200000008000000
child view=200 index=21 status=00000000 name=6D00730066006500650064007300730079006E0063002E00650078006500
child-open view=200 index=21 status=00000000
child-info view=200 index=21 status=00000000 returned=44 bytes=18A3A5AB8A51DD0100000000FFFFFFFF00000000000000000000000000000000010000002200000008000000
child view=200 index=22 status=00000000 name=6D0073006800740061002E00650078006500
child-open view=200 index=22 status=00000000
child-info view=200 index=22 status=00000000 returned=44 bytes=18A3A5AB8A51DD0100000000FFFFFFFF00000000000000000000000000000000010000002200000008000000
child view=200 index=23 status=00000000 name=4D0073004D00700045006E0067002E00650078006500
child-open view=200 index=23 status=00000000
child-info view=200 index=23 status=00000000 returned=44 bytes=18A3A5AB8A51DD0100000000FFFFFFFF00000000000000000000000000000000010000001400000004000000
child view=200 index=24 status=00000000 name=4D007300530065006E00730065002E00650078006500
child-open view=200 index=24 status=00000000
child-info view=200 index=24 status=00000000 returned=44 bytes=398C7A918E51DD0100000000FFFFFFFF00000000000000000000000000000000010000002200000008000000
child view=200 index=25 status=00000000 name=6E00670065006E002E00650078006500
child-open view=200 index=25 status=00000000
child-info view=200 index=25 status=00000000 returned=44 bytes=18A3A5AB8A51DD0100000000FFFFFFFF00000000000000000000000000000000010000002200000008000000
child view=200 index=26 status=00000000 name=6E00670065006E007400610073006B002E00650078006500
child-open view=200 index=26 status=00000000
child-info view=200 index=26 status=00000000 returned=44 bytes=18A3A5AB8A51DD0100000000FFFFFFFF00000000000000000000000000000000010000002200000008000000
child view=200 index=27 status=00000000 name=6E006F00740065007000610064002E00650078006500
child-open view=200 index=27 status=00000000
child-info view=200 index=27 status=00000000 returned=44 bytes=398C7A918E51DD0100000000FFFFFFFF00000000040000000200000000000000010000001200000004000000
child view=200 index=28 status=00000000 name=70006F007700650072007300680065006C006C005F006900730065002E00650078006500
child-open view=200 index=28 status=00000000
child-info view=200 index=28 status=00000000 returned=44 bytes=00D3FC818E51DD0100000000FFFFFFFF00000000000000000000000000000000010000002000000004000000
child view=200 index=29 status=00000000 name=500072006500730065006E0074006100740069006F006E0048006F00730074002E00650078006500
child-open view=200 index=29 status=00000000
child-info view=200 index=29 status=00000000 returned=44 bytes=18A3A5AB8A51DD0100000000FFFFFFFF00000000000000000000000000000000010000002200000008000000
child view=200 index=30 status=00000000 name=5000720069006E007400490073006F006C006100740069006F006E0048006F00730074002E00650078006500
child-open view=200 index=30 status=00000000
child-info view=200 index=30 status=00000000 returned=44 bytes=18A3A5AB8A51DD0100000000FFFFFFFF00000000000000000000000000000000010000002200000008000000
child view=200 index=31 status=00000000 name=720075006E0064006C006C00330032002E00650078006500
child-open view=200 index=31 status=00000000
child-info view=200 index=31 status=00000000 returned=44 bytes=18A3A5AB8A51DD0100000000FFFFFFFF00000000000000000000000000000000010000003E00000004000000
child view=200 index=32 status=00000000 name=720075006E00740069006D006500620072006F006B00650072002E00650078006500
child-open view=200 index=32 status=00000000
child-info view=200 index=32 status=00000000 returned=44 bytes=18A3A5AB8A51DD0100000000FFFFFFFF00000000000000000000000000000000010000002200000008000000
child view=200 index=33 status=00000000 name=730065006100720063006800700072006F0074006F0063006F006C0068006F00730074002E00650078006500
child-open view=200 index=33 status=00000000
child-info view=200 index=33 status=00000000 returned=44 bytes=18A3A5AB8A51DD0100000000FFFFFFFF00000000000000000000000000000000010000003E00000004000000
child view=200 index=34 status=00000000 name=730070006C0077006F007700360034002E00650078006500
child-open view=200 index=34 status=00000000
child-info view=200 index=34 status=00000000 returned=44 bytes=18A3A5AB8A51DD0100000000FFFFFFFF00000000000000000000000000000000010000002200000008000000
child view=200 index=35 status=00000000 name=730070006F006F006C00730076002E00650078006500
child-open view=200 index=35 status=00000000
child-info view=200 index=35 status=00000000 returned=44 bytes=18A3A5AB8A51DD0100000000FFFFFFFF00000000000000000000000000000000020000003E00000008000000
child view=200 index=36 status=00000000 name=7300730068002D006100670065006E0074002E00650078006500
child-open view=200 index=36 status=00000000
child-info view=200 index=36 status=00000000 returned=44 bytes=00D3FC818E51DD0100000000FFFFFFFF00000000000000000000000000000000010000002200000013000000
child view=200 index=37 status=00000000 name=73007600630068006F00730074002E00650078006500
child-open view=200 index=37 status=00000000
child-info view=200 index=37 status=00000000 returned=44 bytes=18A3A5AB8A51DD0100000000FFFFFFFF00000000000000000000000000000000020000003200000008000000
child view=200 index=38 status=00000000 name=530079007300740065006D00530065007400740069006E00670073002E00650078006500
child-open view=200 index=38 status=00000000
child-info view=200 index=38 status=00000000 returned=44 bytes=18A3A5AB8A51DD0100000000FFFFFFFF00000000000000000000000000000000010000002200000008000000
child view=200 index=39 status=00000000 name=560042006F00780048006500610064006C006500730073002E00650078006500
child-open view=200 index=39 status=00000000
child-info view=200 index=39 status=00000000 returned=44 bytes=18A3A5AB8A51DD0100000000FFFFFFFF00000000000000000000000000000000010000003000000004000000
child view=200 index=40 status=00000000 name=560042006F0078004E006500740044004800430050002E00650078006500
child-open view=200 index=40 status=00000000
child-info view=200 index=40 status=00000000 returned=44 bytes=18A3A5AB8A51DD0100000000FFFFFFFF00000000000000000000000000000000010000003000000004000000
child view=200 index=41 status=00000000 name=5600690072007400750061006C0042006F0078002E00650078006500
child-open view=200 index=41 status=00000000
child-info view=200 index=41 status=00000000 returned=44 bytes=18A3A5AB8A51DD0100000000FFFFFFFF00000000000000000000000000000000010000003000000004000000
child view=200 index=42 status=00000000 name=5600690072007400750061006C0042006F00780056004D002E00650078006500
child-open view=200 index=42 status=00000000
child-info view=200 index=42 status=00000000 returned=44 bytes=18A3A5AB8A51DD0100000000FFFFFFFF00000000000000000000000000000000010000003000000004000000
child view=200 index=43 status=00000000 name=770069006E0064006F00770073003100300075006E006900760065007200730061006C002E00650078006500
child-open view=200 index=43 status=00000000
child-info view=200 index=43 status=00000000 returned=44 bytes=D1833BC64E58DD0100000000FFFFFFFF00000000000000000000000000000000010000003000000004000000
child view=200 index=44 status=00000000 name=77006D0070006E006500740077006B002E00650078006500
child-open view=200 index=44 status=00000000
child-info view=200 index=44 status=00000000 returned=44 bytes=398C7A918E51DD0100000000FFFFFFFF00000000000000000000000000000000010000002200000013000000
child view=200 index=45 status=00000000 name=7700700072002E00650078006500
child-open view=200 index=45 status=00000000
child-info view=200 index=45 status=00000000 returned=44 bytes=18A3A5AB8A51DD0100000000FFFFFFFF00000000000000000000000000000000010000002200000013000000
child view=200 index=46 status=00000000 name=770070007200750069002E00650078006500
child-open view=200 index=46 status=00000000
child-info view=200 index=46 status=00000000 returned=44 bytes=18A3A5AB8A51DD0100000000FFFFFFFF00000000000000000000000000000000010000002200000013000000
child view=200 index=47 status=00000000 name=77007300630072006900700074002E00650078006500
child-open view=200 index=47 status=00000000
child-info view=200 index=47 status=00000000 returned=44 bytes=18A3A5AB8A51DD0100000000FFFFFFFF00000000000000000000000000000000010000003E00000004000000
child view=200 index=48 status=00000000 name=7B004100700070006C00690063006100740069006F006E005600650072006900660069006500720047006C006F00620061006C00530065007400740069006E00670073007D00
child-open view=200 index=48 status=00000000
child-info view=200 index=48 status=00000000 returned=44 bytes=D1833BC64E58DD0100000000FFFFFFFF000000000000000000000000000000000100000022000000DC000000
end view=200 count=49 status=8000001A returned=A5A5A5A5
image-open view=200 name=probe.exe status=C0000034
image-open view=200 name=smoke.exe status=C0000034
image-open view=200 name=whoami.exe status=C0000034
image-open view=200 name=missing-rax-image.exe status=C0000034
