program C:\Windows\Temp\assist-native-rax-20261010\src\tests\fixtures\user\windows\bin\arm64\smoke.exe
arch=arm64 PEB=0x7ffdf000 ProcessHeap=Ok(65536) heaps=Heaps { heaps: {65536: Heap { flags: 0, align: 16, max: 0, segments: [(65536, 1048576)], free: {69152: 1044960}, by_size: {(1044960, 69152)}, used: {68320: (32, 26), 66944: (48, 40), 68640: (80, 70), 66848: (48, 34), 69088: (32, 20), 67472: (96, 88), 67920: (32, 20), 68352: (288, 288), 68752: (288, 288), 69040: (48, 34), 66832: (16, 8), 66992: (480, 470), 66896: (48, 34), 68240: (80, 66), 69120: (16, 8), 67856: (64, 60), 68720: (32, 30), 69136: (16, 12), 67568: (288, 288), 65792: (1040, 1040), 67952: (288, 288)} }}, align: 16 }
module probe.exe base=0x140000000 size=0x3000 entry=0x140001048
module ntdll.dll base=0x180000000 size=0x473000 entry=0x0
module kernel32.dll base=0x150000 size=0x171000 entry=0x157460
module KernelBase.dll base=0x2d0000 size=0x6e6000 entry=0x2dbf90
native LdrInitializeThunk target=0x1800ef6e0 context=0xabfbc0
kernel-before turn=36 service=0x36 PC=0x1800013a0 registers=[fa, 1803ca4c0, 10, abfb30, 0, 0]
kernel-after turn=36 service=0x36 PC=0x1800013a4 X0=0x0
kernel-before turn=141 service=0x48 PC=0x1800014c0 registers=[1803c9350, 1f0003, 0, 0, 0, 0]
kernel-after turn=141 service=0x48 PC=0x1800014c4 X0=0x0
kernel-before turn=160 service=0x119 PC=0x1800021d0 registers=[9, abfaf8, 8, abfaf0, 0, 0]
hotpatch-before info=0xabfaf8 bytes=Ok([01, 00, 00, 00, 00, 00, 00, 00]) returned=0xabfaf0 bytes=Ok([00, 00, 00, 00])
kernel-after turn=160 service=0x119 PC=0x1800021d4 X0=0xc00000bb
hotpatch-after info=0xabfaf8 bytes=Ok([01, 00, 00, 00, 00, 00, 00, 00]) returned=0xabfaf0 bytes=Ok([00, 00, 00, 00])
kernel-before turn=210 service=0xe PC=0x1800010e0 registers=[10, 0, 1488, abfaf0, 0, 0]
kernel-after turn=210 service=0xe PC=0x1800010e4 X0=0x0
kernel-before turn=252 service=0x48 PC=0x1800014c0 registers=[1803c93a0, 1f0003, 0, 0, 0, 0]
kernel-after turn=252 service=0x48 PC=0x1800014c4 X0=0x0
kernel-before turn=298 service=0x36 PC=0x1800013a0 registers=[0, abfa20, 40, 0, 0, 0]
kernel-after turn=298 service=0x36 PC=0x1800013a4 X0=0x0
kernel-before turn=418 service=0x19 PC=0x1800011a0 registers=[ffffffffffffffff, 24, abe9f0, 4, 0, 0]
kernel-after turn=418 service=0x19 PC=0x1800011a4 X0=0x0
kernel-before turn=709 service=0x12 PC=0x180001130 registers=[abe868, 80000000, abe8a0, abe8e0, 0, 18034f740]
NtOpenKey attributes=0xabe8a0 bytes=Ok([30, 00, 00, 00, 00, 00, 00, 00, 00, 00, 00, 00, 00, 00, 00, 00, 90, e8, ab, 00, 00, 00, 00, 00, 40, 02, 00, 00, 00, 00, 00, 00, 00, 00, 00, 00, 00, 00, 00, 00, 00, 00, 00, 00, 00, 00, 00, 00])
NtOpenKey name struct=0xabe890 length=126 buffer=0x18034f6d0 bytes=Ok([5c, 00, 52, 00, 65, 00, 67, 00, 69, 00, 73, 00, 74, 00, 72, 00, 79, 00, 5c, 00, 4d, 00, 61, 00, 63, 00, 68, 00, 69, 00, 6e, 00, 65, 00, 5c, 00, 53, 00, 79, 00, 73, 00, 74, 00, 65, 00, 6d, 00, 5c, 00, 43, 00, 75, 00, 72, 00, 72, 00, 65, 00, 6e, 00, 74, 00, 43, 00, 6f, 00, 6e, 00, 74, 00, 72, 00, 6f, 00, 6c, 00, 53, 00, 65, 00, 74, 00, 5c, 00, 43, 00, 6f, 00, 6e, 00, 74, 00, 72, 00, 6f, 00, 6c, 00, 5c, 00, 4e, 00, 6c, 00, 73, 00, 5c, 00, 43, 00, 6f, 00, 64, 00, 65, 00, 50, 00, 61, 00, 67, 00, 65, 00])
kernel-after turn=709 service=0x12 PC=0x180001134 X0=0x0
NtOpenKey output handle bytes=Ok([18, 00, 00, 00, 00, 00, 00, 00])
kernel-before turn=749 service=0x17 PC=0x180001180 registers=[18, abe870, 2, abe8d0, 24, abe860]
NtQueryValueKey name length=6 bytes=Ok([41, 00, 43, 00, 50, 00])
kernel-after turn=749 service=0x17 PC=0x180001184 X0=0x0
NtQueryValueKey output=Ok([00, 00, 00, 00, 01, 00, 00, 00, 0a, 00, 00, 00, 31, 00, 32, 00, 35, 00, 32, 00, 00, 00, 00, 00, 00, 00, 00, 00, 00, 00, 00, 00, 00, 00, 00, 00]) ResultLength=Ok([16, 00, 00, 00])
kernel-before turn=928 service=0x17 PC=0x180001180 registers=[18, abe870, 2, abe8d0, 24, abe860]
NtQueryValueKey name length=10 bytes=Ok([4f, 00, 45, 00, 4d, 00, 43, 00, 50, 00])
kernel-after turn=928 service=0x17 PC=0x180001184 X0=0x0
NtQueryValueKey output=Ok([00, 00, 00, 00, 01, 00, 00, 00, 08, 00, 00, 00, 34, 00, 33, 00, 37, 00, 00, 00, 00, 00, 00, 00, 00, 00, 00, 00, 00, 00, 00, 00, 00, 00, 00, 00]) ResultLength=Ok([14, 00, 00, 00])
kernel-before turn=1056 service=0xf PC=0x1800010f0 registers=[18, a, abe954, abe8d0, 24, abe8dc]
kernel-after turn=1056 service=0xf PC=0x1800010f4 X0=0x0
kernel-before turn=1101 service=0x101 PC=0x180002050 registers=[b, 4e4, 0, 1803bdd00, 0, abe8dc]
kernel-after turn=1101 service=0x101 PC=0x180002054 X0=0x0
NtGetNlsSectionPtr output=Ok(ac0000) size-pointer=0x0 size=Ok([]) view=Some(RegionInfo { base: 11272192, allocation_base: 11272192, allocation_protect: 2, size: 69632, state: 4096, protect: 2, kind: 262144 }) prefix=Some([0d, 00, e4, 04, 01, 00, 3f, 00, 3f, 00, 3f, 00, 3f, 00, 00, 00, 00, 00, 00, 00, 00, 00, 00, 00, 00, 00, 03, 01, 00, 00, 01, 00])
kernel-before turn=1112 service=0x101 PC=0x180002050 registers=[b, 1b5, 0, 1803bdd08, 0, abe8dc]
kernel-after turn=1112 service=0x101 PC=0x180002054 X0=0x0
NtGetNlsSectionPtr output=Ok(ae0000) size-pointer=0x0 size=Ok([]) view=Some(RegionInfo { base: 11403264, allocation_base: 11403264, allocation_protect: 2, size: 69632, state: 4096, protect: 2, kind: 262144 }) prefix=Some([0d, 00, b5, 01, 01, 00, 3f, 00, 3f, 00, 3f, 00, 3f, 00, 00, 00, 00, 00, 00, 00, 00, 00, 00, 00, 00, 00, 03, 02, 00, 00, 01, 00])
kernel-before turn=2412 service=0x23 PC=0x180001240 registers=[ffffffffffffffff, 180000000, 6, abe930, 18, 0]
kernel-after turn=2412 service=0x23 PC=0x180001244 X0=0x0
NtQueryVirtualMemory address=0x180000000 output=0xabe930 supplied-bytes=24 record=Ok([00, 00, 00, 80, 01, 00, 00, 00, 00, 30, 47, 00, 00, 00, 00, 00, 00, 00, 00, 00, 00, 00, 00, 00]) length-pointer=0x0 length-bytes=Ok([])
kernel-before turn=2778 service=0x23 PC=0x180001240 registers=[ffffffffffffffff, 0, 4, abf530, 50, 0]
kernel-after turn=2778 service=0x23 PC=0x180001244 X0=0x0
NtQueryVirtualMemory address=0x0 output=0xabf530 supplied-bytes=80 record=Ok([70, 13, 00, 80, 01, 00, 00, 00, 01, 02, 00, 05, 00, 00, 00, 00, e0, 14, 00, 80, 01, 00, 00, 00, 01, 02, 00, 05, 00, 00, 00, 00, 10, 14, 00, 80, 01, 00, 00, 00, 01, 02, 00, 05, 00, 00, 00, 00, b0, 13, 00, 80, 01, 00, 00, 00, 01, 02, 00, 05, 00, 00, 00, 00, a0, 12, 00, 80, 01, 00, 00, 00, 01, 02, 00, 05, 00, 00, 00, 00]) length-pointer=0x0 length-bytes=Ok([])
kernel-before turn=3128 service=0x50 PC=0x180001540 registers=[ffffffffffffffff, abe8f0, abe8e8, 2, abe8e0, 0]
kernel-after turn=3128 service=0x50 PC=0x180001544 X0=0x0
kernel-before turn=3237 service=0x12 PC=0x180001130 registers=[abe638, 1, 180360e70, abea18, abe9c8, abe990]
NtOpenKey attributes=0x180360e70 bytes=Ok([30, 00, 00, 00, 00, 00, 00, 00, 00, 00, 00, 00, 00, 00, 00, 00, 78, 0d, 36, 80, 01, 00, 00, 00, 40, 00, 00, 00, 00, 00, 00, 00, 00, 00, 00, 00, 00, 00, 00, 00, 00, 00, 00, 00, 00, 00, 00, 00])
NtOpenKey name struct=0x180360d78 length=132 buffer=0x18035f100 bytes=Ok([5c, 00, 52, 00, 65, 00, 67, 00, 69, 00, 73, 00, 74, 00, 72, 00, 79, 00, 5c, 00, 4d, 00, 41, 00, 43, 00, 48, 00, 49, 00, 4e, 00, 45, 00, 5c, 00, 53, 00, 79, 00, 73, 00, 74, 00, 65, 00, 6d, 00, 5c, 00, 43, 00, 75, 00, 72, 00, 72, 00, 65, 00, 6e, 00, 74, 00, 43, 00, 6f, 00, 6e, 00, 74, 00, 72, 00, 6f, 00, 6c, 00, 53, 00, 65, 00, 74, 00, 5c, 00, 43, 00, 6f, 00, 6e, 00, 74, 00, 72, 00, 6f, 00, 6c, 00, 5c, 00, 53, 00, 65, 00, 73, 00, 73, 00, 69, 00, 6f, 00, 6e, 00, 20, 00, 4d, 00, 61, 00, 6e, 00, 61, 00, 67, 00, 65, 00, 72, 00])
kernel-after turn=3237 service=0x12 PC=0x180001134 X0=0x0
NtOpenKey output handle bytes=Ok([18, 00, 00, 00, 00, 00, 00, 00])
kernel-before turn=3248 service=0x17 PC=0x180001180 registers=[18, 180360db8, 2, abe640, 50, abe630]
NtQueryValueKey name length=64 bytes=Ok([52, 00, 61, 00, 69, 00, 73, 00, 65, 00, 45, 00, 78, 00, 63, 00, 65, 00, 70, 00, 74, 00, 69, 00, 6f, 00, 6e, 00, 4f, 00, 6e, 00, 50, 00, 6f, 00, 73, 00, 73, 00, 69, 00, 62, 00, 6c, 00, 65, 00, 44, 00, 65, 00, 61, 00, 64, 00, 6c, 00, 6f, 00, 63, 00, 6b, 00])
kernel-after turn=3248 service=0x17 PC=0x180001184 X0=0xc0000034
NtQueryValueKey output=Ok([00, 00, 00, 00, 00, 00, 00, 00, 00, 00, 00, 00, 00, 00, 00, 00, 00, 00, 00, 00, 00, 00, 00, 00, 00, 00, 00, 00, 00, 00, 00, 00, 00, 00, 00, 00]) ResultLength=Ok([00, 00, 00, 00])
kernel-before turn=3253 service=0xf PC=0x1800010f0 registers=[18, 180360db8, 2, abe640, 50, abe630]
kernel-after turn=3253 service=0xf PC=0x1800010f4 X0=0x0
kernel-before turn=3405 service=0x12 PC=0x180001130 registers=[abe580, 9, abe588, abe6e8, 50, abe630]
NtOpenKey attributes=0xabe588 bytes=Ok([30, 00, 00, 00, 00, 00, 00, 00, 00, 00, 00, 00, 00, 00, 00, 00, 10, d0, 34, 80, 01, 00, 00, 00, 40, 02, 00, 00, 00, 00, 00, 00, 00, 00, 00, 00, 00, 00, 00, 00, 00, 00, 00, 00, 00, 00, 00, 00])
NtOpenKey name struct=0x18034d010 length=182 buffer=0x18034ce30 bytes=Ok([5c, 00, 52, 00, 65, 00, 67, 00, 69, 00, 73, 00, 74, 00, 72, 00, 79, 00, 5c, 00, 4d, 00, 61, 00, 63, 00, 68, 00, 69, 00, 6e, 00, 65, 00, 5c, 00, 53, 00, 6f, 00, 66, 00, 74, 00, 77, 00, 61, 00, 72, 00, 65, 00, 5c, 00, 4d, 00, 69, 00, 63, 00, 72, 00, 6f, 00, 73, 00, 6f, 00, 66, 00, 74, 00, 5c, 00, 57, 00, 69, 00, 6e, 00, 64, 00, 6f, 00, 77, 00, 73, 00, 20, 00, 4e, 00, 54, 00, 5c, 00, 43, 00, 75, 00, 72, 00, 72, 00, 65, 00, 6e, 00, 74, 00, 56, 00, 65, 00, 72, 00, 73, 00, 69, 00, 6f, 00, 6e, 00, 5c, 00, 49, 00, 6d, 00, 61, 00, 67, 00, 65, 00, 20, 00, 46, 00, 69, 00, 6c, 00, 65, 00, 20, 00, 45, 00, 78, 00, 65, 00, 63, 00, 75, 00, 74, 00, 69, 00, 6f, 00, 6e, 00, 20, 00, 4f, 00, 70, 00, 74, 00, 69, 00, 6f, 00, 6e, 00, 73, 00])
kernel-after turn=3405 service=0x12 PC=0x180001134 X0=0x0
NtOpenKey output handle bytes=Ok([18, 00, 00, 00, 00, 00, 00, 00])
kernel-before turn=3438 service=0x12 PC=0x180001130 registers=[abe608, 9, abe650, abe6e8, 50, abe630]
NtOpenKey attributes=0xabe650 bytes=Ok([30, 00, 00, 00, 00, 00, 00, 00, 18, 00, 00, 00, 00, 00, 00, 00, 40, e6, ab, 00, 00, 00, 00, 00, 40, 02, 00, 00, 00, 00, 00, 00, 00, 00, 00, 00, 00, 00, 00, 00, 00, 00, 00, 00, 00, 00, 00, 00])
NtOpenKey name struct=0xabe640 length=18 buffer=0x1052e bytes=Ok([70, 00, 72, 00, 6f, 00, 62, 00, 65, 00, 2e, 00, 65, 00, 78, 00, 65, 00])
kernel-after turn=3438 service=0x12 PC=0x180001134 X0=0xc0000034
NtOpenKey output handle bytes=Ok([00, 00, 00, 00, 00, 00, 00, 00])
kernel-before turn=4462 service=0x12 PC=0x180001130 registers=[abe618, 1, abe620, 0, 0, abe630]
NtOpenKey attributes=0xabe620 bytes=Ok([30, 00, 00, 00, 00, 00, 00, 00, 00, 00, 00, 00, 00, 00, 00, 00, 40, cb, 34, 80, 01, 00, 00, 00, 40, 00, 00, 00, 00, 00, 00, 00, 00, 00, 00, 00, 00, 00, 00, 00, 00, 00, 00, 00, 00, 00, 00, 00])
NtOpenKey name struct=0x18034cb40 length=158 buffer=0x18034c5d0 bytes=Ok([5c, 00, 52, 00, 65, 00, 67, 00, 69, 00, 73, 00, 74, 00, 72, 00, 79, 00, 5c, 00, 4d, 00, 61, 00, 63, 00, 68, 00, 69, 00, 6e, 00, 65, 00, 5c, 00, 53, 00, 59, 00, 53, 00, 54, 00, 45, 00, 4d, 00, 5c, 00, 43, 00, 75, 00, 72, 00, 72, 00, 65, 00, 6e, 00, 74, 00, 43, 00, 6f, 00, 6e, 00, 74, 00, 72, 00, 6f, 00, 6c, 00, 53, 00, 65, 00, 74, 00, 5c, 00, 43, 00, 6f, 00, 6e, 00, 74, 00, 72, 00, 6f, 00, 6c, 00, 5c, 00, 53, 00, 65, 00, 73, 00, 73, 00, 69, 00, 6f, 00, 6e, 00, 20, 00, 4d, 00, 61, 00, 6e, 00, 61, 00, 67, 00, 65, 00, 72, 00, 5c, 00, 53, 00, 65, 00, 67, 00, 6d, 00, 65, 00, 6e, 00, 74, 00, 20, 00, 48, 00, 65, 00, 61, 00, 70, 00])
kernel-after turn=4462 service=0x12 PC=0x180001134 X0=0xabe618
NtOpenKey output handle bytes=Ok([00, 00, 00, 00, 00, 00, 00, 00])
turn=4431 thread=8 PC=0x18003054c SP=0xabe670 bytes=Ok([f3, 53, c2, a8]) insn=Some("Ok(DecodedInsn { mnemonic: LDP, cond: None, operands: [Reg(Register { num: 19, is_64bit: true, is_sp: false, kind: Gpr }), Reg(Register { num: 20, is_64bit: true, is_sp: false, kind: Gpr }), Mem(MemOperand { base: Register { num: 31, is_64bit: true, is_sp: true, kind: Sp }, offset: Imm(32), mode: PostIndex })], sets_flags: false, raw: 2831307763, size: 4, state: Aarch64 })") registers=[1f, 18034c97a, 8, 0, 0, abe630, 20, 1803be000, 7ffdf000, 72, 1000, 72, 0, 0, 0, 7ffdd000, a8397b1dcdaf, a8397b1dcdaf, 7ffdd000, 1f, 0, 1, 0, 0, 1, 0, 0, abe9d0, 0, abe690, 18002d570]
turn=4432 thread=8 PC=0x180030550 SP=0xabe690 bytes=Ok([ff, 23, 03, d5]) insn=Some("Ok(DecodedInsn { mnemonic: HINT, cond: None, operands: [Imm(Immediate { value: 31, shift: 0 })], sets_flags: false, raw: 3573752831, size: 4, state: Aarch64 })") registers=[1f, 18034c97a, 8, 0, 0, abe630, 20, 1803be000, 7ffdf000, 72, 1000, 72, 0, 0, 0, 7ffdd000, a8397b1dcdaf, a8397b1dcdaf, 7ffdd000, 0, 0, 1, 0, 0, 1, 0, 0, abe9d0, 0, abe690, 18002d570]
turn=4433 thread=8 PC=0x180030554 SP=0xabe690 bytes=Ok([c0, 03, 5f, d6]) insn=Some("Ok(DecodedInsn { mnemonic: RET, cond: None, operands: [Reg(Register { num: 30, is_64bit: true, is_sp: false, kind: Gpr })], sets_flags: false, raw: 3596551104, size: 4, state: Aarch64 })") registers=[1f, 18034c97a, 8, 0, 0, abe630, 20, 1803be000, 7ffdf000, 72, 1000, 72, 0, 0, 0, 7ffdd000, a8397b1dcdaf, a8397b1dcdaf, 7ffdd000, 0, 0, 1, 0, 0, 1, 0, 0, abe9d0, 0, abe690, 18002d570]
turn=4434 thread=8 PC=0x18002d570 SP=0xabe690 bytes=Ok([1c, 05, 00, 94]) insn=Some("Ok(DecodedInsn { mnemonic: BL, cond: None, operands: [Label(5232)], sets_flags: false, raw: 2483029276, size: 4, state: Aarch64 })") registers=[1f, 18034c97a, 8, 0, 0, abe630, 20, 1803be000, 7ffdf000, 72, 1000, 72, 0, 0, 0, 7ffdd000, a8397b1dcdaf, a8397b1dcdaf, 7ffdd000, 0, 0, 1, 0, 0, 1, 0, 0, abe9d0, 0, abe690, 18002d570]
turn=4435 thread=8 PC=0x18002e9e0 SP=0xabe690 bytes=Ok([7f, 23, 03, d5]) insn=Some("Ok(DecodedInsn { mnemonic: HINT, cond: None, operands: [Imm(Immediate { value: 27, shift: 0 })], sets_flags: false, raw: 3573752703, size: 4, state: Aarch64 })") registers=[1f, 18034c97a, 8, 0, 0, abe630, 20, 1803be000, 7ffdf000, 72, 1000, 72, 0, 0, 0, 7ffdd000, a8397b1dcdaf, a8397b1dcdaf, 7ffdd000, 0, 0, 1, 0, 0, 1, 0, 0, abe9d0, 0, abe690, 18002d574]
turn=4436 thread=8 PC=0x18002e9e4 SP=0xabe690 bytes=Ok([fd, 7b, bf, a9]) insn=Some("Ok(DecodedInsn { mnemonic: STP, cond: None, operands: [Reg(Register { num: 29, is_64bit: true, is_sp: false, kind: Gpr }), Reg(Register { num: 30, is_64bit: true, is_sp: false, kind: Gpr }), Mem(MemOperand { base: Register { num: 31, is_64bit: true, is_sp: true, kind: Sp }, offset: Imm(-16), mode: PreIndex })], sets_flags: false, raw: 2847898621, size: 4, state: Aarch64 })") registers=[1f, 18034c97a, 8, 0, 0, abe630, 20, 1803be000, 7ffdf000, 72, 1000, 72, 0, 0, 0, 7ffdd000, a8397b1dcdaf, a8397b1dcdaf, 7ffdd000, 0, 0, 1, 0, 0, 1, 0, 0, abe9d0, 0, abe690, 18002d574]
turn=4437 thread=8 PC=0x18002e9e8 SP=0xabe680 bytes=Ok([fd, 03, 00, 91]) insn=Some("Ok(DecodedInsn { mnemonic: MOV, cond: None, operands: [Reg(Register { num: 29, is_64bit: true, is_sp: false, kind: Gpr }), Reg(Register { num: 31, is_64bit: true, is_sp: true, kind: Sp })], sets_flags: false, raw: 2432697341, size: 4, state: Aarch64 })") registers=[1f, 18034c97a, 8, 0, 0, abe630, 20, 1803be000, 7ffdf000, 72, 1000, 72, 0, 0, 0, 7ffdd000, a8397b1dcdaf, a8397b1dcdaf, 7ffdd000, 0, 0, 1, 0, 0, 1, 0, 0, abe9d0, 0, abe690, 18002d574]
turn=4438 thread=8 PC=0x18002e9ec SP=0xabe680 bytes=Ok([5d, 6f, 0b, 94]) insn=Some("Ok(DecodedInsn { mnemonic: BL, cond: None, operands: [Label(2997620)], sets_flags: false, raw: 2483777373, size: 4, state: Aarch64 })") registers=[1f, 18034c97a, 8, 0, 0, abe630, 20, 1803be000, 7ffdf000, 72, 1000, 72, 0, 0, 0, 7ffdd000, a8397b1dcdaf, a8397b1dcdaf, 7ffdd000, 0, 0, 1, 0, 0, 1, 0, 0, abe9d0, 0, abe680, 18002d574]
turn=4439 thread=8 PC=0x18030a760 SP=0xabe680 bytes=Ok([ff, 43, 00, d1]) insn=Some("Ok(DecodedInsn { mnemonic: SUB, cond: None, operands: [Reg(Register { num: 31, is_64bit: true, is_sp: true, kind: Sp }), Reg(Register { num: 31, is_64bit: true, is_sp: true, kind: Sp }), Imm(Immediate { value: 16, shift: 0 })], sets_flags: false, raw: 3506455551, size: 4, state: Aarch64 })") registers=[1f, 18034c97a, 8, 0, 0, abe630, 20, 1803be000, 7ffdf000, 72, 1000, 72, 0, 0, 0, 7ffdd000, a8397b1dcdaf, a8397b1dcdaf, 7ffdd000, 0, 0, 1, 0, 0, 1, 0, 0, abe9d0, 0, abe680, 18002e9f0]
turn=4440 thread=8 PC=0x18030a764 SP=0xabe670 bytes=Ok([11, 07, 00, f0]) insn=Some("Ok(DecodedInsn { mnemonic: ADRP, cond: None, operands: [Reg(Register { num: 17, is_64bit: true, is_sp: false, kind: Gpr }), Label(929792)], sets_flags: false, raw: 4026533649, size: 4, state: Aarch64 })") registers=[1f, 18034c97a, 8, 0, 0, abe630, 20, 1803be000, 7ffdf000, 72, 1000, 72, 0, 0, 0, 7ffdd000, a8397b1dcdaf, a8397b1dcdaf, 7ffdd000, 0, 0, 1, 0, 0, 1, 0, 0, abe9d0, 0, abe680, 18002e9f0]
turn=4441 thread=8 PC=0x18030a768 SP=0xabe670 bytes=Ok([31, 4e, 46, f9]) insn=Some("Ok(DecodedInsn { mnemonic: LDR, cond: None, operands: [Reg(Register { num: 17, is_64bit: true, is_sp: false, kind: Gpr }), Mem(MemOperand { base: Register { num: 17, is_64bit: true, is_sp: false, kind: Gpr }, offset: Imm(3224), mode: Offset })], sets_flags: false, raw: 4182134321, size: 4, state: Aarch64 })") registers=[1f, 18034c97a, 8, 0, 0, abe630, 20, 1803be000, 7ffdf000, 72, 1000, 72, 0, 0, 0, 7ffdd000, a8397b1dcdaf, 1803ed000, 7ffdd000, 0, 0, 1, 0, 0, 1, 0, 0, abe9d0, 0, abe680, 18002e9f0]
turn=4442 thread=8 PC=0x18030a76c SP=0xabe670 bytes=Ok([f1, 63, 31, cb]) insn=Some("Ok(DecodedInsn { mnemonic: SUB, cond: None, operands: [Reg(Register { num: 17, is_64bit: true, is_sp: false, kind: Gpr }), Reg(Register { num: 31, is_64bit: true, is_sp: true, kind: Sp }), ExtendedReg(ExtendedRegister { reg: Register { num: 17, is_64bit: true, is_sp: false, kind: Gpr }, extend_type: UXTX, shift: 0 })], sets_flags: false, raw: 3409011697, size: 4, state: Aarch64 })") registers=[1f, 18034c97a, 8, 0, 0, abe630, 20, 1803be000, 7ffdf000, 72, 1000, 72, 0, 0, 0, 7ffdd000, a8397b1dcdaf, a8397b1dcdaf, 7ffdd000, 0, 0, 1, 0, 0, 1, 0, 0, abe9d0, 0, abe680, 18002e9f0]
turn=4443 thread=8 PC=0x18030a770 SP=0xabe670 bytes=Ok([f1, 07, 00, f9]) insn=Some("Ok(DecodedInsn { mnemonic: STR, cond: None, operands: [Reg(Register { num: 17, is_64bit: true, is_sp: false, kind: Gpr }), Mem(MemOperand { base: Register { num: 31, is_64bit: true, is_sp: true, kind: Sp }, offset: Imm(8), mode: Offset })], sets_flags: false, raw: 4177528817, size: 4, state: Aarch64 })") registers=[1f, 18034c97a, 8, 0, 0, abe630, 20, 1803be000, 7ffdf000, 72, 1000, 72, 0, 0, 0, 7ffdd000, a8397b1dcdaf, ffff57c6858e18c1, 7ffdd000, 0, 0, 1, 0, 0, 1, 0, 0, abe9d0, 0, abe680, 18002e9f0]
turn=4444 thread=8 PC=0x18030a774 SP=0xabe670 bytes=Ok([c0, 03, 5f, d6]) insn=Some("Ok(DecodedInsn { mnemonic: RET, cond: None, operands: [Reg(Register { num: 30, is_64bit: true, is_sp: false, kind: Gpr })], sets_flags: false, raw: 3596551104, size: 4, state: Aarch64 })") registers=[1f, 18034c97a, 8, 0, 0, abe630, 20, 1803be000, 7ffdf000, 72, 1000, 72, 0, 0, 0, 7ffdd000, a8397b1dcdaf, ffff57c6858e18c1, 7ffdd000, 0, 0, 1, 0, 0, 1, 0, 0, abe9d0, 0, abe680, 18002e9f0]
turn=4445 thread=8 PC=0x18002e9f0 SP=0xabe670 bytes=Ok([ff, 83, 01, d1]) insn=Some("Ok(DecodedInsn { mnemonic: SUB, cond: None, operands: [Reg(Register { num: 31, is_64bit: true, is_sp: true, kind: Sp }), Reg(Register { num: 31, is_64bit: true, is_sp: true, kind: Sp }), Imm(Immediate { value: 96, shift: 0 })], sets_flags: false, raw: 3506537471, size: 4, state: Aarch64 })") registers=[1f, 18034c97a, 8, 0, 0, abe630, 20, 1803be000, 7ffdf000, 72, 1000, 72, 0, 0, 0, 7ffdd000, a8397b1dcdaf, ffff57c6858e18c1, 7ffdd000, 0, 0, 1, 0, 0, 1, 0, 0, abe9d0, 0, abe680, 18002e9f0]
turn=4446 thread=8 PC=0x18002e9f4 SP=0xabe610 bytes=Ok([08, 06, 80, d2]) insn=Some("Ok(DecodedInsn { mnemonic: MOVZ, cond: None, operands: [Reg(Register { num: 8, is_64bit: true, is_sp: false, kind: Gpr }), Imm(Immediate { value: 48, shift: 0 })], sets_flags: false, raw: 3531605512, size: 4, state: Aarch64 })") registers=[1f, 18034c97a, 8, 0, 0, abe630, 20, 1803be000, 7ffdf000, 72, 1000, 72, 0, 0, 0, 7ffdd000, a8397b1dcdaf, ffff57c6858e18c1, 7ffdd000, 0, 0, 1, 0, 0, 1, 0, 0, abe9d0, 0, abe680, 18002e9f0]
turn=4447 thread=8 PC=0x18002e9f8 SP=0xabe610 bytes=Ok([07, e4, 00, 4f]) insn=Some("Ok(DecodedInsn { mnemonic: UNKNOWN, cond: None, operands: [], sets_flags: false, raw: 1325458439, size: 4, state: Aarch64 })") registers=[1f, 18034c97a, 8, 0, 0, abe630, 20, 1803be000, 30, 72, 1000, 72, 0, 0, 0, 7ffdd000, a8397b1dcdaf, ffff57c6858e18c1, 7ffdd000, 0, 0, 1, 0, 0, 1, 0, 0, abe9d0, 0, abe680, 18002e9f0]
turn=4448 thread=8 PC=0x18002e9fc SP=0xabe610 bytes=Ok([ff, 03, 00, b9]) insn=Some("Ok(DecodedInsn { mnemonic: STR, cond: None, operands: [Reg(Register { num: 31, is_64bit: false, is_sp: false, kind: Gpr }), Mem(MemOperand { base: Register { num: 31, is_64bit: true, is_sp: true, kind: Sp }, offset: Imm(0), mode: Offset })], sets_flags: false, raw: 3103785983, size: 4, state: Aarch64 })") registers=[1f, 18034c97a, 8, 0, 0, abe630, 20, 1803be000, 30, 72, 1000, 72, 0, 0, 0, 7ffdd000, a8397b1dcdaf, ffff57c6858e18c1, 7ffdd000, 0, 0, 1, 0, 0, 1, 0, 0, abe9d0, 0, abe680, 18002e9f0]
turn=4449 thread=8 PC=0x18002ea00 SP=0xabe610 bytes=Ok([e8, 7f, 01, a9]) insn=Some("Ok(DecodedInsn { mnemonic: STP, cond: None, operands: [Reg(Register { num: 8, is_64bit: true, is_sp: false, kind: Gpr }), Reg(Register { num: 31, is_64bit: true, is_sp: false, kind: Gpr }), Mem(MemOperand { base: Register { num: 31, is_64bit: true, is_sp: true, kind: Sp }, offset: Imm(16), mode: Offset })], sets_flags: false, raw: 2835447784, size: 4, state: Aarch64 })") registers=[1f, 18034c97a, 8, 0, 0, abe630, 20, 1803be000, 30, 72, 1000, 72, 0, 0, 0, 7ffdd000, a8397b1dcdaf, ffff57c6858e18c1, 7ffdd000, 0, 0, 1, 0, 0, 1, 0, 0, abe9d0, 0, abe680, 18002e9f0]
turn=4450 thread=8 PC=0x18002ea04 SP=0xabe610 bytes=Ok([e8, 18, 00, d0]) insn=Some("Ok(DecodedInsn { mnemonic: ADRP, cond: None, operands: [Reg(Register { num: 8, is_64bit: true, is_sp: false, kind: Gpr }), Label(3268608)], sets_flags: false, raw: 3489667304, size: 4, state: Aarch64 })") registers=[1f, 18034c97a, 8, 0, 0, abe630, 20, 1803be000, 30, 72, 1000, 72, 0, 0, 0, 7ffdd000, a8397b1dcdaf, ffff57c6858e18c1, 7ffdd000, 0, 0, 1, 0, 0, 1, 0, 0, abe9d0, 0, abe680, 18002e9f0]
turn=4451 thread=8 PC=0x18002ea08 SP=0xabe610 bytes=Ok([08, 01, 2d, 91]) insn=Some("Ok(DecodedInsn { mnemonic: ADD, cond: None, operands: [Reg(Register { num: 8, is_64bit: true, is_sp: false, kind: Gpr }), Reg(Register { num: 8, is_64bit: true, is_sp: false, kind: Gpr }), Imm(Immediate { value: 2880, shift: 0 })], sets_flags: false, raw: 2435645704, size: 4, state: Aarch64 })") registers=[1f, 18034c97a, 8, 0, 0, abe630, 20, 1803be000, 18034c000, 72, 1000, 72, 0, 0, 0, 7ffdd000, a8397b1dcdaf, ffff57c6858e18c1, 7ffdd000, 0, 0, 1, 0, 0, 1, 0, 0, abe9d0, 0, abe680, 18002e9f0]
turn=4452 thread=8 PC=0x18002ea0c SP=0xabe610 bytes=Ok([09, 08, 80, d2]) insn=Some("Ok(DecodedInsn { mnemonic: MOVZ, cond: None, operands: [Reg(Register { num: 9, is_64bit: true, is_sp: false, kind: Gpr }), Imm(Immediate { value: 64, shift: 0 })], sets_flags: false, raw: 3531606025, size: 4, state: Aarch64 })") registers=[1f, 18034c97a, 8, 0, 0, abe630, 20, 1803be000, 18034cb40, 72, 1000, 72, 0, 0, 0, 7ffdd000, a8397b1dcdaf, ffff57c6858e18c1, 7ffdd000, 0, 0, 1, 0, 0, 1, 0, 0, abe9d0, 0, abe680, 18002e9f0]
turn=4453 thread=8 PC=0x18002ea10 SP=0xabe610 bytes=Ok([ff, 07, 00, f9]) insn=Some("Ok(DecodedInsn { mnemonic: STR, cond: None, operands: [Reg(Register { num: 31, is_64bit: true, is_sp: false, kind: Gpr }), Mem(MemOperand { base: Register { num: 31, is_64bit: true, is_sp: true, kind: Sp }, offset: Imm(8), mode: Offset })], sets_flags: false, raw: 4177528831, size: 4, state: Aarch64 })") registers=[1f, 18034c97a, 8, 0, 0, abe630, 20, 1803be000, 18034cb40, 40, 1000, 72, 0, 0, 0, 7ffdd000, a8397b1dcdaf, ffff57c6858e18c1, 7ffdd000, 0, 0, 1, 0, 0, 1, 0, 0, abe9d0, 0, abe680, 18002e9f0]
turn=4454 thread=8 PC=0x18002ea14 SP=0xabe610 bytes=Ok([e2, 43, 00, 91]) insn=Some("Ok(DecodedInsn { mnemonic: ADD, cond: None, operands: [Reg(Register { num: 2, is_64bit: true, is_sp: false, kind: Gpr }), Reg(Register { num: 31, is_64bit: true, is_sp: true, kind: Sp }), Imm(Immediate { value: 16, shift: 0 })], sets_flags: false, raw: 2432713698, size: 4, state: Aarch64 })") registers=[1f, 18034c97a, 8, 0, 0, abe630, 20, 1803be000, 18034cb40, 40, 1000, 72, 0, 0, 0, 7ffdd000, a8397b1dcdaf, ffff57c6858e18c1, 7ffdd000, 0, 0, 1, 0, 0, 1, 0, 0, abe9d0, 0, abe680, 18002e9f0]
turn=4455 thread=8 PC=0x18002ea18 SP=0xabe610 bytes=Ok([e7, 13, 80, 3d]) insn=Some("Ok(DecodedInsn { mnemonic: STR, cond: None, operands: [FpReg(FpRegister { num: 7, size: Q }), Mem(MemOperand { base: Register { num: 31, is_64bit: true, is_sp: true, kind: Sp }, offset: Imm(64), mode: Offset })], sets_flags: false, raw: 1031803879, size: 4, state: Aarch64 })") registers=[1f, 18034c97a, abe620, 0, 0, abe630, 20, 1803be000, 18034cb40, 40, 1000, 72, 0, 0, 0, 7ffdd000, a8397b1dcdaf, ffff57c6858e18c1, 7ffdd000, 0, 0, 1, 0, 0, 1, 0, 0, abe9d0, 0, abe680, 18002e9f0]
turn=4456 thread=8 PC=0x18002ea1c SP=0xabe610 bytes=Ok([21, 00, 80, 52]) insn=Some("Ok(DecodedInsn { mnemonic: MOVZ, cond: None, operands: [Reg(Register { num: 1, is_64bit: false, is_sp: false, kind: Gpr }), Imm(Immediate { value: 1, shift: 0 })], sets_flags: false, raw: 1384120353, size: 4, state: Aarch64 })") registers=[1f, 18034c97a, abe620, 0, 0, abe630, 20, 1803be000, 18034cb40, 40, 1000, 72, 0, 0, 0, 7ffdd000, a8397b1dcdaf, ffff57c6858e18c1, 7ffdd000, 0, 0, 1, 0, 0, 1, 0, 0, abe9d0, 0, abe680, 18002e9f0]
turn=4457 thread=8 PC=0x18002ea20 SP=0xabe610 bytes=Ok([e8, 27, 02, a9]) insn=Some("Ok(DecodedInsn { mnemonic: STP, cond: None, operands: [Reg(Register { num: 8, is_64bit: true, is_sp: false, kind: Gpr }), Reg(Register { num: 9, is_64bit: true, is_sp: false, kind: Gpr }), Mem(MemOperand { base: Register { num: 31, is_64bit: true, is_sp: true, kind: Sp }, offset: Imm(32), mode: Offset })], sets_flags: false, raw: 2835490792, size: 4, state: Aarch64 })") registers=[1f, 1, abe620, 0, 0, abe630, 20, 1803be000, 18034cb40, 40, 1000, 72, 0, 0, 0, 7ffdd000, a8397b1dcdaf, ffff57c6858e18c1, 7ffdd000, 0, 0, 1, 0, 0, 1, 0, 0, abe9d0, 0, abe680, 18002e9f0]
turn=4458 thread=8 PC=0x18002ea24 SP=0xabe610 bytes=Ok([e0, 23, 00, 91]) insn=Some("Ok(DecodedInsn { mnemonic: ADD, cond: None, operands: [Reg(Register { num: 0, is_64bit: true, is_sp: false, kind: Gpr }), Reg(Register { num: 31, is_64bit: true, is_sp: true, kind: Sp }), Imm(Immediate { value: 8, shift: 0 })], sets_flags: false, raw: 2432705504, size: 4, state: Aarch64 })") registers=[1f, 1, abe620, 0, 0, abe630, 20, 1803be000, 18034cb40, 40, 1000, 72, 0, 0, 0, 7ffdd000, a8397b1dcdaf, ffff57c6858e18c1, 7ffdd000, 0, 0, 1, 0, 0, 1, 0, 0, abe9d0, 0, abe680, 18002e9f0]
turn=4459 thread=8 PC=0x18002ea28 SP=0xabe610 bytes=Ok([e7, 53, 00, bd]) insn=Some("Ok(DecodedInsn { mnemonic: STR, cond: None, operands: [FpReg(FpRegister { num: 7, size: S }), Mem(MemOperand { base: Register { num: 31, is_64bit: true, is_sp: true, kind: Sp }, offset: Imm(80), mode: Offset })], sets_flags: false, raw: 3170915303, size: 4, state: Aarch64 })") registers=[abe618, 1, abe620, 0, 0, abe630, 20, 1803be000, 18034cb40, 40, 1000, 72, 0, 0, 0, 7ffdd000, a8397b1dcdaf, ffff57c6858e18c1, 7ffdd000, 0, 0, 1, 0, 0, 1, 0, 0, abe9d0, 0, abe680, 18002e9f0]
turn=4460 thread=8 PC=0x18002ea2c SP=0xabe610 bytes=Ok([ff, 7f, 03, a9]) insn=Some("Ok(DecodedInsn { mnemonic: STP, cond: None, operands: [Reg(Register { num: 31, is_64bit: true, is_sp: false, kind: Gpr }), Reg(Register { num: 31, is_64bit: true, is_sp: false, kind: Gpr }), Mem(MemOperand { base: Register { num: 31, is_64bit: true, is_sp: true, kind: Sp }, offset: Imm(48), mode: Offset })], sets_flags: false, raw: 2835578879, size: 4, state: Aarch64 })") registers=[abe618, 1, abe620, 0, 0, abe630, 20, 1803be000, 18034cb40, 40, 1000, 72, 0, 0, 0, 7ffdd000, a8397b1dcdaf, ffff57c6858e18c1, 7ffdd000, 0, 0, 1, 0, 0, 1, 0, 0, abe9d0, 0, abe680, 18002e9f0]
turn=4461 thread=8 PC=0x18002ea30 SP=0xabe610 bytes=Ok([c0, 49, ff, 97]) insn=Some("Ok(DecodedInsn { mnemonic: BL, cond: None, operands: [Label(-186624)], sets_flags: false, raw: 2550090176, size: 4, state: Aarch64 })") registers=[abe618, 1, abe620, 0, 0, abe630, 20, 1803be000, 18034cb40, 40, 1000, 72, 0, 0, 0, 7ffdd000, a8397b1dcdaf, ffff57c6858e18c1, 7ffdd000, 0, 0, 1, 0, 0, 1, 0, 0, abe9d0, 0, abe680, 18002e9f0]
turn=4462 thread=8 PC=0x180001130 SP=0xabe610 bytes=Ok([41, 02, 00, d4]) insn=Some("Ok(DecodedInsn { mnemonic: SVC, cond: None, operands: [Imm(Immediate { value: 18, shift: 0 })], sets_flags: false, raw: 3556770369, size: 4, state: Aarch64 })") registers=[abe618, 1, abe620, 0, 0, abe630, 20, 1803be000, 18034cb40, 40, 1000, 72, 0, 0, 0, 7ffdd000, a8397b1dcdaf, ffff57c6858e18c1, 7ffdd000, 0, 0, 1, 0, 0, 1, 0, 0, abe9d0, 0, abe680, 18002ea34]
terminal turn=4462 Complete(Internal("native NTDLL service NtOpenKey: Unimplemented(\"NtOpenKey: registry key outside selected runtime snapshot\")"))
