**********************************************************************
** Visual Studio 2026 Developer PowerShell v18.7.1
** Copyright (c) 2026 Microsoft Corporation
**********************************************************************
warning: "stdcall" is not a supported ABI for the current target
  --> vendor\vm-memory\src\mmap\windows.rs:22:1
   |
22 | / extern "stdcall" {
23 | |     pub fn VirtualAlloc(
24 | |         lpAddress: *mut c_void,
25 | |         dwSize: size_t,
...  |
49 | |     pub fn CloseHandle(hObject: RawHandle) -> u32; // BOOL
50 | | }
   | |_^
   |
   = warning: this was previously accepted by the compiler but is being phased out; it will become a hard error in a future release!
   = note: for more information, see issue #137018 <https://github.com/rust-lang/rust/issues/137018>
   = help: if you need `extern "stdcall"` on win32 and `extern "C"` everywhere else, use `extern "system"`
   = note: `#[warn(unsupported_calling_conventions)]` (part of `#[warn(future_incompatible)]`) on by default

warning: `vm-memory` (lib) generated 1 warning
   Compiling rax v0.1.0 (C:\Windows\Temp\assist-native-rax-20261010\src)
    Finished `test` profile [unoptimized + debuginfo] target(s) in 45.12s
     Running unittests src\lib.rs (C:\Windows\Temp\assist-native-rax-20261010\target\debug\deps\rax-d861ee8f992d7cb6.exe)

running 1 test
test user::windows::registry::installed::tests::installed_runtime_snapshot_includes_session_manager_raw_values ... ok

test result: ok. 1 passed; 0 failed; 0 ignored; 0 measured; 6915 filtered out; finished in 0.00s

