program C:\Windows\Temp\assist-native-rax-20261010\src\tests\fixtures\user\windows\bin\arm64\smoke.exe
arch=arm64 PEB=0x7ffdf000 ProcessHeap=Ok(65536) heaps=Heaps { heaps: {65536: Heap { flags: 0, align: 16, max: 0, segments: [(65536, 1048576)], free: {69152: 1044960}, by_size: {(1044960, 69152)}, used: {66944: (48, 40), 66896: (48, 34), 67856: (64, 60), 68352: (288, 288), 66848: (48, 34), 68240: (80, 66), 68320: (32, 26), 68640: (80, 70), 68720: (32, 30), 68752: (288, 288), 67568: (288, 288), 67472: (96, 88), 67952: (288, 288), 65792: (1040, 1040), 66992: (480, 470), 69040: (48, 34), 67920: (32, 20), 69136: (16, 12), 69120: (16, 8), 66832: (16, 8), 69088: (32, 20)} }}, align: 16 }
module probe.exe base=0x140000000 size=0x3000 entry=0x140001048
module ntdll.dll base=0x180000000 size=0x473000 entry=0x0
module kernel32.dll base=0x150000 size=0x171000 entry=0x157460
module KernelBase.dll base=0x2d0000 size=0x6e6000 entry=0x2dbf90
native LdrInitializeThunk target=0x1800ef6e0 context=0xabfbc0
kernel-before turn=36 service=0x36 PC=0x1800013a0 registers=[fa, 1803ca4c0, 10, abfb30, 0, 0]
kernel-after turn=36 service=0x36 PC=0x1800013a4 X0=0x0
kernel-before turn=141 service=0x48 PC=0x1800014c0 registers=[1803c9350, 1f0003, 0, 0, 0, 0]
kernel-after turn=141 service=0x48 PC=0x1800014c4 X0=0x0
kernel-before turn=160 service=0x119 PC=0x1800021d0 registers=[9, abfaf8, 8, abfaf0, 0, 0]
hotpatch-before info=0xabfaf8 bytes=Ok([01, 00, 00, 00, 00, 00, 00, 00]) returned=0xabfaf0 bytes=Ok([00, 00, 00, 00])
kernel-after turn=160 service=0x119 PC=0x1800021d4 X0=0xc00000bb
hotpatch-after info=0xabfaf8 bytes=Ok([01, 00, 00, 00, 00, 00, 00, 00]) returned=0xabfaf0 bytes=Ok([00, 00, 00, 00])
kernel-before turn=210 service=0xe PC=0x1800010e0 registers=[10, 0, 1488, abfaf0, 0, 0]
kernel-after turn=210 service=0xe PC=0x1800010e4 X0=0x0
kernel-before turn=252 service=0x48 PC=0x1800014c0 registers=[1803c93a0, 1f0003, 0, 0, 0, 0]
kernel-after turn=252 service=0x48 PC=0x1800014c4 X0=0x0
kernel-before turn=298 service=0x36 PC=0x1800013a0 registers=[0, abfa20, 40, 0, 0, 0]
kernel-after turn=298 service=0x36 PC=0x1800013a4 X0=0x0
kernel-before turn=418 service=0x19 PC=0x1800011a0 registers=[ffffffffffffffff, 24, abe9f0, 4, 0, 0]
kernel-after turn=418 service=0x19 PC=0x1800011a4 X0=0x0
kernel-before turn=709 service=0x12 PC=0x180001130 registers=[abe868, 80000000, abe8a0, abe8e0, 0, 18034f740]
NtOpenKey attributes=0xabe8a0 bytes=Ok([30, 00, 00, 00, 00, 00, 00, 00, 00, 00, 00, 00, 00, 00, 00, 00, 90, e8, ab, 00, 00, 00, 00, 00, 40, 02, 00, 00, 00, 00, 00, 00, 00, 00, 00, 00, 00, 00, 00, 00, 00, 00, 00, 00, 00, 00, 00, 00])
NtOpenKey name struct=0xabe890 length=126 buffer=0x18034f6d0 bytes=Ok([5c, 00, 52, 00, 65, 00, 67, 00, 69, 00, 73, 00, 74, 00, 72, 00, 79, 00, 5c, 00, 4d, 00, 61, 00, 63, 00, 68, 00, 69, 00, 6e, 00, 65, 00, 5c, 00, 53, 00, 79, 00, 73, 00, 74, 00, 65, 00, 6d, 00, 5c, 00, 43, 00, 75, 00, 72, 00, 72, 00, 65, 00, 6e, 00, 74, 00, 43, 00, 6f, 00, 6e, 00, 74, 00, 72, 00, 6f, 00, 6c, 00, 53, 00, 65, 00, 74, 00, 5c, 00, 43, 00, 6f, 00, 6e, 00, 74, 00, 72, 00, 6f, 00, 6c, 00, 5c, 00, 4e, 00, 6c, 00, 73, 00, 5c, 00, 43, 00, 6f, 00, 64, 00, 65, 00, 50, 00, 61, 00, 67, 00, 65, 00])
kernel-after turn=709 service=0x12 PC=0x180001134 X0=0x0
NtOpenKey output handle bytes=Ok([18, 00, 00, 00, 00, 00, 00, 00])
kernel-before turn=749 service=0x17 PC=0x180001180 registers=[18, abe870, 2, abe8d0, 24, abe860]
NtQueryValueKey name length=6 bytes=Ok([41, 00, 43, 00, 50, 00])
kernel-after turn=749 service=0x17 PC=0x180001184 X0=0x0
NtQueryValueKey output=Ok([00, 00, 00, 00, 01, 00, 00, 00, 0a, 00, 00, 00, 31, 00, 32, 00, 35, 00, 32, 00, 00, 00, 00, 00, 00, 00, 00, 00, 00, 00, 00, 00, 00, 00, 00, 00]) ResultLength=Ok([16, 00, 00, 00])
kernel-before turn=928 service=0x17 PC=0x180001180 registers=[18, abe870, 2, abe8d0, 24, abe860]
NtQueryValueKey name length=10 bytes=Ok([4f, 00, 45, 00, 4d, 00, 43, 00, 50, 00])
kernel-after turn=928 service=0x17 PC=0x180001184 X0=0x0
NtQueryValueKey output=Ok([00, 00, 00, 00, 01, 00, 00, 00, 08, 00, 00, 00, 34, 00, 33, 00, 37, 00, 00, 00, 00, 00, 00, 00, 00, 00, 00, 00, 00, 00, 00, 00, 00, 00, 00, 00]) ResultLength=Ok([14, 00, 00, 00])
kernel-before turn=1056 service=0xf PC=0x1800010f0 registers=[18, a, abe954, abe8d0, 24, abe8dc]
kernel-after turn=1056 service=0xf PC=0x1800010f4 X0=0x0
kernel-before turn=1101 service=0x101 PC=0x180002050 registers=[b, 4e4, 0, 1803bdd00, 0, abe8dc]
kernel-after turn=1101 service=0x101 PC=0x180002054 X0=0x0
NtGetNlsSectionPtr output=Ok(ac0000) size-pointer=0x0 size=Ok([]) view=Some(RegionInfo { base: 11272192, allocation_base: 11272192, allocation_protect: 2, size: 69632, state: 4096, protect: 2, kind: 262144 }) prefix=Some([0d, 00, e4, 04, 01, 00, 3f, 00, 3f, 00, 3f, 00, 3f, 00, 00, 00, 00, 00, 00, 00, 00, 00, 00, 00, 00, 00, 03, 01, 00, 00, 01, 00])
kernel-before turn=1112 service=0x101 PC=0x180002050 registers=[b, 1b5, 0, 1803bdd08, 0, abe8dc]
kernel-after turn=1112 service=0x101 PC=0x180002054 X0=0x0
NtGetNlsSectionPtr output=Ok(ae0000) size-pointer=0x0 size=Ok([]) view=Some(RegionInfo { base: 11403264, allocation_base: 11403264, allocation_protect: 2, size: 69632, state: 4096, protect: 2, kind: 262144 }) prefix=Some([0d, 00, b5, 01, 01, 00, 3f, 00, 3f, 00, 3f, 00, 3f, 00, 00, 00, 00, 00, 00, 00, 00, 00, 00, 00, 00, 00, 03, 02, 00, 00, 01, 00])
kernel-before turn=2412 service=0x23 PC=0x180001240 registers=[ffffffffffffffff, 180000000, 6, abe930, 18, 0]
kernel-after turn=2412 service=0x23 PC=0x180001244 X0=0x0
NtQueryVirtualMemory address=0x180000000 output=0xabe930 supplied-bytes=24 record=Ok([00, 00, 00, 80, 01, 00, 00, 00, 00, 30, 47, 00, 00, 00, 00, 00, 00, 00, 00, 00, 00, 00, 00, 00]) length-pointer=0x0 length-bytes=Ok([])
kernel-before turn=2778 service=0x23 PC=0x180001240 registers=[ffffffffffffffff, 0, 4, abf530, 50, 0]
kernel-after turn=2778 service=0x23 PC=0x180001244 X0=0x0
NtQueryVirtualMemory address=0x0 output=0xabf530 supplied-bytes=80 record=Ok([70, 13, 00, 80, 01, 00, 00, 00, 01, 02, 00, 05, 00, 00, 00, 00, e0, 14, 00, 80, 01, 00, 00, 00, 01, 02, 00, 05, 00, 00, 00, 00, 10, 14, 00, 80, 01, 00, 00, 00, 01, 02, 00, 05, 00, 00, 00, 00, b0, 13, 00, 80, 01, 00, 00, 00, 01, 02, 00, 05, 00, 00, 00, 00, a0, 12, 00, 80, 01, 00, 00, 00, 01, 02, 00, 05, 00, 00, 00, 00]) length-pointer=0x0 length-bytes=Ok([])
kernel-before turn=3128 service=0x50 PC=0x180001540 registers=[ffffffffffffffff, abe8f0, abe8e8, 2, abe8e0, 0]
kernel-after turn=3128 service=0x50 PC=0x180001544 X0=0x0
kernel-before turn=3237 service=0x12 PC=0x180001130 registers=[abe638, 1, 180360e70, abea18, abe9c8, abe990]
NtOpenKey attributes=0x180360e70 bytes=Ok([30, 00, 00, 00, 00, 00, 00, 00, 00, 00, 00, 00, 00, 00, 00, 00, 78, 0d, 36, 80, 01, 00, 00, 00, 40, 00, 00, 00, 00, 00, 00, 00, 00, 00, 00, 00, 00, 00, 00, 00, 00, 00, 00, 00, 00, 00, 00, 00])
NtOpenKey name struct=0x180360d78 length=132 buffer=0x18035f100 bytes=Ok([5c, 00, 52, 00, 65, 00, 67, 00, 69, 00, 73, 00, 74, 00, 72, 00, 79, 00, 5c, 00, 4d, 00, 41, 00, 43, 00, 48, 00, 49, 00, 4e, 00, 45, 00, 5c, 00, 53, 00, 79, 00, 73, 00, 74, 00, 65, 00, 6d, 00, 5c, 00, 43, 00, 75, 00, 72, 00, 72, 00, 65, 00, 6e, 00, 74, 00, 43, 00, 6f, 00, 6e, 00, 74, 00, 72, 00, 6f, 00, 6c, 00, 53, 00, 65, 00, 74, 00, 5c, 00, 43, 00, 6f, 00, 6e, 00, 74, 00, 72, 00, 6f, 00, 6c, 00, 5c, 00, 53, 00, 65, 00, 73, 00, 73, 00, 69, 00, 6f, 00, 6e, 00, 20, 00, 4d, 00, 61, 00, 6e, 00, 61, 00, 67, 00, 65, 00, 72, 00])
kernel-after turn=3237 service=0x12 PC=0x180001134 X0=0x0
NtOpenKey output handle bytes=Ok([18, 00, 00, 00, 00, 00, 00, 00])
kernel-before turn=3248 service=0x17 PC=0x180001180 registers=[18, 180360db8, 2, abe640, 50, abe630]
NtQueryValueKey name length=64 bytes=Ok([52, 00, 61, 00, 69, 00, 73, 00, 65, 00, 45, 00, 78, 00, 63, 00, 65, 00, 70, 00, 74, 00, 69, 00, 6f, 00, 6e, 00, 4f, 00, 6e, 00, 50, 00, 6f, 00, 73, 00, 73, 00, 69, 00, 62, 00, 6c, 00, 65, 00, 44, 00, 65, 00, 61, 00, 64, 00, 6c, 00, 6f, 00, 63, 00, 6b, 00])
kernel-after turn=3248 service=0x17 PC=0x180001184 X0=0xc0000034
NtQueryValueKey output=Ok([00, 00, 00, 00, 00, 00, 00, 00, 00, 00, 00, 00, 00, 00, 00, 00, 00, 00, 00, 00, 00, 00, 00, 00, 00, 00, 00, 00, 00, 00, 00, 00, 00, 00, 00, 00]) ResultLength=Ok([00, 00, 00, 00])
kernel-before turn=3253 service=0xf PC=0x1800010f0 registers=[18, 180360db8, 2, abe640, 50, abe630]
kernel-after turn=3253 service=0xf PC=0x1800010f4 X0=0x0
kernel-before turn=3405 service=0x12 PC=0x180001130 registers=[abe580, 9, abe588, abe6e8, 50, abe630]
NtOpenKey attributes=0xabe588 bytes=Ok([30, 00, 00, 00, 00, 00, 00, 00, 00, 00, 00, 00, 00, 00, 00, 00, 10, d0, 34, 80, 01, 00, 00, 00, 40, 02, 00, 00, 00, 00, 00, 00, 00, 00, 00, 00, 00, 00, 00, 00, 00, 00, 00, 00, 00, 00, 00, 00])
NtOpenKey name struct=0x18034d010 length=182 buffer=0x18034ce30 bytes=Ok([5c, 00, 52, 00, 65, 00, 67, 00, 69, 00, 73, 00, 74, 00, 72, 00, 79, 00, 5c, 00, 4d, 00, 61, 00, 63, 00, 68, 00, 69, 00, 6e, 00, 65, 00, 5c, 00, 53, 00, 6f, 00, 66, 00, 74, 00, 77, 00, 61, 00, 72, 00, 65, 00, 5c, 00, 4d, 00, 69, 00, 63, 00, 72, 00, 6f, 00, 73, 00, 6f, 00, 66, 00, 74, 00, 5c, 00, 57, 00, 69, 00, 6e, 00, 64, 00, 6f, 00, 77, 00, 73, 00, 20, 00, 4e, 00, 54, 00, 5c, 00, 43, 00, 75, 00, 72, 00, 72, 00, 65, 00, 6e, 00, 74, 00, 56, 00, 65, 00, 72, 00, 73, 00, 69, 00, 6f, 00, 6e, 00, 5c, 00, 49, 00, 6d, 00, 61, 00, 67, 00, 65, 00, 20, 00, 46, 00, 69, 00, 6c, 00, 65, 00, 20, 00, 45, 00, 78, 00, 65, 00, 63, 00, 75, 00, 74, 00, 69, 00, 6f, 00, 6e, 00, 20, 00, 4f, 00, 70, 00, 74, 00, 69, 00, 6f, 00, 6e, 00, 73, 00])
kernel-after turn=3405 service=0x12 PC=0x180001134 X0=0xabe580
NtOpenKey output handle bytes=Ok([00, 00, 00, 00, 00, 00, 00, 00])
turn=3374 thread=8 PC=0x180039704 SP=0xabe5e0 bytes=Ok([e8, c3, 00, 79]) insn=Some("Ok(DecodedInsn { mnemonic: STRH, cond: None, operands: [Reg(Register { num: 8, is_64bit: false, is_sp: false, kind: Gpr }), Mem(MemOperand { base: Register { num: 31, is_64bit: true, is_sp: true, kind: Sp }, offset: Imm(96), mode: Offset })], sets_flags: false, raw: 2030093288, size: 4, state: Aarch64 })") registers=[abe9d0, 9, 0, abe6e8, 50, abe630, 20, 0, 12, 1052e, 12, 1, 5c, 0, 0, ae001a, a8397b1dcdaf, a8397b1dcdaf, 7ffdd000, 0, 7ffdf000, 0, 0, 0, 1, 0, 0, abe9d0, 0, abe5e0, 1800cf134]
turn=3375 thread=8 PC=0x180039708 SP=0xabe5e0 bytes=Ok([1f, 01, 0a, 6b]) insn=Some("Ok(DecodedInsn { mnemonic: CMP, cond: None, operands: [Reg(Register { num: 8, is_64bit: false, is_sp: false, kind: Gpr }), Reg(Register { num: 10, is_64bit: false, is_sp: false, kind: Gpr })], sets_flags: true, raw: 1795817759, size: 4, state: Aarch64 })") registers=[abe9d0, 9, 0, abe6e8, 50, abe630, 20, 0, 12, 1052e, 12, 1, 5c, 0, 0, ae001a, a8397b1dcdaf, a8397b1dcdaf, 7ffdd000, 0, 7ffdf000, 0, 0, 0, 1, 0, 0, abe9d0, 0, abe5e0, 1800cf134]
turn=3376 thread=8 PC=0x18003970c SP=0xabe5e0 bytes=Ok([61, 04, 00, 54]) insn=Some("Ok(DecodedInsn { mnemonic: BCC, cond: Some(NE), operands: [Label(140)], sets_flags: false, raw: 1409287265, size: 4, state: Aarch64 })") registers=[abe9d0, 9, 0, abe6e8, 50, abe630, 20, 0, 12, 1052e, 12, 1, 5c, 0, 0, ae001a, a8397b1dcdaf, a8397b1dcdaf, 7ffdd000, 0, 7ffdf000, 0, 0, 0, 1, 0, 0, abe9d0, 0, abe5e0, 1800cf134]
turn=3377 thread=8 PC=0x180039710 SP=0xabe5e0 bytes=Ok([e8, 27, 40, b9]) insn=Some("Ok(DecodedInsn { mnemonic: LDR, cond: None, operands: [Reg(Register { num: 8, is_64bit: false, is_sp: false, kind: Gpr }), Mem(MemOperand { base: Register { num: 31, is_64bit: true, is_sp: true, kind: Sp }, offset: Imm(36), mode: Offset })], sets_flags: false, raw: 3107989480, size: 4, state: Aarch64 })") registers=[abe9d0, 9, 0, abe6e8, 50, abe630, 20, 0, 12, 1052e, 12, 1, 5c, 0, 0, ae001a, a8397b1dcdaf, a8397b1dcdaf, 7ffdd000, 0, 7ffdf000, 0, 0, 0, 1, 0, 0, abe9d0, 0, abe5e0, 1800cf134]
turn=3378 thread=8 PC=0x180039714 SP=0xabe5e0 bytes=Ok([13, 48, 80, d2]) insn=Some("Ok(DecodedInsn { mnemonic: MOVZ, cond: None, operands: [Reg(Register { num: 19, is_64bit: true, is_sp: false, kind: Gpr }), Imm(Immediate { value: 576, shift: 0 })], sets_flags: false, raw: 3531622419, size: 4, state: Aarch64 })") registers=[abe9d0, 9, 0, abe6e8, 50, abe630, 20, 0, 0, 1052e, 12, 1, 5c, 0, 0, ae001a, a8397b1dcdaf, a8397b1dcdaf, 7ffdd000, 0, 7ffdf000, 0, 0, 0, 1, 0, 0, abe9d0, 0, abe5e0, 1800cf134]
turn=3379 thread=8 PC=0x180039718 SP=0xabe5e0 bytes=Ok([e0, c3, 00, 91]) insn=Some("Ok(DecodedInsn { mnemonic: ADD, cond: None, operands: [Reg(Register { num: 0, is_64bit: true, is_sp: false, kind: Gpr }), Reg(Register { num: 31, is_64bit: true, is_sp: true, kind: Sp }), Imm(Immediate { value: 48, shift: 0 })], sets_flags: false, raw: 2432746464, size: 4, state: Aarch64 })") registers=[abe9d0, 9, 0, abe6e8, 50, abe630, 20, 0, 0, 1052e, 12, 1, 5c, 0, 0, ae001a, a8397b1dcdaf, a8397b1dcdaf, 7ffdd000, 240, 7ffdf000, 0, 0, 0, 1, 0, 0, abe9d0, 0, abe5e0, 1800cf134]
turn=3380 thread=8 PC=0x18003971c SP=0xabe5e0 bytes=Ok([a8, 04, 00, 35]) insn=Some("Ok(DecodedInsn { mnemonic: CBNZ, cond: None, operands: [Reg(Register { num: 8, is_64bit: false, is_sp: false, kind: Gpr }), Label(148)], sets_flags: false, raw: 889193640, size: 4, state: Aarch64 })") registers=[abe610, 9, 0, abe6e8, 50, abe630, 20, 0, 0, 1052e, 12, 1, 5c, 0, 0, ae001a, a8397b1dcdaf, a8397b1dcdaf, 7ffdd000, 240, 7ffdf000, 0, 0, 0, 1, 0, 0, abe9d0, 0, abe5e0, 1800cf134]
turn=3381 thread=8 PC=0x180039720 SP=0xabe5e0 bytes=Ok([ff, 1f, 00, b9]) insn=Some("Ok(DecodedInsn { mnemonic: STR, cond: None, operands: [Reg(Register { num: 31, is_64bit: false, is_sp: false, kind: Gpr }), Mem(MemOperand { base: Register { num: 31, is_64bit: true, is_sp: true, kind: Sp }, offset: Imm(28), mode: Offset })], sets_flags: false, raw: 3103793151, size: 4, state: Aarch64 })") registers=[abe610, 9, 0, abe6e8, 50, abe630, 20, 0, 0, 1052e, 12, 1, 5c, 0, 0, ae001a, a8397b1dcdaf, a8397b1dcdaf, 7ffdd000, 240, 7ffdf000, 0, 0, 0, 1, 0, 0, abe9d0, 0, abe5e0, 1800cf134]
turn=3382 thread=8 PC=0x180039724 SP=0xabe5e0 bytes=Ok([a5, ff, ff, 97]) insn=Some("Ok(DecodedInsn { mnemonic: BL, cond: None, operands: [Label(-364)], sets_flags: false, raw: 2550136741, size: 4, state: Aarch64 })") registers=[abe610, 9, 0, abe6e8, 50, abe630, 20, 0, 0, 1052e, 12, 1, 5c, 0, 0, ae001a, a8397b1dcdaf, a8397b1dcdaf, 7ffdd000, 240, 7ffdf000, 0, 0, 0, 1, 0, 0, abe9d0, 0, abe5e0, 1800cf134]
turn=3383 thread=8 PC=0x1800395b8 SP=0xabe5e0 bytes=Ok([7f, 23, 03, d5]) insn=Some("Ok(DecodedInsn { mnemonic: HINT, cond: None, operands: [Imm(Immediate { value: 27, shift: 0 })], sets_flags: false, raw: 3573752703, size: 4, state: Aarch64 })") registers=[abe610, 9, 0, abe6e8, 50, abe630, 20, 0, 0, 1052e, 12, 1, 5c, 0, 0, ae001a, a8397b1dcdaf, a8397b1dcdaf, 7ffdd000, 240, 7ffdf000, 0, 0, 0, 1, 0, 0, abe9d0, 0, abe5e0, 180039728]
turn=3384 thread=8 PC=0x1800395bc SP=0xabe5e0 bytes=Ok([f3, 53, be, a9]) insn=Some("Ok(DecodedInsn { mnemonic: STP, cond: None, operands: [Reg(Register { num: 19, is_64bit: true, is_sp: false, kind: Gpr }), Reg(Register { num: 20, is_64bit: true, is_sp: false, kind: Gpr }), Mem(MemOperand { base: Register { num: 31, is_64bit: true, is_sp: true, kind: Sp }, offset: Imm(-32), mode: PreIndex })], sets_flags: false, raw: 2847822835, size: 4, state: Aarch64 })") registers=[abe610, 9, 0, abe6e8, 50, abe630, 20, 0, 0, 1052e, 12, 1, 5c, 0, 0, ae001a, a8397b1dcdaf, a8397b1dcdaf, 7ffdd000, 240, 7ffdf000, 0, 0, 0, 1, 0, 0, abe9d0, 0, abe5e0, 180039728]
turn=3385 thread=8 PC=0x1800395c0 SP=0xabe5c0 bytes=Ok([f5, 0b, 00, f9]) insn=Some("Ok(DecodedInsn { mnemonic: STR, cond: None, operands: [Reg(Register { num: 21, is_64bit: true, is_sp: false, kind: Gpr }), Mem(MemOperand { base: Register { num: 31, is_64bit: true, is_sp: true, kind: Sp }, offset: Imm(16), mode: Offset })], sets_flags: false, raw: 4177529845, size: 4, state: Aarch64 })") registers=[abe610, 9, 0, abe6e8, 50, abe630, 20, 0, 0, 1052e, 12, 1, 5c, 0, 0, ae001a, a8397b1dcdaf, a8397b1dcdaf, 7ffdd000, 240, 7ffdf000, 0, 0, 0, 1, 0, 0, abe9d0, 0, abe5e0, 180039728]
turn=3386 thread=8 PC=0x1800395c4 SP=0xabe5c0 bytes=Ok([fd, 7b, bb, a9]) insn=Some("Ok(DecodedInsn { mnemonic: STP, cond: None, operands: [Reg(Register { num: 29, is_64bit: true, is_sp: false, kind: Gpr }), Reg(Register { num: 30, is_64bit: true, is_sp: false, kind: Gpr }), Mem(MemOperand { base: Register { num: 31, is_64bit: true, is_sp: true, kind: Sp }, offset: Imm(-80), mode: PreIndex })], sets_flags: false, raw: 2847636477, size: 4, state: Aarch64 })") registers=[abe610, 9, 0, abe6e8, 50, abe630, 20, 0, 0, 1052e, 12, 1, 5c, 0, 0, ae001a, a8397b1dcdaf, a8397b1dcdaf, 7ffdd000, 240, 7ffdf000, 0, 0, 0, 1, 0, 0, abe9d0, 0, abe5e0, 180039728]
turn=3387 thread=8 PC=0x1800395c8 SP=0xabe570 bytes=Ok([fd, 03, 00, 91]) insn=Some("Ok(DecodedInsn { mnemonic: MOV, cond: None, operands: [Reg(Register { num: 29, is_64bit: true, is_sp: false, kind: Gpr }), Reg(Register { num: 31, is_64bit: true, is_sp: true, kind: Sp })], sets_flags: false, raw: 2432697341, size: 4, state: Aarch64 })") registers=[abe610, 9, 0, abe6e8, 50, abe630, 20, 0, 0, 1052e, 12, 1, 5c, 0, 0, ae001a, a8397b1dcdaf, a8397b1dcdaf, 7ffdd000, 240, 7ffdf000, 0, 0, 0, 1, 0, 0, abe9d0, 0, abe5e0, 180039728]
turn=3388 thread=8 PC=0x1800395cc SP=0xabe570 bytes=Ok([48, 1c, 00, f0]) insn=Some("Ok(DecodedInsn { mnemonic: ADRP, cond: None, operands: [Reg(Register { num: 8, is_64bit: true, is_sp: false, kind: Gpr }), Label(3715072)], sets_flags: false, raw: 4026539080, size: 4, state: Aarch64 })") registers=[abe610, 9, 0, abe6e8, 50, abe630, 20, 0, 0, 1052e, 12, 1, 5c, 0, 0, ae001a, a8397b1dcdaf, a8397b1dcdaf, 7ffdd000, 240, 7ffdf000, 0, 0, 0, 1, 0, 0, abe9d0, 0, abe570, 180039728]
turn=3389 thread=8 PC=0x1800395d0 SP=0xabe570 bytes=Ok([14, a1, 30, 91]) insn=Some("Ok(DecodedInsn { mnemonic: ADD, cond: None, operands: [Reg(Register { num: 20, is_64bit: true, is_sp: false, kind: Gpr }), Reg(Register { num: 8, is_64bit: true, is_sp: false, kind: Gpr }), Imm(Immediate { value: 3112, shift: 0 })], sets_flags: false, raw: 2435883284, size: 4, state: Aarch64 })") registers=[abe610, 9, 0, abe6e8, 50, abe630, 20, 0, 1803c4000, 1052e, 12, 1, 5c, 0, 0, ae001a, a8397b1dcdaf, a8397b1dcdaf, 7ffdd000, 240, 7ffdf000, 0, 0, 0, 1, 0, 0, abe9d0, 0, abe570, 180039728]
turn=3390 thread=8 PC=0x1800395d4 SP=0xabe570 bytes=Ok([93, 02, 40, f9]) insn=Some("Ok(DecodedInsn { mnemonic: LDR, cond: None, operands: [Reg(Register { num: 19, is_64bit: true, is_sp: false, kind: Gpr }), Mem(MemOperand { base: Register { num: 20, is_64bit: true, is_sp: false, kind: Gpr }, offset: Imm(0), mode: Offset })], sets_flags: false, raw: 4181721747, size: 4, state: Aarch64 })") registers=[abe610, 9, 0, abe6e8, 50, abe630, 20, 0, 1803c4000, 1052e, 12, 1, 5c, 0, 0, ae001a, a8397b1dcdaf, a8397b1dcdaf, 7ffdd000, 240, 1803c4c28, 0, 0, 0, 1, 0, 0, abe9d0, 0, abe570, 180039728]
turn=3391 thread=8 PC=0x1800395d8 SP=0xabe570 bytes=Ok([f5, 03, 00, aa]) insn=Some("Ok(DecodedInsn { mnemonic: MOV, cond: None, operands: [Reg(Register { num: 21, is_64bit: true, is_sp: false, kind: Gpr }), Reg(Register { num: 0, is_64bit: true, is_sp: false, kind: Gpr })], sets_flags: false, raw: 2852127733, size: 4, state: Aarch64 })") registers=[abe610, 9, 0, abe6e8, 50, abe630, 20, 0, 1803c4000, 1052e, 12, 1, 5c, 0, 0, ae001a, a8397b1dcdaf, a8397b1dcdaf, 7ffdd000, 0, 1803c4c28, 0, 0, 0, 1, 0, 0, abe9d0, 0, abe570, 180039728]
turn=3392 thread=8 PC=0x1800395dc SP=0xabe570 bytes=Ok([13, 01, 00, b4]) insn=Some("Ok(DecodedInsn { mnemonic: CBZ, cond: None, operands: [Reg(Register { num: 19, is_64bit: true, is_sp: false, kind: Gpr }), Label(32)], sets_flags: false, raw: 3019899155, size: 4, state: Aarch64 })") registers=[abe610, 9, 0, abe6e8, 50, abe630, 20, 0, 1803c4000, 1052e, 12, 1, 5c, 0, 0, ae001a, a8397b1dcdaf, a8397b1dcdaf, 7ffdd000, 0, 1803c4c28, abe610, 0, 0, 1, 0, 0, abe9d0, 0, abe570, 180039728]
turn=3393 thread=8 PC=0x1800395fc SP=0xabe570 bytes=Ok([08, 06, 80, d2]) insn=Some("Ok(DecodedInsn { mnemonic: MOVZ, cond: None, operands: [Reg(Register { num: 8, is_64bit: true, is_sp: false, kind: Gpr }), Imm(Immediate { value: 48, shift: 0 })], sets_flags: false, raw: 3531605512, size: 4, state: Aarch64 })") registers=[abe610, 9, 0, abe6e8, 50, abe630, 20, 0, 1803c4000, 1052e, 12, 1, 5c, 0, 0, ae001a, a8397b1dcdaf, a8397b1dcdaf, 7ffdd000, 0, 1803c4c28, abe610, 0, 0, 1, 0, 0, abe9d0, 0, abe570, 180039728]
turn=3394 thread=8 PC=0x180039600 SP=0xabe570 bytes=Ok([ff, 0b, 00, f9]) insn=Some("Ok(DecodedInsn { mnemonic: STR, cond: None, operands: [Reg(Register { num: 31, is_64bit: true, is_sp: false, kind: Gpr }), Mem(MemOperand { base: Register { num: 31, is_64bit: true, is_sp: true, kind: Sp }, offset: Imm(16), mode: Offset })], sets_flags: false, raw: 4177529855, size: 4, state: Aarch64 })") registers=[abe610, 9, 0, abe6e8, 50, abe630, 20, 0, 30, 1052e, 12, 1, 5c, 0, 0, ae001a, a8397b1dcdaf, a8397b1dcdaf, 7ffdd000, 0, 1803c4c28, abe610, 0, 0, 1, 0, 0, abe9d0, 0, abe570, 180039728]
turn=3395 thread=8 PC=0x180039604 SP=0xabe570 bytes=Ok([e8, ff, 01, a9]) insn=Some("Ok(DecodedInsn { mnemonic: STP, cond: None, operands: [Reg(Register { num: 8, is_64bit: true, is_sp: false, kind: Gpr }), Reg(Register { num: 31, is_64bit: true, is_sp: false, kind: Gpr }), Mem(MemOperand { base: Register { num: 31, is_64bit: true, is_sp: true, kind: Sp }, offset: Imm(24), mode: Offset })], sets_flags: false, raw: 2835480552, size: 4, state: Aarch64 })") registers=[abe610, 9, 0, abe6e8, 50, abe630, 20, 0, 30, 1052e, 12, 1, 5c, 0, 0, ae001a, a8397b1dcdaf, a8397b1dcdaf, 7ffdd000, 0, 1803c4c28, abe610, 0, 0, 1, 0, 0, abe9d0, 0, abe570, 180039728]
turn=3396 thread=8 PC=0x180039608 SP=0xabe570 bytes=Ok([a8, 18, 00, 90]) insn=Some("Ok(DecodedInsn { mnemonic: ADRP, cond: None, operands: [Reg(Register { num: 8, is_64bit: true, is_sp: false, kind: Gpr }), Label(3227648)], sets_flags: false, raw: 2415925416, size: 4, state: Aarch64 })") registers=[abe610, 9, 0, abe6e8, 50, abe630, 20, 0, 30, 1052e, 12, 1, 5c, 0, 0, ae001a, a8397b1dcdaf, a8397b1dcdaf, 7ffdd000, 0, 1803c4c28, abe610, 0, 0, 1, 0, 0, abe9d0, 0, abe570, 180039728]
turn=3397 thread=8 PC=0x18003960c SP=0xabe570 bytes=Ok([08, 41, 00, 91]) insn=Some("Ok(DecodedInsn { mnemonic: ADD, cond: None, operands: [Reg(Register { num: 8, is_64bit: true, is_sp: false, kind: Gpr }), Reg(Register { num: 8, is_64bit: true, is_sp: false, kind: Gpr }), Imm(Immediate { value: 16, shift: 0 })], sets_flags: false, raw: 2432712968, size: 4, state: Aarch64 })") registers=[abe610, 9, 0, abe6e8, 50, abe630, 20, 0, 18034d000, 1052e, 12, 1, 5c, 0, 0, ae001a, a8397b1dcdaf, a8397b1dcdaf, 7ffdd000, 0, 1803c4c28, abe610, 0, 0, 1, 0, 0, abe9d0, 0, abe570, 180039728]
turn=3398 thread=8 PC=0x180039610 SP=0xabe570 bytes=Ok([09, 48, 80, d2]) insn=Some("Ok(DecodedInsn { mnemonic: MOVZ, cond: None, operands: [Reg(Register { num: 9, is_64bit: true, is_sp: false, kind: Gpr }), Imm(Immediate { value: 576, shift: 0 })], sets_flags: false, raw: 3531622409, size: 4, state: Aarch64 })") registers=[abe610, 9, 0, abe6e8, 50, abe630, 20, 0, 18034d010, 1052e, 12, 1, 5c, 0, 0, ae001a, a8397b1dcdaf, a8397b1dcdaf, 7ffdd000, 0, 1803c4c28, abe610, 0, 0, 1, 0, 0, abe9d0, 0, abe570, 180039728]
turn=3399 thread=8 PC=0x180039614 SP=0xabe570 bytes=Ok([ff, ff, 03, a9]) insn=Some("Ok(DecodedInsn { mnemonic: STP, cond: None, operands: [Reg(Register { num: 31, is_64bit: true, is_sp: false, kind: Gpr }), Reg(Register { num: 31, is_64bit: true, is_sp: false, kind: Gpr }), Mem(MemOperand { base: Register { num: 31, is_64bit: true, is_sp: true, kind: Sp }, offset: Imm(56), mode: Offset })], sets_flags: false, raw: 2835611647, size: 4, state: Aarch64 })") registers=[abe610, 9, 0, abe6e8, 50, abe630, 20, 0, 18034d010, 240, 12, 1, 5c, 0, 0, ae001a, a8397b1dcdaf, a8397b1dcdaf, 7ffdd000, 0, 1803c4c28, abe610, 0, 0, 1, 0, 0, abe9d0, 0, abe570, 180039728]
turn=3400 thread=8 PC=0x180039618 SP=0xabe570 bytes=Ok([e2, 63, 00, 91]) insn=Some("Ok(DecodedInsn { mnemonic: ADD, cond: None, operands: [Reg(Register { num: 2, is_64bit: true, is_sp: false, kind: Gpr }), Reg(Register { num: 31, is_64bit: true, is_sp: true, kind: Sp }), Imm(Immediate { value: 24, shift: 0 })], sets_flags: false, raw: 2432721890, size: 4, state: Aarch64 })") registers=[abe610, 9, 0, abe6e8, 50, abe630, 20, 0, 18034d010, 240, 12, 1, 5c, 0, 0, ae001a, a8397b1dcdaf, a8397b1dcdaf, 7ffdd000, 0, 1803c4c28, abe610, 0, 0, 1, 0, 0, abe9d0, 0, abe570, 180039728]
turn=3401 thread=8 PC=0x18003961c SP=0xabe570 bytes=Ok([21, 01, 80, 52]) insn=Some("Ok(DecodedInsn { mnemonic: MOVZ, cond: None, operands: [Reg(Register { num: 1, is_64bit: false, is_sp: false, kind: Gpr }), Imm(Immediate { value: 9, shift: 0 })], sets_flags: false, raw: 1384120609, size: 4, state: Aarch64 })") registers=[abe610, 9, abe588, abe6e8, 50, abe630, 20, 0, 18034d010, 240, 12, 1, 5c, 0, 0, ae001a, a8397b1dcdaf, a8397b1dcdaf, 7ffdd000, 0, 1803c4c28, abe610, 0, 0, 1, 0, 0, abe9d0, 0, abe570, 180039728]
turn=3402 thread=8 PC=0x180039620 SP=0xabe570 bytes=Ok([e8, a7, 02, a9]) insn=Some("Ok(DecodedInsn { mnemonic: STP, cond: None, operands: [Reg(Register { num: 8, is_64bit: true, is_sp: false, kind: Gpr }), Reg(Register { num: 9, is_64bit: true, is_sp: false, kind: Gpr }), Mem(MemOperand { base: Register { num: 31, is_64bit: true, is_sp: true, kind: Sp }, offset: Imm(40), mode: Offset })], sets_flags: false, raw: 2835523560, size: 4, state: Aarch64 })") registers=[abe610, 9, abe588, abe6e8, 50, abe630, 20, 0, 18034d010, 240, 12, 1, 5c, 0, 0, ae001a, a8397b1dcdaf, a8397b1dcdaf, 7ffdd000, 0, 1803c4c28, abe610, 0, 0, 1, 0, 0, abe9d0, 0, abe570, 180039728]
turn=3403 thread=8 PC=0x180039624 SP=0xabe570 bytes=Ok([e0, 43, 00, 91]) insn=Some("Ok(DecodedInsn { mnemonic: ADD, cond: None, operands: [Reg(Register { num: 0, is_64bit: true, is_sp: false, kind: Gpr }), Reg(Register { num: 31, is_64bit: true, is_sp: true, kind: Sp }), Imm(Immediate { value: 16, shift: 0 })], sets_flags: false, raw: 2432713696, size: 4, state: Aarch64 })") registers=[abe610, 9, abe588, abe6e8, 50, abe630, 20, 0, 18034d010, 240, 12, 1, 5c, 0, 0, ae001a, a8397b1dcdaf, a8397b1dcdaf, 7ffdd000, 0, 1803c4c28, abe610, 0, 0, 1, 0, 0, abe9d0, 0, abe570, 180039728]
turn=3404 thread=8 PC=0x180039628 SP=0xabe570 bytes=Ok([c2, 1e, ff, 97]) insn=Some("Ok(DecodedInsn { mnemonic: BL, cond: None, operands: [Label(-230648)], sets_flags: false, raw: 2550079170, size: 4, state: Aarch64 })") registers=[abe580, 9, abe588, abe6e8, 50, abe630, 20, 0, 18034d010, 240, 12, 1, 5c, 0, 0, ae001a, a8397b1dcdaf, a8397b1dcdaf, 7ffdd000, 0, 1803c4c28, abe610, 0, 0, 1, 0, 0, abe9d0, 0, abe570, 180039728]
turn=3405 thread=8 PC=0x180001130 SP=0xabe570 bytes=Ok([41, 02, 00, d4]) insn=Some("Ok(DecodedInsn { mnemonic: SVC, cond: None, operands: [Imm(Immediate { value: 18, shift: 0 })], sets_flags: false, raw: 3556770369, size: 4, state: Aarch64 })") registers=[abe580, 9, abe588, abe6e8, 50, abe630, 20, 0, 18034d010, 240, 12, 1, 5c, 0, 0, ae001a, a8397b1dcdaf, a8397b1dcdaf, 7ffdd000, 0, 1803c4c28, abe610, 0, 0, 1, 0, 0, abe9d0, 0, abe570, 18003962c]
terminal turn=3405 Complete(Internal("native NTDLL service NtOpenKey: Unimplemented(\"NtOpenKey: registry key outside selected runtime snapshot\")"))

