run cl.exe /FoC:\Windows\Temp\assist-native-rax-20261010\assist\native-cpp\monocypher.obj
monocypher.c
run cl.exe /Fe:C:\Windows\Temp\assist-native-rax-20261010\assist\native-cpp\process_tool.exe
process_tool_tests.cpp
process_tool.cpp
rax_process.cpp
librax_loader.cpp
static_text.cpp
metadata.cpp
metadata_keys.cpp
Generating Code...
C:\Windows\Temp\assist-native-rax-20261010\target\debug\assist_rs.lib : fatal error LNK1127: library is corrupt
Traceback (most recent call last):
  File "C:\Windows\Temp\assist-native-rax-20261010\assist\assist-cpp-build.py", line 20, in <module>
    run(['cl.exe',*flags,*includes,*( ['/DASSIST_HAS_RAX=1'] if rax else []),*sources,archive,*libs,'/Fe:'+str(out/(name+'.exe'))])
    ~~~^^^^^^^^^^^^^^^^^^^^^^^^^^^^^^^^^^^^^^^^^^^^^^^^^^^^^^^^^^^^^^^^^^^^^^^^^^^^^^^^^^^^^^^^^^^^^^^^^^^^^^^^^^^^^^^^^^^^^^^^^^^^
  File "C:\Windows\Temp\assist-native-rax-20261010\assist\assist-cpp-build.py", line 6, in run
    print('run',args[0],args[-1],flush=True);subprocess.run([str(a) for a in args],check=True,cwd=out)
                                             ~~~~~~~~~~~~~~^^^^^^^^^^^^^^^^^^^^^^^^^^^^^^^^^^^^^^^^^^^
  File "subprocess.py", line 577, in run
subprocess.CalledProcessError: Command '['cl.exe', '/nologo', '/std:c++20', '/O1', '/MT', '/EHsc', '/utf-8', '/DNOMINMAX', '/DASSIST_STATIC_TEXT_HAS_CODEC=1', '/DASSIST_RAX_PROCESS_FIXTURES="C:/Windows/Temp/assist-native-rax-20261010/src/tests/fixtures/user/windows"', '/IC:\\Windows\\Temp\\assist-native-rax-20261010\\assist\\include', '/IC:\\Windows\\Temp\\assist-native-rax-20261010\\assist\\vendor\\rax\\capi\\include', '/IC:\\Windows\\Temp\\assist-native-rax-20261010\\assist\\rust\\assist-rs\\include', '/IC:\\Windows\\Temp\\assist-native-rax-20261010\\assist\\generated', '/IC:\\Windows\\Temp\\assist-native-rax-20261010\\assist\\monocypher', '/IC:\\Windows\\Temp\\assist-native-rax-20261010\\assist\\json', '/DASSIST_HAS_RAX=1', 'C:\\Windows\\Temp\\assist-native-rax-20261010\\assist\\test\\process_tool_tests.cpp', 'C:\\Windows\\Temp\\assist-native-rax-20261010\\assist\\src\\tools\\builtin\\emulation\\sessions\\process_tool.cpp', 'C:\\Windows\\Temp\\assist-native-rax-20261010\\assist\\src\\emulation\\rax\\rax_process.cpp', 'C:\\Windows\\Temp\\assist-native-rax-20261010\\assist\\src\\emulation\\rax\\librax_loader.cpp', 'C:\\Windows\\Temp\\assist-native-rax-20261010\\assist\\src\\crypto\\static_text.cpp', 'C:\\Windows\\Temp\\assist-native-rax-20261010\\assist\\generated\\metadata.cpp', 'C:\\Windows\\Temp\\assist-native-rax-20261010\\assist\\generated\\metadata_keys.cpp', 'C:\\Windows\\Temp\\assist-native-rax-20261010\\assist\\native-cpp\\monocypher.obj', 'C:\\Windows\\Temp\\assist-native-rax-20261010\\target\\debug\\assist_rs.lib', 'ws2_32.lib', 'userenv.lib', 'ntdll.lib', 'bcrypt.lib', 'advapi32.lib', '/Fe:C:\\Windows\\Temp\\assist-native-rax-20261010\\assist\\native-cpp\\process_tool.exe']' returned non-zero exit status 2.
