program C:\Windows\Temp\assist-native-rax-20261010\src\tests\fixtures\user\windows\bin\arm64\smoke.exe
arch=arm64 PEB=0x7ffdf000 ProcessHeap=Ok(65536) heaps=Heaps { heaps: {65536: Heap { flags: 0, align: 16, max: 0, segments: [(65536, 1048576)], free: {69152: 1044960}, by_size: {(1044960, 69152)}, used: {66944: (48, 40), 68640: (80, 70), 67568: (288, 288), 67920: (32, 20), 68352: (288, 288), 68240: (80, 66), 66832: (16, 8), 65792: (1040, 1040), 66896: (48, 34), 69088: (32, 20), 69120: (16, 8), 68320: (32, 26), 69136: (16, 12), 68752: (288, 288), 66992: (480, 470), 67952: (288, 288), 68720: (32, 30), 67472: (96, 88), 67856: (64, 60), 69040: (48, 34), 66848: (48, 34)} }}, align: 16 }
initial-watch bytes=Ok([00, 00, 00, 00, 00, 00, 00, 00, 00, 00, 00, 00, 00, 00, 00, 00, 00, 00, 00, 00, 00, 00, 00, 00, 00, 00, 00, 00, 00, 00, 00, 00, 00, 00, 00, 00, 00, 00, 00, 00, 00, 00, 00, 00, 00, 00, 00, 00, 00, 00, 00, 00, 00, 00, 00, 00, 00, 00, 00, 00, 00, 00, 00, 00, 00, 00, 00, 00, 00, 00, 00, 00, 00, 00, 00, 00, 00, 00, 00, 00, 00, 00, 00, 00, 00, 00, 00, 00, 00, 00, 00, 00, 00, 00, 00, 00, 00, 00, 00, 00, 00, 00, 00, 00, 00, 00, 00, 00, 00, 00, 00, 00, 00, 00, 00, 00, 00, 00, 00, 00, 00, 00, 00, 00, 00, 00, 00, 00]) query=Some(RegionInfo { base: 6446419968, allocation_base: 6442450944, allocation_protect: 128, size: 24576, state: 4096, protect: 8, kind: 16777216 })
module-host probe.exe path=None
module probe.exe base=0x140000000 size=0x3000 entry=0x140001048
module-host ntdll.dll path=Some("\\\\?\\C:\\Windows\\System32\\ntdll.dll")
module ntdll.dll base=0x180000000 size=0x473000 entry=0x0
module-host kernel32.dll path=Some("\\\\?\\C:\\Windows\\System32\\kernel32.dll")
module kernel32.dll base=0x150000 size=0x171000 entry=0x157460
module-host KernelBase.dll path=Some("\\\\?\\C:\\Windows\\System32\\KernelBase.dll")
module KernelBase.dll base=0x2d0000 size=0x6e6000 entry=0x2dbf90
native LdrInitializeThunk target=0x1800ef6e0 context=0xabfbc0
watch-change turn=0 PC=0x1800ef6e0 query=Some(RegionInfo { base: 6446419968, allocation_base: 6442450944, allocation_protect: 128, size: 24576, state: 4096, protect: 8, kind: 16777216 }) bytes=[00, 00, 00, 00, 00, 00, 00, 00, 00, 00, 00, 00, 00, 00, 00, 00, 00, 00, 00, 00, 00, 00, 00, 00, 00, 00, 00, 00, 00, 00, 00, 00, 00, 00, 00, 00, 00, 00, 00, 00, 00, 00, 00, 00, 00, 00, 00, 00, 00, 00, 00, 00, 00, 00, 00, 00, 00, 00, 00, 00, 00, 00, 00, 00]
kernel-before turn=36 service=0x36 PC=0x1800013a0 registers=[fa, 1803ca4c0, 10, abfb30, 0, 0]
kernel-after turn=36 service=0x36 PC=0x1800013a4 X0=0x0
kernel-before turn=141 service=0x48 PC=0x1800014c0 registers=[1803c9350, 1f0003, 0, 0, 0, 0]
kernel-after turn=141 service=0x48 PC=0x1800014c4 X0=0x0
kernel-before turn=160 service=0x119 PC=0x1800021d0 registers=[9, abfaf8, 8, abfaf0, 0, 0]
hotpatch-before info=0xabfaf8 bytes=Ok([01, 00, 00, 00, 00, 00, 00, 00]) returned=0xabfaf0 bytes=Ok([00, 00, 00, 00])
kernel-after turn=160 service=0x119 PC=0x1800021d4 X0=0xc00000bb
hotpatch-after info=0xabfaf8 bytes=Ok([01, 00, 00, 00, 00, 00, 00, 00]) returned=0xabfaf0 bytes=Ok([00, 00, 00, 00])
kernel-before turn=210 service=0xe PC=0x1800010e0 registers=[10, 0, 1488, abfaf0, 0, 0]
kernel-after turn=210 service=0xe PC=0x1800010e4 X0=0x0
kernel-before turn=252 service=0x48 PC=0x1800014c0 registers=[1803c93a0, 1f0003, 0, 0, 0, 0]
kernel-after turn=252 service=0x48 PC=0x1800014c4 X0=0x0
kernel-before turn=298 service=0x36 PC=0x1800013a0 registers=[0, abfa20, 40, 0, 0, 0]
kernel-after turn=298 service=0x36 PC=0x1800013a4 X0=0x0
kernel-before turn=418 service=0x19 PC=0x1800011a0 registers=[ffffffffffffffff, 24, abe9f0, 4, 0, 0]
kernel-after turn=418 service=0x19 PC=0x1800011a4 X0=0x0
kernel-before turn=709 service=0x12 PC=0x180001130 registers=[abe868, 80000000, abe8a0, abe8e0, 0, 18034f740]
NtOpenKey attributes=0xabe8a0 bytes=Ok([30, 00, 00, 00, 00, 00, 00, 00, 00, 00, 00, 00, 00, 00, 00, 00, 90, e8, ab, 00, 00, 00, 00, 00, 40, 02, 00, 00, 00, 00, 00, 00, 00, 00, 00, 00, 00, 00, 00, 00, 00, 00, 00, 00, 00, 00, 00, 00])
NtOpenKey name struct=0xabe890 length=126 buffer=0x18034f6d0 bytes=Ok([5c, 00, 52, 00, 65, 00, 67, 00, 69, 00, 73, 00, 74, 00, 72, 00, 79, 00, 5c, 00, 4d, 00, 61, 00, 63, 00, 68, 00, 69, 00, 6e, 00, 65, 00, 5c, 00, 53, 00, 79, 00, 73, 00, 74, 00, 65, 00, 6d, 00, 5c, 00, 43, 00, 75, 00, 72, 00, 72, 00, 65, 00, 6e, 00, 74, 00, 43, 00, 6f, 00, 6e, 00, 74, 00, 72, 00, 6f, 00, 6c, 00, 53, 00, 65, 00, 74, 00, 5c, 00, 43, 00, 6f, 00, 6e, 00, 74, 00, 72, 00, 6f, 00, 6c, 00, 5c, 00, 4e, 00, 6c, 00, 73, 00, 5c, 00, 43, 00, 6f, 00, 64, 00, 65, 00, 50, 00, 61, 00, 67, 00, 65, 00])
kernel-after turn=709 service=0x12 PC=0x180001134 X0=0x0
NtOpenKey output handle bytes=Ok([18, 00, 00, 00, 00, 00, 00, 00])
kernel-before turn=749 service=0x17 PC=0x180001180 registers=[18, abe870, 2, abe8d0, 24, abe860]
NtQueryValueKey name length=6 bytes=Ok([41, 00, 43, 00, 50, 00])
kernel-after turn=749 service=0x17 PC=0x180001184 X0=0x0
NtQueryValueKey output=Ok([00, 00, 00, 00, 01, 00, 00, 00, 0a, 00, 00, 00, 31, 00, 32, 00, 35, 00, 32, 00, 00, 00, 00, 00, 00, 00, 00, 00, 00, 00, 00, 00, 00, 00, 00, 00]) ResultLength=Ok([16, 00, 00, 00])
kernel-before turn=928 service=0x17 PC=0x180001180 registers=[18, abe870, 2, abe8d0, 24, abe860]
NtQueryValueKey name length=10 bytes=Ok([4f, 00, 45, 00, 4d, 00, 43, 00, 50, 00])
kernel-after turn=928 service=0x17 PC=0x180001184 X0=0x0
NtQueryValueKey output=Ok([00, 00, 00, 00, 01, 00, 00, 00, 08, 00, 00, 00, 34, 00, 33, 00, 37, 00, 00, 00, 00, 00, 00, 00, 00, 00, 00, 00, 00, 00, 00, 00, 00, 00, 00, 00]) ResultLength=Ok([14, 00, 00, 00])
kernel-before turn=1056 service=0xf PC=0x1800010f0 registers=[18, a, abe954, abe8d0, 24, abe8dc]
kernel-after turn=1056 service=0xf PC=0x1800010f4 X0=0x0
kernel-before turn=1101 service=0x101 PC=0x180002050 registers=[b, 4e4, 0, 1803bdd00, 0, abe8dc]
kernel-after turn=1101 service=0x101 PC=0x180002054 X0=0x0
NtGetNlsSectionPtr output=Ok(ac0000) size-pointer=0x0 size=Ok([]) view=Some(RegionInfo { base: 11272192, allocation_base: 11272192, allocation_protect: 2, size: 69632, state: 4096, protect: 2, kind: 262144 }) prefix=Some([0d, 00, e4, 04, 01, 00, 3f, 00, 3f, 00, 3f, 00, 3f, 00, 00, 00, 00, 00, 00, 00, 00, 00, 00, 00, 00, 00, 03, 01, 00, 00, 01, 00])
kernel-before turn=1112 service=0x101 PC=0x180002050 registers=[b, 1b5, 0, 1803bdd08, 0, abe8dc]
kernel-after turn=1112 service=0x101 PC=0x180002054 X0=0x0
NtGetNlsSectionPtr output=Ok(ae0000) size-pointer=0x0 size=Ok([]) view=Some(RegionInfo { base: 11403264, allocation_base: 11403264, allocation_protect: 2, size: 69632, state: 4096, protect: 2, kind: 262144 }) prefix=Some([0d, 00, b5, 01, 01, 00, 3f, 00, 3f, 00, 3f, 00, 3f, 00, 00, 00, 00, 00, 00, 00, 00, 00, 00, 00, 00, 00, 03, 02, 00, 00, 01, 00])
kernel-before turn=2412 service=0x23 PC=0x180001240 registers=[ffffffffffffffff, 180000000, 6, abe930, 18, 0]
kernel-after turn=2412 service=0x23 PC=0x180001244 X0=0x0
NtQueryVirtualMemory address=0x180000000 output=0xabe930 supplied-bytes=24 record=Ok([00, 00, 00, 80, 01, 00, 00, 00, 00, 30, 47, 00, 00, 00, 00, 00, 00, 00, 00, 00, 00, 00, 00, 00]) length-pointer=0x0 length-bytes=Ok([])
kernel-before turn=2778 service=0x23 PC=0x180001240 registers=[ffffffffffffffff, 0, 4, abf530, 50, 0]
kernel-after turn=2778 service=0x23 PC=0x180001244 X0=0x0
NtQueryVirtualMemory address=0x0 output=0xabf530 supplied-bytes=80 record=Ok([70, 13, 00, 80, 01, 00, 00, 00, 01, 02, 00, 05, 00, 00, 00, 00, e0, 14, 00, 80, 01, 00, 00, 00, 01, 02, 00, 05, 00, 00, 00, 00, 10, 14, 00, 80, 01, 00, 00, 00, 01, 02, 00, 05, 00, 00, 00, 00, b0, 13, 00, 80, 01, 00, 00, 00, 01, 02, 00, 05, 00, 00, 00, 00, a0, 12, 00, 80, 01, 00, 00, 00, 01, 02, 00, 05, 00, 00, 00, 00]) length-pointer=0x0 length-bytes=Ok([])
kernel-before turn=3128 service=0x50 PC=0x180001540 registers=[ffffffffffffffff, abe8f0, abe8e8, 2, abe8e0, 0]
kernel-after turn=3128 service=0x50 PC=0x180001544 X0=0x0
kernel-before turn=3237 service=0x12 PC=0x180001130 registers=[abe638, 1, 180360e70, abea18, abe9c8, abe990]
NtOpenKey attributes=0x180360e70 bytes=Ok([30, 00, 00, 00, 00, 00, 00, 00, 00, 00, 00, 00, 00, 00, 00, 00, 78, 0d, 36, 80, 01, 00, 00, 00, 40, 00, 00, 00, 00, 00, 00, 00, 00, 00, 00, 00, 00, 00, 00, 00, 00, 00, 00, 00, 00, 00, 00, 00])
NtOpenKey name struct=0x180360d78 length=132 buffer=0x18035f100 bytes=Ok([5c, 00, 52, 00, 65, 00, 67, 00, 69, 00, 73, 00, 74, 00, 72, 00, 79, 00, 5c, 00, 4d, 00, 41, 00, 43, 00, 48, 00, 49, 00, 4e, 00, 45, 00, 5c, 00, 53, 00, 79, 00, 73, 00, 74, 00, 65, 00, 6d, 00, 5c, 00, 43, 00, 75, 00, 72, 00, 72, 00, 65, 00, 6e, 00, 74, 00, 43, 00, 6f, 00, 6e, 00, 74, 00, 72, 00, 6f, 00, 6c, 00, 53, 00, 65, 00, 74, 00, 5c, 00, 43, 00, 6f, 00, 6e, 00, 74, 00, 72, 00, 6f, 00, 6c, 00, 5c, 00, 53, 00, 65, 00, 73, 00, 73, 00, 69, 00, 6f, 00, 6e, 00, 20, 00, 4d, 00, 61, 00, 6e, 00, 61, 00, 67, 00, 65, 00, 72, 00])
kernel-after turn=3237 service=0x12 PC=0x180001134 X0=0x0
NtOpenKey output handle bytes=Ok([18, 00, 00, 00, 00, 00, 00, 00])
kernel-before turn=3248 service=0x17 PC=0x180001180 registers=[18, 180360db8, 2, abe640, 50, abe630]
NtQueryValueKey name length=64 bytes=Ok([52, 00, 61, 00, 69, 00, 73, 00, 65, 00, 45, 00, 78, 00, 63, 00, 65, 00, 70, 00, 74, 00, 69, 00, 6f, 00, 6e, 00, 4f, 00, 6e, 00, 50, 00, 6f, 00, 73, 00, 73, 00, 69, 00, 62, 00, 6c, 00, 65, 00, 44, 00, 65, 00, 61, 00, 64, 00, 6c, 00, 6f, 00, 63, 00, 6b, 00])
kernel-after turn=3248 service=0x17 PC=0x180001184 X0=0xc0000034
NtQueryValueKey output=Ok([00, 00, 00, 00, 00, 00, 00, 00, 00, 00, 00, 00, 00, 00, 00, 00, 00, 00, 00, 00, 00, 00, 00, 00, 00, 00, 00, 00, 00, 00, 00, 00, 00, 00, 00, 00]) ResultLength=Ok([00, 00, 00, 00])
kernel-before turn=3253 service=0xf PC=0x1800010f0 registers=[18, 180360db8, 2, abe640, 50, abe630]
kernel-after turn=3253 service=0xf PC=0x1800010f4 X0=0x0
kernel-before turn=3405 service=0x12 PC=0x180001130 registers=[abe580, 9, abe588, abe6e8, 50, abe630]
NtOpenKey attributes=0xabe588 bytes=Ok([30, 00, 00, 00, 00, 00, 00, 00, 00, 00, 00, 00, 00, 00, 00, 00, 10, d0, 34, 80, 01, 00, 00, 00, 40, 02, 00, 00, 00, 00, 00, 00, 00, 00, 00, 00, 00, 00, 00, 00, 00, 00, 00, 00, 00, 00, 00, 00])
NtOpenKey name struct=0x18034d010 length=182 buffer=0x18034ce30 bytes=Ok([5c, 00, 52, 00, 65, 00, 67, 00, 69, 00, 73, 00, 74, 00, 72, 00, 79, 00, 5c, 00, 4d, 00, 61, 00, 63, 00, 68, 00, 69, 00, 6e, 00, 65, 00, 5c, 00, 53, 00, 6f, 00, 66, 00, 74, 00, 77, 00, 61, 00, 72, 00, 65, 00, 5c, 00, 4d, 00, 69, 00, 63, 00, 72, 00, 6f, 00, 73, 00, 6f, 00, 66, 00, 74, 00, 5c, 00, 57, 00, 69, 00, 6e, 00, 64, 00, 6f, 00, 77, 00, 73, 00, 20, 00, 4e, 00, 54, 00, 5c, 00, 43, 00, 75, 00, 72, 00, 72, 00, 65, 00, 6e, 00, 74, 00, 56, 00, 65, 00, 72, 00, 73, 00, 69, 00, 6f, 00, 6e, 00, 5c, 00, 49, 00, 6d, 00, 61, 00, 67, 00, 65, 00, 20, 00, 46, 00, 69, 00, 6c, 00, 65, 00, 20, 00, 45, 00, 78, 00, 65, 00, 63, 00, 75, 00, 74, 00, 69, 00, 6f, 00, 6e, 00, 20, 00, 4f, 00, 70, 00, 74, 00, 69, 00, 6f, 00, 6e, 00, 73, 00])
kernel-after turn=3405 service=0x12 PC=0x180001134 X0=0x0
NtOpenKey output handle bytes=Ok([18, 00, 00, 00, 00, 00, 00, 00])
kernel-before turn=3438 service=0x12 PC=0x180001130 registers=[abe608, 9, abe650, abe6e8, 50, abe630]
NtOpenKey attributes=0xabe650 bytes=Ok([30, 00, 00, 00, 00, 00, 00, 00, 18, 00, 00, 00, 00, 00, 00, 00, 40, e6, ab, 00, 00, 00, 00, 00, 40, 02, 00, 00, 00, 00, 00, 00, 00, 00, 00, 00, 00, 00, 00, 00, 00, 00, 00, 00, 00, 00, 00, 00])
NtOpenKey name struct=0xabe640 length=18 buffer=0x1052e bytes=Ok([70, 00, 72, 00, 6f, 00, 62, 00, 65, 00, 2e, 00, 65, 00, 78, 00, 65, 00])
kernel-after turn=3438 service=0x12 PC=0x180001134 X0=0xc0000034
NtOpenKey output handle bytes=Ok([00, 00, 00, 00, 00, 00, 00, 00])
kernel-before turn=4462 service=0x12 PC=0x180001130 registers=[abe618, 1, abe620, 0, 0, abe630]
NtOpenKey attributes=0xabe620 bytes=Ok([30, 00, 00, 00, 00, 00, 00, 00, 00, 00, 00, 00, 00, 00, 00, 00, 40, cb, 34, 80, 01, 00, 00, 00, 40, 00, 00, 00, 00, 00, 00, 00, 00, 00, 00, 00, 00, 00, 00, 00, 00, 00, 00, 00, 00, 00, 00, 00])
NtOpenKey name struct=0x18034cb40 length=158 buffer=0x18034c5d0 bytes=Ok([5c, 00, 52, 00, 65, 00, 67, 00, 69, 00, 73, 00, 74, 00, 72, 00, 79, 00, 5c, 00, 4d, 00, 61, 00, 63, 00, 68, 00, 69, 00, 6e, 00, 65, 00, 5c, 00, 53, 00, 59, 00, 53, 00, 54, 00, 45, 00, 4d, 00, 5c, 00, 43, 00, 75, 00, 72, 00, 72, 00, 65, 00, 6e, 00, 74, 00, 43, 00, 6f, 00, 6e, 00, 74, 00, 72, 00, 6f, 00, 6c, 00, 53, 00, 65, 00, 74, 00, 5c, 00, 43, 00, 6f, 00, 6e, 00, 74, 00, 72, 00, 6f, 00, 6c, 00, 5c, 00, 53, 00, 65, 00, 73, 00, 73, 00, 69, 00, 6f, 00, 6e, 00, 20, 00, 4d, 00, 61, 00, 6e, 00, 61, 00, 67, 00, 65, 00, 72, 00, 5c, 00, 53, 00, 65, 00, 67, 00, 6d, 00, 65, 00, 6e, 00, 74, 00, 20, 00, 48, 00, 65, 00, 61, 00, 70, 00])
kernel-after turn=4462 service=0x12 PC=0x180001134 X0=0xc0000034
NtOpenKey output handle bytes=Ok([00, 00, 00, 00, 00, 00, 00, 00])
watch-change turn=4844 PC=0x1800d0ee4 query=Some(RegionInfo { base: 6446419968, allocation_base: 6442450944, allocation_protect: 128, size: 24576, state: 4096, protect: 8, kind: 16777216 }) bytes=[00, 00, 00, 00, 00, 00, 00, 00, 00, 00, 00, 00, 00, 00, 00, 00, 00, 00, 00, 00, 00, 00, 00, 00, 00, 00, 00, 80, 01, 00, 00, 00, 00, 00, 00, 00, 00, 00, 00, 00, 00, 00, 00, 00, 00, 00, 00, 00, 00, 00, 00, 00, 00, 00, 00, 00, 00, 00, 00, 00, 00, 00, 00, 00]
watch-history turn=4812 thread=8 PC=0x180024f0c SP=0xabe8f0 bytes=Ok([40, 00, f8, 37]) insn=Some("Ok(DecodedInsn { mnemonic: TBNZ, cond: None, operands: [Reg(Register { num: 0, is_64bit: false, is_sp: false, kind: Gpr }), Imm(Immediate { value: 31, shift: 0 }), Label(8)], sets_flags: false, raw: 938999872, size: 4, state: Aarch64 })") registers=[0, 140000000, 0, abe930, 1803600a8, 4, 20, 1803be000, 140000078, 4550, 4550, 78, 0, 0, 0, 7ffdd000, a8397b1dcdaf, a8397b1dcdaf, 7ffdd000, 140000000, 1, 0, e, abec50, 1803c9000, 180000000, abfbc0, 7ffdf000, abe980, abe8f0, 1800335e4]
watch-history turn=4813 thread=8 PC=0x180024f10 SP=0xabe8f0 bytes=Ok([68, 00, 00, f9]) insn=Some("Ok(DecodedInsn { mnemonic: STR, cond: None, operands: [Reg(Register { num: 8, is_64bit: true, is_sp: false, kind: Gpr }), Mem(MemOperand { base: Register { num: 3, is_64bit: true, is_sp: false, kind: Gpr }, offset: Imm(0), mode: Offset })], sets_flags: false, raw: 4177526888, size: 4, state: Aarch64 })") registers=[0, 140000000, 0, abe930, 1803600a8, 4, 20, 1803be000, 140000078, 4550, 4550, 78, 0, 0, 0, 7ffdd000, a8397b1dcdaf, a8397b1dcdaf, 7ffdd000, 140000000, 1, 0, e, abec50, 1803c9000, 180000000, abfbc0, 7ffdf000, abe980, abe8f0, 1800335e4]
watch-history turn=4814 thread=8 PC=0x180024f14 SP=0xabe8f0 bytes=Ok([fd, 7b, c3, a8]) insn=Some("Ok(DecodedInsn { mnemonic: LDP, cond: None, operands: [Reg(Register { num: 29, is_64bit: true, is_sp: false, kind: Gpr }), Reg(Register { num: 30, is_64bit: true, is_sp: false, kind: Gpr }), Mem(MemOperand { base: Register { num: 31, is_64bit: true, is_sp: true, kind: Sp }, offset: Imm(48), mode: PostIndex })], sets_flags: false, raw: 2831383549, size: 4, state: Aarch64 })") registers=[0, 140000000, 0, abe930, 1803600a8, 4, 20, 1803be000, 140000078, 4550, 4550, 78, 0, 0, 0, 7ffdd000, a8397b1dcdaf, a8397b1dcdaf, 7ffdd000, 140000000, 1, 0, e, abec50, 1803c9000, 180000000, abfbc0, 7ffdf000, abe980, abe8f0, 1800335e4]
watch-history turn=4815 thread=8 PC=0x180024f18 SP=0xabe920 bytes=Ok([ff, 23, 03, d5]) insn=Some("Ok(DecodedInsn { mnemonic: HINT, cond: None, operands: [Imm(Immediate { value: 31, shift: 0 })], sets_flags: false, raw: 3573752831, size: 4, state: Aarch64 })") registers=[0, 140000000, 0, abe930, 1803600a8, 4, 20, 1803be000, 140000078, 4550, 4550, 78, 0, 0, 0, 7ffdd000, a8397b1dcdaf, a8397b1dcdaf, 7ffdd000, 140000000, 1, 0, e, abec50, 1803c9000, 180000000, abfbc0, 7ffdf000, abe980, abe920, 1800335e4]
watch-history turn=4816 thread=8 PC=0x180024f1c SP=0xabe920 bytes=Ok([c0, 03, 5f, d6]) insn=Some("Ok(DecodedInsn { mnemonic: RET, cond: None, operands: [Reg(Register { num: 30, is_64bit: true, is_sp: false, kind: Gpr })], sets_flags: false, raw: 3596551104, size: 4, state: Aarch64 })") registers=[0, 140000000, 0, abe930, 1803600a8, 4, 20, 1803be000, 140000078, 4550, 4550, 78, 0, 0, 0, 7ffdd000, a8397b1dcdaf, a8397b1dcdaf, 7ffdd000, 140000000, 1, 0, e, abec50, 1803c9000, 180000000, abfbc0, 7ffdf000, abe980, abe920, 1800335e4]
watch-history turn=4817 thread=8 PC=0x1800335e4 SP=0xabe920 bytes=Ok([e8, 03, 00, 2a]) insn=Some("Ok(DecodedInsn { mnemonic: MOV, cond: None, operands: [Reg(Register { num: 8, is_64bit: false, is_sp: false, kind: Gpr }), Reg(Register { num: 0, is_64bit: false, is_sp: false, kind: Gpr })], sets_flags: false, raw: 704644072, size: 4, state: Aarch64 })") registers=[0, 140000000, 0, abe930, 1803600a8, 4, 20, 1803be000, 140000078, 4550, 4550, 78, 0, 0, 0, 7ffdd000, a8397b1dcdaf, a8397b1dcdaf, 7ffdd000, 140000000, 1, 0, e, abec50, 1803c9000, 180000000, abfbc0, 7ffdf000, abe980, abe920, 1800335e4]
watch-history turn=4818 thread=8 PC=0x1800335e8 SP=0xabe920 bytes=Ok([e0, 0b, 40, f9]) insn=Some("Ok(DecodedInsn { mnemonic: LDR, cond: None, operands: [Reg(Register { num: 0, is_64bit: true, is_sp: false, kind: Gpr }), Mem(MemOperand { base: Register { num: 31, is_64bit: true, is_sp: true, kind: Sp }, offset: Imm(16), mode: Offset })], sets_flags: false, raw: 4181724128, size: 4, state: Aarch64 })") registers=[0, 140000000, 0, abe930, 1803600a8, 4, 20, 1803be000, 0, 4550, 4550, 78, 0, 0, 0, 7ffdd000, a8397b1dcdaf, a8397b1dcdaf, 7ffdd000, 140000000, 1, 0, e, abec50, 1803c9000, 180000000, abfbc0, 7ffdf000, abe980, abe920, 1800335e4]
watch-history turn=4819 thread=8 PC=0x1800335ec SP=0xabe920 bytes=Ok([80, 02, 00, b4]) insn=Some("Ok(DecodedInsn { mnemonic: CBZ, cond: None, operands: [Reg(Register { num: 0, is_64bit: true, is_sp: false, kind: Gpr }), Label(80)], sets_flags: false, raw: 3019899520, size: 4, state: Aarch64 })") registers=[140000078, 140000000, 0, abe930, 1803600a8, 4, 20, 1803be000, 0, 4550, 4550, 78, 0, 0, 0, 7ffdd000, a8397b1dcdaf, a8397b1dcdaf, 7ffdd000, 140000000, 1, 0, e, abec50, 1803c9000, 180000000, abfbc0, 7ffdf000, abe980, abe920, 1800335e4]
watch-history turn=4820 thread=8 PC=0x1800335f0 SP=0xabe920 bytes=Ok([08, 30, 40, 79]) insn=Some("Ok(DecodedInsn { mnemonic: LDRH, cond: None, operands: [Reg(Register { num: 8, is_64bit: false, is_sp: false, kind: Gpr }), Mem(MemOperand { base: Register { num: 0, is_64bit: true, is_sp: false, kind: Gpr }, offset: Imm(24), mode: Offset })], sets_flags: false, raw: 2034249736, size: 4, state: Aarch64 })") registers=[140000078, 140000000, 0, abe930, 1803600a8, 4, 20, 1803be000, 0, 4550, 4550, 78, 0, 0, 0, 7ffdd000, a8397b1dcdaf, a8397b1dcdaf, 7ffdd000, 140000000, 1, 0, e, abec50, 1803c9000, 180000000, abfbc0, 7ffdf000, abe980, abe920, 1800335e4]
watch-history turn=4821 thread=8 PC=0x1800335f4 SP=0xabe920 bytes=Ok([1f, 2d, 04, 71]) insn=Some("Ok(DecodedInsn { mnemonic: CMP, cond: None, operands: [Reg(Register { num: 8, is_64bit: false, is_sp: false, kind: Gpr }), Imm(Immediate { value: 267, shift: 0 })], sets_flags: true, raw: 1896099103, size: 4, state: Aarch64 })") registers=[140000078, 140000000, 0, abe930, 1803600a8, 4, 20, 1803be000, 20b, 4550, 4550, 78, 0, 0, 0, 7ffdd000, a8397b1dcdaf, a8397b1dcdaf, 7ffdd000, 140000000, 1, 0, e, abec50, 1803c9000, 180000000, abfbc0, 7ffdf000, abe980, abe920, 1800335e4]
watch-history turn=4822 thread=8 PC=0x1800335f8 SP=0xabe920 bytes=Ok([20, 03, 00, 54]) insn=Some("Ok(DecodedInsn { mnemonic: BCC, cond: Some(EQ), operands: [Label(100)], sets_flags: false, raw: 1409286944, size: 4, state: Aarch64 })") registers=[140000078, 140000000, 0, abe930, 1803600a8, 4, 20, 1803be000, 20b, 4550, 4550, 78, 0, 0, 0, 7ffdd000, a8397b1dcdaf, a8397b1dcdaf, 7ffdd000, 140000000, 1, 0, e, abec50, 1803c9000, 180000000, abfbc0, 7ffdf000, abe980, abe920, 1800335e4]
watch-history turn=4823 thread=8 PC=0x1800335fc SP=0xabe920 bytes=Ok([1f, 2d, 08, 71]) insn=Some("Ok(DecodedInsn { mnemonic: CMP, cond: None, operands: [Reg(Register { num: 8, is_64bit: false, is_sp: false, kind: Gpr }), Imm(Immediate { value: 523, shift: 0 })], sets_flags: true, raw: 1896361247, size: 4, state: Aarch64 })") registers=[140000078, 140000000, 0, abe930, 1803600a8, 4, 20, 1803be000, 20b, 4550, 4550, 78, 0, 0, 0, 7ffdd000, a8397b1dcdaf, a8397b1dcdaf, 7ffdd000, 140000000, 1, 0, e, abec50, 1803c9000, 180000000, abfbc0, 7ffdf000, abe980, abe920, 1800335e4]
watch-history turn=4824 thread=8 PC=0x180033600 SP=0xabe920 bytes=Ok([41, 09, 00, 54]) insn=Some("Ok(DecodedInsn { mnemonic: BCC, cond: Some(NE), operands: [Label(296)], sets_flags: false, raw: 1409288513, size: 4, state: Aarch64 })") registers=[140000078, 140000000, 0, abe930, 1803600a8, 4, 20, 1803be000, 20b, 4550, 4550, 78, 0, 0, 0, 7ffdd000, a8397b1dcdaf, a8397b1dcdaf, 7ffdd000, 140000000, 1, 0, e, abec50, 1803c9000, 180000000, abfbc0, 7ffdf000, abe980, abe920, 1800335e4]
watch-history turn=4825 thread=8 PC=0x180033604 SP=0xabe920 bytes=Ok([08, 84, 40, b9]) insn=Some("Ok(DecodedInsn { mnemonic: LDR, cond: None, operands: [Reg(Register { num: 8, is_64bit: false, is_sp: false, kind: Gpr }), Mem(MemOperand { base: Register { num: 0, is_64bit: true, is_sp: false, kind: Gpr }, offset: Imm(132), mode: Offset })], sets_flags: false, raw: 3108013064, size: 4, state: Aarch64 })") registers=[140000078, 140000000, 0, abe930, 1803600a8, 4, 20, 1803be000, 20b, 4550, 4550, 78, 0, 0, 0, 7ffdd000, a8397b1dcdaf, a8397b1dcdaf, 7ffdd000, 140000000, 1, 0, e, abec50, 1803c9000, 180000000, abfbc0, 7ffdf000, abe980, abe920, 1800335e4]
watch-history turn=4826 thread=8 PC=0x180033608 SP=0xabe920 bytes=Ok([1f, 21, 36, 6b]) insn=Some("Ok(DecodedInsn { mnemonic: CMP, cond: None, operands: [Reg(Register { num: 8, is_64bit: false, is_sp: false, kind: Gpr }), ExtendedReg(ExtendedRegister { reg: Register { num: 22, is_64bit: false, is_sp: false, kind: Gpr }, extend_type: UXTH, shift: 0 })], sets_flags: true, raw: 1798709535, size: 4, state: Aarch64 })") registers=[140000078, 140000000, 0, abe930, 1803600a8, 4, 20, 1803be000, 10, 4550, 4550, 78, 0, 0, 0, 7ffdd000, a8397b1dcdaf, a8397b1dcdaf, 7ffdd000, 140000000, 1, 0, e, abec50, 1803c9000, 180000000, abfbc0, 7ffdf000, abe980, abe920, 1800335e4]
watch-history turn=4827 thread=8 PC=0x18003360c SP=0xabe920 bytes=Ok([e9, 08, 00, 54]) insn=Some("Ok(DecodedInsn { mnemonic: BCC, cond: Some(LS), operands: [Label(284)], sets_flags: false, raw: 1409288425, size: 4, state: Aarch64 })") registers=[140000078, 140000000, 0, abe930, 1803600a8, 4, 20, 1803be000, 10, 4550, 4550, 78, 0, 0, 0, 7ffdd000, a8397b1dcdaf, a8397b1dcdaf, 7ffdd000, 140000000, 1, 0, e, abec50, 1803c9000, 180000000, abfbc0, 7ffdf000, abe980, abe920, 1800335e4]
watch-history turn=4828 thread=8 PC=0x180033610 SP=0xabe920 bytes=Ok([08, 2c, 36, 8b]) insn=Some("Ok(DecodedInsn { mnemonic: ADD, cond: None, operands: [Reg(Register { num: 8, is_64bit: true, is_sp: false, kind: Gpr }), Reg(Register { num: 0, is_64bit: true, is_sp: false, kind: Gpr }), ExtendedReg(ExtendedRegister { reg: Register { num: 22, is_64bit: false, is_sp: false, kind: Gpr }, extend_type: UXTH, shift: 3 })], sets_flags: false, raw: 2335583240, size: 4, state: Aarch64 })") registers=[140000078, 140000000, 0, abe930, 1803600a8, 4, 20, 1803be000, 10, 4550, 4550, 78, 0, 0, 0, 7ffdd000, a8397b1dcdaf, a8397b1dcdaf, 7ffdd000, 140000000, 1, 0, e, abec50, 1803c9000, 180000000, abfbc0, 7ffdf000, abe980, abe920, 1800335e4]
watch-history turn=4829 thread=8 PC=0x180033614 SP=0xabe920 bytes=Ok([02, 89, 40, b9]) insn=Some("Ok(DecodedInsn { mnemonic: LDR, cond: None, operands: [Reg(Register { num: 2, is_64bit: false, is_sp: false, kind: Gpr }), Mem(MemOperand { base: Register { num: 8, is_64bit: true, is_sp: false, kind: Gpr }, offset: Imm(136), mode: Offset })], sets_flags: false, raw: 3108014338, size: 4, state: Aarch64 })") registers=[140000078, 140000000, 0, abe930, 1803600a8, 4, 20, 1803be000, 1400000e8, 4550, 4550, 78, 0, 0, 0, 7ffdd000, a8397b1dcdaf, a8397b1dcdaf, 7ffdd000, 140000000, 1, 0, e, abec50, 1803c9000, 180000000, abfbc0, 7ffdf000, abe980, abe920, 1800335e4]
watch-history turn=4830 thread=8 PC=0x180033618 SP=0xabe920 bytes=Ok([e2, 00, 00, 34]) insn=Some("Ok(DecodedInsn { mnemonic: CBZ, cond: None, operands: [Reg(Register { num: 2, is_64bit: false, is_sp: false, kind: Gpr }), Label(28)], sets_flags: false, raw: 872415458, size: 4, state: Aarch64 })") registers=[140000078, 140000000, 0, abe930, 1803600a8, 4, 20, 1803be000, 1400000e8, 4550, 4550, 78, 0, 0, 0, 7ffdd000, a8397b1dcdaf, a8397b1dcdaf, 7ffdd000, 140000000, 1, 0, e, abec50, 1803c9000, 180000000, abfbc0, 7ffdf000, abe980, abe920, 1800335e4]
watch-history turn=4831 thread=8 PC=0x180033634 SP=0xabe920 bytes=Ok([08, 00, b8, 52]) insn=Some("Ok(DecodedInsn { mnemonic: MOVZ, cond: None, operands: [Reg(Register { num: 8, is_64bit: false, is_sp: false, kind: Gpr }), Imm(Immediate { value: 49152, shift: 16 })], sets_flags: false, raw: 1387790344, size: 4, state: Aarch64 })") registers=[140000078, 140000000, 0, abe930, 1803600a8, 4, 20, 1803be000, 1400000e8, 4550, 4550, 78, 0, 0, 0, 7ffdd000, a8397b1dcdaf, a8397b1dcdaf, 7ffdd000, 140000000, 1, 0, e, abec50, 1803c9000, 180000000, abfbc0, 7ffdf000, abe980, abe920, 1800335e4]
watch-history turn=4832 thread=8 PC=0x180033638 SP=0xabe920 bytes=Ok([48, 00, 80, 72]) insn=Some("Ok(DecodedInsn { mnemonic: MOVK, cond: None, operands: [Reg(Register { num: 8, is_64bit: false, is_sp: false, kind: Gpr }), Imm(Immediate { value: 2, shift: 0 })], sets_flags: false, raw: 1920991304, size: 4, state: Aarch64 })") registers=[140000078, 140000000, 0, abe930, 1803600a8, 4, 20, 1803be000, c0000000, 4550, 4550, 78, 0, 0, 0, 7ffdd000, a8397b1dcdaf, a8397b1dcdaf, 7ffdd000, 140000000, 1, 0, e, abec50, 1803c9000, 180000000, abfbc0, 7ffdf000, abe980, abe920, 1800335e4]
watch-history turn=4833 thread=8 PC=0x18003363c SP=0xabe920 bytes=Ok([1f, 01, 00, 71]) insn=Some("Ok(DecodedInsn { mnemonic: CMP, cond: None, operands: [Reg(Register { num: 8, is_64bit: false, is_sp: false, kind: Gpr }), Imm(Immediate { value: 0, shift: 0 })], sets_flags: true, raw: 1895825695, size: 4, state: Aarch64 })") registers=[140000078, 140000000, 0, abe930, 1803600a8, 4, 20, 1803be000, c0000002, 4550, 4550, 78, 0, 0, 0, 7ffdd000, a8397b1dcdaf, a8397b1dcdaf, 7ffdd000, 140000000, 1, 0, e, abec50, 1803c9000, 180000000, abfbc0, 7ffdf000, abe980, abe920, 1800335e4]
watch-history turn=4834 thread=8 PC=0x180033640 SP=0xabe920 bytes=Ok([a0, a2, 9f, 9a]) insn=Some("Ok(DecodedInsn { mnemonic: CSEL, cond: None, operands: [Reg(Register { num: 0, is_64bit: true, is_sp: false, kind: Gpr }), Reg(Register { num: 21, is_64bit: true, is_sp: false, kind: Gpr }), Reg(Register { num: 31, is_64bit: true, is_sp: false, kind: Gpr }), Cond(GE)], sets_flags: false, raw: 2594153120, size: 4, state: Aarch64 })") registers=[140000078, 140000000, 0, abe930, 1803600a8, 4, 20, 1803be000, c0000002, 4550, 4550, 78, 0, 0, 0, 7ffdd000, a8397b1dcdaf, a8397b1dcdaf, 7ffdd000, 140000000, 1, 0, e, abec50, 1803c9000, 180000000, abfbc0, 7ffdf000, abe980, abe920, 1800335e4]
watch-history turn=4835 thread=8 PC=0x180033644 SP=0xabe920 bytes=Ok([fd, 7b, c2, a8]) insn=Some("Ok(DecodedInsn { mnemonic: LDP, cond: None, operands: [Reg(Register { num: 29, is_64bit: true, is_sp: false, kind: Gpr }), Reg(Register { num: 30, is_64bit: true, is_sp: false, kind: Gpr }), Mem(MemOperand { base: Register { num: 31, is_64bit: true, is_sp: true, kind: Sp }, offset: Imm(32), mode: PostIndex })], sets_flags: false, raw: 2831318013, size: 4, state: Aarch64 })") registers=[0, 140000000, 0, abe930, 1803600a8, 4, 20, 1803be000, c0000002, 4550, 4550, 78, 0, 0, 0, 7ffdd000, a8397b1dcdaf, a8397b1dcdaf, 7ffdd000, 140000000, 1, 0, e, abec50, 1803c9000, 180000000, abfbc0, 7ffdf000, abe980, abe920, 1800335e4]
watch-history turn=4836 thread=8 PC=0x180033648 SP=0xabe940 bytes=Ok([f7, 13, 40, f9]) insn=Some("Ok(DecodedInsn { mnemonic: LDR, cond: None, operands: [Reg(Register { num: 23, is_64bit: true, is_sp: false, kind: Gpr }), Mem(MemOperand { base: Register { num: 31, is_64bit: true, is_sp: true, kind: Sp }, offset: Imm(32), mode: Offset })], sets_flags: false, raw: 4181726199, size: 4, state: Aarch64 })") registers=[0, 140000000, 0, abe930, 1803600a8, 4, 20, 1803be000, c0000002, 4550, 4550, 78, 0, 0, 0, 7ffdd000, a8397b1dcdaf, a8397b1dcdaf, 7ffdd000, 140000000, 1, 0, e, abec50, 1803c9000, 180000000, abfbc0, 7ffdf000, abe980, abfa20, 1800d0ebc]
watch-history turn=4837 thread=8 PC=0x18003364c SP=0xabe940 bytes=Ok([f5, 5b, 41, a9]) insn=Some("Ok(DecodedInsn { mnemonic: LDP, cond: None, operands: [Reg(Register { num: 21, is_64bit: true, is_sp: false, kind: Gpr }), Reg(Register { num: 22, is_64bit: true, is_sp: false, kind: Gpr }), Mem(MemOperand { base: Register { num: 31, is_64bit: true, is_sp: true, kind: Sp }, offset: Imm(16), mode: Offset })], sets_flags: false, raw: 2839632885, size: 4, state: Aarch64 })") registers=[0, 140000000, 0, abe930, 1803600a8, 4, 20, 1803be000, c0000002, 4550, 4550, 78, 0, 0, 0, 7ffdd000, a8397b1dcdaf, a8397b1dcdaf, 7ffdd000, 140000000, 1, 0, e, 0, 1803c9000, 180000000, abfbc0, 7ffdf000, abe980, abfa20, 1800d0ebc]
watch-history turn=4838 thread=8 PC=0x180033650 SP=0xabe940 bytes=Ok([f3, 53, c3, a8]) insn=Some("Ok(DecodedInsn { mnemonic: LDP, cond: None, operands: [Reg(Register { num: 19, is_64bit: true, is_sp: false, kind: Gpr }), Reg(Register { num: 20, is_64bit: true, is_sp: false, kind: Gpr }), Mem(MemOperand { base: Register { num: 31, is_64bit: true, is_sp: true, kind: Sp }, offset: Imm(48), mode: PostIndex })], sets_flags: false, raw: 2831373299, size: 4, state: Aarch64 })") registers=[0, 140000000, 0, abe930, 1803600a8, 4, 20, 1803be000, c0000002, 4550, 4550, 78, 0, 0, 0, 7ffdd000, a8397b1dcdaf, a8397b1dcdaf, 7ffdd000, 140000000, 1, 0, 7ffdd000, 0, 1803c9000, 180000000, abfbc0, 7ffdf000, abe980, abfa20, 1800d0ebc]
watch-history turn=4839 thread=8 PC=0x180033654 SP=0xabe970 bytes=Ok([ff, 23, 03, d5]) insn=Some("Ok(DecodedInsn { mnemonic: HINT, cond: None, operands: [Imm(Immediate { value: 31, shift: 0 })], sets_flags: false, raw: 3573752831, size: 4, state: Aarch64 })") registers=[0, 140000000, 0, abe930, 1803600a8, 4, 20, 1803be000, c0000002, 4550, 4550, 78, 0, 0, 0, 7ffdd000, a8397b1dcdaf, a8397b1dcdaf, 7ffdd000, 1803e7510, 140000078, 0, 7ffdd000, 0, 1803c9000, 180000000, abfbc0, 7ffdf000, abe980, abfa20, 1800d0ebc]
watch-history turn=4840 thread=8 PC=0x180033658 SP=0xabe970 bytes=Ok([c0, 03, 5f, d6]) insn=Some("Ok(DecodedInsn { mnemonic: RET, cond: None, operands: [Reg(Register { num: 30, is_64bit: true, is_sp: false, kind: Gpr })], sets_flags: false, raw: 3596551104, size: 4, state: Aarch64 })") registers=[0, 140000000, 0, abe930, 1803600a8, 4, 20, 1803be000, c0000002, 4550, 4550, 78, 0, 0, 0, 7ffdd000, a8397b1dcdaf, a8397b1dcdaf, 7ffdd000, 1803e7510, 140000078, 0, 7ffdd000, 0, 1803c9000, 180000000, abfbc0, 7ffdf000, abe980, abfa20, 1800d0ebc]
watch-history turn=4841 thread=8 PC=0x1800d0ebc SP=0xabe970 bytes=Ok([00, 01, 00, b4]) insn=Some("Ok(DecodedInsn { mnemonic: CBZ, cond: None, operands: [Reg(Register { num: 0, is_64bit: true, is_sp: false, kind: Gpr }), Label(32)], sets_flags: false, raw: 3019899136, size: 4, state: Aarch64 })") registers=[0, 140000000, 0, abe930, 1803600a8, 4, 20, 1803be000, c0000002, 4550, 4550, 78, 0, 0, 0, 7ffdd000, a8397b1dcdaf, a8397b1dcdaf, 7ffdd000, 1803e7510, 140000078, 0, 7ffdd000, 0, 1803c9000, 180000000, abfbc0, 7ffdf000, abe980, abfa20, 1800d0ebc]
watch-history turn=4842 thread=8 PC=0x1800d0edc SP=0xabe970 bytes=Ok([c8, 17, 00, b0]) insn=Some("Ok(DecodedInsn { mnemonic: ADRP, cond: None, operands: [Reg(Register { num: 8, is_64bit: true, is_sp: false, kind: Gpr }), Label(3117056)], sets_flags: false, raw: 2952796104, size: 4, state: Aarch64 })") registers=[0, 140000000, 0, abe930, 1803600a8, 4, 20, 1803be000, c0000002, 4550, 4550, 78, 0, 0, 0, 7ffdd000, a8397b1dcdaf, a8397b1dcdaf, 7ffdd000, 1803e7510, 140000078, 0, 7ffdd000, 0, 1803c9000, 180000000, abfbc0, 7ffdf000, abe980, abfa20, 1800d0ebc]
watch-history turn=4843 thread=8 PC=0x1800d0ee0 SP=0xabe970 bytes=Ok([19, ed, 01, f9]) insn=Some("Ok(DecodedInsn { mnemonic: STR, cond: None, operands: [Reg(Register { num: 25, is_64bit: true, is_sp: false, kind: Gpr }), Mem(MemOperand { base: Register { num: 8, is_64bit: true, is_sp: false, kind: Gpr }, offset: Imm(984), mode: Offset })], sets_flags: false, raw: 4177653017, size: 4, state: Aarch64 })") registers=[0, 140000000, 0, abe930, 1803600a8, 4, 20, 1803be000, 1803c9000, 4550, 4550, 78, 0, 0, 0, 7ffdd000, a8397b1dcdaf, a8397b1dcdaf, 7ffdd000, 1803e7510, 140000078, 0, 7ffdd000, 0, 1803c9000, 180000000, abfbc0, 7ffdf000, abe980, abfa20, 1800d0ebc]
kernel-before turn=5219 service=0x19 PC=0x1800011a0 registers=[ffffffffffffffff, 24, abe920, 4, 0, 4]
kernel-after turn=5219 service=0x19 PC=0x1800011a4 X0=0x0
kernel-before turn=6770 service=0x12 PC=0x180001130 registers=[abe8b8, 9, abe900, abea68, 0, 4]
NtOpenKey attributes=0xabe900 bytes=Ok([30, 00, 00, 00, 00, 00, 00, 00, 18, 00, 00, 00, 00, 00, 00, 00, f0, e8, ab, 00, 00, 00, 00, 00, 40, 02, 00, 00, 00, 00, 00, 00, 00, 00, 00, 00, 00, 00, 00, 00, 00, 00, 00, 00, 00, 00, 00, 00])
NtOpenKey name struct=0xabe8f0 length=18 buffer=0x1052e bytes=Ok([70, 00, 72, 00, 6f, 00, 62, 00, 65, 00, 2e, 00, 65, 00, 78, 00, 65, 00])
kernel-after turn=6770 service=0x12 PC=0x180001134 X0=0xc0000034
NtOpenKey output handle bytes=Ok([00, 00, 00, 00, 00, 00, 00, 00])
kernel-before turn=6803 service=0x19 PC=0x1800011a0 registers=[ffffffffffffffff, 24, abe960, 4, 0, 4]
kernel-after turn=6803 service=0x19 PC=0x1800011a4 X0=0x0
kernel-before turn=7030 service=0x36 PC=0x1800013a0 registers=[0, abf490, 40, 0, 0, 4]
kernel-after turn=7030 service=0x36 PC=0x1800013a4 X0=0x0
kernel-before turn=11206 service=0x36 PC=0x1800013a0 registers=[3e, abf450, 40, 0, 0, 4]
kernel-after turn=11206 service=0x36 PC=0x1800013a4 X0=0x0
kernel-before turn=11315 service=0x78 PC=0x1800017c0 registers=[ffffffffffffffff, 1803c50d8, abe950, 102000, 4, abe8e0]
NtAllocateVirtualMemoryEx base-pointer=0x1803c50d8 raw=Ok([00, 00, 00, 00, 00, 00, 00, 00]) size-pointer=0xabe950 raw=Ok([00, 10, 00, 02, 00, 00, 00, 00]) extended=0xabe8e0 count=1 raw=Ok([01, 00, 00, 00, 00, 00, 00, 00, c0, e8, ab, 00, 00, 00, 00, 00])
address-requirements pointer=0xabe8c0 raw=Ok([00, 00, 00, 00, 00, 00, 00, 00, 00, 00, 00, 00, 00, 00, 00, 00, 00, 00, 00, 00, 00, 00, 00, 00])
kernel-after turn=11315 service=0x78 PC=0x1800017c4 X0=0x0
kernel-before turn=11397 service=0x78 PC=0x1800017c0 registers=[ffffffffffffffff, 1803c50d0, abe958, 1000, 4, 0]
NtAllocateVirtualMemoryEx base-pointer=0x1803c50d0 raw=Ok([00, 00, fe, ff, ff, 7f, 00, 00]) size-pointer=0xabe958 raw=Ok([00, 10, 00, 00, 00, 00, 00, 00]) extended=0x0 count=0 raw=Err(MemFault { addr: 00, write: false })
kernel-after turn=11397 service=0x78 PC=0x1800017c4 X0=0x0
kernel-before turn=11542 service=0x78 PC=0x1800017c0 registers=[ffffffffffffffff, 1803c5140, abe950, 102000, 4, abe8e0]
NtAllocateVirtualMemoryEx base-pointer=0x1803c5140 raw=Ok([00, 00, 00, 00, 00, 00, 00, 00]) size-pointer=0xabe950 raw=Ok([00, 00, 02, 00, 01, 00, 00, 00]) extended=0xabe8e0 count=1 raw=Ok([01, 00, 00, 00, 00, 00, 00, 00, c0, e8, ab, 00, 00, 00, 00, 00])
address-requirements pointer=0xabe8c0 raw=Ok([00, 00, 00, 00, 00, 00, 00, 00, 00, 00, 00, 00, 00, 00, 00, 00, 00, 00, 00, 00, 00, 00, 00, 00])
kernel-after turn=11542 service=0x78 PC=0x1800017c4 X0=0x0
watch-change turn=12649 PC=0x1800d483c query=Some(RegionInfo { base: 6446419968, allocation_base: 6442450944, allocation_protect: 128, size: 24576, state: 4096, protect: 8, kind: 16777216 }) bytes=[43, 00, 3a, 00, 5c, 00, 61, 00, 70, 00, 70, 00, 5c, 00, 70, 00, 00, 00, 00, 00, 00, 00, 00, 00, 00, 00, 00, 80, 01, 00, 00, 00, 00, 00, 00, 00, 00, 00, 00, 00, 00, 00, 00, 00, 00, 00, 00, 00, 00, 00, 00, 00, 00, 00, 00, 00, 00, 00, 00, 00, 00, 00, 00, 00]
watch-history turn=12617 thread=8 PC=0x1800d47bc SP=0xabe840 bytes=Ok([07, e4, 00, 4f]) insn=Some("Ok(DecodedInsn { mnemonic: UNKNOWN, cond: None, operands: [], sets_flags: false, raw: 1325458439, size: 4, state: Aarch64 })") registers=[0, 140000078, 10100, 7ffdf030, 1803c5a78, 5, 5, 0, 0, 0, b, 0, 5, 0, 0, 20400000, a8397b1dcdaf, ffff57c6858e1b81, 7ffdd000, 1803c50c0, 30, 6, 1803cadc0, 2, 2545f4914f6cdd1d, 10100, 0, 7ffdf000, abe980, abe940, 1800d47b8]
watch-history turn=12618 thread=8 PC=0x1800d47c0 SP=0xabe840 bytes=Ok([e9, 53, 02, 91]) insn=Some("Ok(DecodedInsn { mnemonic: ADD, cond: None, operands: [Reg(Register { num: 9, is_64bit: true, is_sp: false, kind: Gpr }), Reg(Register { num: 31, is_64bit: true, is_sp: true, kind: Sp }), Imm(Immediate { value: 148, shift: 0 })], sets_flags: false, raw: 2432848873, size: 4, state: Aarch64 })") registers=[0, 140000078, 10100, 7ffdf030, 1803c5a78, 5, 5, 0, 0, 0, b, 0, 5, 0, 0, 20400000, a8397b1dcdaf, ffff57c6858e1b81, 7ffdd000, 1803c50c0, 30, 6, 1803cadc0, 2, 2545f4914f6cdd1d, 10100, 0, 7ffdf000, abe980, abe940, 1800d47b8]
watch-history turn=12619 thread=8 PC=0x1800d47c4 SP=0xabe840 bytes=Ok([ff, 03, 00, f9]) insn=Some("Ok(DecodedInsn { mnemonic: STR, cond: None, operands: [Reg(Register { num: 31, is_64bit: true, is_sp: false, kind: Gpr }), Mem(MemOperand { base: Register { num: 31, is_64bit: true, is_sp: true, kind: Sp }, offset: Imm(0), mode: Offset })], sets_flags: false, raw: 4177527807, size: 4, state: Aarch64 })") registers=[0, 140000078, 10100, 7ffdf030, 1803c5a78, 5, 5, 0, 0, abe8d4, b, 0, 5, 0, 0, 20400000, a8397b1dcdaf, ffff57c6858e1b81, 7ffdd000, 1803c50c0, 30, 6, 1803cadc0, 2, 2545f4914f6cdd1d, 10100, 0, 7ffdf000, abe980, abe940, 1800d47b8]
watch-history turn=12620 thread=8 PC=0x1800d47c8 SP=0xabe840 bytes=Ok([e8, 03, 00, aa]) insn=Some("Ok(DecodedInsn { mnemonic: MOV, cond: None, operands: [Reg(Register { num: 8, is_64bit: true, is_sp: false, kind: Gpr }), Reg(Register { num: 0, is_64bit: true, is_sp: false, kind: Gpr })], sets_flags: false, raw: 2852127720, size: 4, state: Aarch64 })") registers=[0, 140000078, 10100, 7ffdf030, 1803c5a78, 5, 5, 0, 0, abe8d4, b, 0, 5, 0, 0, 20400000, a8397b1dcdaf, ffff57c6858e1b81, 7ffdd000, 1803c50c0, 30, 6, 1803cadc0, 2, 2545f4914f6cdd1d, 10100, 0, 7ffdf000, abe980, abe940, 1800d47b8]
watch-history turn=12621 thread=8 PC=0x1800d47cc SP=0xabe840 bytes=Ok([f6, 03, 01, aa]) insn=Some("Ok(DecodedInsn { mnemonic: MOV, cond: None, operands: [Reg(Register { num: 22, is_64bit: true, is_sp: false, kind: Gpr }), Reg(Register { num: 1, is_64bit: true, is_sp: false, kind: Gpr })], sets_flags: false, raw: 2852193270, size: 4, state: Aarch64 })") registers=[0, 140000078, 10100, 7ffdf030, 1803c5a78, 5, 5, 0, 0, abe8d4, b, 0, 5, 0, 0, 20400000, a8397b1dcdaf, ffff57c6858e1b81, 7ffdd000, 1803c50c0, 30, 6, 1803cadc0, 2, 2545f4914f6cdd1d, 10100, 0, 7ffdf000, abe980, abe940, 1800d47b8]
watch-history turn=12622 thread=8 PC=0x1800d47d0 SP=0xabe840 bytes=Ok([e7, 9f, 00, ad]) insn=Some("Ok(DecodedInsn { mnemonic: STP, cond: None, operands: [Reg(Register { num: 7, is_64bit: true, is_sp: false, kind: Gpr }), Reg(Register { num: 7, is_64bit: true, is_sp: false, kind: Gpr }), Mem(MemOperand { base: Register { num: 31, is_64bit: true, is_sp: true, kind: Sp }, offset: Imm(16), mode: Offset })], sets_flags: false, raw: 2902499303, size: 4, state: Aarch64 })") registers=[0, 140000078, 10100, 7ffdf030, 1803c5a78, 5, 5, 0, 0, abe8d4, b, 0, 5, 0, 0, 20400000, a8397b1dcdaf, ffff57c6858e1b81, 7ffdd000, 1803c50c0, 30, 6, 140000078, 2, 2545f4914f6cdd1d, 10100, 0, 7ffdf000, abe980, abe940, 1800d47b8]
watch-history turn=12623 thread=8 PC=0x1800d47d4 SP=0xabe840 bytes=Ok([f5, 03, 02, aa]) insn=Some("Ok(DecodedInsn { mnemonic: MOV, cond: None, operands: [Reg(Register { num: 21, is_64bit: true, is_sp: false, kind: Gpr }), Reg(Register { num: 2, is_64bit: true, is_sp: false, kind: Gpr })], sets_flags: false, raw: 2852258805, size: 4, state: Aarch64 })") registers=[0, 140000078, 10100, 7ffdf030, 1803c5a78, 5, 5, 0, 0, abe8d4, b, 0, 5, 0, 0, 20400000, a8397b1dcdaf, ffff57c6858e1b81, 7ffdd000, 1803c50c0, 30, 6, 140000078, 2, 2545f4914f6cdd1d, 10100, 0, 7ffdf000, abe980, abe940, 1800d47b8]
watch-history turn=12624 thread=8 PC=0x1800d47d8 SP=0xabe840 bytes=Ok([e7, 1b, 00, fd]) insn=Some("Ok(DecodedInsn { mnemonic: STR, cond: None, operands: [FpReg(FpRegister { num: 7, size: D }), Mem(MemOperand { base: Register { num: 31, is_64bit: true, is_sp: true, kind: Sp }, offset: Imm(48), mode: Offset })], sets_flags: false, raw: 4244642791, size: 4, state: Aarch64 })") registers=[0, 140000078, 10100, 7ffdf030, 1803c5a78, 5, 5, 0, 0, abe8d4, b, 0, 5, 0, 0, 20400000, a8397b1dcdaf, ffff57c6858e1b81, 7ffdd000, 1803c50c0, 30, 10100, 140000078, 2, 2545f4914f6cdd1d, 10100, 0, 7ffdf000, abe980, abe940, 1800d47b8]
watch-history turn=12625 thread=8 PC=0x1800d47dc SP=0xabe840 bytes=Ok([f4, 03, 03, aa]) insn=Some("Ok(DecodedInsn { mnemonic: MOV, cond: None, operands: [Reg(Register { num: 20, is_64bit: true, is_sp: false, kind: Gpr }), Reg(Register { num: 3, is_64bit: true, is_sp: false, kind: Gpr })], sets_flags: false, raw: 2852324340, size: 4, state: Aarch64 })") registers=[0, 140000078, 10100, 7ffdf030, 1803c5a78, 5, 5, 0, 0, abe8d4, b, 0, 5, 0, 0, 20400000, a8397b1dcdaf, ffff57c6858e1b81, 7ffdd000, 1803c50c0, 30, 10100, 140000078, 2, 2545f4914f6cdd1d, 10100, 0, 7ffdf000, abe980, abe940, 1800d47b8]
watch-history turn=12626 thread=8 PC=0x1800d47e0 SP=0xabe840 bytes=Ok([e7, 3b, 00, bd]) insn=Some("Ok(DecodedInsn { mnemonic: STR, cond: None, operands: [FpReg(FpRegister { num: 7, size: S }), Mem(MemOperand { base: Register { num: 31, is_64bit: true, is_sp: true, kind: Sp }, offset: Imm(56), mode: Offset })], sets_flags: false, raw: 3170909159, size: 4, state: Aarch64 })") registers=[0, 140000078, 10100, 7ffdf030, 1803c5a78, 5, 5, 0, 0, abe8d4, b, 0, 5, 0, 0, 20400000, a8397b1dcdaf, ffff57c6858e1b81, 7ffdd000, 1803c50c0, 7ffdf030, 10100, 140000078, 2, 2545f4914f6cdd1d, 10100, 0, 7ffdf000, abe980, abe940, 1800d47b8]
watch-history turn=12627 thread=8 PC=0x1800d47e4 SP=0xabe840 bytes=Ok([07, e4, 00, 4f]) insn=Some("Ok(DecodedInsn { mnemonic: UNKNOWN, cond: None, operands: [], sets_flags: false, raw: 1325458439, size: 4, state: Aarch64 })") registers=[0, 140000078, 10100, 7ffdf030, 1803c5a78, 5, 5, 0, 0, abe8d4, b, 0, 5, 0, 0, 20400000, a8397b1dcdaf, ffff57c6858e1b81, 7ffdd000, 1803c50c0, 7ffdf030, 10100, 140000078, 2, 2545f4914f6cdd1d, 10100, 0, 7ffdf000, abe980, abe940, 1800d47b8]
watch-history turn=12628 thread=8 PC=0x1800d47e8 SP=0xabe840 bytes=Ok([40, 00, 80, 52]) insn=Some("Ok(DecodedInsn { mnemonic: MOVZ, cond: None, operands: [Reg(Register { num: 0, is_64bit: false, is_sp: false, kind: Gpr }), Imm(Immediate { value: 2, shift: 0 })], sets_flags: false, raw: 1384120384, size: 4, state: Aarch64 })") registers=[0, 140000078, 10100, 7ffdf030, 1803c5a78, 5, 5, 0, 0, abe8d4, b, 0, 5, 0, 0, 20400000, a8397b1dcdaf, ffff57c6858e1b81, 7ffdd000, 1803c50c0, 7ffdf030, 10100, 140000078, 2, 2545f4914f6cdd1d, 10100, 0, 7ffdf000, abe980, abe940, 1800d47b8]
watch-history turn=12629 thread=8 PC=0x1800d47ec SP=0xabe840 bytes=Ok([e7, 1f, 02, ad]) insn=Some("Ok(DecodedInsn { mnemonic: STP, cond: None, operands: [Reg(Register { num: 7, is_64bit: true, is_sp: false, kind: Gpr }), Reg(Register { num: 7, is_64bit: true, is_sp: false, kind: Gpr }), Mem(MemOperand { base: Register { num: 31, is_64bit: true, is_sp: true, kind: Sp }, offset: Imm(64), mode: Offset })], sets_flags: false, raw: 2902597607, size: 4, state: Aarch64 })") registers=[2, 140000078, 10100, 7ffdf030, 1803c5a78, 5, 5, 0, 0, abe8d4, b, 0, 5, 0, 0, 20400000, a8397b1dcdaf, ffff57c6858e1b81, 7ffdd000, 1803c50c0, 7ffdf030, 10100, 140000078, 2, 2545f4914f6cdd1d, 10100, 0, 7ffdf000, abe980, abe940, 1800d47b8]
watch-history turn=12630 thread=8 PC=0x1800d47f0 SP=0xabe840 bytes=Ok([e7, 1f, 03, ad]) insn=Some("Ok(DecodedInsn { mnemonic: STP, cond: None, operands: [Reg(Register { num: 7, is_64bit: true, is_sp: false, kind: Gpr }), Reg(Register { num: 7, is_64bit: true, is_sp: false, kind: Gpr }), Mem(MemOperand { base: Register { num: 31, is_64bit: true, is_sp: true, kind: Sp }, offset: Imm(96), mode: Offset })], sets_flags: false, raw: 2902663143, size: 4, state: Aarch64 })") registers=[2, 140000078, 10100, 7ffdf030, 1803c5a78, 5, 5, 0, 0, abe8d4, b, 0, 5, 0, 0, 20400000, a8397b1dcdaf, ffff57c6858e1b81, 7ffdd000, 1803c50c0, 7ffdf030, 10100, 140000078, 2, 2545f4914f6cdd1d, 10100, 0, 7ffdf000, abe980, abe940, 1800d47b8]
watch-history turn=12631 thread=8 PC=0x1800d47f4 SP=0xabe840 bytes=Ok([e7, 23, 80, 3d]) insn=Some("Ok(DecodedInsn { mnemonic: STR, cond: None, operands: [FpReg(FpRegister { num: 7, size: Q }), Mem(MemOperand { base: Register { num: 31, is_64bit: true, is_sp: true, kind: Sp }, offset: Imm(128), mode: Offset })], sets_flags: false, raw: 1031807975, size: 4, state: Aarch64 })") registers=[2, 140000078, 10100, 7ffdf030, 1803c5a78, 5, 5, 0, 0, abe8d4, b, 0, 5, 0, 0, 20400000, a8397b1dcdaf, ffff57c6858e1b81, 7ffdd000, 1803c50c0, 7ffdf030, 10100, 140000078, 2, 2545f4914f6cdd1d, 10100, 0, 7ffdf000, abe980, abe940, 1800d47b8]
watch-history turn=12632 thread=8 PC=0x1800d47f8 SP=0xabe840 bytes=Ok([07, e4, 00, 4f]) insn=Some("Ok(DecodedInsn { mnemonic: UNKNOWN, cond: None, operands: [], sets_flags: false, raw: 1325458439, size: 4, state: Aarch64 })") registers=[2, 140000078, 10100, 7ffdf030, 1803c5a78, 5, 5, 0, 0, abe8d4, b, 0, 5, 0, 0, 20400000, a8397b1dcdaf, ffff57c6858e1b81, 7ffdd000, 1803c50c0, 7ffdf030, 10100, 140000078, 2, 2545f4914f6cdd1d, 10100, 0, 7ffdf000, abe980, abe940, 1800d47b8]
watch-history turn=12633 thread=8 PC=0x1800d47fc SP=0xabe840 bytes=Ok([27, 1d, 00, ad]) insn=Some("Ok(DecodedInsn { mnemonic: STP, cond: None, operands: [Reg(Register { num: 7, is_64bit: true, is_sp: false, kind: Gpr }), Reg(Register { num: 7, is_64bit: true, is_sp: false, kind: Gpr }), Mem(MemOperand { base: Register { num: 9, is_64bit: true, is_sp: false, kind: Gpr }, offset: Imm(0), mode: Offset })], sets_flags: false, raw: 2902465831, size: 4, state: Aarch64 })") registers=[2, 140000078, 10100, 7ffdf030, 1803c5a78, 5, 5, 0, 0, abe8d4, b, 0, 5, 0, 0, 20400000, a8397b1dcdaf, ffff57c6858e1b81, 7ffdd000, 1803c50c0, 7ffdf030, 10100, 140000078, 2, 2545f4914f6cdd1d, 10100, 0, 7ffdf000, abe980, abe940, 1800d47b8]
watch-history turn=12634 thread=8 PC=0x1800d4800 SP=0xabe840 bytes=Ok([27, 1d, 01, ad]) insn=Some("Ok(DecodedInsn { mnemonic: STP, cond: None, operands: [Reg(Register { num: 7, is_64bit: true, is_sp: false, kind: Gpr }), Reg(Register { num: 7, is_64bit: true, is_sp: false, kind: Gpr }), Mem(MemOperand { base: Register { num: 9, is_64bit: true, is_sp: false, kind: Gpr }, offset: Imm(32), mode: Offset })], sets_flags: false, raw: 2902531367, size: 4, state: Aarch64 })") registers=[2, 140000078, 10100, 7ffdf030, 1803c5a78, 5, 5, 0, 0, abe8d4, b, 0, 5, 0, 0, 20400000, a8397b1dcdaf, ffff57c6858e1b81, 7ffdd000, 1803c50c0, 7ffdf030, 10100, 140000078, 2, 2545f4914f6cdd1d, 10100, 0, 7ffdf000, abe980, abe940, 1800d47b8]
watch-history turn=12635 thread=8 PC=0x1800d4804 SP=0xabe840 bytes=Ok([27, 11, 80, 3d]) insn=Some("Ok(DecodedInsn { mnemonic: STR, cond: None, operands: [FpReg(FpRegister { num: 7, size: Q }), Mem(MemOperand { base: Register { num: 9, is_64bit: true, is_sp: false, kind: Gpr }, offset: Imm(64), mode: Offset })], sets_flags: false, raw: 1031803175, size: 4, state: Aarch64 })") registers=[2, 140000078, 10100, 7ffdf030, 1803c5a78, 5, 5, 0, 0, abe8d4, b, 0, 5, 0, 0, 20400000, a8397b1dcdaf, ffff57c6858e1b81, 7ffdd000, 1803c50c0, 7ffdf030, 10100, 140000078, 2, 2545f4914f6cdd1d, 10100, 0, 7ffdf000, abe980, abe940, 1800d47b8]
watch-history turn=12636 thread=8 PC=0x1800d4808 SP=0xabe840 bytes=Ok([27, 29, 00, fd]) insn=Some("Ok(DecodedInsn { mnemonic: STR, cond: None, operands: [FpReg(FpRegister { num: 7, size: D }), Mem(MemOperand { base: Register { num: 9, is_64bit: true, is_sp: false, kind: Gpr }, offset: Imm(80), mode: Offset })], sets_flags: false, raw: 4244646183, size: 4, state: Aarch64 })") registers=[2, 140000078, 10100, 7ffdf030, 1803c5a78, 5, 5, 0, 0, abe8d4, b, 0, 5, 0, 0, 20400000, a8397b1dcdaf, ffff57c6858e1b81, 7ffdd000, 1803c50c0, 7ffdf030, 10100, 140000078, 2, 2545f4914f6cdd1d, 10100, 0, 7ffdf000, abe980, abe940, 1800d47b8]
watch-history turn=12637 thread=8 PC=0x1800d480c SP=0xabe840 bytes=Ok([27, 59, 00, bd]) insn=Some("Ok(DecodedInsn { mnemonic: STR, cond: None, operands: [FpReg(FpRegister { num: 7, size: S }), Mem(MemOperand { base: Register { num: 9, is_64bit: true, is_sp: false, kind: Gpr }, offset: Imm(88), mode: Offset })], sets_flags: false, raw: 3170916647, size: 4, state: Aarch64 })") registers=[2, 140000078, 10100, 7ffdf030, 1803c5a78, 5, 5, 0, 0, abe8d4, b, 0, 5, 0, 0, 20400000, a8397b1dcdaf, ffff57c6858e1b81, 7ffdd000, 1803c50c0, 7ffdf030, 10100, 140000078, 2, 2545f4914f6cdd1d, 10100, 0, 7ffdf000, abe980, abe940, 1800d47b8]
watch-history turn=12638 thread=8 PC=0x1800d4810 SP=0xabe840 bytes=Ok([09, 0c, 80, 52]) insn=Some("Ok(DecodedInsn { mnemonic: MOVZ, cond: None, operands: [Reg(Register { num: 9, is_64bit: false, is_sp: false, kind: Gpr }), Imm(Immediate { value: 96, shift: 0 })], sets_flags: false, raw: 1384123401, size: 4, state: Aarch64 })") registers=[2, 140000078, 10100, 7ffdf030, 1803c5a78, 5, 5, 0, 0, abe8d4, b, 0, 5, 0, 0, 20400000, a8397b1dcdaf, ffff57c6858e1b81, 7ffdd000, 1803c50c0, 7ffdf030, 10100, 140000078, 2, 2545f4914f6cdd1d, 10100, 0, 7ffdf000, abe980, abe940, 1800d47b8]
watch-history turn=12639 thread=8 PC=0x1800d4814 SP=0xabe840 bytes=Ok([e9, 93, 00, b9]) insn=Some("Ok(DecodedInsn { mnemonic: STR, cond: None, operands: [Reg(Register { num: 9, is_64bit: false, is_sp: false, kind: Gpr }), Mem(MemOperand { base: Register { num: 31, is_64bit: true, is_sp: true, kind: Sp }, offset: Imm(144), mode: Offset })], sets_flags: false, raw: 3103822825, size: 4, state: Aarch64 })") registers=[2, 140000078, 10100, 7ffdf030, 1803c5a78, 5, 5, 0, 0, 60, b, 0, 5, 0, 0, 20400000, a8397b1dcdaf, ffff57c6858e1b81, 7ffdd000, 1803c50c0, 7ffdf030, 10100, 140000078, 2, 2545f4914f6cdd1d, 10100, 0, 7ffdf000, abe980, abe940, 1800d47b8]
watch-history turn=12640 thread=8 PC=0x1800d4818 SP=0xabe840 bytes=Ok([e8, 04, 00, b5]) insn=Some("Ok(DecodedInsn { mnemonic: CBNZ, cond: None, operands: [Reg(Register { num: 8, is_64bit: true, is_sp: false, kind: Gpr }), Label(156)], sets_flags: false, raw: 3036677352, size: 4, state: Aarch64 })") registers=[2, 140000078, 10100, 7ffdf030, 1803c5a78, 5, 5, 0, 0, 60, b, 0, 5, 0, 0, 20400000, a8397b1dcdaf, ffff57c6858e1b81, 7ffdd000, 1803c50c0, 7ffdf030, 10100, 140000078, 2, 2545f4914f6cdd1d, 10100, 0, 7ffdf000, abe980, abe940, 1800d47b8]
watch-history turn=12641 thread=8 PC=0x1800d481c SP=0xabe840 bytes=Ok([d6, 08, 00, b4]) insn=Some("Ok(DecodedInsn { mnemonic: CBZ, cond: None, operands: [Reg(Register { num: 22, is_64bit: true, is_sp: false, kind: Gpr }), Label(280)], sets_flags: false, raw: 3019901142, size: 4, state: Aarch64 })") registers=[2, 140000078, 10100, 7ffdf030, 1803c5a78, 5, 5, 0, 0, 60, b, 0, 5, 0, 0, 20400000, a8397b1dcdaf, ffff57c6858e1b81, 7ffdd000, 1803c50c0, 7ffdf030, 10100, 140000078, 2, 2545f4914f6cdd1d, 10100, 0, 7ffdf000, abe980, abe940, 1800d47b8]
watch-history turn=12642 thread=8 PC=0x1800d4820 SP=0xabe840 bytes=Ok([c2, 0e, 47, a9]) insn=Some("Ok(DecodedInsn { mnemonic: LDP, cond: None, operands: [Reg(Register { num: 2, is_64bit: true, is_sp: false, kind: Gpr }), Reg(Register { num: 3, is_64bit: true, is_sp: false, kind: Gpr }), Mem(MemOperand { base: Register { num: 22, is_64bit: true, is_sp: false, kind: Gpr }, offset: Imm(112), mode: Offset })], sets_flags: false, raw: 2840006338, size: 4, state: Aarch64 })") registers=[2, 140000078, 10100, 7ffdf030, 1803c5a78, 5, 5, 0, 0, 60, b, 0, 5, 0, 0, 20400000, a8397b1dcdaf, ffff57c6858e1b81, 7ffdd000, 1803c50c0, 7ffdf030, 10100, 140000078, 2, 2545f4914f6cdd1d, 10100, 0, 7ffdf000, abe980, abe940, 1800d47b8]
watch-history turn=12643 thread=8 PC=0x1800d4824 SP=0xabe840 bytes=Ok([a8, 17, 00, b0]) insn=Some("Ok(DecodedInsn { mnemonic: ADRP, cond: None, operands: [Reg(Register { num: 8, is_64bit: true, is_sp: false, kind: Gpr }), Label(3100672)], sets_flags: false, raw: 2952796072, size: 4, state: Aarch64 })") registers=[2, 140000078, 100000, 1000, 1803c5a78, 5, 5, 0, 0, 60, b, 0, 5, 0, 0, 20400000, a8397b1dcdaf, ffff57c6858e1b81, 7ffdd000, 1803c50c0, 7ffdf030, 10100, 140000078, 2, 2545f4914f6cdd1d, 10100, 0, 7ffdf000, abe980, abe940, 1800d47b8]
watch-history turn=12644 thread=8 PC=0x1800d4828 SP=0xabe840 bytes=Ok([09, 01, 0f, 91]) insn=Some("Ok(DecodedInsn { mnemonic: ADD, cond: None, operands: [Reg(Register { num: 9, is_64bit: true, is_sp: false, kind: Gpr }), Reg(Register { num: 8, is_64bit: true, is_sp: false, kind: Gpr }), Imm(Immediate { value: 960, shift: 0 })], sets_flags: false, raw: 2433679625, size: 4, state: Aarch64 })") registers=[2, 140000078, 100000, 1000, 1803c5a78, 5, 5, 0, 1803c9000, 60, b, 0, 5, 0, 0, 20400000, a8397b1dcdaf, ffff57c6858e1b81, 7ffdd000, 1803c50c0, 7ffdf030, 10100, 140000078, 2, 2545f4914f6cdd1d, 10100, 0, 7ffdf000, abe980, abe940, 1800d47b8]
watch-history turn=12645 thread=8 PC=0x1800d482c SP=0xabe840 bytes=Ok([28, 05, 40, f9]) insn=Some("Ok(DecodedInsn { mnemonic: LDR, cond: None, operands: [Reg(Register { num: 8, is_64bit: true, is_sp: false, kind: Gpr }), Mem(MemOperand { base: Register { num: 9, is_64bit: true, is_sp: false, kind: Gpr }, offset: Imm(8), mode: Offset })], sets_flags: false, raw: 4181722408, size: 4, state: Aarch64 })") registers=[2, 140000078, 100000, 1000, 1803c5a78, 5, 5, 0, 1803c9000, 1803c93c0, b, 0, 5, 0, 0, 20400000, a8397b1dcdaf, ffff57c6858e1b81, 7ffdd000, 1803c50c0, 7ffdf030, 10100, 140000078, 2, 2545f4914f6cdd1d, 10100, 0, 7ffdf000, abe980, abe940, 1800d47b8]
watch-history turn=12646 thread=8 PC=0x1800d4830 SP=0xabe840 bytes=Ok([88, 05, 00, b5]) insn=Some("Ok(DecodedInsn { mnemonic: CBNZ, cond: None, operands: [Reg(Register { num: 8, is_64bit: true, is_sp: false, kind: Gpr }), Label(176)], sets_flags: false, raw: 3036677512, size: 4, state: Aarch64 })") registers=[2, 140000078, 100000, 1000, 1803c5a78, 5, 5, 0, 0, 1803c93c0, b, 0, 5, 0, 0, 20400000, a8397b1dcdaf, ffff57c6858e1b81, 7ffdd000, 1803c50c0, 7ffdf030, 10100, 140000078, 2, 2545f4914f6cdd1d, 10100, 0, 7ffdf000, abe980, abe940, 1800d47b8]
watch-history turn=12647 thread=8 PC=0x1800d4834 SP=0xabe840 bytes=Ok([a7, 0a, c1, 3d]) insn=Some("Ok(DecodedInsn { mnemonic: LDR, cond: None, operands: [FpReg(FpRegister { num: 7, size: Q }), Mem(MemOperand { base: Register { num: 21, is_64bit: true, is_sp: false, kind: Gpr }, offset: Imm(1056), mode: Offset })], sets_flags: false, raw: 1036061351, size: 4, state: Aarch64 })") registers=[2, 140000078, 100000, 1000, 1803c5a78, 5, 5, 0, 0, 1803c93c0, b, 0, 5, 0, 0, 20400000, a8397b1dcdaf, ffff57c6858e1b81, 7ffdd000, 1803c50c0, 7ffdf030, 10100, 140000078, 2, 2545f4914f6cdd1d, 10100, 0, 7ffdf000, abe980, abe940, 1800d47b8]
watch-history turn=12648 thread=8 PC=0x1800d4838 SP=0xabe840 bytes=Ok([27, 01, 80, 3d]) insn=Some("Ok(DecodedInsn { mnemonic: STR, cond: None, operands: [FpReg(FpRegister { num: 7, size: Q }), Mem(MemOperand { base: Register { num: 9, is_64bit: true, is_sp: false, kind: Gpr }, offset: Imm(0), mode: Offset })], sets_flags: false, raw: 1031799079, size: 4, state: Aarch64 })") registers=[2, 140000078, 100000, 1000, 1803c5a78, 5, 5, 0, 0, 1803c93c0, b, 0, 5, 0, 0, 20400000, a8397b1dcdaf, ffff57c6858e1b81, 7ffdd000, 1803c50c0, 7ffdf030, 10100, 140000078, 2, 2545f4914f6cdd1d, 10100, 0, 7ffdf000, abe980, abe940, 1800d47b8]
kernel-before turn=12660 service=0x131 PC=0x180002350 registers=[abe840, 1f0003, abe850, 1000, 1803c5a78, 5]
NtOpenPartition attributes=0xabe850 raw=Ok([30, 00, 00, 00, 00, 00, 00, 00, 00, 00, 00, 00, 00, 00, 00, 00, c0, 93, 3c, 80, 01, 00, 00, 00, 00, 00, 00, 00, 00, 00, 00, 00, 00, 00, 00, 00, 00, 00, 00, 00, 00, 00, 00, 00, 00, 00, 00, 00])
partition name descriptor=0x1803c93c0 raw=Ok([43, 00, 3a, 00, 5c, 00, 61, 00, 70, 00, 70, 00, 5c, 00, 70, 00])
partition name length=67 buffer=0x70005c00700070 captured=67 raw=Err(MemFault { addr: 70005c00700070, write: false })
kernel-after turn=12660 service=0x131 PC=0x180002354 X0=0xabe840
turn=12629 thread=8 PC=0x1800d47ec SP=0xabe840 bytes=Ok([e7, 1f, 02, ad]) insn=Some("Ok(DecodedInsn { mnemonic: STP, cond: None, operands: [Reg(Register { num: 7, is_64bit: true, is_sp: false, kind: Gpr }), Reg(Register { num: 7, is_64bit: true, is_sp: false, kind: Gpr }), Mem(MemOperand { base: Register { num: 31, is_64bit: true, is_sp: true, kind: Sp }, offset: Imm(64), mode: Offset })], sets_flags: false, raw: 2902597607, size: 4, state: Aarch64 })") registers=[2, 140000078, 10100, 7ffdf030, 1803c5a78, 5, 5, 0, 0, abe8d4, b, 0, 5, 0, 0, 20400000, a8397b1dcdaf, ffff57c6858e1b81, 7ffdd000, 1803c50c0, 7ffdf030, 10100, 140000078, 2, 2545f4914f6cdd1d, 10100, 0, 7ffdf000, abe980, abe940, 1800d47b8]
turn=12630 thread=8 PC=0x1800d47f0 SP=0xabe840 bytes=Ok([e7, 1f, 03, ad]) insn=Some("Ok(DecodedInsn { mnemonic: STP, cond: None, operands: [Reg(Register { num: 7, is_64bit: true, is_sp: false, kind: Gpr }), Reg(Register { num: 7, is_64bit: true, is_sp: false, kind: Gpr }), Mem(MemOperand { base: Register { num: 31, is_64bit: true, is_sp: true, kind: Sp }, offset: Imm(96), mode: Offset })], sets_flags: false, raw: 2902663143, size: 4, state: Aarch64 })") registers=[2, 140000078, 10100, 7ffdf030, 1803c5a78, 5, 5, 0, 0, abe8d4, b, 0, 5, 0, 0, 20400000, a8397b1dcdaf, ffff57c6858e1b81, 7ffdd000, 1803c50c0, 7ffdf030, 10100, 140000078, 2, 2545f4914f6cdd1d, 10100, 0, 7ffdf000, abe980, abe940, 1800d47b8]
turn=12631 thread=8 PC=0x1800d47f4 SP=0xabe840 bytes=Ok([e7, 23, 80, 3d]) insn=Some("Ok(DecodedInsn { mnemonic: STR, cond: None, operands: [FpReg(FpRegister { num: 7, size: Q }), Mem(MemOperand { base: Register { num: 31, is_64bit: true, is_sp: true, kind: Sp }, offset: Imm(128), mode: Offset })], sets_flags: false, raw: 1031807975, size: 4, state: Aarch64 })") registers=[2, 140000078, 10100, 7ffdf030, 1803c5a78, 5, 5, 0, 0, abe8d4, b, 0, 5, 0, 0, 20400000, a8397b1dcdaf, ffff57c6858e1b81, 7ffdd000, 1803c50c0, 7ffdf030, 10100, 140000078, 2, 2545f4914f6cdd1d, 10100, 0, 7ffdf000, abe980, abe940, 1800d47b8]
turn=12632 thread=8 PC=0x1800d47f8 SP=0xabe840 bytes=Ok([07, e4, 00, 4f]) insn=Some("Ok(DecodedInsn { mnemonic: UNKNOWN, cond: None, operands: [], sets_flags: false, raw: 1325458439, size: 4, state: Aarch64 })") registers=[2, 140000078, 10100, 7ffdf030, 1803c5a78, 5, 5, 0, 0, abe8d4, b, 0, 5, 0, 0, 20400000, a8397b1dcdaf, ffff57c6858e1b81, 7ffdd000, 1803c50c0, 7ffdf030, 10100, 140000078, 2, 2545f4914f6cdd1d, 10100, 0, 7ffdf000, abe980, abe940, 1800d47b8]
turn=12633 thread=8 PC=0x1800d47fc SP=0xabe840 bytes=Ok([27, 1d, 00, ad]) insn=Some("Ok(DecodedInsn { mnemonic: STP, cond: None, operands: [Reg(Register { num: 7, is_64bit: true, is_sp: false, kind: Gpr }), Reg(Register { num: 7, is_64bit: true, is_sp: false, kind: Gpr }), Mem(MemOperand { base: Register { num: 9, is_64bit: true, is_sp: false, kind: Gpr }, offset: Imm(0), mode: Offset })], sets_flags: false, raw: 2902465831, size: 4, state: Aarch64 })") registers=[2, 140000078, 10100, 7ffdf030, 1803c5a78, 5, 5, 0, 0, abe8d4, b, 0, 5, 0, 0, 20400000, a8397b1dcdaf, ffff57c6858e1b81, 7ffdd000, 1803c50c0, 7ffdf030, 10100, 140000078, 2, 2545f4914f6cdd1d, 10100, 0, 7ffdf000, abe980, abe940, 1800d47b8]
turn=12634 thread=8 PC=0x1800d4800 SP=0xabe840 bytes=Ok([27, 1d, 01, ad]) insn=Some("Ok(DecodedInsn { mnemonic: STP, cond: None, operands: [Reg(Register { num: 7, is_64bit: true, is_sp: false, kind: Gpr }), Reg(Register { num: 7, is_64bit: true, is_sp: false, kind: Gpr }), Mem(MemOperand { base: Register { num: 9, is_64bit: true, is_sp: false, kind: Gpr }, offset: Imm(32), mode: Offset })], sets_flags: false, raw: 2902531367, size: 4, state: Aarch64 })") registers=[2, 140000078, 10100, 7ffdf030, 1803c5a78, 5, 5, 0, 0, abe8d4, b, 0, 5, 0, 0, 20400000, a8397b1dcdaf, ffff57c6858e1b81, 7ffdd000, 1803c50c0, 7ffdf030, 10100, 140000078, 2, 2545f4914f6cdd1d, 10100, 0, 7ffdf000, abe980, abe940, 1800d47b8]
turn=12635 thread=8 PC=0x1800d4804 SP=0xabe840 bytes=Ok([27, 11, 80, 3d]) insn=Some("Ok(DecodedInsn { mnemonic: STR, cond: None, operands: [FpReg(FpRegister { num: 7, size: Q }), Mem(MemOperand { base: Register { num: 9, is_64bit: true, is_sp: false, kind: Gpr }, offset: Imm(64), mode: Offset })], sets_flags: false, raw: 1031803175, size: 4, state: Aarch64 })") registers=[2, 140000078, 10100, 7ffdf030, 1803c5a78, 5, 5, 0, 0, abe8d4, b, 0, 5, 0, 0, 20400000, a8397b1dcdaf, ffff57c6858e1b81, 7ffdd000, 1803c50c0, 7ffdf030, 10100, 140000078, 2, 2545f4914f6cdd1d, 10100, 0, 7ffdf000, abe980, abe940, 1800d47b8]
turn=12636 thread=8 PC=0x1800d4808 SP=0xabe840 bytes=Ok([27, 29, 00, fd]) insn=Some("Ok(DecodedInsn { mnemonic: STR, cond: None, operands: [FpReg(FpRegister { num: 7, size: D }), Mem(MemOperand { base: Register { num: 9, is_64bit: true, is_sp: false, kind: Gpr }, offset: Imm(80), mode: Offset })], sets_flags: false, raw: 4244646183, size: 4, state: Aarch64 })") registers=[2, 140000078, 10100, 7ffdf030, 1803c5a78, 5, 5, 0, 0, abe8d4, b, 0, 5, 0, 0, 20400000, a8397b1dcdaf, ffff57c6858e1b81, 7ffdd000, 1803c50c0, 7ffdf030, 10100, 140000078, 2, 2545f4914f6cdd1d, 10100, 0, 7ffdf000, abe980, abe940, 1800d47b8]
turn=12637 thread=8 PC=0x1800d480c SP=0xabe840 bytes=Ok([27, 59, 00, bd]) insn=Some("Ok(DecodedInsn { mnemonic: STR, cond: None, operands: [FpReg(FpRegister { num: 7, size: S }), Mem(MemOperand { base: Register { num: 9, is_64bit: true, is_sp: false, kind: Gpr }, offset: Imm(88), mode: Offset })], sets_flags: false, raw: 3170916647, size: 4, state: Aarch64 })") registers=[2, 140000078, 10100, 7ffdf030, 1803c5a78, 5, 5, 0, 0, abe8d4, b, 0, 5, 0, 0, 20400000, a8397b1dcdaf, ffff57c6858e1b81, 7ffdd000, 1803c50c0, 7ffdf030, 10100, 140000078, 2, 2545f4914f6cdd1d, 10100, 0, 7ffdf000, abe980, abe940, 1800d47b8]
turn=12638 thread=8 PC=0x1800d4810 SP=0xabe840 bytes=Ok([09, 0c, 80, 52]) insn=Some("Ok(DecodedInsn { mnemonic: MOVZ, cond: None, operands: [Reg(Register { num: 9, is_64bit: false, is_sp: false, kind: Gpr }), Imm(Immediate { value: 96, shift: 0 })], sets_flags: false, raw: 1384123401, size: 4, state: Aarch64 })") registers=[2, 140000078, 10100, 7ffdf030, 1803c5a78, 5, 5, 0, 0, abe8d4, b, 0, 5, 0, 0, 20400000, a8397b1dcdaf, ffff57c6858e1b81, 7ffdd000, 1803c50c0, 7ffdf030, 10100, 140000078, 2, 2545f4914f6cdd1d, 10100, 0, 7ffdf000, abe980, abe940, 1800d47b8]
turn=12639 thread=8 PC=0x1800d4814 SP=0xabe840 bytes=Ok([e9, 93, 00, b9]) insn=Some("Ok(DecodedInsn { mnemonic: STR, cond: None, operands: [Reg(Register { num: 9, is_64bit: false, is_sp: false, kind: Gpr }), Mem(MemOperand { base: Register { num: 31, is_64bit: true, is_sp: true, kind: Sp }, offset: Imm(144), mode: Offset })], sets_flags: false, raw: 3103822825, size: 4, state: Aarch64 })") registers=[2, 140000078, 10100, 7ffdf030, 1803c5a78, 5, 5, 0, 0, 60, b, 0, 5, 0, 0, 20400000, a8397b1dcdaf, ffff57c6858e1b81, 7ffdd000, 1803c50c0, 7ffdf030, 10100, 140000078, 2, 2545f4914f6cdd1d, 10100, 0, 7ffdf000, abe980, abe940, 1800d47b8]
turn=12640 thread=8 PC=0x1800d4818 SP=0xabe840 bytes=Ok([e8, 04, 00, b5]) insn=Some("Ok(DecodedInsn { mnemonic: CBNZ, cond: None, operands: [Reg(Register { num: 8, is_64bit: true, is_sp: false, kind: Gpr }), Label(156)], sets_flags: false, raw: 3036677352, size: 4, state: Aarch64 })") registers=[2, 140000078, 10100, 7ffdf030, 1803c5a78, 5, 5, 0, 0, 60, b, 0, 5, 0, 0, 20400000, a8397b1dcdaf, ffff57c6858e1b81, 7ffdd000, 1803c50c0, 7ffdf030, 10100, 140000078, 2, 2545f4914f6cdd1d, 10100, 0, 7ffdf000, abe980, abe940, 1800d47b8]
turn=12641 thread=8 PC=0x1800d481c SP=0xabe840 bytes=Ok([d6, 08, 00, b4]) insn=Some("Ok(DecodedInsn { mnemonic: CBZ, cond: None, operands: [Reg(Register { num: 22, is_64bit: true, is_sp: false, kind: Gpr }), Label(280)], sets_flags: false, raw: 3019901142, size: 4, state: Aarch64 })") registers=[2, 140000078, 10100, 7ffdf030, 1803c5a78, 5, 5, 0, 0, 60, b, 0, 5, 0, 0, 20400000, a8397b1dcdaf, ffff57c6858e1b81, 7ffdd000, 1803c50c0, 7ffdf030, 10100, 140000078, 2, 2545f4914f6cdd1d, 10100, 0, 7ffdf000, abe980, abe940, 1800d47b8]
turn=12642 thread=8 PC=0x1800d4820 SP=0xabe840 bytes=Ok([c2, 0e, 47, a9]) insn=Some("Ok(DecodedInsn { mnemonic: LDP, cond: None, operands: [Reg(Register { num: 2, is_64bit: true, is_sp: false, kind: Gpr }), Reg(Register { num: 3, is_64bit: true, is_sp: false, kind: Gpr }), Mem(MemOperand { base: Register { num: 22, is_64bit: true, is_sp: false, kind: Gpr }, offset: Imm(112), mode: Offset })], sets_flags: false, raw: 2840006338, size: 4, state: Aarch64 })") registers=[2, 140000078, 10100, 7ffdf030, 1803c5a78, 5, 5, 0, 0, 60, b, 0, 5, 0, 0, 20400000, a8397b1dcdaf, ffff57c6858e1b81, 7ffdd000, 1803c50c0, 7ffdf030, 10100, 140000078, 2, 2545f4914f6cdd1d, 10100, 0, 7ffdf000, abe980, abe940, 1800d47b8]
turn=12643 thread=8 PC=0x1800d4824 SP=0xabe840 bytes=Ok([a8, 17, 00, b0]) insn=Some("Ok(DecodedInsn { mnemonic: ADRP, cond: None, operands: [Reg(Register { num: 8, is_64bit: true, is_sp: false, kind: Gpr }), Label(3100672)], sets_flags: false, raw: 2952796072, size: 4, state: Aarch64 })") registers=[2, 140000078, 100000, 1000, 1803c5a78, 5, 5, 0, 0, 60, b, 0, 5, 0, 0, 20400000, a8397b1dcdaf, ffff57c6858e1b81, 7ffdd000, 1803c50c0, 7ffdf030, 10100, 140000078, 2, 2545f4914f6cdd1d, 10100, 0, 7ffdf000, abe980, abe940, 1800d47b8]
turn=12644 thread=8 PC=0x1800d4828 SP=0xabe840 bytes=Ok([09, 01, 0f, 91]) insn=Some("Ok(DecodedInsn { mnemonic: ADD, cond: None, operands: [Reg(Register { num: 9, is_64bit: true, is_sp: false, kind: Gpr }), Reg(Register { num: 8, is_64bit: true, is_sp: false, kind: Gpr }), Imm(Immediate { value: 960, shift: 0 })], sets_flags: false, raw: 2433679625, size: 4, state: Aarch64 })") registers=[2, 140000078, 100000, 1000, 1803c5a78, 5, 5, 0, 1803c9000, 60, b, 0, 5, 0, 0, 20400000, a8397b1dcdaf, ffff57c6858e1b81, 7ffdd000, 1803c50c0, 7ffdf030, 10100, 140000078, 2, 2545f4914f6cdd1d, 10100, 0, 7ffdf000, abe980, abe940, 1800d47b8]
turn=12645 thread=8 PC=0x1800d482c SP=0xabe840 bytes=Ok([28, 05, 40, f9]) insn=Some("Ok(DecodedInsn { mnemonic: LDR, cond: None, operands: [Reg(Register { num: 8, is_64bit: true, is_sp: false, kind: Gpr }), Mem(MemOperand { base: Register { num: 9, is_64bit: true, is_sp: false, kind: Gpr }, offset: Imm(8), mode: Offset })], sets_flags: false, raw: 4181722408, size: 4, state: Aarch64 })") registers=[2, 140000078, 100000, 1000, 1803c5a78, 5, 5, 0, 1803c9000, 1803c93c0, b, 0, 5, 0, 0, 20400000, a8397b1dcdaf, ffff57c6858e1b81, 7ffdd000, 1803c50c0, 7ffdf030, 10100, 140000078, 2, 2545f4914f6cdd1d, 10100, 0, 7ffdf000, abe980, abe940, 1800d47b8]
turn=12646 thread=8 PC=0x1800d4830 SP=0xabe840 bytes=Ok([88, 05, 00, b5]) insn=Some("Ok(DecodedInsn { mnemonic: CBNZ, cond: None, operands: [Reg(Register { num: 8, is_64bit: true, is_sp: false, kind: Gpr }), Label(176)], sets_flags: false, raw: 3036677512, size: 4, state: Aarch64 })") registers=[2, 140000078, 100000, 1000, 1803c5a78, 5, 5, 0, 0, 1803c93c0, b, 0, 5, 0, 0, 20400000, a8397b1dcdaf, ffff57c6858e1b81, 7ffdd000, 1803c50c0, 7ffdf030, 10100, 140000078, 2, 2545f4914f6cdd1d, 10100, 0, 7ffdf000, abe980, abe940, 1800d47b8]
turn=12647 thread=8 PC=0x1800d4834 SP=0xabe840 bytes=Ok([a7, 0a, c1, 3d]) insn=Some("Ok(DecodedInsn { mnemonic: LDR, cond: None, operands: [FpReg(FpRegister { num: 7, size: Q }), Mem(MemOperand { base: Register { num: 21, is_64bit: true, is_sp: false, kind: Gpr }, offset: Imm(1056), mode: Offset })], sets_flags: false, raw: 1036061351, size: 4, state: Aarch64 })") registers=[2, 140000078, 100000, 1000, 1803c5a78, 5, 5, 0, 0, 1803c93c0, b, 0, 5, 0, 0, 20400000, a8397b1dcdaf, ffff57c6858e1b81, 7ffdd000, 1803c50c0, 7ffdf030, 10100, 140000078, 2, 2545f4914f6cdd1d, 10100, 0, 7ffdf000, abe980, abe940, 1800d47b8]
turn=12648 thread=8 PC=0x1800d4838 SP=0xabe840 bytes=Ok([27, 01, 80, 3d]) insn=Some("Ok(DecodedInsn { mnemonic: STR, cond: None, operands: [FpReg(FpRegister { num: 7, size: Q }), Mem(MemOperand { base: Register { num: 9, is_64bit: true, is_sp: false, kind: Gpr }, offset: Imm(0), mode: Offset })], sets_flags: false, raw: 1031799079, size: 4, state: Aarch64 })") registers=[2, 140000078, 100000, 1000, 1803c5a78, 5, 5, 0, 0, 1803c93c0, b, 0, 5, 0, 0, 20400000, a8397b1dcdaf, ffff57c6858e1b81, 7ffdd000, 1803c50c0, 7ffdf030, 10100, 140000078, 2, 2545f4914f6cdd1d, 10100, 0, 7ffdf000, abe980, abe940, 1800d47b8]
turn=12649 thread=8 PC=0x1800d483c SP=0xabe840 bytes=Ok([28, 05, 40, f9]) insn=Some("Ok(DecodedInsn { mnemonic: LDR, cond: None, operands: [Reg(Register { num: 8, is_64bit: true, is_sp: false, kind: Gpr }), Mem(MemOperand { base: Register { num: 9, is_64bit: true, is_sp: false, kind: Gpr }, offset: Imm(8), mode: Offset })], sets_flags: false, raw: 4181722408, size: 4, state: Aarch64 })") registers=[2, 140000078, 100000, 1000, 1803c5a78, 5, 5, 0, 0, 1803c93c0, b, 0, 5, 0, 0, 20400000, a8397b1dcdaf, ffff57c6858e1b81, 7ffdd000, 1803c50c0, 7ffdf030, 10100, 140000078, 2, 2545f4914f6cdd1d, 10100, 0, 7ffdf000, abe980, abe940, 1800d47b8]
turn=12650 thread=8 PC=0x1800d4840 SP=0xabe840 bytes=Ok([08, 05, 00, b5]) insn=Some("Ok(DecodedInsn { mnemonic: CBNZ, cond: None, operands: [Reg(Register { num: 8, is_64bit: true, is_sp: false, kind: Gpr }), Label(160)], sets_flags: false, raw: 3036677384, size: 4, state: Aarch64 })") registers=[2, 140000078, 100000, 1000, 1803c5a78, 5, 5, 0, 70005c00700070, 1803c93c0, b, 0, 5, 0, 0, 20400000, a8397b1dcdaf, ffff57c6858e1b81, 7ffdd000, 1803c50c0, 7ffdf030, 10100, 140000078, 2, 2545f4914f6cdd1d, 10100, 0, 7ffdf000, abe980, abe940, 1800d47b8]
turn=12651 thread=8 PC=0x1800d48e0 SP=0xabe840 bytes=Ok([08, 06, 80, 52]) insn=Some("Ok(DecodedInsn { mnemonic: MOVZ, cond: None, operands: [Reg(Register { num: 8, is_64bit: false, is_sp: false, kind: Gpr }), Imm(Immediate { value: 48, shift: 0 })], sets_flags: false, raw: 1384121864, size: 4, state: Aarch64 })") registers=[2, 140000078, 100000, 1000, 1803c5a78, 5, 5, 0, 70005c00700070, 1803c93c0, b, 0, 5, 0, 0, 20400000, a8397b1dcdaf, ffff57c6858e1b81, 7ffdd000, 1803c50c0, 7ffdf030, 10100, 140000078, 2, 2545f4914f6cdd1d, 10100, 0, 7ffdf000, abe980, abe940, 1800d47b8]
turn=12652 thread=8 PC=0x1800d48e4 SP=0xabe840 bytes=Ok([ff, 2b, 00, b9]) insn=Some("Ok(DecodedInsn { mnemonic: STR, cond: None, operands: [Reg(Register { num: 31, is_64bit: false, is_sp: false, kind: Gpr }), Mem(MemOperand { base: Register { num: 31, is_64bit: true, is_sp: true, kind: Sp }, offset: Imm(40), mode: Offset })], sets_flags: false, raw: 3103796223, size: 4, state: Aarch64 })") registers=[2, 140000078, 100000, 1000, 1803c5a78, 5, 5, 0, 30, 1803c93c0, b, 0, 5, 0, 0, 20400000, a8397b1dcdaf, ffff57c6858e1b81, 7ffdd000, 1803c50c0, 7ffdf030, 10100, 140000078, 2, 2545f4914f6cdd1d, 10100, 0, 7ffdf000, abe980, abe940, 1800d47b8]
turn=12653 thread=8 PC=0x1800d48e8 SP=0xabe840 bytes=Ok([e2, 43, 00, 91]) insn=Some("Ok(DecodedInsn { mnemonic: ADD, cond: None, operands: [Reg(Register { num: 2, is_64bit: true, is_sp: false, kind: Gpr }), Reg(Register { num: 31, is_64bit: true, is_sp: true, kind: Sp }), Imm(Immediate { value: 16, shift: 0 })], sets_flags: false, raw: 2432713698, size: 4, state: Aarch64 })") registers=[2, 140000078, 100000, 1000, 1803c5a78, 5, 5, 0, 30, 1803c93c0, b, 0, 5, 0, 0, 20400000, a8397b1dcdaf, ffff57c6858e1b81, 7ffdd000, 1803c50c0, 7ffdf030, 10100, 140000078, 2, 2545f4914f6cdd1d, 10100, 0, 7ffdf000, abe980, abe940, 1800d47b8]
turn=12654 thread=8 PC=0x1800d48ec SP=0xabe840 bytes=Ok([e8, 13, 00, b9]) insn=Some("Ok(DecodedInsn { mnemonic: STR, cond: None, operands: [Reg(Register { num: 8, is_64bit: false, is_sp: false, kind: Gpr }), Mem(MemOperand { base: Register { num: 31, is_64bit: true, is_sp: true, kind: Sp }, offset: Imm(16), mode: Offset })], sets_flags: false, raw: 3103790056, size: 4, state: Aarch64 })") registers=[2, 140000078, abe850, 1000, 1803c5a78, 5, 5, 0, 30, 1803c93c0, b, 0, 5, 0, 0, 20400000, a8397b1dcdaf, ffff57c6858e1b81, 7ffdd000, 1803c50c0, 7ffdf030, 10100, 140000078, 2, 2545f4914f6cdd1d, 10100, 0, 7ffdf000, abe980, abe940, 1800d47b8]
turn=12655 thread=8 PC=0x1800d48f0 SP=0xabe840 bytes=Ok([21, 0f, 00, 18]) insn=Some("Ok(DecodedInsn { mnemonic: LDR, cond: None, operands: [Reg(Register { num: 1, is_64bit: false, is_sp: false, kind: Gpr }), Label(484)], sets_flags: false, raw: 402657057, size: 4, state: Aarch64 })") registers=[2, 140000078, abe850, 1000, 1803c5a78, 5, 5, 0, 30, 1803c93c0, b, 0, 5, 0, 0, 20400000, a8397b1dcdaf, ffff57c6858e1b81, 7ffdd000, 1803c50c0, 7ffdf030, 10100, 140000078, 2, 2545f4914f6cdd1d, 10100, 0, 7ffdf000, abe980, abe940, 1800d47b8]
turn=12656 thread=8 PC=0x1800d48f4 SP=0xabe840 bytes=Ok([ff, a7, 01, a9]) insn=Some("Ok(DecodedInsn { mnemonic: STP, cond: None, operands: [Reg(Register { num: 31, is_64bit: true, is_sp: false, kind: Gpr }), Reg(Register { num: 9, is_64bit: true, is_sp: false, kind: Gpr }), Mem(MemOperand { base: Register { num: 31, is_64bit: true, is_sp: true, kind: Sp }, offset: Imm(24), mode: Offset })], sets_flags: false, raw: 2835458047, size: 4, state: Aarch64 })") registers=[2, 1f0003, abe850, 1000, 1803c5a78, 5, 5, 0, 30, 1803c93c0, b, 0, 5, 0, 0, 20400000, a8397b1dcdaf, ffff57c6858e1b81, 7ffdd000, 1803c50c0, 7ffdf030, 10100, 140000078, 2, 2545f4914f6cdd1d, 10100, 0, 7ffdf000, abe980, abe940, 1800d47b8]
turn=12657 thread=8 PC=0x1800d48f8 SP=0xabe840 bytes=Ok([e0, 03, 00, 91]) insn=Some("Ok(DecodedInsn { mnemonic: MOV, cond: None, operands: [Reg(Register { num: 0, is_64bit: true, is_sp: false, kind: Gpr }), Reg(Register { num: 31, is_64bit: true, is_sp: true, kind: Sp })], sets_flags: false, raw: 2432697312, size: 4, state: Aarch64 })") registers=[2, 1f0003, abe850, 1000, 1803c5a78, 5, 5, 0, 30, 1803c93c0, b, 0, 5, 0, 0, 20400000, a8397b1dcdaf, ffff57c6858e1b81, 7ffdd000, 1803c50c0, 7ffdf030, 10100, 140000078, 2, 2545f4914f6cdd1d, 10100, 0, 7ffdf000, abe980, abe940, 1800d47b8]
turn=12658 thread=8 PC=0x1800d48fc SP=0xabe840 bytes=Ok([ff, 7f, 03, a9]) insn=Some("Ok(DecodedInsn { mnemonic: STP, cond: None, operands: [Reg(Register { num: 31, is_64bit: true, is_sp: false, kind: Gpr }), Reg(Register { num: 31, is_64bit: true, is_sp: false, kind: Gpr }), Mem(MemOperand { base: Register { num: 31, is_64bit: true, is_sp: true, kind: Sp }, offset: Imm(48), mode: Offset })], sets_flags: false, raw: 2835578879, size: 4, state: Aarch64 })") registers=[abe840, 1f0003, abe850, 1000, 1803c5a78, 5, 5, 0, 30, 1803c93c0, b, 0, 5, 0, 0, 20400000, a8397b1dcdaf, ffff57c6858e1b81, 7ffdd000, 1803c50c0, 7ffdf030, 10100, 140000078, 2, 2545f4914f6cdd1d, 10100, 0, 7ffdf000, abe980, abe940, 1800d47b8]
turn=12659 thread=8 PC=0x1800d4900 SP=0xabe840 bytes=Ok([94, b6, fc, 97]) insn=Some("Ok(DecodedInsn { mnemonic: BL, cond: None, operands: [Label(-861616)], sets_flags: false, raw: 2549921428, size: 4, state: Aarch64 })") registers=[abe840, 1f0003, abe850, 1000, 1803c5a78, 5, 5, 0, 30, 1803c93c0, b, 0, 5, 0, 0, 20400000, a8397b1dcdaf, ffff57c6858e1b81, 7ffdd000, 1803c50c0, 7ffdf030, 10100, 140000078, 2, 2545f4914f6cdd1d, 10100, 0, 7ffdf000, abe980, abe940, 1800d47b8]
turn=12660 thread=8 PC=0x180002350 SP=0xabe840 bytes=Ok([21, 26, 00, d4]) insn=Some("Ok(DecodedInsn { mnemonic: SVC, cond: None, operands: [Imm(Immediate { value: 305, shift: 0 })], sets_flags: false, raw: 3556779553, size: 4, state: Aarch64 })") registers=[abe840, 1f0003, abe850, 1000, 1803c5a78, 5, 5, 0, 30, 1803c93c0, b, 0, 5, 0, 0, 20400000, a8397b1dcdaf, ffff57c6858e1b81, 7ffdd000, 1803c50c0, 7ffdf030, 10100, 140000078, 2, 2545f4914f6cdd1d, 10100, 0, 7ffdf000, abe980, abe940, 1800d4904]
terminal turn=12660 Complete(Internal("native NTDLL service NtOpenPartition (0x131) at 0x180002350 is not implemented"))
