**********************************************************************
** Visual Studio 2026 Developer PowerShell v18.7.1
** Copyright (c) 2026 Microsoft Corporation
**********************************************************************
pointer=8 get=1 ACP=1252 OEMCP=437
matrix type=11 data=0 status=C0000034 exception=00000000 out=00000000A5A5A5A5 size=2779096485
matrix type=11 data=1 status=C0000034 exception=00000000 out=00000000A5A5A5A5 size=2779096485
matrix type=11 data=2 status=C0000034 exception=00000000 out=00000000A5A5A5A5 size=2779096485
matrix type=11 data=3 status=C0000034 exception=00000000 out=00000000A5A5A5A5 size=2779096485
matrix type=11 data=4 status=C0000034 exception=00000000 out=00000000A5A5A5A5 size=2779096485
matrix type=11 data=5 status=C0000034 exception=00000000 out=00000000A5A5A5A5 size=2779096485
matrix type=11 data=6 status=C0000034 exception=00000000 out=00000000A5A5A5A5 size=2779096485
matrix type=11 data=13 status=C0000034 exception=00000000 out=00000000A5A5A5A5 size=2779096485
matrix type=11 data=14 status=C0000034 exception=00000000 out=00000000A5A5A5A5 size=2779096485
matrix type=11 data=257 status=C0000034 exception=00000000 out=00000000A5A5A5A5 size=2779096485
matrix type=11 data=258 status=C0000034 exception=00000000 out=00000000A5A5A5A5 size=2779096485
matrix type=11 data=261 status=C0000034 exception=00000000 out=00000000A5A5A5A5 size=2779096485
matrix type=11 data=262 status=C0000034 exception=00000000 out=00000000A5A5A5A5 size=2779096485
matrix type=11 data=269 status=C0000034 exception=00000000 out=00000000A5A5A5A5 size=2779096485
matrix type=11 data=437 status=00000000 exception=00000000 out=0000020C1E050000 size=69632 region=69632 protect=00000002 memtype=00040000 hash=88B6E65A bytes=0D00B50101003F003F003F003F00000000000000000000000000030200000100020003000400050006000700080009000A000B000C000D000E000F0010001100 path=\Device\HarddiskVolume3\Windows\System32\C_437.NLS
matrix type=11 data=1252 status=00000000 exception=00000000 out=0000020C1E050000 size=69632 region=69632 protect=00000002 memtype=00040000 hash=C10F92AC bytes=0D00E40401003F003F003F003F00000000000000000000000000030100000100020003000400050006000700080009000A000B000C000D000E000F0010001100 path=\Device\HarddiskVolume3\Windows\System32\C_1252.NLS
matrix type=11 data=65001 status=C0000034 exception=00000000 out=00000000A5A5A5A5 size=2779096485
matrix type=11 data=4294967295 status=C0000034 exception=00000000 out=00000000A5A5A5A5 size=2779096485
matrix type=12 data=0 status=C0000034 exception=00000000 out=00000000A5A5A5A5 size=2779096485
matrix type=12 data=1 status=00000000 exception=00000000 out=0000020C1E050000 size=57344 region=57344 protect=00000002 memtype=00040000 hash=A8067178 bytes=6E006F0072006D006E00660063002E006E006C007000000000004531454574730B00000000000000010003000003B103FE00010022003F003F117F4530494457 path=\Device\HarddiskVolume3\Windows\System32\normnfc.nls
matrix type=12 data=2 status=00000000 exception=00000000 out=0000020C1E050000 size=53248 region=53248 protect=00000002 memtype=00040000 hash=6373377A bytes=6E006F0072006D006E00660064002E006E006C007000000000006174496B694E0B0000000000000002000300C000B0030000010022003F003F11FF44AF485B56 path=\Device\HarddiskVolume3\Windows\System32\normnfd.nls
matrix type=12 data=3 status=C0000034 exception=00000000 out=00000000A5A5A5A5 size=2779096485
matrix type=12 data=4 status=C0000034 exception=00000000 out=00000000A5A5A5A5 size=2779096485
matrix type=12 data=5 status=00000000 exception=00000000 out=0000020C1E050000 size=81920 region=81920 protect=00000002 memtype=00040000 hash=7F75FC4E bytes=6E006F0072006D006E0066006B0063002E006E006C0070000000A94172414CA90B0000000000000005001200A000B003FE00010022003F003F113F47EF4AA577 path=\Device\HarddiskVolume3\Windows\System32\normnfkc.nls
matrix type=12 data=6 status=00000000 exception=00000000 out=0000020C1E050000 size=73728 region=73728 protect=00000002 memtype=00040000 hash=28CF66C2 bytes=6E006F0072006D006E0066006B0064002E006E006C00700000005355497261440B0000000000000006001200A000B0030000010022003F003F11FF46AF4A6577 path=\Device\HarddiskVolume3\Windows\System32\normnfkd.nls
matrix type=12 data=13 status=00000000 exception=00000000 out=0000020C1E050000 size=81920 region=81920 protect=00000002 memtype=00040000 hash=AC01C606 bytes=6E006F0072006D00690064006E0061002E006E006C00700000002AD177C368DF0B000000000000000D0012000000B003FE00000022003E003E11FE48AE4C9681 path=\Device\HarddiskVolume3\Windows\System32\normidna.nls
matrix type=12 data=14 status=C0000034 exception=00000000 out=00000000A5A5A5A5 size=2779096485
matrix type=12 data=257 status=C0000034 exception=00000000 out=00000000A5A5A5A5 size=2779096485
matrix type=12 data=258 status=C0000034 exception=00000000 out=00000000A5A5A5A5 size=2779096485
matrix type=12 data=261 status=C0000034 exception=00000000 out=00000000A5A5A5A5 size=2779096485
matrix type=12 data=262 status=C0000034 exception=00000000 out=00000000A5A5A5A5 size=2779096485
matrix type=12 data=269 status=C0000034 exception=00000000 out=00000000A5A5A5A5 size=2779096485
matrix type=12 data=437 status=C0000034 exception=00000000 out=00000000A5A5A5A5 size=2779096485
matrix type=12 data=1252 status=C0000034 exception=00000000 out=00000000A5A5A5A5 size=2779096485
matrix type=12 data=65001 status=C0000034 exception=00000000 out=00000000A5A5A5A5 size=2779096485
matrix type=12 data=4294967295 status=C0000034 exception=00000000 out=00000000A5A5A5A5 size=2779096485
matrix type=14 data=0 status=00000000 exception=00000000 out=0000020C1E050000 size=12288 region=12288 protect=00000002 memtype=00040000 hash=7F349264 bytes=0100F109100120013001400150016001000100010001000100010001000100010001000100010001000100010001000100010001000100010001000100017001 path=\Device\HarddiskVolume3\Windows\System32\l_intl.nls
matrix type=14 data=1 status=00000000 exception=00000000 out=0000020C1E050000 size=12288 region=12288 protect=00000002 memtype=00040000 hash=7F349264 bytes=0100F109100120013001400150016001000100010001000100010001000100010001000100010001000100010001000100010001000100010001000100017001 path=\Device\HarddiskVolume3\Windows\System32\l_intl.nls
matrix type=14 data=2 status=00000000 exception=00000000 out=0000020C1E050000 size=12288 region=12288 protect=00000002 memtype=00040000 hash=7F349264 bytes=0100F109100120013001400150016001000100010001000100010001000100010001000100010001000100010001000100010001000100010001000100017001 path=\Device\HarddiskVolume3\Windows\System32\l_intl.nls
matrix type=14 data=3 status=00000000 exception=00000000 out=0000020C1E050000 size=12288 region=12288 protect=00000002 memtype=00040000 hash=7F349264 bytes=0100F109100120013001400150016001000100010001000100010001000100010001000100010001000100010001000100010001000100010001000100017001 path=\Device\HarddiskVolume3\Windows\System32\l_intl.nls
matrix type=14 data=4 status=00000000 exception=00000000 out=0000020C1E050000 size=12288 region=12288 protect=00000002 memtype=00040000 hash=7F349264 bytes=0100F109100120013001400150016001000100010001000100010001000100010001000100010001000100010001000100010001000100010001000100017001 path=\Device\HarddiskVolume3\Windows\System32\l_intl.nls
matrix type=14 data=5 status=00000000 exception=00000000 out=0000020C1E050000 size=12288 region=12288 protect=00000002 memtype=00040000 hash=7F349264 bytes=0100F109100120013001400150016001000100010001000100010001000100010001000100010001000100010001000100010001000100010001000100017001 path=\Device\HarddiskVolume3\Windows\System32\l_intl.nls
matrix type=14 data=6 status=00000000 exception=00000000 out=0000020C1E050000 size=12288 region=12288 protect=00000002 memtype=00040000 hash=7F349264 bytes=0100F109100120013001400150016001000100010001000100010001000100010001000100010001000100010001000100010001000100010001000100017001 path=\Device\HarddiskVolume3\Windows\System32\l_intl.nls
matrix type=14 data=13 status=00000000 exception=00000000 out=0000020C1E050000 size=12288 region=12288 protect=00000002 memtype=00040000 hash=7F349264 bytes=0100F109100120013001400150016001000100010001000100010001000100010001000100010001000100010001000100010001000100010001000100017001 path=\Device\HarddiskVolume3\Windows\System32\l_intl.nls
matrix type=14 data=14 status=00000000 exception=00000000 out=0000020C1E050000 size=12288 region=12288 protect=00000002 memtype=00040000 hash=7F349264 bytes=0100F109100120013001400150016001000100010001000100010001000100010001000100010001000100010001000100010001000100010001000100017001 path=\Device\HarddiskVolume3\Windows\System32\l_intl.nls
matrix type=14 data=257 status=00000000 exception=00000000 out=0000020C1E050000 size=12288 region=12288 protect=00000002 memtype=00040000 hash=7F349264 bytes=0100F109100120013001400150016001000100010001000100010001000100010001000100010001000100010001000100010001000100010001000100017001 path=\Device\HarddiskVolume3\Windows\System32\l_intl.nls
matrix type=14 data=258 status=00000000 exception=00000000 out=0000020C1E050000 size=12288 region=12288 protect=00000002 memtype=00040000 hash=7F349264 bytes=0100F109100120013001400150016001000100010001000100010001000100010001000100010001000100010001000100010001000100010001000100017001 path=\Device\HarddiskVolume3\Windows\System32\l_intl.nls
matrix type=14 data=261 status=00000000 exception=00000000 out=0000020C1E050000 size=12288 region=12288 protect=00000002 memtype=00040000 hash=7F349264 bytes=0100F109100120013001400150016001000100010001000100010001000100010001000100010001000100010001000100010001000100010001000100017001 path=\Device\HarddiskVolume3\Windows\System32\l_intl.nls
matrix type=14 data=262 status=00000000 exception=00000000 out=0000020C1E050000 size=12288 region=12288 protect=00000002 memtype=00040000 hash=7F349264 bytes=0100F109100120013001400150016001000100010001000100010001000100010001000100010001000100010001000100010001000100010001000100017001 path=\Device\HarddiskVolume3\Windows\System32\l_intl.nls
matrix type=14 data=269 status=00000000 exception=00000000 out=0000020C1E050000 size=12288 region=12288 protect=00000002 memtype=00040000 hash=7F349264 bytes=0100F109100120013001400150016001000100010001000100010001000100010001000100010001000100010001000100010001000100010001000100017001 path=\Device\HarddiskVolume3\Windows\System32\l_intl.nls
matrix type=14 data=437 status=00000000 exception=00000000 out=0000020C1E050000 size=12288 region=12288 protect=00000002 memtype=00040000 hash=7F349264 bytes=0100F109100120013001400150016001000100010001000100010001000100010001000100010001000100010001000100010001000100010001000100017001 path=\Device\HarddiskVolume3\Windows\System32\l_intl.nls
matrix type=14 data=1252 status=00000000 exception=00000000 out=0000020C1E050000 size=12288 region=12288 protect=00000002 memtype=00040000 hash=7F349264 bytes=0100F109100120013001400150016001000100010001000100010001000100010001000100010001000100010001000100010001000100010001000100017001 path=\Device\HarddiskVolume3\Windows\System32\l_intl.nls
matrix type=14 data=65001 status=00000000 exception=00000000 out=0000020C1E050000 size=12288 region=12288 protect=00000002 memtype=00040000 hash=7F349264 bytes=0100F109100120013001400150016001000100010001000100010001000100010001000100010001000100010001000100010001000100010001000100017001 path=\Device\HarddiskVolume3\Windows\System32\l_intl.nls
matrix type=14 data=4294967295 status=00000000 exception=00000000 out=0000020C1E050000 size=12288 region=12288 protect=00000002 memtype=00040000 hash=7F349264 bytes=0100F109100120013001400150016001000100010001000100010001000100010001000100010001000100010001000100010001000100010001000100017001 path=\Device\HarddiskVolume3\Windows\System32\l_intl.nls
second_guard=0 fault role=0 type=11 data=1252 status=00000000 exception=00000000 guard=0 bytes=0000061E0C020000A5A5A5A5A5A5A5A5A5A5A5A5A5A5A5A5A5A5A5A5A5A5A5A5A5A5A5A5A5A5A5A5A5A5A5A5A5A5A5A5A5A5A5A5A5A5A5A5A5A5A5A5A5A5A5A50010010000000000A5A5A5A5A5A5A5A5
second_guard=0 fault role=1 type=11 data=1252 status=00000000 exception=00000000 guard=0 bytes=0000061E0C020000A5A5A5A5A5A5A5A5A5A5A5A5A5A5A5A5A5A5A5A5A5A5A5A5A5A5A5A5A5A5A5A5A5A5A5A5A5A5A5A5A5A5A5A5A5A5A5A5A5A5A5A5A5A5A5A5A5A5A5A5A5A5A5A5A5A5A5A5A5A5A5A5
second_guard=0 fault role=2 type=11 data=1252 status=C000000D exception=00000000 guard=0 bytes=A5A5A5A5A5A5A5A5A5A5A5A5A5A5A5A5A5A5A5A5A5A5A5A5A5A5A5A5A5A5A5A5A5A5A5A5A5A5A5A5A5A5A5A5A5A5A5A5A5A5A5A5A5A5A5A5A5A5A5A5A5A5A5A5A5A5A5A5A5A5A5A5A5A5A5A5A5A5A5A5
second_guard=0 fault role=3 type=11 data=1252 status=C0000005 exception=00000000 guard=0 bytes=A5A5A5A5A5A5A5A5A5A5A5A5A5A5A5A5A5A5A5A5A5A5A5A5A5A5A5A5A5A5A5A5A5A5A5A5A5A5A5A5A5A5A5A5A5A5A5A5A5A5A5A5A5A5A5A5A5A5A5A5A5A5A5A5A5A5A5A5A5A5A5A5A5A5A5A5A5A5A5A5
second_guard=0 fault role=4 type=11 data=1252 status=C0000005 exception=00000000 guard=0 bytes=A5A5A5A5A5A5A5A5A5A5A5A5A5A5A5A5A5A5A5A5A5A5A5A5A5A5A5A5A5A5A5A5A5A5A5A5A5A5A5A5A5A5A5A5A5A5A5A5A5A5A5A5A5A5A5A5A5A5A5A5A5A5A5A5A5A5A5A5A5A5A5A5A5A5A5A5A5A5A5A5
second_guard=0 fault role=5 type=11 data=1252 status=00000000 exception=00000000 guard=0 bytes=A50000061E0C020000A5A5A5A5A5A5A5A5A5A5A5A5A5A5A5A5A5A5A5A5A5A5A5A5A5A5A5A5A5A5A5A5A5A5A5A5A5A5A5A5A5A5A5A5A5A5A5A5A5A5A5A5A5A5A50010010000000000A5A5A5A5A5A5A5A5
second_guard=0 fault role=6 type=11 data=1252 status=00000000 exception=00000000 guard=0 bytes=0000061E0C020000A5A5A5A5A5A5A5A5A5A5A5A5A5A5A5A5A5A5A5A5A5A5A5A5A5A5A5A5A5A5A5A5A5A5A5A5A5A5A5A5A5A5A5A5A5A5A5A5A5A5A5A5A5A5A5A5A50010010000000000A5A5A5A5A5A5A5
second_guard=0 fault role=7 type=11 data=1252 status=C0000005 exception=00000000 guard=0 bytes=A5A5A5A5A5A5A5A5A5A5A5A5A5A5A5A5A5A5A5A5A5A5A5A5A5A5A5A5A5A5A5A5A5A5A5A5A5A5A5A5A5A5A5A5A5A5A5A5A5A5A5A5A5A5A5A5A5A5A5A5A5A5A5A5A5A5A5A5A5A5A5A5A5A5A5A5A5A5A5A5
second_guard=0 fault role=8 type=11 data=1252 status=C0000005 exception=00000000 guard=0 bytes=A5A5A5A5A5A5A5A5A5A5A5A5A5A5A5A5A5A5A5A5A5A5A5A5A5A5A5A5A5A5A5A5A5A5A5A5A5A5A5A5A5A5A5A5A5A5A5A5A5A5A5A5A5A5A5A5A5A5A5A5A5A5A5A5A5A5A5A5A5A5A5A5A5A5A5A5A5A5A5A5
second_guard=0 fault role=9 type=11 data=1252 status=C0000005 exception=00000000 guard=0 bytes=A5A5A5A5A5A5A5A5A5A5A5A5A5A5A5A5A5A5A5A5A5A5A5A5A5A5A5A5A5A5A5A5A5A5A5A5A5A5A5A5A5A5A5A5A5A5A5A5A5A5A5A5A5A5A5A5A5A5A5A5A5A5A5A5A5A5A5A5A5A5A5A5A5A5A5A5A5A5A5A5
second_guard=0 fault role=10 type=11 data=1252 status=80000001 exception=00000000 guard=0 bytes=A5A5A5A5A5A5A5A5A5A5A5A5A5A5A5A5A5A5A5A5A5A5A5A5A5A5A5A5A5A5A5A5A5A5A5A5A5A5A5A5A5A5A5A5A5A5A5A5A5A5A5A5A5A5A5A5A5A5A5A5A5A5A5A5A5A5A5A5A5A5A5A5A5A5A5A5A5A5A5A5
second_guard=0 fault role=11 type=11 data=1252 status=80000001 exception=00000000 guard=0 bytes=A5A5A5A5A5A5A5A5A5A5A5A5A5A5A5A5A5A5A5A5A5A5A5A5A5A5A5A5A5A5A5A5A5A5A5A5A5A5A5A5A5A5A5A5A5A5A5A5A5A5A5A5A5A5A5A5A5A5A5A5A5A5A5A5A5A5A5A5A5A5A5A5A5A5A5A5A5A5A5A5
second_guard=0 fault role=12 type=11 data=1252 status=C0000005 exception=00000000 guard=0 bytes=A5A5A5A5A5A5A5A5A5A5A5A5A5A5A5A5A5A5A5A5A5A5A5A5A5A5A5A5A5A5A5A5A5A5A5A5A5A5A5A5A5A5A5A5A5A5A5A5A5A5A5A5A5A5A5A5A5A5A5A5A5A5A5A5A5A5A5A5A5A5A5A5A5A5A5A5A5A5A5A5
second_guard=0 fault role=13 type=11 data=1252 status=80000001 exception=00000000 guard=0 bytes=A5A5A5A5A5A5A5A5A5A5A5A5A5A5A5A5A5A5A5A5A5A5A5A5A5A5A5A5A5A5A5A5A5A5A5A5A5A5A5A5A5A5A5A5A5A5A5A5A5A5A5A5A5A5A5A5A5A5A5A5A5A5A5A5A5A5A5A5A5A5A5A5A5A5A5A5A5A5A5A5
second_guard=0 fault role=14 type=11 data=1252 status=C000000D exception=00000000 guard=0 bytes=A5A5A5A5A5A5A5A5A5A5A5A5A5A5A5A5A5A5A5A5A5A5A5A5A5A5A5A5A5A5A5A5A5A5A5A5A5A5A5A5A5A5A5A5A5A5A5A5A5A5A5A5A5A5A5A5A5A5A5A5A5A5A5A5A5A5A5A5A5A5A5A5A5A5A5A5A5A5A5A5
second_guard=0 fault role=15 type=0 data=1252 status=C000000D exception=00000000 guard=0 bytes=A5A5A5A5A5A5A5A5A5A5A5A5A5A5A5A5A5A5A5A5A5A5A5A5A5A5A5A5A5A5A5A5A5A5A5A5A5A5A5A5A5A5A5A5A5A5A5A5A5A5A5A5A5A5A5A5A5A5A5A5A5A5A5A5A5A5A5A5A5A5A5A5A5A5A5A5A5A5A5A5
second_guard=0 fault role=16 type=0 data=1252 status=C0000005 exception=00000000 guard=0 bytes=A5A5A5A5A5A5A5A5A5A5A5A5A5A5A5A5A5A5A5A5A5A5A5A5A5A5A5A5A5A5A5A5A5A5A5A5A5A5A5A5A5A5A5A5A5A5A5A5A5A5A5A5A5A5A5A5A5A5A5A5A5A5A5A5A5A5A5A5A5A5A5A5A5A5A5A5A5A5A5A5
second_guard=0 fault role=17 type=11 data=4294967295 status=C000000D exception=00000000 guard=0 bytes=A5A5A5A5A5A5A5A5A5A5A5A5A5A5A5A5A5A5A5A5A5A5A5A5A5A5A5A5A5A5A5A5A5A5A5A5A5A5A5A5A5A5A5A5A5A5A5A5A5A5A5A5A5A5A5A5A5A5A5A5A5A5A5A5A5A5A5A5A5A5A5A5A5A5A5A5A5A5A5A5
second_guard=0 fault role=18 type=11 data=4294967295 status=C0000005 exception=00000000 guard=0 bytes=A5A5A5A5A5A5A5A5A5A5A5A5A5A5A5A5A5A5A5A5A5A5A5A5A5A5A5A5A5A5A5A5A5A5A5A5A5A5A5A5A5A5A5A5A5A5A5A5A5A5A5A5A5A5A5A5A5A5A5A5A5A5A5A5A5A5A5A5A5A5A5A5A5A5A5A5A5A5A5A5
second_guard=0 fault role=19 type=11 data=1252 status=00000000 exception=00000000 guard=0 bytes=0010010000000000A5A5A5A5A5A5A5A5A5A5A5A5A5A5A5A5A5A5A5A5A5A5A5A5A5A5A5A5A5A5A5A5A5A5A5A5A5A5A5A5A5A5A5A5A5A5A5A5A5A5A5A5A5A5A5A5A5A5A5A5A5A5A5A5A5A5A5A5A5A5A5A5
second_guard=0 fault role=20 type=11 data=1252 status=00000000 exception=00000000 guard=0 bytes=0000081E0010010000000000A5A5A5A5A5A5A5A5A5A5A5A5A5A5A5A5A5A5A5A5A5A5A5A5A5A5A5A5A5A5A5A5A5A5A5A5A5A5A5A5A5A5A5A5A5A5A5A5A5A5A5A5A5A5A5A5A5A5A5A5A5A5A5A5A5A5A5A5
second_guard=0 fault role=21 type=11 data=1252 status=C0000005 exception=00000000 guard=0 bytes=A5A5A5A5A5A5A5A5A5A5A5A5A5A5A5A5A5A5A5A5A5A5A5A5A5A5A5A5A5A5A5A5A5A5A5A5A5A5A5A5A5A5A5A5A5A5A5A5A5A5A5A5A5A5A5A5A5A5A5A5A5A5A5A5A5A5A5A5A5A5A5A5A5A5A5A5A5A5A5A5
second_guard=0 fault role=22 type=11 data=1252 status=C0000005 exception=00000000 guard=0 bytes=A5A5A5A5A5A5A5A5A5A5A5A5A5A5A5A5A5A5A5A5A5A5A5A5A5A5A5A5A5A5A5A5A5A5A5A5A5A5A5A5A5A5A5A5A5A5A5A5A5A5A5A5A5A5A5A5A5A5A5A5A5A5A5A5A5A5A5A5A5A5A5A5A5A5A5A5A5A5A5A5
second_guard=0 fault role=23 type=10 data=0 status=C00000EF exception=00000000 guard=0 bytes=A5A5A5A5A5A5A5A5A5A5A5A5A5A5A5A5A5A5A5A5A5A5A5A5A5A5A5A5A5A5A5A5A5A5A5A5A5A5A5A5A5A5A5A5A5A5A5A5A5A5A5A5A5A5A5A5A5A5A5A5A5A5A5A5A5A5A5A5A5A5A5A5A5A5A5A5A5A5A5A5
second_guard=0 fault role=24 type=9 data=0 status=C00000EF exception=00000000 guard=0 bytes=A5A5A5A5A5A5A5A5A5A5A5A5A5A5A5A5A5A5A5A5A5A5A5A5A5A5A5A5A5A5A5A5A5A5A5A5A5A5A5A5A5A5A5A5A5A5A5A5A5A5A5A5A5A5A5A5A5A5A5A5A5A5A5A5A5A5A5A5A5A5A5A5A5A5A5A5A5A5A5A5
second_guard=0 fault role=25 type=12 data=0 status=C0000034 exception=00000000 guard=0 bytes=A5A5A5A5A5A5A5A5A5A5A5A5A5A5A5A5A5A5A5A5A5A5A5A5A5A5A5A5A5A5A5A5A5A5A5A5A5A5A5A5A5A5A5A5A5A5A5A5A5A5A5A5A5A5A5A5A5A5A5A5A5A5A5A5A5A5A5A5A5A5A5A5A5A5A5A5A5A5A5A5
second_guard=0 fault role=26 type=11 data=0 status=C0000034 exception=00000000 guard=0 bytes=A5A5A5A5A5A5A5A5A5A5A5A5A5A5A5A5A5A5A5A5A5A5A5A5A5A5A5A5A5A5A5A5A5A5A5A5A5A5A5A5A5A5A5A5A5A5A5A5A5A5A5A5A5A5A5A5A5A5A5A5A5A5A5A5A5A5A5A5A5A5A5A5A5A5A5A5A5A5A5A5
second_guard=0 fault role=27 type=11 data=65535 status=C0000034 exception=00000000 guard=0 bytes=A5A5A5A5A5A5A5A5A5A5A5A5A5A5A5A5A5A5A5A5A5A5A5A5A5A5A5A5A5A5A5A5A5A5A5A5A5A5A5A5A5A5A5A5A5A5A5A5A5A5A5A5A5A5A5A5A5A5A5A5A5A5A5A5A5A5A5A5A5A5A5A5A5A5A5A5A5A5A5A5
second_guard=0 fault role=28 type=11 data=1252 status=C00000F1 exception=00000000 guard=0 bytes=A5A5A5A5A5A5A5A5A5A5A5A5A5A5A5A5A5A5A5A5A5A5A5A5A5A5A5A5A5A5A5A5A5A5A5A5A5A5A5A5A5A5A5A5A5A5A5A5A5A5A5A5A5A5A5A5A5A5A5A5A5A5A5A5A5A5A5A5A5A5A5A5A5A5A5A5A5A5A5A5
second_guard=0 fault role=29 type=11 data=1252 status=C00000F1 exception=00000000 guard=0 bytes=A5A5A5A5A5A5A5A5A5A5A5A5A5A5A5A5A5A5A5A5A5A5A5A5A5A5A5A5A5A5A5A5A5A5A5A5A5A5A5A5A5A5A5A5A5A5A5A5A5A5A5A5A5A5A5A5A5A5A5A5A5A5A5A5A5A5A5A5A5A5A5A5A5A5A5A5A5A5A5A5
second_guard=0 fault role=30 type=11 data=1252 status=C0000005 exception=00000000 guard=0 bytes=A5A5A5A5A5A5A5A5A5A5A5A5A5A5A5A5A5A5A5A5A5A5A5A5A5A5A5A5A5A5A5A5A5A5A5A5A5A5A5A5A5A5A5A5A5A5A5A5A5A5A5A5A5A5A5A5A5A5A5A5A5A5A5A5A5A5A5A5A5A5A5A5A5A5A5A5A5A5A5A5
second_guard=0 fault role=31 type=11 data=1252 status=C0000005 exception=00000000 guard=0 bytes=A5A5A5A5A5A5A5A5A5A5A5A5A5A5A5A5A5A5A5A5A5A5A5A5A5A5A5A5A5A5A5A5A5A5A5A5A5A5A5A5A5A5A5A5A5A5A5A5A5A5A5A5A5A5A5A5A5A5A5A5A5A5A5A5A5A5A5A5A5A5A5A5A5A5A5A5A5A5A5A5
second_guard=0 fault role=32 type=11 data=1252 status=C00000F1 exception=00000000 guard=0 bytes=A5A5A5A5A5A5A5A5A5A5A5A5A5A5A5A5A5A5A5A5A5A5A5A5A5A5A5A5A5A5A5A5A5A5A5A5A5A5A5A5A5A5A5A5A5A5A5A5A5A5A5A5A5A5A5A5A5A5A5A5A5A5A5A5A5A5A5A5A5A5A5A5A5A5A5A5A5A5A5A5
second_guard=0 fault role=33 type=11 data=1252 status=C00000F1 exception=00000000 guard=0 bytes=A5A5A5A5A5A5A5A5A5A5A5A5A5A5A5A5A5A5A5A5A5A5A5A5A5A5A5A5A5A5A5A5A5A5A5A5A5A5A5A5A5A5A5A5A5A5A5A5A5A5A5A5A5A5A5A5A5A5A5A5A5A5A5A5A5A5A5A5A5A5A5A5A5A5A5A5A5A5A5A5
second_guard=0 fault role=34 type=0 data=1252 status=C0000005 exception=00000000 guard=0 bytes=A5A5A5A5A5A5A5A5A5A5A5A5A5A5A5A5A5A5A5A5A5A5A5A5A5A5A5A5A5A5A5A5A5A5A5A5A5A5A5A5A5A5A5A5A5A5A5A5A5A5A5A5A5A5A5A5A5A5A5A5A5A5A5A5A5A5A5A5A5A5A5A5A5A5A5A5A5A5A5A5
second_guard=0 fault role=35 type=0 data=1252 status=C0000005 exception=00000000 guard=0 bytes=A5A5A5A5A5A5A5A5A5A5A5A5A5A5A5A5A5A5A5A5A5A5A5A5A5A5A5A5A5A5A5A5A5A5A5A5A5A5A5A5A5A5A5A5A5A5A5A5A5A5A5A5A5A5A5A5A5A5A5A5A5A5A5A5A5A5A5A5A5A5A5A5A5A5A5A5A5A5A5A5
second_guard=0 fault role=36 type=0 data=1252 status=C0000005 exception=00000000 guard=0 bytes=A5A5A5A5A5A5A5A5A5A5A5A5A5A5A5A5A5A5A5A5A5A5A5A5A5A5A5A5A5A5A5A5A5A5A5A5A5A5A5A5A5A5A5A5A5A5A5A5A5A5A5A5A5A5A5A5A5A5A5A5A5A5A5A5A5A5A5A5A5A5A5A5A5A5A5A5A5A5A5A5
second_guard=0 fault role=37 type=11 data=1252 status=C000000D exception=00000000 guard=0 bytes=A5A5A5A5A5A5A5A5A5A5A5A5A5A5A5A5A5A5A5A5A5A5A5A5A5A5A5A5A5A5A5A5A5A5A5A5A5A5A5A5A5A5A5A5A5A5A5A5A5A5A5A5A5A5A5A5A5A5A5A5A5A5A5A5A5A5A5A5A5A5A5A5A5A5A5A5A5A5A5A5
second_guard=1 fault role=38 type=11 data=1252 status=80000001 exception=00000000 guard=0 bytes=A5A5A5A5A5A5A5A5A5A5A5A5A5A5A5A5A5A5A5A5A5A5A5A5A5A5A5A5A5A5A5A5A5A5A5A5A5A5A5A5A5A5A5A5A5A5A5A5A5A5A5A5A5A5A5A5A5A5A5A5A5A5A5A5A5A5A5A5A5A5A5A5A5A5A5A5A5A5A5A5
second_guard=1 fault role=39 type=11 data=1252 status=80000001 exception=00000000 guard=0 bytes=A5A5A5A5A5A5A5A5A5A5A5A5A5A5A5A5A5A5A5A5A5A5A5A5A5A5A5A5A5A5A5A5A5A5A5A5A5A5A5A5A5A5A5A5A5A5A5A5A5A5A5A5A5A5A5A5A5A5A5A5A5A5A5A5A5A5A5A5A5A5A5A5A5A5A5A5A5A5A5A5
second_guard=0 fault role=40 type=11 data=1252 status=80000001 exception=00000000 guard=1 bytes=A5A5A5A5A5A5A5A5A5A5A5A5A5A5A5A5A5A5A5A5A5A5A5A5A5A5A5A5A5A5A5A5A5A5A5A5A5A5A5A5A5A5A5A5A5A5A5A5A5A5A5A5A5A5A5A5A5A5A5A5A5A5A5A5A5A5A5A5A5A5A5A5A5A5A5A5A5A5A5A5
second_guard=0 fault role=41 type=0 data=1252 status=80000001 exception=00000000 guard=0 bytes=A5A5A5A5A5A5A5A5A5A5A5A5A5A5A5A5A5A5A5A5A5A5A5A5A5A5A5A5A5A5A5A5A5A5A5A5A5A5A5A5A5A5A5A5A5A5A5A5A5A5A5A5A5A5A5A5A5A5A5A5A5A5A5A5A5A5A5A5A5A5A5A5A5A5A5A5A5A5A5A5
second_guard=0 fault role=42 type=0 data=1252 status=80000001 exception=00000000 guard=0 bytes=A5A5A5A5A5A5A5A5A5A5A5A5A5A5A5A5A5A5A5A5A5A5A5A5A5A5A5A5A5A5A5A5A5A5A5A5A5A5A5A5A5A5A5A5A5A5A5A5A5A5A5A5A5A5A5A5A5A5A5A5A5A5A5A5A5A5A5A5A5A5A5A5A5A5A5A5A5A5A5A5
second_guard=0 fault role=43 type=0 data=1252 status=80000001 exception=00000000 guard=0 bytes=A5A5A5A5A5A5A5A5A5A5A5A5A5A5A5A5A5A5A5A5A5A5A5A5A5A5A5A5A5A5A5A5A5A5A5A5A5A5A5A5A5A5A5A5A5A5A5A5A5A5A5A5A5A5A5A5A5A5A5A5A5A5A5A5A5A5A5A5A5A5A5A5A5A5A5A5A5A5A5A5
second_guard=0 fault role=44 type=0 data=1252 status=C00000EF exception=00000000 guard=0 bytes=A5A5A5A5A5A5A5A5A5A5A5A5A5A5A5A5A5A5A5A5A5A5A5A5A5A5A5A5A5A5A5A5A5A5A5A5A5A5A5A5A5A5A5A5A5A5A5A5A5A5A5A5A5A5A5A5A5A5A5A5A5A5A5A5A5A5A5A5A5A5A5A5A5A5A5A5A5A5A5A5
second_guard=0 fault role=45 type=11 data=1252 status=C00000F1 exception=00000000 guard=0 bytes=A5A5A5A5A5A5A5A5A5A5A5A5A5A5A5A5A5A5A5A5A5A5A5A5A5A5A5A5A5A5A5A5A5A5A5A5A5A5A5A5A5A5A5A5A5A5A5A5A5A5A5A5A5A5A5A5A5A5A5A5A5A5A5A5A5A5A5A5A5A5A5A5A5A5A5A5A5A5A5A5
second_guard=0 fault role=46 type=0 data=1252 status=C00000F1 exception=00000000 guard=0 bytes=A5A5A5A5A5A5A5A5A5A5A5A5A5A5A5A5A5A5A5A5A5A5A5A5A5A5A5A5A5A5A5A5A5A5A5A5A5A5A5A5A5A5A5A5A5A5A5A5A5A5A5A5A5A5A5A5A5A5A5A5A5A5A5A5A5A5A5A5A5A5A5A5A5A5A5A5A5A5A5A5
second_guard=0 fault role=47 type=11 data=4294967295 status=C00000F1 exception=00000000 guard=0 bytes=A5A5A5A5A5A5A5A5A5A5A5A5A5A5A5A5A5A5A5A5A5A5A5A5A5A5A5A5A5A5A5A5A5A5A5A5A5A5A5A5A5A5A5A5A5A5A5A5A5A5A5A5A5A5A5A5A5A5A5A5A5A5A5A5A5A5A5A5A5A5A5A5A5A5A5A5A5A5A5A5
second_guard=0 fault role=48 type=0 data=1252 status=C0000005 exception=00000000 guard=0 bytes=A5A5A5A5A5A5A5A5A5A5A5A5A5A5A5A5A5A5A5A5A5A5A5A5A5A5A5A5A5A5A5A5A5A5A5A5A5A5A5A5A5A5A5A5A5A5A5A5A5A5A5A5A5A5A5A5A5A5A5A5A5A5A5A5A5A5A5A5A5A5A5A5A5A5A5A5A5A5A5A5
second_guard=0 fault role=49 type=11 data=4294967295 status=80000001 exception=00000000 guard=0 bytes=A5A5A5A5A5A5A5A5A5A5A5A5A5A5A5A5A5A5A5A5A5A5A5A5A5A5A5A5A5A5A5A5A5A5A5A5A5A5A5A5A5A5A5A5A5A5A5A5A5A5A5A5A5A5A5A5A5A5A5A5A5A5A5A5A5A5A5A5A5A5A5A5A5A5A5A5A5A5A5A5
second_guard=0 fault role=50 type=11 data=1252 status=C0000005 exception=00000000 guard=0 bytes=A5A5A5A5A5A5A5A5A5A5A5A5A5A5A5A5A5A5A5A5A5A5A5A5A5A5A5A5A5A5A5A5A5A5A5A5A5A5A5A5A5A5A5A5A5A5A5A5A5A5A5A5A5A5A5A5A5A5A5A5A5A5A5A5A5A5A5A5A5A5A5A5A5A5A5A5A5A5A5A5
unmap role=0 ga=00000000 gb=00000000 distinct=1 first=00000000 again=C0000019 cleanup=00000000 size=69632
unmap role=1 ga=00000000 gb=00000000 distinct=1 first=00000000 again=C0000019 cleanup=00000000 size=69632
unmap role=2 ga=00000000 gb=00000000 distinct=1 first=00000000 again=C0000019 cleanup=00000000 size=69632
unmap role=3 ga=00000000 gb=00000000 distinct=1 first=C0000019 again=00000000 cleanup=00000000 size=69632
unmap role=4 ga=00000000 gb=00000000 distinct=1 first=C0000019 again=00000000 cleanup=00000000 size=69632
unmap role=5 ga=00000000 gb=00000000 distinct=1 first=C0000008 again=00000000 cleanup=00000000 size=69632
unmap role=6 ga=00000000 gb=00000000 distinct=1 first=C0000024 again=00000000 cleanup=00000000 size=69632
unmap role=7 ga=00000000 gb=00000000 distinct=1 first=C0000008 again=00000000 cleanup=00000000 size=69632
unmap role=8 ga=00000000 gb=00000000 distinct=1 first=C0000008 again=00000000 cleanup=00000000 size=69632
unmap role=9 ga=00000000 gb=00000000 distinct=1 first=C0000024 again=00000000 cleanup=00000000 size=69632
unmap role=10 ga=00000000 gb=00000000 distinct=1 first=C0000008 again=00000000 cleanup=00000000 size=69632
unmap role=11 ga=00000000 gb=00000000 distinct=1 first=C0000019 again=00000000 cleanup=00000000 size=69632
