**********************************************************************
** Visual Studio 2026 Developer PowerShell v18.7.1
** Copyright (c) 2026 Microsoft Corporation
**********************************************************************
pointer=8 get=1 ACP=1252 OEMCP=437
matrix type=0 data=0 status=C00000EF exception=00000000 out=00000000A5A5A5A5 size=2779096485
matrix type=0 data=1 status=C00000EF exception=00000000 out=00000000A5A5A5A5 size=2779096485
matrix type=0 data=437 status=C00000EF exception=00000000 out=00000000A5A5A5A5 size=2779096485
matrix type=0 data=1252 status=C00000EF exception=00000000 out=00000000A5A5A5A5 size=2779096485
matrix type=0 data=65001 status=C00000EF exception=00000000 out=00000000A5A5A5A5 size=2779096485
matrix type=0 data=65535 status=C00000EF exception=00000000 out=00000000A5A5A5A5 size=2779096485
matrix type=0 data=4294967295 status=C00000EF exception=00000000 out=00000000A5A5A5A5 size=2779096485
matrix type=1 data=0 status=C00000EF exception=00000000 out=00000000A5A5A5A5 size=2779096485
matrix type=1 data=1 status=C00000EF exception=00000000 out=00000000A5A5A5A5 size=2779096485
matrix type=1 data=437 status=C00000EF exception=00000000 out=00000000A5A5A5A5 size=2779096485
matrix type=1 data=1252 status=C00000EF exception=00000000 out=00000000A5A5A5A5 size=2779096485
matrix type=1 data=65001 status=C00000EF exception=00000000 out=00000000A5A5A5A5 size=2779096485
matrix type=1 data=65535 status=C00000EF exception=00000000 out=00000000A5A5A5A5 size=2779096485
matrix type=1 data=4294967295 status=C00000EF exception=00000000 out=00000000A5A5A5A5 size=2779096485
matrix type=2 data=0 status=C00000EF exception=00000000 out=00000000A5A5A5A5 size=2779096485
matrix type=2 data=1 status=C00000EF exception=00000000 out=00000000A5A5A5A5 size=2779096485
matrix type=2 data=437 status=C00000EF exception=00000000 out=00000000A5A5A5A5 size=2779096485
matrix type=2 data=1252 status=C00000EF exception=00000000 out=00000000A5A5A5A5 size=2779096485
matrix type=2 data=65001 status=C00000EF exception=00000000 out=00000000A5A5A5A5 size=2779096485
matrix type=2 data=65535 status=C00000EF exception=00000000 out=00000000A5A5A5A5 size=2779096485
matrix type=2 data=4294967295 status=C00000EF exception=00000000 out=00000000A5A5A5A5 size=2779096485
matrix type=3 data=0 status=C00000EF exception=00000000 out=00000000A5A5A5A5 size=2779096485
matrix type=3 data=1 status=C00000EF exception=00000000 out=00000000A5A5A5A5 size=2779096485
matrix type=3 data=437 status=C00000EF exception=00000000 out=00000000A5A5A5A5 size=2779096485
matrix type=3 data=1252 status=C00000EF exception=00000000 out=00000000A5A5A5A5 size=2779096485
matrix type=3 data=65001 status=C00000EF exception=00000000 out=00000000A5A5A5A5 size=2779096485
matrix type=3 data=65535 status=C00000EF exception=00000000 out=00000000A5A5A5A5 size=2779096485
matrix type=3 data=4294967295 status=C00000EF exception=00000000 out=00000000A5A5A5A5 size=2779096485
matrix type=4 data=0 status=C00000EF exception=00000000 out=00000000A5A5A5A5 size=2779096485
matrix type=4 data=1 status=C00000EF exception=00000000 out=00000000A5A5A5A5 size=2779096485
matrix type=4 data=437 status=C00000EF exception=00000000 out=00000000A5A5A5A5 size=2779096485
matrix type=4 data=1252 status=C00000EF exception=00000000 out=00000000A5A5A5A5 size=2779096485
matrix type=4 data=65001 status=C00000EF exception=00000000 out=00000000A5A5A5A5 size=2779096485
matrix type=4 data=65535 status=C00000EF exception=00000000 out=00000000A5A5A5A5 size=2779096485
matrix type=4 data=4294967295 status=C00000EF exception=00000000 out=00000000A5A5A5A5 size=2779096485
matrix type=5 data=0 status=C00000EF exception=00000000 out=00000000A5A5A5A5 size=2779096485
matrix type=5 data=1 status=C00000EF exception=00000000 out=00000000A5A5A5A5 size=2779096485
matrix type=5 data=437 status=C00000EF exception=00000000 out=00000000A5A5A5A5 size=2779096485
matrix type=5 data=1252 status=C00000EF exception=00000000 out=00000000A5A5A5A5 size=2779096485
matrix type=5 data=65001 status=C00000EF exception=00000000 out=00000000A5A5A5A5 size=2779096485
matrix type=5 data=65535 status=C00000EF exception=00000000 out=00000000A5A5A5A5 size=2779096485
matrix type=5 data=4294967295 status=C00000EF exception=00000000 out=00000000A5A5A5A5 size=2779096485
matrix type=6 data=0 status=C00000EF exception=00000000 out=00000000A5A5A5A5 size=2779096485
matrix type=6 data=1 status=C00000EF exception=00000000 out=00000000A5A5A5A5 size=2779096485
matrix type=6 data=437 status=C00000EF exception=00000000 out=00000000A5A5A5A5 size=2779096485
matrix type=6 data=1252 status=C00000EF exception=00000000 out=00000000A5A5A5A5 size=2779096485
matrix type=6 data=65001 status=C00000EF exception=00000000 out=00000000A5A5A5A5 size=2779096485
matrix type=6 data=65535 status=C00000EF exception=00000000 out=00000000A5A5A5A5 size=2779096485
matrix type=6 data=4294967295 status=C00000EF exception=00000000 out=00000000A5A5A5A5 size=2779096485
matrix type=7 data=0 status=C00000EF exception=00000000 out=00000000A5A5A5A5 size=2779096485
matrix type=7 data=1 status=C00000EF exception=00000000 out=00000000A5A5A5A5 size=2779096485
matrix type=7 data=437 status=C00000EF exception=00000000 out=00000000A5A5A5A5 size=2779096485
matrix type=7 data=1252 status=C00000EF exception=00000000 out=00000000A5A5A5A5 size=2779096485
matrix type=7 data=65001 status=C00000EF exception=00000000 out=00000000A5A5A5A5 size=2779096485
matrix type=7 data=65535 status=C00000EF exception=00000000 out=00000000A5A5A5A5 size=2779096485
matrix type=7 data=4294967295 status=C00000EF exception=00000000 out=00000000A5A5A5A5 size=2779096485
matrix type=8 data=0 status=C00000EF exception=00000000 out=00000000A5A5A5A5 size=2779096485
matrix type=8 data=1 status=C00000EF exception=00000000 out=00000000A5A5A5A5 size=2779096485
matrix type=8 data=437 status=C00000EF exception=00000000 out=00000000A5A5A5A5 size=2779096485
matrix type=8 data=1252 status=C00000EF exception=00000000 out=00000000A5A5A5A5 size=2779096485
matrix type=8 data=65001 status=C00000EF exception=00000000 out=00000000A5A5A5A5 size=2779096485
matrix type=8 data=65535 status=C00000EF exception=00000000 out=00000000A5A5A5A5 size=2779096485
matrix type=8 data=4294967295 status=C00000EF exception=00000000 out=00000000A5A5A5A5 size=2779096485
matrix type=9 data=0 status=C00000EF exception=00000000 out=00000000A5A5A5A5 size=2779096485
matrix type=9 data=1 status=C00000EF exception=00000000 out=00000000A5A5A5A5 size=2779096485
matrix type=9 data=437 status=C00000EF exception=00000000 out=00000000A5A5A5A5 size=2779096485
matrix type=9 data=1252 status=C00000EF exception=00000000 out=00000000A5A5A5A5 size=2779096485
matrix type=9 data=65001 status=C00000EF exception=00000000 out=00000000A5A5A5A5 size=2779096485
matrix type=9 data=65535 status=C00000EF exception=00000000 out=00000000A5A5A5A5 size=2779096485
matrix type=9 data=4294967295 status=C00000EF exception=00000000 out=00000000A5A5A5A5 size=2779096485
matrix type=10 data=0 status=C00000EF exception=00000000 out=00000000A5A5A5A5 size=2779096485
matrix type=10 data=1 status=C00000EF exception=00000000 out=00000000A5A5A5A5 size=2779096485
matrix type=10 data=437 status=C00000EF exception=00000000 out=00000000A5A5A5A5 size=2779096485
matrix type=10 data=1252 status=C00000EF exception=00000000 out=00000000A5A5A5A5 size=2779096485
matrix type=10 data=65001 status=C00000EF exception=00000000 out=00000000A5A5A5A5 size=2779096485
matrix type=10 data=65535 status=C00000EF exception=00000000 out=00000000A5A5A5A5 size=2779096485
matrix type=10 data=4294967295 status=C00000EF exception=00000000 out=00000000A5A5A5A5 size=2779096485
matrix type=11 data=0 status=C0000034 exception=00000000 out=00000000A5A5A5A5 size=2779096485
matrix type=11 data=1 status=C0000034 exception=00000000 out=00000000A5A5A5A5 size=2779096485
matrix type=11 data=437 status=00000000 exception=00000000 out=0000029AC4B10000 size=69632 region=69632 protect=00000002 memtype=00040000 hash=88B6E65A bytes=0D00B50101003F003F003F003F00000000000000000000000000030200000100020003000400050006000700080009000A000B000C000D000E000F0010001100 path=\Device\HarddiskVolume3\Windows\System32\C_437.NLS
matrix type=11 data=1252 status=00000000 exception=00000000 out=0000029AC4B10000 size=69632 region=69632 protect=00000002 memtype=00040000 hash=C10F92AC bytes=0D00E40401003F003F003F003F00000000000000000000000000030100000100020003000400050006000700080009000A000B000C000D000E000F0010001100 path=\Device\HarddiskVolume3\Windows\System32\C_1252.NLS
matrix type=11 data=65001 status=C0000034 exception=00000000 out=00000000A5A5A5A5 size=2779096485
matrix type=11 data=65535 status=C0000034 exception=00000000 out=00000000A5A5A5A5 size=2779096485
matrix type=11 data=4294967295 status=C0000034 exception=00000000 out=00000000A5A5A5A5 size=2779096485
matrix type=12 data=0 status=C0000034 exception=00000000 out=00000000A5A5A5A5 size=2779096485
matrix type=12 data=1 status=00000000 exception=00000000 out=0000029AC4B10000 size=57344 region=57344 protect=00000002 memtype=00040000 hash=A8067178 bytes=6E006F0072006D006E00660063002E006E006C007000000000004531454574730B00000000000000010003000003B103FE00010022003F003F117F4530494457 path=\Device\HarddiskVolume3\Windows\System32\normnfc.nls
matrix type=12 data=437 status=C0000034 exception=00000000 out=00000000A5A5A5A5 size=2779096485
matrix type=12 data=1252 status=C0000034 exception=00000000 out=00000000A5A5A5A5 size=2779096485
matrix type=12 data=65001 status=C0000034 exception=00000000 out=00000000A5A5A5A5 size=2779096485
matrix type=12 data=65535 status=C0000034 exception=00000000 out=00000000A5A5A5A5 size=2779096485
matrix type=12 data=4294967295 status=C0000034 exception=00000000 out=00000000A5A5A5A5 size=2779096485
matrix type=13 data=0 status=C00000EF exception=00000000 out=00000000A5A5A5A5 size=2779096485
matrix type=13 data=1 status=C00000EF exception=00000000 out=00000000A5A5A5A5 size=2779096485
matrix type=13 data=437 status=C00000EF exception=00000000 out=00000000A5A5A5A5 size=2779096485
matrix type=13 data=1252 status=C00000EF exception=00000000 out=00000000A5A5A5A5 size=2779096485
matrix type=13 data=65001 status=C00000EF exception=00000000 out=00000000A5A5A5A5 size=2779096485
matrix type=13 data=65535 status=C00000EF exception=00000000 out=00000000A5A5A5A5 size=2779096485
matrix type=13 data=4294967295 status=C00000EF exception=00000000 out=00000000A5A5A5A5 size=2779096485
matrix type=14 data=0 status=00000000 exception=00000000 out=0000029AC4B10000 size=12288 region=12288 protect=00000002 memtype=00040000 hash=7F349264 bytes=0100F109100120013001400150016001000100010001000100010001000100010001000100010001000100010001000100010001000100010001000100017001 path=\Device\HarddiskVolume3\Windows\System32\l_intl.nls
matrix type=14 data=1 status=00000000 exception=00000000 out=0000029AC4B10000 size=12288 region=12288 protect=00000002 memtype=00040000 hash=7F349264 bytes=0100F109100120013001400150016001000100010001000100010001000100010001000100010001000100010001000100010001000100010001000100017001 path=\Device\HarddiskVolume3\Windows\System32\l_intl.nls
matrix type=14 data=437 status=00000000 exception=00000000 out=0000029AC4B10000 size=12288 region=12288 protect=00000002 memtype=00040000 hash=7F349264 bytes=0100F109100120013001400150016001000100010001000100010001000100010001000100010001000100010001000100010001000100010001000100017001 path=\Device\HarddiskVolume3\Windows\System32\l_intl.nls
matrix type=14 data=1252 status=00000000 exception=00000000 out=0000029AC4B10000 size=12288 region=12288 protect=00000002 memtype=00040000 hash=7F349264 bytes=0100F109100120013001400150016001000100010001000100010001000100010001000100010001000100010001000100010001000100010001000100017001 path=\Device\HarddiskVolume3\Windows\System32\l_intl.nls
matrix type=14 data=65001 status=00000000 exception=00000000 out=0000029AC4B10000 size=12288 region=12288 protect=00000002 memtype=00040000 hash=7F349264 bytes=0100F109100120013001400150016001000100010001000100010001000100010001000100010001000100010001000100010001000100010001000100017001 path=\Device\HarddiskVolume3\Windows\System32\l_intl.nls
matrix type=14 data=65535 status=00000000 exception=00000000 out=0000029AC4B10000 size=12288 region=12288 protect=00000002 memtype=00040000 hash=7F349264 bytes=0100F109100120013001400150016001000100010001000100010001000100010001000100010001000100010001000100010001000100010001000100017001 path=\Device\HarddiskVolume3\Windows\System32\l_intl.nls
matrix type=14 data=4294967295 status=00000000 exception=00000000 out=0000029AC4B10000 size=12288 region=12288 protect=00000002 memtype=00040000 hash=7F349264 bytes=0100F109100120013001400150016001000100010001000100010001000100010001000100010001000100010001000100010001000100010001000100017001 path=\Device\HarddiskVolume3\Windows\System32\l_intl.nls
matrix type=15 data=0 status=C00000EF exception=00000000 out=00000000A5A5A5A5 size=2779096485
matrix type=15 data=1 status=C00000EF exception=00000000 out=00000000A5A5A5A5 size=2779096485
matrix type=15 data=437 status=C00000EF exception=00000000 out=00000000A5A5A5A5 size=2779096485
matrix type=15 data=1252 status=C00000EF exception=00000000 out=00000000A5A5A5A5 size=2779096485
matrix type=15 data=65001 status=C00000EF exception=00000000 out=00000000A5A5A5A5 size=2779096485
matrix type=15 data=65535 status=C00000EF exception=00000000 out=00000000A5A5A5A5 size=2779096485
matrix type=15 data=4294967295 status=C00000EF exception=00000000 out=00000000A5A5A5A5 size=2779096485
matrix type=16 data=0 status=C00000EF exception=00000000 out=00000000A5A5A5A5 size=2779096485
matrix type=16 data=1 status=C00000EF exception=00000000 out=00000000A5A5A5A5 size=2779096485
matrix type=16 data=437 status=C00000EF exception=00000000 out=00000000A5A5A5A5 size=2779096485
matrix type=16 data=1252 status=C00000EF exception=00000000 out=00000000A5A5A5A5 size=2779096485
matrix type=16 data=65001 status=C00000EF exception=00000000 out=00000000A5A5A5A5 size=2779096485
matrix type=16 data=65535 status=C00000EF exception=00000000 out=00000000A5A5A5A5 size=2779096485
matrix type=16 data=4294967295 status=C00000EF exception=00000000 out=00000000A5A5A5A5 size=2779096485
matrix type=4294967295 data=0 status=C00000EF exception=00000000 out=00000000A5A5A5A5 size=2779096485
matrix type=4294967295 data=1 status=C00000EF exception=00000000 out=00000000A5A5A5A5 size=2779096485
matrix type=4294967295 data=437 status=C00000EF exception=00000000 out=00000000A5A5A5A5 size=2779096485
matrix type=4294967295 data=1252 status=C00000EF exception=00000000 out=00000000A5A5A5A5 size=2779096485
matrix type=4294967295 data=65001 status=C00000EF exception=00000000 out=00000000A5A5A5A5 size=2779096485
matrix type=4294967295 data=65535 status=C00000EF exception=00000000 out=00000000A5A5A5A5 size=2779096485
matrix type=4294967295 data=4294967295 status=C00000EF exception=00000000 out=00000000A5A5A5A5 size=2779096485
fault role=0 type=11 data=1252 status=00000000 exception=00000000 guard=0 bytes=0000B2C49A020000A5A5A5A5A5A5A5A5A5A5A5A5A5A5A5A5A5A5A5A5A5A5A5A5A5A5A5A5A5A5A5A5A5A5A5A5A5A5A5A5A5A5A5A5A5A5A5A5A5A5A5A5A5A5A5A50010010000000000A5A5A5A5A5A5A5A5
fault role=1 type=11 data=1252 status=00000000 exception=00000000 guard=0 bytes=0000B2C49A020000A5A5A5A5A5A5A5A5A5A5A5A5A5A5A5A5A5A5A5A5A5A5A5A5A5A5A5A5A5A5A5A5A5A5A5A5A5A5A5A5A5A5A5A5A5A5A5A5A5A5A5A5A5A5A5A5A5A5A5A5A5A5A5A5A5A5A5A5A5A5A5A5
fault role=2 type=11 data=1252 status=C000000D exception=00000000 guard=0 bytes=A5A5A5A5A5A5A5A5A5A5A5A5A5A5A5A5A5A5A5A5A5A5A5A5A5A5A5A5A5A5A5A5A5A5A5A5A5A5A5A5A5A5A5A5A5A5A5A5A5A5A5A5A5A5A5A5A5A5A5A5A5A5A5A5A5A5A5A5A5A5A5A5A5A5A5A5A5A5A5A5
fault role=3 type=11 data=1252 status=C0000005 exception=00000000 guard=0 bytes=A5A5A5A5A5A5A5A5A5A5A5A5A5A5A5A5A5A5A5A5A5A5A5A5A5A5A5A5A5A5A5A5A5A5A5A5A5A5A5A5A5A5A5A5A5A5A5A5A5A5A5A5A5A5A5A5A5A5A5A5A5A5A5A5A5A5A5A5A5A5A5A5A5A5A5A5A5A5A5A5
fault role=4 type=11 data=1252 status=C0000005 exception=00000000 guard=0 bytes=A5A5A5A5A5A5A5A5A5A5A5A5A5A5A5A5A5A5A5A5A5A5A5A5A5A5A5A5A5A5A5A5A5A5A5A5A5A5A5A5A5A5A5A5A5A5A5A5A5A5A5A5A5A5A5A5A5A5A5A5A5A5A5A5A5A5A5A5A5A5A5A5A5A5A5A5A5A5A5A5
fault role=5 type=11 data=1252 status=00000000 exception=00000000 guard=0 bytes=A50000B2C49A020000A5A5A5A5A5A5A5A5A5A5A5A5A5A5A5A5A5A5A5A5A5A5A5A5A5A5A5A5A5A5A5A5A5A5A5A5A5A5A5A5A5A5A5A5A5A5A5A5A5A5A5A5A5A5A50010010000000000A5A5A5A5A5A5A5A5
fault role=6 type=11 data=1252 status=00000000 exception=00000000 guard=0 bytes=0000B2C49A020000A5A5A5A5A5A5A5A5A5A5A5A5A5A5A5A5A5A5A5A5A5A5A5A5A5A5A5A5A5A5A5A5A5A5A5A5A5A5A5A5A5A5A5A5A5A5A5A5A5A5A5A5A5A5A5A5A50010010000000000A5A5A5A5A5A5A5
fault role=7 type=11 data=1252 status=C0000005 exception=00000000 guard=0 bytes=A5A5A5A5A5A5A5A5A5A5A5A5A5A5A5A5A5A5A5A5A5A5A5A5A5A5A5A5A5A5A5A5A5A5A5A5A5A5A5A5A5A5A5A5A5A5A5A5A5A5A5A5A5A5A5A5A5A5A5A5A5A5A5A5A5A5A5A5A5A5A5A5A5A5A5A5A5A5A5A5
fault role=8 type=11 data=1252 status=C0000005 exception=00000000 guard=0 bytes=A5A5A5A5A5A5A5A5A5A5A5A5A5A5A5A5A5A5A5A5A5A5A5A5A5A5A5A5A5A5A5A5A5A5A5A5A5A5A5A5A5A5A5A5A5A5A5A5A5A5A5A5A5A5A5A5A5A5A5A5A5A5A5A5A5A5A5A5A5A5A5A5A5A5A5A5A5A5A5A5
fault role=9 type=11 data=1252 status=C0000005 exception=00000000 guard=0 bytes=A5A5A5A5A5A5A5A5A5A5A5A5A5A5A5A5A5A5A5A5A5A5A5A5A5A5A5A5A5A5A5A5A5A5A5A5A5A5A5A5A5A5A5A5A5A5A5A5A5A5A5A5A5A5A5A5A5A5A5A5A5A5A5A5A5A5A5A5A5A5A5A5A5A5A5A5A5A5A5A5
fault role=10 type=11 data=1252 status=80000001 exception=00000000 guard=0 bytes=A5A5A5A5A5A5A5A5A5A5A5A5A5A5A5A5A5A5A5A5A5A5A5A5A5A5A5A5A5A5A5A5A5A5A5A5A5A5A5A5A5A5A5A5A5A5A5A5A5A5A5A5A5A5A5A5A5A5A5A5A5A5A5A5A5A5A5A5A5A5A5A5A5A5A5A5A5A5A5A5
fault role=11 type=11 data=1252 status=80000001 exception=00000000 guard=0 bytes=A5A5A5A5A5A5A5A5A5A5A5A5A5A5A5A5A5A5A5A5A5A5A5A5A5A5A5A5A5A5A5A5A5A5A5A5A5A5A5A5A5A5A5A5A5A5A5A5A5A5A5A5A5A5A5A5A5A5A5A5A5A5A5A5A5A5A5A5A5A5A5A5A5A5A5A5A5A5A5A5
fault role=12 type=11 data=1252 status=C0000005 exception=00000000 guard=0 bytes=A5A5A5A5A5A5A5A5A5A5A5A5A5A5A5A5A5A5A5A5A5A5A5A5A5A5A5A5A5A5A5A5A5A5A5A5A5A5A5A5A5A5A5A5A5A5A5A5A5A5A5A5A5A5A5A5A5A5A5A5A5A5A5A5A5A5A5A5A5A5A5A5A5A5A5A5A5A5A5A5
fault role=13 type=11 data=1252 status=80000001 exception=00000000 guard=0 bytes=A5A5A5A5A5A5A5A5A5A5A5A5A5A5A5A5A5A5A5A5A5A5A5A5A5A5A5A5A5A5A5A5A5A5A5A5A5A5A5A5A5A5A5A5A5A5A5A5A5A5A5A5A5A5A5A5A5A5A5A5A5A5A5A5A5A5A5A5A5A5A5A5A5A5A5A5A5A5A5A5
fault role=14 type=11 data=1252 status=C000000D exception=00000000 guard=0 bytes=A5A5A5A5A5A5A5A5A5A5A5A5A5A5A5A5A5A5A5A5A5A5A5A5A5A5A5A5A5A5A5A5A5A5A5A5A5A5A5A5A5A5A5A5A5A5A5A5A5A5A5A5A5A5A5A5A5A5A5A5A5A5A5A5A5A5A5A5A5A5A5A5A5A5A5A5A5A5A5A5
fault role=15 type=0 data=1252 status=C000000D exception=00000000 guard=0 bytes=A5A5A5A5A5A5A5A5A5A5A5A5A5A5A5A5A5A5A5A5A5A5A5A5A5A5A5A5A5A5A5A5A5A5A5A5A5A5A5A5A5A5A5A5A5A5A5A5A5A5A5A5A5A5A5A5A5A5A5A5A5A5A5A5A5A5A5A5A5A5A5A5A5A5A5A5A5A5A5A5
fault role=16 type=0 data=1252 status=C0000005 exception=00000000 guard=0 bytes=A5A5A5A5A5A5A5A5A5A5A5A5A5A5A5A5A5A5A5A5A5A5A5A5A5A5A5A5A5A5A5A5A5A5A5A5A5A5A5A5A5A5A5A5A5A5A5A5A5A5A5A5A5A5A5A5A5A5A5A5A5A5A5A5A5A5A5A5A5A5A5A5A5A5A5A5A5A5A5A5
fault role=17 type=11 data=4294967295 status=C000000D exception=00000000 guard=0 bytes=A5A5A5A5A5A5A5A5A5A5A5A5A5A5A5A5A5A5A5A5A5A5A5A5A5A5A5A5A5A5A5A5A5A5A5A5A5A5A5A5A5A5A5A5A5A5A5A5A5A5A5A5A5A5A5A5A5A5A5A5A5A5A5A5A5A5A5A5A5A5A5A5A5A5A5A5A5A5A5A5
fault role=18 type=11 data=4294967295 status=C0000005 exception=00000000 guard=0 bytes=A5A5A5A5A5A5A5A5A5A5A5A5A5A5A5A5A5A5A5A5A5A5A5A5A5A5A5A5A5A5A5A5A5A5A5A5A5A5A5A5A5A5A5A5A5A5A5A5A5A5A5A5A5A5A5A5A5A5A5A5A5A5A5A5A5A5A5A5A5A5A5A5A5A5A5A5A5A5A5A5
fault role=19 type=11 data=1252 status=00000000 exception=00000000 guard=0 bytes=0010010000000000A5A5A5A5A5A5A5A5A5A5A5A5A5A5A5A5A5A5A5A5A5A5A5A5A5A5A5A5A5A5A5A5A5A5A5A5A5A5A5A5A5A5A5A5A5A5A5A5A5A5A5A5A5A5A5A5A5A5A5A5A5A5A5A5A5A5A5A5A5A5A5A5
fault role=20 type=11 data=1252 status=00000000 exception=00000000 guard=0 bytes=0000B4C40010010000000000A5A5A5A5A5A5A5A5A5A5A5A5A5A5A5A5A5A5A5A5A5A5A5A5A5A5A5A5A5A5A5A5A5A5A5A5A5A5A5A5A5A5A5A5A5A5A5A5A5A5A5A5A5A5A5A5A5A5A5A5A5A5A5A5A5A5A5A5
fault role=21 type=11 data=1252 status=C0000005 exception=00000000 guard=0 bytes=A5A5A5A5A5A5A5A5A5A5A5A5A5A5A5A5A5A5A5A5A5A5A5A5A5A5A5A5A5A5A5A5A5A5A5A5A5A5A5A5A5A5A5A5A5A5A5A5A5A5A5A5A5A5A5A5A5A5A5A5A5A5A5A5A5A5A5A5A5A5A5A5A5A5A5A5A5A5A5A5
fault role=22 type=11 data=1252 status=C0000005 exception=00000000 guard=0 bytes=A5A5A5A5A5A5A5A5A5A5A5A5A5A5A5A5A5A5A5A5A5A5A5A5A5A5A5A5A5A5A5A5A5A5A5A5A5A5A5A5A5A5A5A5A5A5A5A5A5A5A5A5A5A5A5A5A5A5A5A5A5A5A5A5A5A5A5A5A5A5A5A5A5A5A5A5A5A5A5A5
fault role=23 type=10 data=0 status=C00000EF exception=00000000 guard=0 bytes=A5A5A5A5A5A5A5A5A5A5A5A5A5A5A5A5A5A5A5A5A5A5A5A5A5A5A5A5A5A5A5A5A5A5A5A5A5A5A5A5A5A5A5A5A5A5A5A5A5A5A5A5A5A5A5A5A5A5A5A5A5A5A5A5A5A5A5A5A5A5A5A5A5A5A5A5A5A5A5A5
fault role=24 type=9 data=0 status=C00000EF exception=00000000 guard=0 bytes=A5A5A5A5A5A5A5A5A5A5A5A5A5A5A5A5A5A5A5A5A5A5A5A5A5A5A5A5A5A5A5A5A5A5A5A5A5A5A5A5A5A5A5A5A5A5A5A5A5A5A5A5A5A5A5A5A5A5A5A5A5A5A5A5A5A5A5A5A5A5A5A5A5A5A5A5A5A5A5A5
fault role=25 type=12 data=0 status=C0000034 exception=00000000 guard=0 bytes=A5A5A5A5A5A5A5A5A5A5A5A5A5A5A5A5A5A5A5A5A5A5A5A5A5A5A5A5A5A5A5A5A5A5A5A5A5A5A5A5A5A5A5A5A5A5A5A5A5A5A5A5A5A5A5A5A5A5A5A5A5A5A5A5A5A5A5A5A5A5A5A5A5A5A5A5A5A5A5A5
fault role=26 type=11 data=0 status=C0000034 exception=00000000 guard=0 bytes=A5A5A5A5A5A5A5A5A5A5A5A5A5A5A5A5A5A5A5A5A5A5A5A5A5A5A5A5A5A5A5A5A5A5A5A5A5A5A5A5A5A5A5A5A5A5A5A5A5A5A5A5A5A5A5A5A5A5A5A5A5A5A5A5A5A5A5A5A5A5A5A5A5A5A5A5A5A5A5A5
fault role=27 type=11 data=65535 status=C0000034 exception=00000000 guard=0 bytes=A5A5A5A5A5A5A5A5A5A5A5A5A5A5A5A5A5A5A5A5A5A5A5A5A5A5A5A5A5A5A5A5A5A5A5A5A5A5A5A5A5A5A5A5A5A5A5A5A5A5A5A5A5A5A5A5A5A5A5A5A5A5A5A5A5A5A5A5A5A5A5A5A5A5A5A5A5A5A5A5
