run gcc /validation/monocypher.o
run g++ /validation/process_tool
run /validation/process_tool /validation/process_tool
process tool: 184 checks passed
run g++ /validation/process_tool_unavailable
run /validation/process_tool_unavailable /validation/process_tool_unavailable
process tool: canonical discovery and explicit RAX-disabled refusal passed
run g++ /validation/rax_process
run /validation/rax_process /validation/rax_process
RAX process: 162 checks passed; PE, five ELF, and two Mach-O ABIs executed
run g++ /validation/rax_abi_drift
run /validation/rax_abi_drift /validation/rax_abi_drift
embedded rax_version = 1.11.0 ; header API = 1.11
2/2 passed
run g++ /validation/rust_archive_link
run /validation/rust_archive_link /validation/rust_archive_link
The assist-rs archive is linked and its contract matches
  [ok] archive major matches the header the host compiled against
  [ok] archive minor is at least the header's
  [ok] the link anchor resolves, so the archive was searched
The Rust runtime came along, not just its symbols
  [ok] the allocator is live
  [ok] a panic raised inside the archive is contained, so the unwinder is live
Repeated entry stays correct
  [ok] the self test is repeatable
  [ok] the unwind probe is repeatable, so it restored the panic hook
The rax C ABI is carried inside the same archive
  [ok] rax_version resolves and reports the major the host compiled against
  [ok] rax minor is at least the header's, per the MINOR-additive gate
  [ok] rax_version_string returns live data, so its objects came along too
  [ok] assist-rs still works after calling into the rax surface
PASS
