warning: "stdcall" is not a supported ABI for the current target
  --> vendor\vm-memory\src\mmap\windows.rs:22:1
   |
22 | / extern "stdcall" {
23 | |     pub fn VirtualAlloc(
24 | |         lpAddress: *mut c_void,
25 | |         dwSize: size_t,
...  |
49 | |     pub fn CloseHandle(hObject: RawHandle) -> u32; // BOOL
50 | | }
   | |_^
   |
   = warning: this was previously accepted by the compiler but is being phased out; it will become a hard error in a future release!
   = note: for more information, see issue #137018 <https://github.com/rust-lang/rust/issues/137018>
   = help: if you need `extern "stdcall"` on win32 and `extern "C"` everywhere else, use `extern "system"`
   = note: `#[warn(unsupported_calling_conventions)]` (part of `#[warn(future_incompatible)]`) on by default

warning: `vm-memory` (lib) generated 1 warning
   Compiling rax v0.1.0 (C:\Windows\Temp\assist-native-rax-20261010\src)
    Finished `test` profile [unoptimized + debuginfo] target(s) in 4m 26s
     Running unittests src\lib.rs (C:\Windows\Temp\assist-native-rax-20261010\target\debug\deps\rax-d861ee8f992d7cb6.exe)

running 9 tests
test user::windows::process::sched::tests::services_tests::numa_map_tests::native_numa_map_ulong_max_uses_output_probes_without_wow64_capture_allocation ... ok
test user::windows::process::sched::tests::services_tests::numa_map_tests::native_numa_map_upper_output_span_rejection_and_direct_return_guard_differ_native64 ... ok
test user::windows::process::sched::tests::services_tests::numa_map_tests::native_numa_map_return_faults_follow_wow64_success_and_leave_short_returns_untouched ... ok
test user::windows::process::sched::tests::services_tests::numa_map_tests::native_numa_map_guards_and_readonly_pairs_preserve_probe_priority_all_abis ... ok
test user::windows::process::sched::tests::services_tests::numa_map_tests::leaf_tests::installed_numa_map_query_leaf_preserves_padding_and_actual_cleanup ... ok
test user::windows::process::sched::tests::services_tests::numa_map_tests::native_numa_map_alignment_and_null_output_precede_short_length_all_abis ... ok
test user::windows::process::sched::tests::services_tests::numa_map_tests::native_numa_map_lengths_publish_highest_node_then_one_group_and_keep_padding_all_abis ... ok
test user::windows::process::sched::tests::services_tests::numa_map_tests::native_numa_map_return_alias_and_cross_page_publication_are_last_and_atomic_all_abis ... ok
test user::windows::process::sched::tests::services_tests::numa_map_tests::native_numa_map_probes_the_entire_output_before_any_publication_all_abis ... ok

test result: ok. 9 passed; 0 failed; 0 ignored; 0 measured; 6978 filtered out; finished in 11.80s

