program C:\Windows\Temp\assist-native-rax-20261010\src\tests\fixtures\user\windows\bin\arm64\smoke.exe
arch=arm64 PEB=0x7ffdf000 ProcessHeap=Ok(65536) heaps=Heaps { heaps: {65536: Heap { flags: 0, align: 16, max: 0, segments: [(65536, 1048576)], free: {69216: 1044896}, by_size: {(1044896, 69216)}, used: {68704: (80, 70), 66912: (48, 34), 65792: (1104, 1096), 69104: (48, 34), 67632: (288, 288), 69184: (16, 8), 67920: (64, 60), 68416: (288, 288), 67536: (96, 88), 67008: (48, 40), 67056: (480, 470), 68016: (288, 288), 66896: (16, 8), 68384: (32, 26), 68304: (80, 66), 69152: (32, 20), 67984: (32, 20), 69200: (16, 12), 66960: (48, 34), 68784: (32, 30), 68816: (288, 288)} }}, align: 16 }
module probe.exe base=0x140000000 size=0x3000 entry=0x140001048
module ntdll.dll base=0x180000000 size=0x473000 entry=0x0
module kernel32.dll base=0x150000 size=0x171000 entry=0x157460
module KernelBase.dll base=0x2d0000 size=0x6e6000 entry=0x2dbf90
native LdrInitializeThunk target=0x1800ef6e0 context=0xabfbc0
kernel-before turn=36 service=0x36 PC=0x1800013a0 registers=[fa, 1803ca4c0, 10, abfb30, 0, 0]
kernel-after turn=36 service=0x36 PC=0x1800013a4 X0=0x0
kernel-before turn=141 service=0x48 PC=0x1800014c0 registers=[1803c9350, 1f0003, 0, 0, 0, 0]
kernel-after turn=141 service=0x48 PC=0x1800014c4 X0=0x0
kernel-before turn=160 service=0x119 PC=0x1800021d0 registers=[9, abfaf8, 8, abfaf0, 0, 0]
hotpatch-before info=0xabfaf8 bytes=Ok([01, 00, 00, 00, 00, 00, 00, 00]) returned=0xabfaf0 bytes=Ok([00, 00, 00, 00])
kernel-after turn=160 service=0x119 PC=0x1800021d4 X0=0xc00000bb
hotpatch-after info=0xabfaf8 bytes=Ok([01, 00, 00, 00, 00, 00, 00, 00]) returned=0xabfaf0 bytes=Ok([00, 00, 00, 00])
kernel-before turn=210 service=0xe PC=0x1800010e0 registers=[10, 0, 1488, abfaf0, 0, 0]
kernel-after turn=210 service=0xe PC=0x1800010e4 X0=0x0
kernel-before turn=252 service=0x48 PC=0x1800014c0 registers=[1803c93a0, 1f0003, 0, 0, 0, 0]
kernel-after turn=252 service=0x48 PC=0x1800014c4 X0=0x0
kernel-before turn=298 service=0x36 PC=0x1800013a0 registers=[0, abfa20, 40, 0, 0, 0]
kernel-after turn=298 service=0x36 PC=0x1800013a4 X0=0x0
kernel-before turn=418 service=0x19 PC=0x1800011a0 registers=[ffffffffffffffff, 24, abe9f0, 4, 0, 0]
kernel-after turn=418 service=0x19 PC=0x1800011a4 X0=0x0
kernel-before turn=709 service=0x12 PC=0x180001130 registers=[abe868, 80000000, abe8a0, abe8e0, 0, 18034f740]
NtOpenKey attributes=0xabe8a0 bytes=Ok([30, 00, 00, 00, 00, 00, 00, 00, 00, 00, 00, 00, 00, 00, 00, 00, 90, e8, ab, 00, 00, 00, 00, 00, 40, 02, 00, 00, 00, 00, 00, 00, 00, 00, 00, 00, 00, 00, 00, 00, 00, 00, 00, 00, 00, 00, 00, 00])
NtOpenKey name struct=0xabe890 length=126 buffer=0x18034f6d0 bytes=Ok([5c, 00, 52, 00, 65, 00, 67, 00, 69, 00, 73, 00, 74, 00, 72, 00, 79, 00, 5c, 00, 4d, 00, 61, 00, 63, 00, 68, 00, 69, 00, 6e, 00, 65, 00, 5c, 00, 53, 00, 79, 00, 73, 00, 74, 00, 65, 00, 6d, 00, 5c, 00, 43, 00, 75, 00, 72, 00, 72, 00, 65, 00, 6e, 00, 74, 00, 43, 00, 6f, 00, 6e, 00, 74, 00, 72, 00, 6f, 00, 6c, 00, 53, 00, 65, 00, 74, 00, 5c, 00, 43, 00, 6f, 00, 6e, 00, 74, 00, 72, 00, 6f, 00, 6c, 00, 5c, 00, 4e, 00, 6c, 00, 73, 00, 5c, 00, 43, 00, 6f, 00, 64, 00, 65, 00, 50, 00, 61, 00, 67, 00, 65, 00])
kernel-after turn=709 service=0x12 PC=0x180001134 X0=0x0
NtOpenKey output handle bytes=Ok([18, 00, 00, 00, 00, 00, 00, 00])
kernel-before turn=749 service=0x17 PC=0x180001180 registers=[18, abe870, 2, abe8d0, 24, abe860]
NtQueryValueKey name length=6 bytes=Ok([41, 00, 43, 00, 50, 00])
kernel-after turn=749 service=0x17 PC=0x180001184 X0=0x0
NtQueryValueKey output=Ok([00, 00, 00, 00, 01, 00, 00, 00, 0a, 00, 00, 00, 31, 00, 32, 00, 35, 00, 32, 00, 00, 00, 00, 00, 00, 00, 00, 00, 00, 00, 00, 00, 00, 00, 00, 00]) ResultLength=Ok([16, 00, 00, 00])
kernel-before turn=928 service=0x17 PC=0x180001180 registers=[18, abe870, 2, abe8d0, 24, abe860]
NtQueryValueKey name length=10 bytes=Ok([4f, 00, 45, 00, 4d, 00, 43, 00, 50, 00])
kernel-after turn=928 service=0x17 PC=0x180001184 X0=0x0
NtQueryValueKey output=Ok([00, 00, 00, 00, 01, 00, 00, 00, 08, 00, 00, 00, 34, 00, 33, 00, 37, 00, 00, 00, 00, 00, 00, 00, 00, 00, 00, 00, 00, 00, 00, 00, 00, 00, 00, 00]) ResultLength=Ok([14, 00, 00, 00])
kernel-before turn=1056 service=0xf PC=0x1800010f0 registers=[18, a, abe954, abe8d0, 24, abe8dc]
kernel-after turn=1056 service=0xf PC=0x1800010f4 X0=0x0
kernel-before turn=1101 service=0x101 PC=0x180002050 registers=[b, 4e4, 0, 1803bdd00, 0, abe8dc]
kernel-after turn=1101 service=0x101 PC=0x180002054 X0=0x0
NtGetNlsSectionPtr output=Ok(ac0000) size-pointer=0x0 size=Ok([]) view=Some(RegionInfo { base: 11272192, allocation_base: 11272192, allocation_protect: 2, size: 69632, state: 4096, protect: 2, kind: 262144 }) prefix=Some([0d, 00, e4, 04, 01, 00, 3f, 00, 3f, 00, 3f, 00, 3f, 00, 00, 00, 00, 00, 00, 00, 00, 00, 00, 00, 00, 00, 03, 01, 00, 00, 01, 00])
kernel-before turn=1112 service=0x101 PC=0x180002050 registers=[b, 1b5, 0, 1803bdd08, 0, abe8dc]
kernel-after turn=1112 service=0x101 PC=0x180002054 X0=0x0
NtGetNlsSectionPtr output=Ok(ae0000) size-pointer=0x0 size=Ok([]) view=Some(RegionInfo { base: 11403264, allocation_base: 11403264, allocation_protect: 2, size: 69632, state: 4096, protect: 2, kind: 262144 }) prefix=Some([0d, 00, b5, 01, 01, 00, 3f, 00, 3f, 00, 3f, 00, 3f, 00, 00, 00, 00, 00, 00, 00, 00, 00, 00, 00, 00, 00, 03, 02, 00, 00, 01, 00])
kernel-before turn=2412 service=0x23 PC=0x180001240 registers=[ffffffffffffffff, 180000000, 6, abe930, 18, 0]
kernel-after turn=2412 service=0x23 PC=0x180001244 X0=0x0
NtQueryVirtualMemory address=0x180000000 output=0xabe930 supplied-bytes=24 record=Ok([00, 00, 00, 80, 01, 00, 00, 00, 00, 30, 47, 00, 00, 00, 00, 00, 00, 00, 00, 00, 00, 00, 00, 00]) length-pointer=0x0 length-bytes=Ok([])
kernel-before turn=2778 service=0x23 PC=0x180001240 registers=[ffffffffffffffff, 0, 4, abf530, 50, 0]
kernel-after turn=2778 service=0x23 PC=0x180001244 X0=0x0
NtQueryVirtualMemory address=0x0 output=0xabf530 supplied-bytes=80 record=Ok([70, 13, 00, 80, 01, 00, 00, 00, 01, 02, 00, 05, 00, 00, 00, 00, e0, 14, 00, 80, 01, 00, 00, 00, 01, 02, 00, 05, 00, 00, 00, 00, 10, 14, 00, 80, 01, 00, 00, 00, 01, 02, 00, 05, 00, 00, 00, 00, b0, 13, 00, 80, 01, 00, 00, 00, 01, 02, 00, 05, 00, 00, 00, 00, a0, 12, 00, 80, 01, 00, 00, 00, 01, 02, 00, 05, 00, 00, 00, 00]) length-pointer=0x0 length-bytes=Ok([])
kernel-before turn=3128 service=0x50 PC=0x180001540 registers=[ffffffffffffffff, abe8f0, abe8e8, 2, abe8e0, 0]
kernel-after turn=3128 service=0x50 PC=0x180001544 X0=0x0
kernel-before turn=3237 service=0x12 PC=0x180001130 registers=[abe638, 1, 180360e70, abea18, abe9c8, abe990]
NtOpenKey attributes=0x180360e70 bytes=Ok([30, 00, 00, 00, 00, 00, 00, 00, 00, 00, 00, 00, 00, 00, 00, 00, 78, 0d, 36, 80, 01, 00, 00, 00, 40, 00, 00, 00, 00, 00, 00, 00, 00, 00, 00, 00, 00, 00, 00, 00, 00, 00, 00, 00, 00, 00, 00, 00])
NtOpenKey name struct=0x180360d78 length=132 buffer=0x18035f100 bytes=Ok([5c, 00, 52, 00, 65, 00, 67, 00, 69, 00, 73, 00, 74, 00, 72, 00, 79, 00, 5c, 00, 4d, 00, 41, 00, 43, 00, 48, 00, 49, 00, 4e, 00, 45, 00, 5c, 00, 53, 00, 79, 00, 73, 00, 74, 00, 65, 00, 6d, 00, 5c, 00, 43, 00, 75, 00, 72, 00, 72, 00, 65, 00, 6e, 00, 74, 00, 43, 00, 6f, 00, 6e, 00, 74, 00, 72, 00, 6f, 00, 6c, 00, 53, 00, 65, 00, 74, 00, 5c, 00, 43, 00, 6f, 00, 6e, 00, 74, 00, 72, 00, 6f, 00, 6c, 00, 5c, 00, 53, 00, 65, 00, 73, 00, 73, 00, 69, 00, 6f, 00, 6e, 00, 20, 00, 4d, 00, 61, 00, 6e, 00, 61, 00, 67, 00, 65, 00, 72, 00])
kernel-after turn=3237 service=0x12 PC=0x180001134 X0=0x0
NtOpenKey output handle bytes=Ok([18, 00, 00, 00, 00, 00, 00, 00])
kernel-before turn=3248 service=0x17 PC=0x180001180 registers=[18, 180360db8, 2, abe640, 50, abe630]
NtQueryValueKey name length=64 bytes=Ok([52, 00, 61, 00, 69, 00, 73, 00, 65, 00, 45, 00, 78, 00, 63, 00, 65, 00, 70, 00, 74, 00, 69, 00, 6f, 00, 6e, 00, 4f, 00, 6e, 00, 50, 00, 6f, 00, 73, 00, 73, 00, 69, 00, 62, 00, 6c, 00, 65, 00, 44, 00, 65, 00, 61, 00, 64, 00, 6c, 00, 6f, 00, 63, 00, 6b, 00])
kernel-after turn=3248 service=0x17 PC=0x180001184 X0=0xc0000034
NtQueryValueKey output=Ok([00, 00, 00, 00, 00, 00, 00, 00, 00, 00, 00, 00, 00, 00, 00, 00, 00, 00, 00, 00, 00, 00, 00, 00, 00, 00, 00, 00, 00, 00, 00, 00, 00, 00, 00, 00]) ResultLength=Ok([00, 00, 00, 00])
kernel-before turn=3253 service=0xf PC=0x1800010f0 registers=[18, 180360db8, 2, abe640, 50, abe630]
kernel-after turn=3253 service=0xf PC=0x1800010f4 X0=0x0
kernel-before turn=3405 service=0x12 PC=0x180001130 registers=[abe580, 9, abe588, abe6e8, 50, abe630]
NtOpenKey attributes=0xabe588 bytes=Ok([30, 00, 00, 00, 00, 00, 00, 00, 00, 00, 00, 00, 00, 00, 00, 00, 10, d0, 34, 80, 01, 00, 00, 00, 40, 02, 00, 00, 00, 00, 00, 00, 00, 00, 00, 00, 00, 00, 00, 00, 00, 00, 00, 00, 00, 00, 00, 00])
NtOpenKey name struct=0x18034d010 length=182 buffer=0x18034ce30 bytes=Ok([5c, 00, 52, 00, 65, 00, 67, 00, 69, 00, 73, 00, 74, 00, 72, 00, 79, 00, 5c, 00, 4d, 00, 61, 00, 63, 00, 68, 00, 69, 00, 6e, 00, 65, 00, 5c, 00, 53, 00, 6f, 00, 66, 00, 74, 00, 77, 00, 61, 00, 72, 00, 65, 00, 5c, 00, 4d, 00, 69, 00, 63, 00, 72, 00, 6f, 00, 73, 00, 6f, 00, 66, 00, 74, 00, 5c, 00, 57, 00, 69, 00, 6e, 00, 64, 00, 6f, 00, 77, 00, 73, 00, 20, 00, 4e, 00, 54, 00, 5c, 00, 43, 00, 75, 00, 72, 00, 72, 00, 65, 00, 6e, 00, 74, 00, 56, 00, 65, 00, 72, 00, 73, 00, 69, 00, 6f, 00, 6e, 00, 5c, 00, 49, 00, 6d, 00, 61, 00, 67, 00, 65, 00, 20, 00, 46, 00, 69, 00, 6c, 00, 65, 00, 20, 00, 45, 00, 78, 00, 65, 00, 63, 00, 75, 00, 74, 00, 69, 00, 6f, 00, 6e, 00, 20, 00, 4f, 00, 70, 00, 74, 00, 69, 00, 6f, 00, 6e, 00, 73, 00])
kernel-after turn=3405 service=0x12 PC=0x180001134 X0=0x0
NtOpenKey output handle bytes=Ok([18, 00, 00, 00, 00, 00, 00, 00])
kernel-before turn=3438 service=0x12 PC=0x180001130 registers=[abe608, 9, abe650, abe6e8, 50, abe630]
NtOpenKey attributes=0xabe650 bytes=Ok([30, 00, 00, 00, 00, 00, 00, 00, 18, 00, 00, 00, 00, 00, 00, 00, 40, e6, ab, 00, 00, 00, 00, 00, 40, 02, 00, 00, 00, 00, 00, 00, 00, 00, 00, 00, 00, 00, 00, 00, 00, 00, 00, 00, 00, 00, 00, 00])
NtOpenKey name struct=0xabe640 length=18 buffer=0x1056e bytes=Ok([70, 00, 72, 00, 6f, 00, 62, 00, 65, 00, 2e, 00, 65, 00, 78, 00, 65, 00])
kernel-after turn=3438 service=0x12 PC=0x180001134 X0=0xc0000034
NtOpenKey output handle bytes=Ok([00, 00, 00, 00, 00, 00, 00, 00])
kernel-before turn=4462 service=0x12 PC=0x180001130 registers=[abe618, 1, abe620, 0, 0, abe630]
NtOpenKey attributes=0xabe620 bytes=Ok([30, 00, 00, 00, 00, 00, 00, 00, 00, 00, 00, 00, 00, 00, 00, 00, 40, cb, 34, 80, 01, 00, 00, 00, 40, 00, 00, 00, 00, 00, 00, 00, 00, 00, 00, 00, 00, 00, 00, 00, 00, 00, 00, 00, 00, 00, 00, 00])
NtOpenKey name struct=0x18034cb40 length=158 buffer=0x18034c5d0 bytes=Ok([5c, 00, 52, 00, 65, 00, 67, 00, 69, 00, 73, 00, 74, 00, 72, 00, 79, 00, 5c, 00, 4d, 00, 61, 00, 63, 00, 68, 00, 69, 00, 6e, 00, 65, 00, 5c, 00, 53, 00, 59, 00, 53, 00, 54, 00, 45, 00, 4d, 00, 5c, 00, 43, 00, 75, 00, 72, 00, 72, 00, 65, 00, 6e, 00, 74, 00, 43, 00, 6f, 00, 6e, 00, 74, 00, 72, 00, 6f, 00, 6c, 00, 53, 00, 65, 00, 74, 00, 5c, 00, 43, 00, 6f, 00, 6e, 00, 74, 00, 72, 00, 6f, 00, 6c, 00, 5c, 00, 53, 00, 65, 00, 73, 00, 73, 00, 69, 00, 6f, 00, 6e, 00, 20, 00, 4d, 00, 61, 00, 6e, 00, 61, 00, 67, 00, 65, 00, 72, 00, 5c, 00, 53, 00, 65, 00, 67, 00, 6d, 00, 65, 00, 6e, 00, 74, 00, 20, 00, 48, 00, 65, 00, 61, 00, 70, 00])
kernel-after turn=4462 service=0x12 PC=0x180001134 X0=0xc0000034
NtOpenKey output handle bytes=Ok([00, 00, 00, 00, 00, 00, 00, 00])
kernel-before turn=5219 service=0x19 PC=0x1800011a0 registers=[ffffffffffffffff, 24, abe920, 4, 0, 4]
kernel-after turn=5219 service=0x19 PC=0x1800011a4 X0=0x0
kernel-before turn=6770 service=0x12 PC=0x180001130 registers=[abe8b8, 9, abe900, abea68, 0, 4]
NtOpenKey attributes=0xabe900 bytes=Ok([30, 00, 00, 00, 00, 00, 00, 00, 18, 00, 00, 00, 00, 00, 00, 00, f0, e8, ab, 00, 00, 00, 00, 00, 40, 02, 00, 00, 00, 00, 00, 00, 00, 00, 00, 00, 00, 00, 00, 00, 00, 00, 00, 00, 00, 00, 00, 00])
NtOpenKey name struct=0xabe8f0 length=18 buffer=0x1056e bytes=Ok([70, 00, 72, 00, 6f, 00, 62, 00, 65, 00, 2e, 00, 65, 00, 78, 00, 65, 00])
kernel-after turn=6770 service=0x12 PC=0x180001134 X0=0xc0000034
NtOpenKey output handle bytes=Ok([00, 00, 00, 00, 00, 00, 00, 00])
kernel-before turn=6803 service=0x19 PC=0x1800011a0 registers=[ffffffffffffffff, 24, abe960, 4, 0, 4]
kernel-after turn=6803 service=0x19 PC=0x1800011a4 X0=0x0
kernel-before turn=7030 service=0x36 PC=0x1800013a0 registers=[0, abf490, 40, 0, 0, 4]
kernel-after turn=7030 service=0x36 PC=0x1800013a4 X0=0x0
kernel-before turn=11206 service=0x36 PC=0x1800013a0 registers=[3e, abf450, 40, 0, 0, 4]
kernel-after turn=11206 service=0x36 PC=0x1800013a4 X0=0x0
kernel-before turn=11315 service=0x78 PC=0x1800017c0 registers=[ffffffffffffffff, 1803c50d8, abe950, 102000, 4, abe8e0]
NtAllocateVirtualMemoryEx base-pointer=0x1803c50d8 raw=Ok([00, 00, 00, 00, 00, 00, 00, 00]) size-pointer=0xabe950 raw=Ok([00, 10, 00, 02, 00, 00, 00, 00]) extended=0xabe8e0 count=1 raw=Ok([01, 00, 00, 00, 00, 00, 00, 00, c0, e8, ab, 00, 00, 00, 00, 00])
address-requirements pointer=0xabe8c0 raw=Ok([00, 00, 00, 00, 00, 00, 00, 00, 00, 00, 00, 00, 00, 00, 00, 00, 00, 00, 00, 00, 00, 00, 00, 00])
kernel-after turn=11315 service=0x78 PC=0x1800017c4 X0=0x0
kernel-before turn=11397 service=0x78 PC=0x1800017c0 registers=[ffffffffffffffff, 1803c50d0, abe958, 1000, 4, 0]
NtAllocateVirtualMemoryEx base-pointer=0x1803c50d0 raw=Ok([00, 00, fe, ff, ff, 7f, 00, 00]) size-pointer=0xabe958 raw=Ok([00, 10, 00, 00, 00, 00, 00, 00]) extended=0x0 count=0 raw=Err(MemFault { addr: 00, write: false })
kernel-after turn=11397 service=0x78 PC=0x1800017c4 X0=0x0
kernel-before turn=11542 service=0x78 PC=0x1800017c0 registers=[ffffffffffffffff, 1803c5140, abe950, 102000, 4, abe8e0]
NtAllocateVirtualMemoryEx base-pointer=0x1803c5140 raw=Ok([00, 00, 00, 00, 00, 00, 00, 00]) size-pointer=0xabe950 raw=Ok([00, 00, 02, 00, 01, 00, 00, 00]) extended=0xabe8e0 count=1 raw=Ok([01, 00, 00, 00, 00, 00, 00, 00, c0, e8, ab, 00, 00, 00, 00, 00])
address-requirements pointer=0xabe8c0 raw=Ok([00, 00, 00, 00, 00, 00, 00, 00, 00, 00, 00, 00, 00, 00, 00, 00, 00, 00, 00, 00, 00, 00, 00, 00])
kernel-after turn=11542 service=0x78 PC=0x1800017c4 X0=0x0
kernel-before turn=13286 service=0x16e PC=0x180002720 registers=[6b, abd890, 4, abd898, c50, 0]
NtQuerySystemInformationEx class=0x6b input=0xabd890 input-bytes=4 raw=Ok([04, 00, 00, 00]) output=0xabd898 output-bytes=3152 returned=0x0
kernel-after turn=13286 service=0x16e PC=0x180002724 X0=0x0
kernel-before turn=13686 service=0x78 PC=0x1800017c0 registers=[ffffffffffffffff, abe350, abe378, 2000, 4, abe2e0]
NtAllocateVirtualMemoryEx base-pointer=0xabe350 raw=Ok([00, 00, 00, 00, 00, 00, 00, 00]) size-pointer=0xabe378 raw=Ok([00, 00, 00, 01, 00, 00, 00, 00]) extended=0xabe2e0 count=1 raw=Ok([01, 00, 00, 00, 00, 00, 00, 00, c0, e2, ab, 00, 00, 00, 00, 00])
address-requirements pointer=0xabe2c0 raw=Ok([00, 00, 00, 00, 00, 00, 00, 00, 00, 00, 00, 00, 00, 00, 00, 00, 00, 00, 00, 01, 00, 00, 00, 00])
kernel-after turn=13686 service=0x78 PC=0x1800017c4 X0=0x0
kernel-before turn=13828 service=0x78 PC=0x1800017c0 registers=[ffffffffffffffff, abe288, abe280, 1000, 4, 0]
NtAllocateVirtualMemoryEx base-pointer=0xabe288 raw=Ok([00, 00, fc, fd, ff, 7f, 00, 00]) size-pointer=0xabe280 raw=Ok([00, 10, 00, 00, 00, 00, 00, 00]) extended=0x0 count=0 raw=Err(MemFault { addr: 00, write: false })
kernel-after turn=13828 service=0x78 PC=0x1800017c4 X0=0x0
kernel-before turn=13940 service=0x78 PC=0x1800017c0 registers=[ffffffffffffffff, abe288, abe280, 1000, 4, 0]
NtAllocateVirtualMemoryEx base-pointer=0xabe288 raw=Ok([00, 00, fc, fd, fe, 7f, 00, 00]) size-pointer=0xabe280 raw=Ok([00, 10, 00, 00, 00, 00, 00, 00]) extended=0x0 count=0 raw=Err(MemFault { addr: 00, write: false })
kernel-after turn=13940 service=0x78 PC=0x1800017c4 X0=0x0
kernel-before turn=16335 service=0x78 PC=0x1800017c0 registers=[ffffffffffffffff, abe4b0, abe458, 1000, 4, 0]
NtAllocateVirtualMemoryEx base-pointer=0xabe4b0 raw=Ok([00, 00, 00, 01, 00, 00, 00, 00]) size-pointer=0xabe458 raw=Ok([00, 10, 00, 00, 00, 00, 00, 00]) extended=0x0 count=0 raw=Err(MemFault { addr: 00, write: false })
kernel-after turn=16335 service=0x78 PC=0x1800017c4 X0=0x0
kernel-before turn=18683 service=0x78 PC=0x1800017c0 registers=[ffffffffffffffff, abe360, abe378, 1000, 4, 0]
NtAllocateVirtualMemoryEx base-pointer=0xabe360 raw=Ok([00, 00, 10, 01, 00, 00, 00, 00]) size-pointer=0xabe378 raw=Ok([00, 30, 00, 00, 00, 00, 00, 00]) extended=0x0 count=0 raw=Err(MemFault { addr: 00, write: false })
kernel-after turn=18683 service=0x78 PC=0x1800017c4 X0=0x0
kernel-before turn=18886 service=0x78 PC=0x1800017c0 registers=[ffffffffffffffff, abe3b8, abe3b0, 1000, 4, 0]
NtAllocateVirtualMemoryEx base-pointer=0xabe3b8 raw=Ok([00, 00, fe, fd, ff, 7f, 00, 00]) size-pointer=0xabe3b0 raw=Ok([00, 10, 00, 00, 00, 00, 00, 00]) extended=0x0 count=0 raw=Err(MemFault { addr: 00, write: false })
kernel-after turn=18886 service=0x78 PC=0x1800017c4 X0=0x0
kernel-before turn=23282 service=0x78 PC=0x1800017c0 registers=[ffffffffffffffff, abe540, abe4e8, 1000, 4, 0]
NtAllocateVirtualMemoryEx base-pointer=0xabe540 raw=Ok([00, 00, 20, 01, 00, 00, 00, 00]) size-pointer=0xabe4e8 raw=Ok([00, 10, 00, 00, 00, 00, 00, 00]) extended=0x0 count=0 raw=Err(MemFault { addr: 00, write: false })
kernel-after turn=23282 service=0x78 PC=0x1800017c4 X0=0x0
kernel-before turn=25985 service=0x78 PC=0x1800017c0 registers=[ffffffffffffffff, abe400, abe418, 1000, 4, 0]
NtAllocateVirtualMemoryEx base-pointer=0xabe400 raw=Ok([00, 00, 30, 01, 00, 00, 00, 00]) size-pointer=0xabe418 raw=Ok([00, 20, 00, 00, 00, 00, 00, 00]) extended=0x0 count=0 raw=Err(MemFault { addr: 00, write: false })
kernel-after turn=25985 service=0x78 PC=0x1800017c4 X0=0x0
kernel-before turn=28251 service=0x78 PC=0x1800017c0 registers=[ffffffffffffffff, abe470, abe488, 1000, 4, 0]
NtAllocateVirtualMemoryEx base-pointer=0xabe470 raw=Ok([00, 20, 30, 01, 00, 00, 00, 00]) size-pointer=0xabe488 raw=Ok([00, 10, 00, 00, 00, 00, 00, 00]) extended=0x0 count=0 raw=Err(MemFault { addr: 00, write: false })
kernel-after turn=28251 service=0x78 PC=0x1800017c4 X0=0x0
kernel-before turn=32733 service=0x78 PC=0x1800017c0 registers=[ffffffffffffffff, abe590, abe5a8, 1000, 4, 0]
NtAllocateVirtualMemoryEx base-pointer=0xabe590 raw=Ok([00, 30, 10, 01, 00, 00, 00, 00]) size-pointer=0xabe5a8 raw=Ok([00, 10, 00, 00, 00, 00, 00, 00]) extended=0x0 count=0 raw=Err(MemFault { addr: 00, write: false })
kernel-after turn=32733 service=0x78 PC=0x1800017c4 X0=0x0
kernel-before turn=33364 service=0x36 PC=0x1800013a0 registers=[c5, abeb08, 8, 0, 0, abe8b0]
kernel-after turn=33364 service=0x36 PC=0x1800013a4 X0=0x0
kernel-before turn=33566 service=0x36 PC=0x1800013a0 registers=[37, abeef0, 408, abe9b4, 0, abe8b0]
kernel-after turn=33566 service=0x36 PC=0x1800013a4 X0=0x0
kernel-before turn=33588 service=0x16e PC=0x180002720 registers=[6b, abe9b8, 4, 0, 0, abe98c]
NtQuerySystemInformationEx class=0x6b input=0xabe9b8 input-bytes=4 raw=Ok([04, 00, 00, 00]) output=0x0 output-bytes=0 returned=0xabe98c
kernel-after turn=33588 service=0x16e PC=0x180002724 X0=0xc0000004
kernel-before turn=34417 service=0x16e PC=0x180002720 registers=[6b, abe9b8, 4, 1103090, 50, abe98c]
NtQuerySystemInformationEx class=0x6b input=0xabe9b8 input-bytes=4 raw=Ok([04, 00, 00, 00]) output=0x1103090 output-bytes=80 returned=0xabe98c
kernel-after turn=34417 service=0x16e PC=0x180002724 X0=0x0
kernel-before turn=40500 service=0x16e PC=0x180002720 registers=[6b, abe604, 4, 0, 0, abe600]
NtQuerySystemInformationEx class=0x6b input=0xabe604 input-bytes=4 raw=Ok([06, 00, 00, 00]) output=0x0 output-bytes=0 returned=0xabe600
kernel-after turn=40500 service=0x16e PC=0x180002724 X0=0x6b
turn=40469 thread=8 PC=0x1800b7c98 SP=0xabe650 bytes=Ok([40, 17, 00, b4]) insn=Some("Ok(DecodedInsn { mnemonic: CBZ, cond: None, operands: [Reg(Register { num: 0, is_64bit: true, is_sp: false, kind: Gpr }), Label(744)], sets_flags: false, raw: 3019904832, size: 4, state: Aarch64 })") registers=[11034f0, 0, 10, 11034e0, 0, abe590, e000, 3, 0, 29, 10, 2ed48f4fb74a11d9, 0, 0, 0, e, a8397b1dcdaf, 1000ad0, 7ffdd000, 1103280, 1803c8a60, 1803c8000, 1000, 1103470, abe708, 1803c8000, 100000, 7ffdf000, abe980, abe660, 1800b7c94]
turn=40470 thread=8 PC=0x1800b7c9c SP=0xabe650 bytes=Ok([7b, ba, 41, b9]) insn=Some("Ok(DecodedInsn { mnemonic: LDR, cond: None, operands: [Reg(Register { num: 27, is_64bit: false, is_sp: false, kind: Gpr }), Mem(MemOperand { base: Register { num: 19, is_64bit: true, is_sp: false, kind: Gpr }, offset: Imm(440), mode: Offset })], sets_flags: false, raw: 3108092539, size: 4, state: Aarch64 })") registers=[11034f0, 0, 10, 11034e0, 0, abe590, e000, 3, 0, 29, 10, 2ed48f4fb74a11d9, 0, 0, 0, e, a8397b1dcdaf, 1000ad0, 7ffdd000, 1103280, 1803c8a60, 1803c8000, 1000, 1103470, abe708, 1803c8000, 100000, 7ffdf000, abe980, abe660, 1800b7c94]
turn=40471 thread=8 PC=0x1800b7ca0 SP=0xabe650 bytes=Ok([9b, 00, 00, 35]) insn=Some("Ok(DecodedInsn { mnemonic: CBNZ, cond: None, operands: [Reg(Register { num: 27, is_64bit: false, is_sp: false, kind: Gpr }), Label(16)], sets_flags: false, raw: 889192603, size: 4, state: Aarch64 })") registers=[11034f0, 0, 10, 11034e0, 0, abe590, e000, 3, 0, 29, 10, 2ed48f4fb74a11d9, 0, 0, 0, e, a8397b1dcdaf, 1000ad0, 7ffdd000, 1103280, 1803c8a60, 1803c8000, 1000, 1103470, abe708, 1803c8000, 100000, 0, abe980, abe660, 1800b7c94]
turn=40472 thread=8 PC=0x1800b7ca4 SP=0xabe650 bytes=Ok([c8, ff, af, d2]) insn=Some("Ok(DecodedInsn { mnemonic: MOVZ, cond: None, operands: [Reg(Register { num: 8, is_64bit: true, is_sp: false, kind: Gpr }), Imm(Immediate { value: 32766, shift: 16 })], sets_flags: false, raw: 3534749640, size: 4, state: Aarch64 })") registers=[11034f0, 0, 10, 11034e0, 0, abe590, e000, 3, 0, 29, 10, 2ed48f4fb74a11d9, 0, 0, 0, e, a8397b1dcdaf, 1000ad0, 7ffdd000, 1103280, 1803c8a60, 1803c8000, 1000, 1103470, abe708, 1803c8000, 100000, 0, abe980, abe660, 1800b7c94]
turn=40473 thread=8 PC=0x1800b7ca8 SP=0xabe650 bytes=Ok([08, 78, 80, f2]) insn=Some("Ok(DecodedInsn { mnemonic: MOVK, cond: None, operands: [Reg(Register { num: 8, is_64bit: true, is_sp: false, kind: Gpr }), Imm(Immediate { value: 960, shift: 0 })], sets_flags: false, raw: 4068505608, size: 4, state: Aarch64 })") registers=[11034f0, 0, 10, 11034e0, 0, abe590, e000, 3, 7ffe0000, 29, 10, 2ed48f4fb74a11d9, 0, 0, 0, e, a8397b1dcdaf, 1000ad0, 7ffdd000, 1103280, 1803c8a60, 1803c8000, 1000, 1103470, abe708, 1803c8000, 100000, 0, abe980, abe660, 1800b7c94]
turn=40474 thread=8 PC=0x1800b7cac SP=0xabe650 bytes=Ok([1b, 01, 40, b9]) insn=Some("Ok(DecodedInsn { mnemonic: LDR, cond: None, operands: [Reg(Register { num: 27, is_64bit: false, is_sp: false, kind: Gpr }), Mem(MemOperand { base: Register { num: 8, is_64bit: true, is_sp: false, kind: Gpr }, offset: Imm(0), mode: Offset })], sets_flags: false, raw: 3107979547, size: 4, state: Aarch64 })") registers=[11034f0, 0, 10, 11034e0, 0, abe590, e000, 3, 7ffe03c0, 29, 10, 2ed48f4fb74a11d9, 0, 0, 0, e, a8397b1dcdaf, 1000ad0, 7ffdd000, 1103280, 1803c8a60, 1803c8000, 1000, 1103470, abe708, 1803c8000, 100000, 0, abe980, abe660, 1800b7c94]
turn=40475 thread=8 PC=0x1800b7cb0 SP=0xabe650 bytes=Ok([7b, aa, 01, b9]) insn=Some("Ok(DecodedInsn { mnemonic: STR, cond: None, operands: [Reg(Register { num: 27, is_64bit: false, is_sp: false, kind: Gpr }), Mem(MemOperand { base: Register { num: 19, is_64bit: true, is_sp: false, kind: Gpr }, offset: Imm(424), mode: Offset })], sets_flags: false, raw: 3103894139, size: 4, state: Aarch64 })") registers=[11034f0, 0, 10, 11034e0, 0, abe590, e000, 3, 7ffe03c0, 29, 10, 2ed48f4fb74a11d9, 0, 0, 0, e, a8397b1dcdaf, 1000ad0, 7ffdd000, 1103280, 1803c8a60, 1803c8000, 1000, 1103470, abe708, 1803c8000, 100000, 1, abe980, abe660, 1800b7c94]
turn=40476 thread=8 PC=0x1800b7cb4 SP=0xabe650 bytes=Ok([e0, 03, 13, aa]) insn=Some("Ok(DecodedInsn { mnemonic: MOV, cond: None, operands: [Reg(Register { num: 0, is_64bit: true, is_sp: false, kind: Gpr }), Reg(Register { num: 19, is_64bit: true, is_sp: false, kind: Gpr })], sets_flags: false, raw: 2853372896, size: 4, state: Aarch64 })") registers=[11034f0, 0, 10, 11034e0, 0, abe590, e000, 3, 7ffe03c0, 29, 10, 2ed48f4fb74a11d9, 0, 0, 0, e, a8397b1dcdaf, 1000ad0, 7ffdd000, 1103280, 1803c8a60, 1803c8000, 1000, 1103470, abe708, 1803c8000, 100000, 1, abe980, abe660, 1800b7c94]
turn=40477 thread=8 PC=0x1800b7cb8 SP=0xabe650 bytes=Ok([7e, 07, 00, 94]) insn=Some("Ok(DecodedInsn { mnemonic: BL, cond: None, operands: [Label(7672)], sets_flags: false, raw: 2483029886, size: 4, state: Aarch64 })") registers=[1103280, 0, 10, 11034e0, 0, abe590, e000, 3, 7ffe03c0, 29, 10, 2ed48f4fb74a11d9, 0, 0, 0, e, a8397b1dcdaf, 1000ad0, 7ffdd000, 1103280, 1803c8a60, 1803c8000, 1000, 1103470, abe708, 1803c8000, 100000, 1, abe980, abe660, 1800b7c94]
turn=40478 thread=8 PC=0x1800b9ab0 SP=0xabe650 bytes=Ok([7f, 23, 03, d5]) insn=Some("Ok(DecodedInsn { mnemonic: HINT, cond: None, operands: [Imm(Immediate { value: 27, shift: 0 })], sets_flags: false, raw: 3573752703, size: 4, state: Aarch64 })") registers=[1103280, 0, 10, 11034e0, 0, abe590, e000, 3, 7ffe03c0, 29, 10, 2ed48f4fb74a11d9, 0, 0, 0, e, a8397b1dcdaf, 1000ad0, 7ffdd000, 1103280, 1803c8a60, 1803c8000, 1000, 1103470, abe708, 1803c8000, 100000, 1, abe980, abe660, 1800b7cbc]
turn=40479 thread=8 PC=0x1800b9ab4 SP=0xabe650 bytes=Ok([f3, 53, bc, a9]) insn=Some("Ok(DecodedInsn { mnemonic: STP, cond: None, operands: [Reg(Register { num: 19, is_64bit: true, is_sp: false, kind: Gpr }), Reg(Register { num: 20, is_64bit: true, is_sp: false, kind: Gpr }), Mem(MemOperand { base: Register { num: 31, is_64bit: true, is_sp: true, kind: Sp }, offset: Imm(-64), mode: PreIndex })], sets_flags: false, raw: 2847691763, size: 4, state: Aarch64 })") registers=[1103280, 0, 10, 11034e0, 0, abe590, e000, 3, 7ffe03c0, 29, 10, 2ed48f4fb74a11d9, 0, 0, 0, e, a8397b1dcdaf, 1000ad0, 7ffdd000, 1103280, 1803c8a60, 1803c8000, 1000, 1103470, abe708, 1803c8000, 100000, 1, abe980, abe660, 1800b7cbc]
turn=40480 thread=8 PC=0x1800b9ab8 SP=0xabe610 bytes=Ok([f5, 5b, 01, a9]) insn=Some("Ok(DecodedInsn { mnemonic: STP, cond: None, operands: [Reg(Register { num: 21, is_64bit: true, is_sp: false, kind: Gpr }), Reg(Register { num: 22, is_64bit: true, is_sp: false, kind: Gpr }), Mem(MemOperand { base: Register { num: 31, is_64bit: true, is_sp: true, kind: Sp }, offset: Imm(16), mode: Offset })], sets_flags: false, raw: 2835438581, size: 4, state: Aarch64 })") registers=[1103280, 0, 10, 11034e0, 0, abe590, e000, 3, 7ffe03c0, 29, 10, 2ed48f4fb74a11d9, 0, 0, 0, e, a8397b1dcdaf, 1000ad0, 7ffdd000, 1103280, 1803c8a60, 1803c8000, 1000, 1103470, abe708, 1803c8000, 100000, 1, abe980, abe660, 1800b7cbc]
turn=40481 thread=8 PC=0x1800b9abc SP=0xabe610 bytes=Ok([f7, 13, 00, f9]) insn=Some("Ok(DecodedInsn { mnemonic: STR, cond: None, operands: [Reg(Register { num: 23, is_64bit: true, is_sp: false, kind: Gpr }), Mem(MemOperand { base: Register { num: 31, is_64bit: true, is_sp: true, kind: Sp }, offset: Imm(32), mode: Offset })], sets_flags: false, raw: 4177531895, size: 4, state: Aarch64 })") registers=[1103280, 0, 10, 11034e0, 0, abe590, e000, 3, 7ffe03c0, 29, 10, 2ed48f4fb74a11d9, 0, 0, 0, e, a8397b1dcdaf, 1000ad0, 7ffdd000, 1103280, 1803c8a60, 1803c8000, 1000, 1103470, abe708, 1803c8000, 100000, 1, abe980, abe660, 1800b7cbc]
turn=40482 thread=8 PC=0x1800b9ac0 SP=0xabe610 bytes=Ok([f9, eb, 02, a9]) insn=Some("Ok(DecodedInsn { mnemonic: STP, cond: None, operands: [Reg(Register { num: 25, is_64bit: true, is_sp: false, kind: Gpr }), Reg(Register { num: 26, is_64bit: true, is_sp: false, kind: Gpr }), Mem(MemOperand { base: Register { num: 31, is_64bit: true, is_sp: true, kind: Sp }, offset: Imm(40), mode: Offset })], sets_flags: false, raw: 2835540985, size: 4, state: Aarch64 })") registers=[1103280, 0, 10, 11034e0, 0, abe590, e000, 3, 7ffe03c0, 29, 10, 2ed48f4fb74a11d9, 0, 0, 0, e, a8397b1dcdaf, 1000ad0, 7ffdd000, 1103280, 1803c8a60, 1803c8000, 1000, 1103470, abe708, 1803c8000, 100000, 1, abe980, abe660, 1800b7cbc]
turn=40483 thread=8 PC=0x1800b9ac4 SP=0xabe610 bytes=Ok([fd, 7b, be, a9]) insn=Some("Ok(DecodedInsn { mnemonic: STP, cond: None, operands: [Reg(Register { num: 29, is_64bit: true, is_sp: false, kind: Gpr }), Reg(Register { num: 30, is_64bit: true, is_sp: false, kind: Gpr }), Mem(MemOperand { base: Register { num: 31, is_64bit: true, is_sp: true, kind: Sp }, offset: Imm(-32), mode: PreIndex })], sets_flags: false, raw: 2847833085, size: 4, state: Aarch64 })") registers=[1103280, 0, 10, 11034e0, 0, abe590, e000, 3, 7ffe03c0, 29, 10, 2ed48f4fb74a11d9, 0, 0, 0, e, a8397b1dcdaf, 1000ad0, 7ffdd000, 1103280, 1803c8a60, 1803c8000, 1000, 1103470, abe708, 1803c8000, 100000, 1, abe980, abe660, 1800b7cbc]
turn=40484 thread=8 PC=0x1800b9ac8 SP=0xabe5f0 bytes=Ok([fd, 03, 00, 91]) insn=Some("Ok(DecodedInsn { mnemonic: MOV, cond: None, operands: [Reg(Register { num: 29, is_64bit: true, is_sp: false, kind: Gpr }), Reg(Register { num: 31, is_64bit: true, is_sp: true, kind: Sp })], sets_flags: false, raw: 2432697341, size: 4, state: Aarch64 })") registers=[1103280, 0, 10, 11034e0, 0, abe590, e000, 3, 7ffe03c0, 29, 10, 2ed48f4fb74a11d9, 0, 0, 0, e, a8397b1dcdaf, 1000ad0, 7ffdd000, 1103280, 1803c8a60, 1803c8000, 1000, 1103470, abe708, 1803c8000, 100000, 1, abe980, abe660, 1800b7cbc]
turn=40485 thread=8 PC=0x1800b9acc SP=0xabe5f0 bytes=Ok([f5, 03, 00, aa]) insn=Some("Ok(DecodedInsn { mnemonic: MOV, cond: None, operands: [Reg(Register { num: 21, is_64bit: true, is_sp: false, kind: Gpr }), Reg(Register { num: 0, is_64bit: true, is_sp: false, kind: Gpr })], sets_flags: false, raw: 2852127733, size: 4, state: Aarch64 })") registers=[1103280, 0, 10, 11034e0, 0, abe590, e000, 3, 7ffe03c0, 29, 10, 2ed48f4fb74a11d9, 0, 0, 0, e, a8397b1dcdaf, 1000ad0, 7ffdd000, 1103280, 1803c8a60, 1803c8000, 1000, 1103470, abe708, 1803c8000, 100000, 1, abe980, abe5f0, 1800b7cbc]
turn=40486 thread=8 PC=0x1800b9ad0 SP=0xabe5f0 bytes=Ok([ff, 13, 00, b9]) insn=Some("Ok(DecodedInsn { mnemonic: STR, cond: None, operands: [Reg(Register { num: 31, is_64bit: false, is_sp: false, kind: Gpr }), Mem(MemOperand { base: Register { num: 31, is_64bit: true, is_sp: true, kind: Sp }, offset: Imm(16), mode: Offset })], sets_flags: false, raw: 3103790079, size: 4, state: Aarch64 })") registers=[1103280, 0, 10, 11034e0, 0, abe590, e000, 3, 7ffe03c0, 29, 10, 2ed48f4fb74a11d9, 0, 0, 0, e, a8397b1dcdaf, 1000ad0, 7ffdd000, 1103280, 1803c8a60, 1103280, 1000, 1103470, abe708, 1803c8000, 100000, 1, abe980, abe5f0, 1800b7cbc]
turn=40487 thread=8 PC=0x1800b9ad4 SP=0xabe5f0 bytes=Ok([13, 00, 80, d2]) insn=Some("Ok(DecodedInsn { mnemonic: MOVZ, cond: None, operands: [Reg(Register { num: 19, is_64bit: true, is_sp: false, kind: Gpr }), Imm(Immediate { value: 0, shift: 0 })], sets_flags: false, raw: 3531603987, size: 4, state: Aarch64 })") registers=[1103280, 0, 10, 11034e0, 0, abe590, e000, 3, 7ffe03c0, 29, 10, 2ed48f4fb74a11d9, 0, 0, 0, e, a8397b1dcdaf, 1000ad0, 7ffdd000, 1103280, 1803c8a60, 1103280, 1000, 1103470, abe708, 1803c8000, 100000, 1, abe980, abe5f0, 1800b7cbc]
turn=40488 thread=8 PC=0x1800b9ad8 SP=0xabe5f0 bytes=Ok([17, 00, 80, 52]) insn=Some("Ok(DecodedInsn { mnemonic: MOVZ, cond: None, operands: [Reg(Register { num: 23, is_64bit: false, is_sp: false, kind: Gpr }), Imm(Immediate { value: 0, shift: 0 })], sets_flags: false, raw: 1384120343, size: 4, state: Aarch64 })") registers=[1103280, 0, 10, 11034e0, 0, abe590, e000, 3, 7ffe03c0, 29, 10, 2ed48f4fb74a11d9, 0, 0, 0, e, a8397b1dcdaf, 1000ad0, 7ffdd000, 0, 1803c8a60, 1103280, 1000, 1103470, abe708, 1803c8000, 100000, 1, abe980, abe5f0, 1800b7cbc]
turn=40489 thread=8 PC=0x1800b9adc SP=0xabe5f0 bytes=Ok([74, 18, 00, f0]) insn=Some("Ok(DecodedInsn { mnemonic: ADRP, cond: None, operands: [Reg(Register { num: 20, is_64bit: true, is_sp: false, kind: Gpr }), Label(3207168)], sets_flags: false, raw: 4026538100, size: 4, state: Aarch64 })") registers=[1103280, 0, 10, 11034e0, 0, abe590, e000, 3, 7ffe03c0, 29, 10, 2ed48f4fb74a11d9, 0, 0, 0, e, a8397b1dcdaf, 1000ad0, 7ffdd000, 0, 1803c8a60, 1103280, 1000, 0, abe708, 1803c8000, 100000, 1, abe980, abe5f0, 1800b7cbc]
turn=40490 thread=8 PC=0x1800b9ae0 SP=0xabe5f0 bytes=Ok([d9, 00, 80, 52]) insn=Some("Ok(DecodedInsn { mnemonic: MOVZ, cond: None, operands: [Reg(Register { num: 25, is_64bit: false, is_sp: false, kind: Gpr }), Imm(Immediate { value: 6, shift: 0 })], sets_flags: false, raw: 1384120537, size: 4, state: Aarch64 })") registers=[1103280, 0, 10, 11034e0, 0, abe590, e000, 3, 7ffe03c0, 29, 10, 2ed48f4fb74a11d9, 0, 0, 0, e, a8397b1dcdaf, 1000ad0, 7ffdd000, 0, 1803c8000, 1103280, 1000, 0, abe708, 1803c8000, 100000, 1, abe980, abe5f0, 1800b7cbc]
turn=40491 thread=8 PC=0x1800b9ae4 SP=0xabe5f0 bytes=Ok([3a, 0b, 00, 18]) insn=Some("Ok(DecodedInsn { mnemonic: LDR, cond: None, operands: [Reg(Register { num: 26, is_64bit: false, is_sp: false, kind: Gpr }), Label(356)], sets_flags: false, raw: 402656058, size: 4, state: Aarch64 })") registers=[1103280, 0, 10, 11034e0, 0, abe590, e000, 3, 7ffe03c0, 29, 10, 2ed48f4fb74a11d9, 0, 0, 0, e, a8397b1dcdaf, 1000ad0, 7ffdd000, 0, 1803c8000, 1103280, 1000, 0, abe708, 6, 100000, 1, abe980, abe5f0, 1800b7cbc]
turn=40492 thread=8 PC=0x1800b9ae8 SP=0xabe5f0 bytes=Ok([e5, 43, 00, 91]) insn=Some("Ok(DecodedInsn { mnemonic: ADD, cond: None, operands: [Reg(Register { num: 5, is_64bit: true, is_sp: false, kind: Gpr }), Reg(Register { num: 31, is_64bit: true, is_sp: true, kind: Sp }), Imm(Immediate { value: 16, shift: 0 })], sets_flags: false, raw: 2432713701, size: 4, state: Aarch64 })") registers=[1103280, 0, 10, 11034e0, 0, abe590, e000, 3, 7ffe03c0, 29, 10, 2ed48f4fb74a11d9, 0, 0, 0, e, a8397b1dcdaf, 1000ad0, 7ffdd000, 0, 1803c8000, 1103280, 1000, 0, abe708, 6, c0000004, 1, abe980, abe5f0, 1800b7cbc]
turn=40493 thread=8 PC=0x1800b9aec SP=0xabe5f0 bytes=Ok([f9, 17, 00, b9]) insn=Some("Ok(DecodedInsn { mnemonic: STR, cond: None, operands: [Reg(Register { num: 25, is_64bit: false, is_sp: false, kind: Gpr }), Mem(MemOperand { base: Register { num: 31, is_64bit: true, is_sp: true, kind: Sp }, offset: Imm(20), mode: Offset })], sets_flags: false, raw: 3103791097, size: 4, state: Aarch64 })") registers=[1103280, 0, 10, 11034e0, 0, abe600, e000, 3, 7ffe03c0, 29, 10, 2ed48f4fb74a11d9, 0, 0, 0, e, a8397b1dcdaf, 1000ad0, 7ffdd000, 0, 1803c8000, 1103280, 1000, 0, abe708, 6, c0000004, 1, abe980, abe5f0, 1800b7cbc]
turn=40494 thread=8 PC=0x1800b9af0 SP=0xabe5f0 bytes=Ok([e4, 03, 17, 2a]) insn=Some("Ok(DecodedInsn { mnemonic: MOV, cond: None, operands: [Reg(Register { num: 4, is_64bit: false, is_sp: false, kind: Gpr }), Reg(Register { num: 23, is_64bit: false, is_sp: false, kind: Gpr })], sets_flags: false, raw: 706151396, size: 4, state: Aarch64 })") registers=[1103280, 0, 10, 11034e0, 0, abe600, e000, 3, 7ffe03c0, 29, 10, 2ed48f4fb74a11d9, 0, 0, 0, e, a8397b1dcdaf, 1000ad0, 7ffdd000, 0, 1803c8000, 1103280, 1000, 0, abe708, 6, c0000004, 1, abe980, abe5f0, 1800b7cbc]
turn=40495 thread=8 PC=0x1800b9af4 SP=0xabe5f0 bytes=Ok([e3, 03, 13, aa]) insn=Some("Ok(DecodedInsn { mnemonic: MOV, cond: None, operands: [Reg(Register { num: 3, is_64bit: true, is_sp: false, kind: Gpr }), Reg(Register { num: 19, is_64bit: true, is_sp: false, kind: Gpr })], sets_flags: false, raw: 2853372899, size: 4, state: Aarch64 })") registers=[1103280, 0, 10, 11034e0, 0, abe600, e000, 3, 7ffe03c0, 29, 10, 2ed48f4fb74a11d9, 0, 0, 0, e, a8397b1dcdaf, 1000ad0, 7ffdd000, 0, 1803c8000, 1103280, 1000, 0, abe708, 6, c0000004, 1, abe980, abe5f0, 1800b7cbc]
turn=40496 thread=8 PC=0x1800b9af8 SP=0xabe5f0 bytes=Ok([82, 00, 80, 52]) insn=Some("Ok(DecodedInsn { mnemonic: MOVZ, cond: None, operands: [Reg(Register { num: 2, is_64bit: false, is_sp: false, kind: Gpr }), Imm(Immediate { value: 4, shift: 0 })], sets_flags: false, raw: 1384120450, size: 4, state: Aarch64 })") registers=[1103280, 0, 10, 0, 0, abe600, e000, 3, 7ffe03c0, 29, 10, 2ed48f4fb74a11d9, 0, 0, 0, e, a8397b1dcdaf, 1000ad0, 7ffdd000, 0, 1803c8000, 1103280, 1000, 0, abe708, 6, c0000004, 1, abe980, abe5f0, 1800b7cbc]
turn=40497 thread=8 PC=0x1800b9afc SP=0xabe5f0 bytes=Ok([e1, 53, 00, 91]) insn=Some("Ok(DecodedInsn { mnemonic: ADD, cond: None, operands: [Reg(Register { num: 1, is_64bit: true, is_sp: false, kind: Gpr }), Reg(Register { num: 31, is_64bit: true, is_sp: true, kind: Sp }), Imm(Immediate { value: 20, shift: 0 })], sets_flags: false, raw: 2432717793, size: 4, state: Aarch64 })") registers=[1103280, 0, 4, 0, 0, abe600, e000, 3, 7ffe03c0, 29, 10, 2ed48f4fb74a11d9, 0, 0, 0, e, a8397b1dcdaf, 1000ad0, 7ffdd000, 0, 1803c8000, 1103280, 1000, 0, abe708, 6, c0000004, 1, abe980, abe5f0, 1800b7cbc]
turn=40498 thread=8 PC=0x1800b9b00 SP=0xabe5f0 bytes=Ok([60, 0d, 80, 52]) insn=Some("Ok(DecodedInsn { mnemonic: MOVZ, cond: None, operands: [Reg(Register { num: 0, is_64bit: false, is_sp: false, kind: Gpr }), Imm(Immediate { value: 107, shift: 0 })], sets_flags: false, raw: 1384123744, size: 4, state: Aarch64 })") registers=[1103280, abe604, 4, 0, 0, abe600, e000, 3, 7ffe03c0, 29, 10, 2ed48f4fb74a11d9, 0, 0, 0, e, a8397b1dcdaf, 1000ad0, 7ffdd000, 0, 1803c8000, 1103280, 1000, 0, abe708, 6, c0000004, 1, abe980, abe5f0, 1800b7cbc]
turn=40499 thread=8 PC=0x1800b9b04 SP=0xabe5f0 bytes=Ok([07, 23, fd, 97]) insn=Some("Ok(DecodedInsn { mnemonic: BL, cond: None, operands: [Label(-750564)], sets_flags: false, raw: 2549949191, size: 4, state: Aarch64 })") registers=[6b, abe604, 4, 0, 0, abe600, e000, 3, 7ffe03c0, 29, 10, 2ed48f4fb74a11d9, 0, 0, 0, e, a8397b1dcdaf, 1000ad0, 7ffdd000, 0, 1803c8000, 1103280, 1000, 0, abe708, 6, c0000004, 1, abe980, abe5f0, 1800b7cbc]
turn=40500 thread=8 PC=0x180002720 SP=0xabe5f0 bytes=Ok([c1, 2d, 00, d4]) insn=Some("Ok(DecodedInsn { mnemonic: SVC, cond: None, operands: [Imm(Immediate { value: 366, shift: 0 })], sets_flags: false, raw: 3556781505, size: 4, state: Aarch64 })") registers=[6b, abe604, 4, 0, 0, abe600, e000, 3, 7ffe03c0, 29, 10, 2ed48f4fb74a11d9, 0, 0, 0, e, a8397b1dcdaf, 1000ad0, 7ffdd000, 0, 1803c8000, 1103280, 1000, 0, abe708, 6, c0000004, 1, abe980, abe5f0, 1800b9b08]
terminal turn=40500 Complete(Internal("native NTDLL service NtQuerySystemInformationEx: Unimplemented(\"NtQuerySystemInformationEx: NtQuerySystemInformationEx class 107 relationship 6\")"))
