**********************************************************************
** Visual Studio 2026 Developer PowerShell v18.7.1
** Copyright (c) 2026 Microsoft Corporation
**********************************************************************
pointer=8 open=1 query=1 ACP=1252 OEMCP=437
open normal status=00000000 handle=00000000000000A4 attributes_size=48
alignment pointer=8 class=0 length=0 role=0 status=C0000023 returned=00000012 bytes=A5A5A5A5A5A5A5A5A5A5A5A5A5A5A5A5A5A5A5A5A5A5A5A5A5A5A5A5A5A5A5A5
alignment pointer=8 class=0 length=0 role=1 status=C0000008 returned=A5A5A5A5 bytes=A5A5A5A5A5A5A5A5A5A5A5A5A5A5A5A5A5A5A5A5A5A5A5A5A5A5A5A5A5A5A5A5
alignment pointer=8 class=0 length=0 role=2 status=C0000023 returned=00000012 bytes=A5A5A5A5A5A5A5A5A5A5A5A5A5A5A5A5A5A5A5A5A5A5A5A5A5A5A5A5A5A5A5A5
alignment pointer=8 class=0 length=8 role=0 status=80000002 returned=A5A5A5A5 bytes=A5A5A5A5A5A5A5A5A5A5A5A5A5A5A5A5A5A5A5A5A5A5A5A5A5A5A5A5A5A5A5A5
alignment pointer=8 class=0 length=8 role=1 status=C0000008 returned=A5A5A5A5 bytes=A5A5A5A5A5A5A5A5A5A5A5A5A5A5A5A5A5A5A5A5A5A5A5A5A5A5A5A5A5A5A5A5
alignment pointer=8 class=0 length=8 role=2 status=C0000023 returned=00000012 bytes=A5A5A5A5A5A5A5A5A5A5A5A5A5A5A5A5A5A5A5A5A5A5A5A5A5A5A5A5A5A5A5A5
alignment pointer=8 class=0 length=12 role=0 status=80000002 returned=A5A5A5A5 bytes=A5A5A5A5A5A5A5A5A5A5A5A5A5A5A5A5A5A5A5A5A5A5A5A5A5A5A5A5A5A5A5A5
alignment pointer=8 class=0 length=12 role=1 status=C0000008 returned=A5A5A5A5 bytes=A5A5A5A5A5A5A5A5A5A5A5A5A5A5A5A5A5A5A5A5A5A5A5A5A5A5A5A5A5A5A5A5
alignment pointer=8 class=0 length=12 role=2 status=80000005 returned=00000012 bytes=000000000100000006000000A5A5A5A5A5A5A5A5A5A5A5A5A5A5A5A5A5A5A5A5
alignment pointer=8 class=0 length=16 role=0 status=80000002 returned=A5A5A5A5 bytes=A5A5A5A5A5A5A5A5A5A5A5A5A5A5A5A5A5A5A5A5A5A5A5A5A5A5A5A5A5A5A5A5
alignment pointer=8 class=0 length=16 role=1 status=C0000008 returned=A5A5A5A5 bytes=A5A5A5A5A5A5A5A5A5A5A5A5A5A5A5A5A5A5A5A5A5A5A5A5A5A5A5A5A5A5A5A5
alignment pointer=8 class=0 length=16 role=2 status=80000005 returned=00000012 bytes=00000000010000000600000041004300A5A5A5A5A5A5A5A5A5A5A5A5A5A5A5A5
alignment pointer=8 class=0 length=20 role=0 status=80000002 returned=A5A5A5A5 bytes=A5A5A5A5A5A5A5A5A5A5A5A5A5A5A5A5A5A5A5A5A5A5A5A5A5A5A5A5A5A5A5A5
alignment pointer=8 class=0 length=20 role=1 status=C0000008 returned=A5A5A5A5 bytes=A5A5A5A5A5A5A5A5A5A5A5A5A5A5A5A5A5A5A5A5A5A5A5A5A5A5A5A5A5A5A5A5
alignment pointer=8 class=0 length=20 role=2 status=00000000 returned=00000012 bytes=000000000100000006000000410043005000A5A5A5A5A5A5A5A5A5A5A5A5A5A5
alignment pointer=8 class=0 length=22 role=0 status=80000002 returned=A5A5A5A5 bytes=A5A5A5A5A5A5A5A5A5A5A5A5A5A5A5A5A5A5A5A5A5A5A5A5A5A5A5A5A5A5A5A5
alignment pointer=8 class=0 length=22 role=1 status=C0000008 returned=A5A5A5A5 bytes=A5A5A5A5A5A5A5A5A5A5A5A5A5A5A5A5A5A5A5A5A5A5A5A5A5A5A5A5A5A5A5A5
alignment pointer=8 class=0 length=22 role=2 status=00000000 returned=00000012 bytes=000000000100000006000000410043005000A5A5A5A5A5A5A5A5A5A5A5A5A5A5
alignment pointer=8 class=0 length=32 role=0 status=80000002 returned=A5A5A5A5 bytes=A5A5A5A5A5A5A5A5A5A5A5A5A5A5A5A5A5A5A5A5A5A5A5A5A5A5A5A5A5A5A5A5
alignment pointer=8 class=0 length=32 role=1 status=C0000008 returned=A5A5A5A5 bytes=A5A5A5A5A5A5A5A5A5A5A5A5A5A5A5A5A5A5A5A5A5A5A5A5A5A5A5A5A5A5A5A5
alignment pointer=8 class=0 length=32 role=2 status=00000000 returned=00000012 bytes=000000000100000006000000410043005000A5A5A5A5A5A5A5A5A5A5A5A5A5A5
alignment pointer=8 class=0 length=64 role=0 status=80000002 returned=A5A5A5A5 bytes=A5A5A5A5A5A5A5A5A5A5A5A5A5A5A5A5A5A5A5A5A5A5A5A5A5A5A5A5A5A5A5A5
alignment pointer=8 class=0 length=64 role=1 status=C0000008 returned=A5A5A5A5 bytes=A5A5A5A5A5A5A5A5A5A5A5A5A5A5A5A5A5A5A5A5A5A5A5A5A5A5A5A5A5A5A5A5
alignment pointer=8 class=0 length=64 role=2 status=00000000 returned=00000012 bytes=000000000100000006000000410043005000A5A5A5A5A5A5A5A5A5A5A5A5A5A5
alignment pointer=8 class=1 length=0 role=0 status=C0000023 returned=0000002A bytes=A5A5A5A5A5A5A5A5A5A5A5A5A5A5A5A5A5A5A5A5A5A5A5A5A5A5A5A5A5A5A5A5
alignment pointer=8 class=1 length=0 role=1 status=C0000008 returned=A5A5A5A5 bytes=A5A5A5A5A5A5A5A5A5A5A5A5A5A5A5A5A5A5A5A5A5A5A5A5A5A5A5A5A5A5A5A5
alignment pointer=8 class=1 length=0 role=2 status=C0000023 returned=0000002A bytes=A5A5A5A5A5A5A5A5A5A5A5A5A5A5A5A5A5A5A5A5A5A5A5A5A5A5A5A5A5A5A5A5
alignment pointer=8 class=1 length=8 role=0 status=80000002 returned=A5A5A5A5 bytes=A5A5A5A5A5A5A5A5A5A5A5A5A5A5A5A5A5A5A5A5A5A5A5A5A5A5A5A5A5A5A5A5
alignment pointer=8 class=1 length=8 role=1 status=C0000008 returned=A5A5A5A5 bytes=A5A5A5A5A5A5A5A5A5A5A5A5A5A5A5A5A5A5A5A5A5A5A5A5A5A5A5A5A5A5A5A5
alignment pointer=8 class=1 length=8 role=2 status=C0000023 returned=0000002A bytes=A5A5A5A5A5A5A5A5A5A5A5A5A5A5A5A5A5A5A5A5A5A5A5A5A5A5A5A5A5A5A5A5
alignment pointer=8 class=1 length=12 role=0 status=80000002 returned=A5A5A5A5 bytes=A5A5A5A5A5A5A5A5A5A5A5A5A5A5A5A5A5A5A5A5A5A5A5A5A5A5A5A5A5A5A5A5
alignment pointer=8 class=1 length=12 role=1 status=C0000008 returned=A5A5A5A5 bytes=A5A5A5A5A5A5A5A5A5A5A5A5A5A5A5A5A5A5A5A5A5A5A5A5A5A5A5A5A5A5A5A5
alignment pointer=8 class=1 length=12 role=2 status=C0000023 returned=0000002A bytes=A5A5A5A5A5A5A5A5A5A5A5A5A5A5A5A5A5A5A5A5A5A5A5A5A5A5A5A5A5A5A5A5
alignment pointer=8 class=1 length=16 role=0 status=80000002 returned=A5A5A5A5 bytes=A5A5A5A5A5A5A5A5A5A5A5A5A5A5A5A5A5A5A5A5A5A5A5A5A5A5A5A5A5A5A5A5
alignment pointer=8 class=1 length=16 role=1 status=C0000008 returned=A5A5A5A5 bytes=A5A5A5A5A5A5A5A5A5A5A5A5A5A5A5A5A5A5A5A5A5A5A5A5A5A5A5A5A5A5A5A5
alignment pointer=8 class=1 length=16 role=2 status=C0000023 returned=0000002A bytes=A5A5A5A5A5A5A5A5A5A5A5A5A5A5A5A5A5A5A5A5A5A5A5A5A5A5A5A5A5A5A5A5
alignment pointer=8 class=1 length=20 role=0 status=80000002 returned=A5A5A5A5 bytes=A5A5A5A5A5A5A5A5A5A5A5A5A5A5A5A5A5A5A5A5A5A5A5A5A5A5A5A5A5A5A5A5
alignment pointer=8 class=1 length=20 role=1 status=C0000008 returned=A5A5A5A5 bytes=A5A5A5A5A5A5A5A5A5A5A5A5A5A5A5A5A5A5A5A5A5A5A5A5A5A5A5A5A5A5A5A5
alignment pointer=8 class=1 length=20 role=2 status=80000005 returned=0000002A bytes=0000000001000000200000000A00000006000000A5A5A5A5A5A5A5A5A5A5A5A5
alignment pointer=8 class=1 length=22 role=0 status=80000002 returned=A5A5A5A5 bytes=A5A5A5A5A5A5A5A5A5A5A5A5A5A5A5A5A5A5A5A5A5A5A5A5A5A5A5A5A5A5A5A5
alignment pointer=8 class=1 length=22 role=1 status=C0000008 returned=A5A5A5A5 bytes=A5A5A5A5A5A5A5A5A5A5A5A5A5A5A5A5A5A5A5A5A5A5A5A5A5A5A5A5A5A5A5A5
alignment pointer=8 class=1 length=22 role=2 status=80000005 returned=0000002A bytes=0000000001000000200000000A000000060000004100A5A5A5A5A5A5A5A5A5A5
alignment pointer=8 class=1 length=32 role=0 status=80000002 returned=A5A5A5A5 bytes=A5A5A5A5A5A5A5A5A5A5A5A5A5A5A5A5A5A5A5A5A5A5A5A5A5A5A5A5A5A5A5A5
alignment pointer=8 class=1 length=32 role=1 status=C0000008 returned=A5A5A5A5 bytes=A5A5A5A5A5A5A5A5A5A5A5A5A5A5A5A5A5A5A5A5A5A5A5A5A5A5A5A5A5A5A5A5
alignment pointer=8 class=1 length=32 role=2 status=80000005 returned=0000002A bytes=0000000001000000200000000A00000006000000410043005000000000000000
alignment pointer=8 class=1 length=64 role=0 status=80000002 returned=A5A5A5A5 bytes=A5A5A5A5A5A5A5A5A5A5A5A5A5A5A5A5A5A5A5A5A5A5A5A5A5A5A5A5A5A5A5A5
alignment pointer=8 class=1 length=64 role=1 status=C0000008 returned=A5A5A5A5 bytes=A5A5A5A5A5A5A5A5A5A5A5A5A5A5A5A5A5A5A5A5A5A5A5A5A5A5A5A5A5A5A5A5
alignment pointer=8 class=1 length=64 role=2 status=00000000 returned=0000002A bytes=0000000001000000200000000A00000006000000410043005000000000000000
alignment pointer=8 class=2 length=0 role=0 status=C0000023 returned=00000016 bytes=A5A5A5A5A5A5A5A5A5A5A5A5A5A5A5A5A5A5A5A5A5A5A5A5A5A5A5A5A5A5A5A5
alignment pointer=8 class=2 length=0 role=1 status=C0000008 returned=A5A5A5A5 bytes=A5A5A5A5A5A5A5A5A5A5A5A5A5A5A5A5A5A5A5A5A5A5A5A5A5A5A5A5A5A5A5A5
alignment pointer=8 class=2 length=0 role=2 status=C0000023 returned=00000016 bytes=A5A5A5A5A5A5A5A5A5A5A5A5A5A5A5A5A5A5A5A5A5A5A5A5A5A5A5A5A5A5A5A5
alignment pointer=8 class=2 length=8 role=0 status=80000002 returned=A5A5A5A5 bytes=A5A5A5A5A5A5A5A5A5A5A5A5A5A5A5A5A5A5A5A5A5A5A5A5A5A5A5A5A5A5A5A5
alignment pointer=8 class=2 length=8 role=1 status=C0000008 returned=A5A5A5A5 bytes=A5A5A5A5A5A5A5A5A5A5A5A5A5A5A5A5A5A5A5A5A5A5A5A5A5A5A5A5A5A5A5A5
alignment pointer=8 class=2 length=8 role=2 status=C0000023 returned=00000016 bytes=A5A5A5A5A5A5A5A5A5A5A5A5A5A5A5A5A5A5A5A5A5A5A5A5A5A5A5A5A5A5A5A5
alignment pointer=8 class=2 length=12 role=0 status=80000002 returned=A5A5A5A5 bytes=A5A5A5A5A5A5A5A5A5A5A5A5A5A5A5A5A5A5A5A5A5A5A5A5A5A5A5A5A5A5A5A5
alignment pointer=8 class=2 length=12 role=1 status=C0000008 returned=A5A5A5A5 bytes=A5A5A5A5A5A5A5A5A5A5A5A5A5A5A5A5A5A5A5A5A5A5A5A5A5A5A5A5A5A5A5A5
alignment pointer=8 class=2 length=12 role=2 status=80000005 returned=00000016 bytes=00000000010000000A000000A5A5A5A5A5A5A5A5A5A5A5A5A5A5A5A5A5A5A5A5
alignment pointer=8 class=2 length=16 role=0 status=80000002 returned=A5A5A5A5 bytes=A5A5A5A5A5A5A5A5A5A5A5A5A5A5A5A5A5A5A5A5A5A5A5A5A5A5A5A5A5A5A5A5
alignment pointer=8 class=2 length=16 role=1 status=C0000008 returned=A5A5A5A5 bytes=A5A5A5A5A5A5A5A5A5A5A5A5A5A5A5A5A5A5A5A5A5A5A5A5A5A5A5A5A5A5A5A5
alignment pointer=8 class=2 length=16 role=2 status=80000005 returned=00000016 bytes=00000000010000000A00000031003200A5A5A5A5A5A5A5A5A5A5A5A5A5A5A5A5
alignment pointer=8 class=2 length=20 role=0 status=80000002 returned=A5A5A5A5 bytes=A5A5A5A5A5A5A5A5A5A5A5A5A5A5A5A5A5A5A5A5A5A5A5A5A5A5A5A5A5A5A5A5
alignment pointer=8 class=2 length=20 role=1 status=C0000008 returned=A5A5A5A5 bytes=A5A5A5A5A5A5A5A5A5A5A5A5A5A5A5A5A5A5A5A5A5A5A5A5A5A5A5A5A5A5A5A5
alignment pointer=8 class=2 length=20 role=2 status=80000005 returned=00000016 bytes=00000000010000000A0000003100320035003200A5A5A5A5A5A5A5A5A5A5A5A5
alignment pointer=8 class=2 length=22 role=0 status=80000002 returned=A5A5A5A5 bytes=A5A5A5A5A5A5A5A5A5A5A5A5A5A5A5A5A5A5A5A5A5A5A5A5A5A5A5A5A5A5A5A5
alignment pointer=8 class=2 length=22 role=1 status=C0000008 returned=A5A5A5A5 bytes=A5A5A5A5A5A5A5A5A5A5A5A5A5A5A5A5A5A5A5A5A5A5A5A5A5A5A5A5A5A5A5A5
alignment pointer=8 class=2 length=22 role=2 status=00000000 returned=00000016 bytes=00000000010000000A00000031003200350032000000A5A5A5A5A5A5A5A5A5A5
alignment pointer=8 class=2 length=32 role=0 status=80000002 returned=A5A5A5A5 bytes=A5A5A5A5A5A5A5A5A5A5A5A5A5A5A5A5A5A5A5A5A5A5A5A5A5A5A5A5A5A5A5A5
alignment pointer=8 class=2 length=32 role=1 status=C0000008 returned=A5A5A5A5 bytes=A5A5A5A5A5A5A5A5A5A5A5A5A5A5A5A5A5A5A5A5A5A5A5A5A5A5A5A5A5A5A5A5
alignment pointer=8 class=2 length=32 role=2 status=00000000 returned=00000016 bytes=00000000010000000A00000031003200350032000000A5A5A5A5A5A5A5A5A5A5
alignment pointer=8 class=2 length=64 role=0 status=80000002 returned=A5A5A5A5 bytes=A5A5A5A5A5A5A5A5A5A5A5A5A5A5A5A5A5A5A5A5A5A5A5A5A5A5A5A5A5A5A5A5
alignment pointer=8 class=2 length=64 role=1 status=C0000008 returned=A5A5A5A5 bytes=A5A5A5A5A5A5A5A5A5A5A5A5A5A5A5A5A5A5A5A5A5A5A5A5A5A5A5A5A5A5A5A5
alignment pointer=8 class=2 length=64 role=2 status=00000000 returned=00000016 bytes=00000000010000000A00000031003200350032000000A5A5A5A5A5A5A5A5A5A5
alignment pointer=8 class=3 length=0 role=0 status=C0000023 returned=0000002A bytes=A5A5A5A5A5A5A5A5A5A5A5A5A5A5A5A5A5A5A5A5A5A5A5A5A5A5A5A5A5A5A5A5
alignment pointer=8 class=3 length=0 role=1 status=C0000008 returned=A5A5A5A5 bytes=A5A5A5A5A5A5A5A5A5A5A5A5A5A5A5A5A5A5A5A5A5A5A5A5A5A5A5A5A5A5A5A5
alignment pointer=8 class=3 length=0 role=2 status=C0000023 returned=0000002A bytes=A5A5A5A5A5A5A5A5A5A5A5A5A5A5A5A5A5A5A5A5A5A5A5A5A5A5A5A5A5A5A5A5
alignment pointer=8 class=3 length=8 role=0 status=80000002 returned=A5A5A5A5 bytes=A5A5A5A5A5A5A5A5A5A5A5A5A5A5A5A5A5A5A5A5A5A5A5A5A5A5A5A5A5A5A5A5
alignment pointer=8 class=3 length=8 role=1 status=C0000008 returned=A5A5A5A5 bytes=A5A5A5A5A5A5A5A5A5A5A5A5A5A5A5A5A5A5A5A5A5A5A5A5A5A5A5A5A5A5A5A5
alignment pointer=8 class=3 length=8 role=2 status=C0000023 returned=0000002A bytes=A5A5A5A5A5A5A5A5A5A5A5A5A5A5A5A5A5A5A5A5A5A5A5A5A5A5A5A5A5A5A5A5
alignment pointer=8 class=3 length=12 role=0 status=80000002 returned=A5A5A5A5 bytes=A5A5A5A5A5A5A5A5A5A5A5A5A5A5A5A5A5A5A5A5A5A5A5A5A5A5A5A5A5A5A5A5
alignment pointer=8 class=3 length=12 role=1 status=C0000008 returned=A5A5A5A5 bytes=A5A5A5A5A5A5A5A5A5A5A5A5A5A5A5A5A5A5A5A5A5A5A5A5A5A5A5A5A5A5A5A5
alignment pointer=8 class=3 length=12 role=2 status=C0000023 returned=0000002A bytes=A5A5A5A5A5A5A5A5A5A5A5A5A5A5A5A5A5A5A5A5A5A5A5A5A5A5A5A5A5A5A5A5
alignment pointer=8 class=3 length=16 role=0 status=80000002 returned=A5A5A5A5 bytes=A5A5A5A5A5A5A5A5A5A5A5A5A5A5A5A5A5A5A5A5A5A5A5A5A5A5A5A5A5A5A5A5
alignment pointer=8 class=3 length=16 role=1 status=C0000008 returned=A5A5A5A5 bytes=A5A5A5A5A5A5A5A5A5A5A5A5A5A5A5A5A5A5A5A5A5A5A5A5A5A5A5A5A5A5A5A5
alignment pointer=8 class=3 length=16 role=2 status=C0000023 returned=0000002A bytes=A5A5A5A5A5A5A5A5A5A5A5A5A5A5A5A5A5A5A5A5A5A5A5A5A5A5A5A5A5A5A5A5
alignment pointer=8 class=3 length=20 role=0 status=80000002 returned=A5A5A5A5 bytes=A5A5A5A5A5A5A5A5A5A5A5A5A5A5A5A5A5A5A5A5A5A5A5A5A5A5A5A5A5A5A5A5
alignment pointer=8 class=3 length=20 role=1 status=C0000008 returned=A5A5A5A5 bytes=A5A5A5A5A5A5A5A5A5A5A5A5A5A5A5A5A5A5A5A5A5A5A5A5A5A5A5A5A5A5A5A5
alignment pointer=8 class=3 length=20 role=2 status=80000005 returned=0000002A bytes=0000000001000000200000000A00000006000000A5A5A5A5A5A5A5A5A5A5A5A5
alignment pointer=8 class=3 length=22 role=0 status=80000002 returned=A5A5A5A5 bytes=A5A5A5A5A5A5A5A5A5A5A5A5A5A5A5A5A5A5A5A5A5A5A5A5A5A5A5A5A5A5A5A5
alignment pointer=8 class=3 length=22 role=1 status=C0000008 returned=A5A5A5A5 bytes=A5A5A5A5A5A5A5A5A5A5A5A5A5A5A5A5A5A5A5A5A5A5A5A5A5A5A5A5A5A5A5A5
alignment pointer=8 class=3 length=22 role=2 status=80000005 returned=0000002A bytes=0000000001000000200000000A000000060000004100A5A5A5A5A5A5A5A5A5A5
alignment pointer=8 class=3 length=32 role=0 status=80000002 returned=A5A5A5A5 bytes=A5A5A5A5A5A5A5A5A5A5A5A5A5A5A5A5A5A5A5A5A5A5A5A5A5A5A5A5A5A5A5A5
alignment pointer=8 class=3 length=32 role=1 status=C0000008 returned=A5A5A5A5 bytes=A5A5A5A5A5A5A5A5A5A5A5A5A5A5A5A5A5A5A5A5A5A5A5A5A5A5A5A5A5A5A5A5
alignment pointer=8 class=3 length=32 role=2 status=80000005 returned=0000002A bytes=0000000001000000200000000A00000006000000410043005000000000000000
alignment pointer=8 class=3 length=64 role=0 status=80000002 returned=A5A5A5A5 bytes=A5A5A5A5A5A5A5A5A5A5A5A5A5A5A5A5A5A5A5A5A5A5A5A5A5A5A5A5A5A5A5A5
alignment pointer=8 class=3 length=64 role=1 status=C0000008 returned=A5A5A5A5 bytes=A5A5A5A5A5A5A5A5A5A5A5A5A5A5A5A5A5A5A5A5A5A5A5A5A5A5A5A5A5A5A5A5
alignment pointer=8 class=3 length=64 role=2 status=00000000 returned=0000002A bytes=0000000001000000200000000A00000006000000410043005000000000000000
alignment pointer=8 class=4 length=0 role=0 status=C0000023 returned=00000012 bytes=A5A5A5A5A5A5A5A5A5A5A5A5A5A5A5A5A5A5A5A5A5A5A5A5A5A5A5A5A5A5A5A5
alignment pointer=8 class=4 length=0 role=1 status=C0000008 returned=A5A5A5A5 bytes=A5A5A5A5A5A5A5A5A5A5A5A5A5A5A5A5A5A5A5A5A5A5A5A5A5A5A5A5A5A5A5A5
alignment pointer=8 class=4 length=0 role=2 status=C0000023 returned=00000012 bytes=A5A5A5A5A5A5A5A5A5A5A5A5A5A5A5A5A5A5A5A5A5A5A5A5A5A5A5A5A5A5A5A5
alignment pointer=8 class=4 length=8 role=0 status=80000002 returned=A5A5A5A5 bytes=A5A5A5A5A5A5A5A5A5A5A5A5A5A5A5A5A5A5A5A5A5A5A5A5A5A5A5A5A5A5A5A5
alignment pointer=8 class=4 length=8 role=1 status=C0000008 returned=A5A5A5A5 bytes=A5A5A5A5A5A5A5A5A5A5A5A5A5A5A5A5A5A5A5A5A5A5A5A5A5A5A5A5A5A5A5A5
alignment pointer=8 class=4 length=8 role=2 status=80000005 returned=00000012 bytes=010000000A000000A5A5A5A5A5A5A5A5A5A5A5A5A5A5A5A5A5A5A5A5A5A5A5A5
alignment pointer=8 class=4 length=12 role=0 status=80000002 returned=A5A5A5A5 bytes=A5A5A5A5A5A5A5A5A5A5A5A5A5A5A5A5A5A5A5A5A5A5A5A5A5A5A5A5A5A5A5A5
alignment pointer=8 class=4 length=12 role=1 status=C0000008 returned=A5A5A5A5 bytes=A5A5A5A5A5A5A5A5A5A5A5A5A5A5A5A5A5A5A5A5A5A5A5A5A5A5A5A5A5A5A5A5
alignment pointer=8 class=4 length=12 role=2 status=80000005 returned=00000012 bytes=010000000A00000031003200A5A5A5A5A5A5A5A5A5A5A5A5A5A5A5A5A5A5A5A5
alignment pointer=8 class=4 length=16 role=0 status=80000002 returned=A5A5A5A5 bytes=A5A5A5A5A5A5A5A5A5A5A5A5A5A5A5A5A5A5A5A5A5A5A5A5A5A5A5A5A5A5A5A5
alignment pointer=8 class=4 length=16 role=1 status=C0000008 returned=A5A5A5A5 bytes=A5A5A5A5A5A5A5A5A5A5A5A5A5A5A5A5A5A5A5A5A5A5A5A5A5A5A5A5A5A5A5A5
alignment pointer=8 class=4 length=16 role=2 status=80000005 returned=00000012 bytes=010000000A0000003100320035003200A5A5A5A5A5A5A5A5A5A5A5A5A5A5A5A5
alignment pointer=8 class=4 length=20 role=0 status=80000002 returned=A5A5A5A5 bytes=A5A5A5A5A5A5A5A5A5A5A5A5A5A5A5A5A5A5A5A5A5A5A5A5A5A5A5A5A5A5A5A5
alignment pointer=8 class=4 length=20 role=1 status=C0000008 returned=A5A5A5A5 bytes=A5A5A5A5A5A5A5A5A5A5A5A5A5A5A5A5A5A5A5A5A5A5A5A5A5A5A5A5A5A5A5A5
alignment pointer=8 class=4 length=20 role=2 status=00000000 returned=00000012 bytes=010000000A00000031003200350032000000A5A5A5A5A5A5A5A5A5A5A5A5A5A5
alignment pointer=8 class=4 length=22 role=0 status=80000002 returned=A5A5A5A5 bytes=A5A5A5A5A5A5A5A5A5A5A5A5A5A5A5A5A5A5A5A5A5A5A5A5A5A5A5A5A5A5A5A5
alignment pointer=8 class=4 length=22 role=1 status=C0000008 returned=A5A5A5A5 bytes=A5A5A5A5A5A5A5A5A5A5A5A5A5A5A5A5A5A5A5A5A5A5A5A5A5A5A5A5A5A5A5A5
alignment pointer=8 class=4 length=22 role=2 status=00000000 returned=00000012 bytes=010000000A00000031003200350032000000A5A5A5A5A5A5A5A5A5A5A5A5A5A5
alignment pointer=8 class=4 length=32 role=0 status=80000002 returned=A5A5A5A5 bytes=A5A5A5A5A5A5A5A5A5A5A5A5A5A5A5A5A5A5A5A5A5A5A5A5A5A5A5A5A5A5A5A5
alignment pointer=8 class=4 length=32 role=1 status=C0000008 returned=A5A5A5A5 bytes=A5A5A5A5A5A5A5A5A5A5A5A5A5A5A5A5A5A5A5A5A5A5A5A5A5A5A5A5A5A5A5A5
alignment pointer=8 class=4 length=32 role=2 status=00000000 returned=00000012 bytes=010000000A00000031003200350032000000A5A5A5A5A5A5A5A5A5A5A5A5A5A5
alignment pointer=8 class=4 length=64 role=0 status=80000002 returned=A5A5A5A5 bytes=A5A5A5A5A5A5A5A5A5A5A5A5A5A5A5A5A5A5A5A5A5A5A5A5A5A5A5A5A5A5A5A5
alignment pointer=8 class=4 length=64 role=1 status=C0000008 returned=A5A5A5A5 bytes=A5A5A5A5A5A5A5A5A5A5A5A5A5A5A5A5A5A5A5A5A5A5A5A5A5A5A5A5A5A5A5A5
alignment pointer=8 class=4 length=64 role=2 status=00000000 returned=00000012 bytes=010000000A00000031003200350032000000A5A5A5A5A5A5A5A5A5A5A5A5A5A5
alignment pointer=8 class=5 length=0 role=0 status=C000000D returned=A5A5A5A5 bytes=A5A5A5A5A5A5A5A5A5A5A5A5A5A5A5A5A5A5A5A5A5A5A5A5A5A5A5A5A5A5A5A5
alignment pointer=8 class=5 length=0 role=1 status=C000000D returned=A5A5A5A5 bytes=A5A5A5A5A5A5A5A5A5A5A5A5A5A5A5A5A5A5A5A5A5A5A5A5A5A5A5A5A5A5A5A5
alignment pointer=8 class=5 length=0 role=2 status=C000000D returned=A5A5A5A5 bytes=A5A5A5A5A5A5A5A5A5A5A5A5A5A5A5A5A5A5A5A5A5A5A5A5A5A5A5A5A5A5A5A5
alignment pointer=8 class=5 length=8 role=0 status=C000000D returned=A5A5A5A5 bytes=A5A5A5A5A5A5A5A5A5A5A5A5A5A5A5A5A5A5A5A5A5A5A5A5A5A5A5A5A5A5A5A5
alignment pointer=8 class=5 length=8 role=1 status=C000000D returned=A5A5A5A5 bytes=A5A5A5A5A5A5A5A5A5A5A5A5A5A5A5A5A5A5A5A5A5A5A5A5A5A5A5A5A5A5A5A5
alignment pointer=8 class=5 length=8 role=2 status=C000000D returned=A5A5A5A5 bytes=A5A5A5A5A5A5A5A5A5A5A5A5A5A5A5A5A5A5A5A5A5A5A5A5A5A5A5A5A5A5A5A5
alignment pointer=8 class=5 length=12 role=0 status=C000000D returned=A5A5A5A5 bytes=A5A5A5A5A5A5A5A5A5A5A5A5A5A5A5A5A5A5A5A5A5A5A5A5A5A5A5A5A5A5A5A5
alignment pointer=8 class=5 length=12 role=1 status=C000000D returned=A5A5A5A5 bytes=A5A5A5A5A5A5A5A5A5A5A5A5A5A5A5A5A5A5A5A5A5A5A5A5A5A5A5A5A5A5A5A5
alignment pointer=8 class=5 length=12 role=2 status=C000000D returned=A5A5A5A5 bytes=A5A5A5A5A5A5A5A5A5A5A5A5A5A5A5A5A5A5A5A5A5A5A5A5A5A5A5A5A5A5A5A5
alignment pointer=8 class=5 length=16 role=0 status=C000000D returned=A5A5A5A5 bytes=A5A5A5A5A5A5A5A5A5A5A5A5A5A5A5A5A5A5A5A5A5A5A5A5A5A5A5A5A5A5A5A5
alignment pointer=8 class=5 length=16 role=1 status=C000000D returned=A5A5A5A5 bytes=A5A5A5A5A5A5A5A5A5A5A5A5A5A5A5A5A5A5A5A5A5A5A5A5A5A5A5A5A5A5A5A5
alignment pointer=8 class=5 length=16 role=2 status=C000000D returned=A5A5A5A5 bytes=A5A5A5A5A5A5A5A5A5A5A5A5A5A5A5A5A5A5A5A5A5A5A5A5A5A5A5A5A5A5A5A5
alignment pointer=8 class=5 length=20 role=0 status=C000000D returned=A5A5A5A5 bytes=A5A5A5A5A5A5A5A5A5A5A5A5A5A5A5A5A5A5A5A5A5A5A5A5A5A5A5A5A5A5A5A5
alignment pointer=8 class=5 length=20 role=1 status=C000000D returned=A5A5A5A5 bytes=A5A5A5A5A5A5A5A5A5A5A5A5A5A5A5A5A5A5A5A5A5A5A5A5A5A5A5A5A5A5A5A5
alignment pointer=8 class=5 length=20 role=2 status=C000000D returned=A5A5A5A5 bytes=A5A5A5A5A5A5A5A5A5A5A5A5A5A5A5A5A5A5A5A5A5A5A5A5A5A5A5A5A5A5A5A5
alignment pointer=8 class=5 length=22 role=0 status=C000000D returned=A5A5A5A5 bytes=A5A5A5A5A5A5A5A5A5A5A5A5A5A5A5A5A5A5A5A5A5A5A5A5A5A5A5A5A5A5A5A5
alignment pointer=8 class=5 length=22 role=1 status=C000000D returned=A5A5A5A5 bytes=A5A5A5A5A5A5A5A5A5A5A5A5A5A5A5A5A5A5A5A5A5A5A5A5A5A5A5A5A5A5A5A5
alignment pointer=8 class=5 length=22 role=2 status=C000000D returned=A5A5A5A5 bytes=A5A5A5A5A5A5A5A5A5A5A5A5A5A5A5A5A5A5A5A5A5A5A5A5A5A5A5A5A5A5A5A5
alignment pointer=8 class=5 length=32 role=0 status=C000000D returned=A5A5A5A5 bytes=A5A5A5A5A5A5A5A5A5A5A5A5A5A5A5A5A5A5A5A5A5A5A5A5A5A5A5A5A5A5A5A5
alignment pointer=8 class=5 length=32 role=1 status=C000000D returned=A5A5A5A5 bytes=A5A5A5A5A5A5A5A5A5A5A5A5A5A5A5A5A5A5A5A5A5A5A5A5A5A5A5A5A5A5A5A5
alignment pointer=8 class=5 length=32 role=2 status=C000000D returned=A5A5A5A5 bytes=A5A5A5A5A5A5A5A5A5A5A5A5A5A5A5A5A5A5A5A5A5A5A5A5A5A5A5A5A5A5A5A5
alignment pointer=8 class=5 length=64 role=0 status=C000000D returned=A5A5A5A5 bytes=A5A5A5A5A5A5A5A5A5A5A5A5A5A5A5A5A5A5A5A5A5A5A5A5A5A5A5A5A5A5A5A5
alignment pointer=8 class=5 length=64 role=1 status=C000000D returned=A5A5A5A5 bytes=A5A5A5A5A5A5A5A5A5A5A5A5A5A5A5A5A5A5A5A5A5A5A5A5A5A5A5A5A5A5A5A5
alignment pointer=8 class=5 length=64 role=2 status=C000000D returned=A5A5A5A5 bytes=A5A5A5A5A5A5A5A5A5A5A5A5A5A5A5A5A5A5A5A5A5A5A5A5A5A5A5A5A5A5A5A5
name pointer=8 role=0 status=00000000 returned=00000016
name pointer=8 role=1 status=C0000008 returned=A5A5A5A5
name pointer=8 role=2 status=C000000D returned=A5A5A5A5
name pointer=8 role=3 status=C000000D returned=A5A5A5A5
name pointer=8 role=4 status=00000000 returned=00000016
name pointer=8 role=5 status=C0000005 returned=A5A5A5A5
name pointer=8 role=6 status=C0000034 returned=A5A5A5A5
name pointer=8 role=7 status=C0000005 returned=A5A5A5A5
name pointer=8 role=8 status=C000000D returned=A5A5A5A5
name pointer=8 role=9 status=C000000D returned=A5A5A5A5
name pointer=8 role=10 status=C0000008 returned=A5A5A5A5
name pointer=8 role=11 status=C000000D returned=A5A5A5A5
name pointer=8 role=12 status=C0000034 returned=A5A5A5A5
name pointer=8 role=13 status=C0000008 returned=A5A5A5A5
name pointer=8 role=14 status=C000000D returned=A5A5A5A5
name pointer=8 role=15 status=C000000D returned=A5A5A5A5
name pointer=8 role=16 status=C000000D returned=A5A5A5A5
name pointer=8 role=17 status=C0000008 returned=A5A5A5A5
odd-open pointer=8 role=0 status=C000000D output=00000000
odd-open pointer=8 role=1 status=C000000D output=00000000
odd-open pointer=8 role=2 status=C0000005 output=A5A5A5A5
odd-open pointer=8 role=3 status=C0000005 output=A5A5A5A5
