**********************************************************************
** Visual Studio 2026 Developer PowerShell v18.7.1
** Copyright (c) 2026 Microsoft Corporation
**********************************************************************
pointer=4 open=1 query=1 ACP=1252 OEMCP=437
open normal status=00000000 handle=00000120 attributes_size=24
alignment pointer=4 class=0 length=0 role=0 status=C0000023 returned=00000012 bytes=A5A5A5A5A5A5A5A5A5A5A5A5A5A5A5A5A5A5A5A5A5A5A5A5A5A5A5A5A5A5A5A5
alignment pointer=4 class=0 length=0 role=1 status=C0000008 returned=A5A5A5A5 bytes=A5A5A5A5A5A5A5A5A5A5A5A5A5A5A5A5A5A5A5A5A5A5A5A5A5A5A5A5A5A5A5A5
alignment pointer=4 class=0 length=0 role=2 status=C0000023 returned=00000012 bytes=A5A5A5A5A5A5A5A5A5A5A5A5A5A5A5A5A5A5A5A5A5A5A5A5A5A5A5A5A5A5A5A5
alignment pointer=4 class=0 length=8 role=0 status=C0000023 returned=00000012 bytes=5001EA0200000000A5A5A5A5A5A5A5A5A5A5A5A5A5A5A5A5A5A5A5A5A5A5A5A5
alignment pointer=4 class=0 length=8 role=1 status=C0000008 returned=A5A5A5A5 bytes=5001EA0200000000A5A5A5A5A5A5A5A5A5A5A5A5A5A5A5A5A5A5A5A5A5A5A5A5
alignment pointer=4 class=0 length=8 role=2 status=C0000023 returned=00000012 bytes=5001EA0200000000A5A5A5A5A5A5A5A5A5A5A5A5A5A5A5A5A5A5A5A5A5A5A5A5
alignment pointer=4 class=0 length=12 role=0 status=80000005 returned=00000012 bytes=000000000100000006000000A5A5A5A5A5A5A5A5A5A5A5A5A5A5A5A5A5A5A5A5
alignment pointer=4 class=0 length=12 role=1 status=C0000008 returned=A5A5A5A5 bytes=000000000000000000000000A5A5A5A5A5A5A5A5A5A5A5A5A5A5A5A5A5A5A5A5
alignment pointer=4 class=0 length=12 role=2 status=80000005 returned=00000012 bytes=000000000100000006000000A5A5A5A5A5A5A5A5A5A5A5A5A5A5A5A5A5A5A5A5
alignment pointer=4 class=0 length=16 role=0 status=80000005 returned=00000012 bytes=00000000010000000600000041004300A5A5A5A5A5A5A5A5A5A5A5A5A5A5A5A5
alignment pointer=4 class=0 length=16 role=1 status=C0000008 returned=A5A5A5A5 bytes=00000000000000000000000000000000A5A5A5A5A5A5A5A5A5A5A5A5A5A5A5A5
alignment pointer=4 class=0 length=16 role=2 status=80000005 returned=00000012 bytes=00000000010000000600000041004300A5A5A5A5A5A5A5A5A5A5A5A5A5A5A5A5
alignment pointer=4 class=0 length=20 role=0 status=00000000 returned=00000012 bytes=0000000001000000060000004100430050006C00A5A5A5A5A5A5A5A5A5A5A5A5
alignment pointer=4 class=0 length=20 role=1 status=C0000008 returned=A5A5A5A5 bytes=0000000000000000000000000000000000000000A5A5A5A5A5A5A5A5A5A5A5A5
alignment pointer=4 class=0 length=20 role=2 status=00000000 returned=00000012 bytes=0000000001000000060000004100430050006C00A5A5A5A5A5A5A5A5A5A5A5A5
alignment pointer=4 class=0 length=22 role=0 status=00000000 returned=00000012 bytes=00000000010000000600000041004300500000000000A5A5A5A5A5A5A5A5A5A5
alignment pointer=4 class=0 length=22 role=1 status=C0000008 returned=A5A5A5A5 bytes=5C00430075007200720065006E00740043006F006E00A5A5A5A5A5A5A5A5A5A5
alignment pointer=4 class=0 length=22 role=2 status=00000000 returned=00000012 bytes=0000000001000000060000004100430050006C005C00A5A5A5A5A5A5A5A5A5A5
alignment pointer=4 class=0 length=32 role=0 status=00000000 returned=00000012 bytes=000000000100000006000000410043005000EB02000000006000EB0200000000
alignment pointer=4 class=0 length=32 role=1 status=C0000008 returned=A5A5A5A5 bytes=5001EA02000000005001EA02000000005000EB02000000006000EB0200000000
alignment pointer=4 class=0 length=32 role=2 status=00000000 returned=00000012 bytes=000000000100000006000000410043005000EB02000000006000EB0200000000
alignment pointer=4 class=0 length=64 role=0 status=00000000 returned=00000012 bytes=0000000001000000060000004100430050000000000000000000000000000000
alignment pointer=4 class=0 length=64 role=1 status=C0000008 returned=A5A5A5A5 bytes=0000000000000000000000000000000000000000000000000000000000000000
alignment pointer=4 class=0 length=64 role=2 status=00000000 returned=00000012 bytes=0000000001000000060000004100430050000000000000000000000000000000
alignment pointer=4 class=1 length=0 role=0 status=C0000023 returned=0000002A bytes=A5A5A5A5A5A5A5A5A5A5A5A5A5A5A5A5A5A5A5A5A5A5A5A5A5A5A5A5A5A5A5A5
alignment pointer=4 class=1 length=0 role=1 status=C0000008 returned=A5A5A5A5 bytes=A5A5A5A5A5A5A5A5A5A5A5A5A5A5A5A5A5A5A5A5A5A5A5A5A5A5A5A5A5A5A5A5
alignment pointer=4 class=1 length=0 role=2 status=C0000023 returned=0000002A bytes=A5A5A5A5A5A5A5A5A5A5A5A5A5A5A5A5A5A5A5A5A5A5A5A5A5A5A5A5A5A5A5A5
alignment pointer=4 class=1 length=8 role=0 status=C0000023 returned=0000002A bytes=5001EA0200000000A5A5A5A5A5A5A5A5A5A5A5A5A5A5A5A5A5A5A5A5A5A5A5A5
alignment pointer=4 class=1 length=8 role=1 status=C0000008 returned=A5A5A5A5 bytes=5001EA0200000000A5A5A5A5A5A5A5A5A5A5A5A5A5A5A5A5A5A5A5A5A5A5A5A5
alignment pointer=4 class=1 length=8 role=2 status=C0000023 returned=0000002A bytes=0000000000000000A5A5A5A5A5A5A5A5A5A5A5A5A5A5A5A5A5A5A5A5A5A5A5A5
alignment pointer=4 class=1 length=12 role=0 status=C0000023 returned=0000002A bytes=000000000000000000000000A5A5A5A5A5A5A5A5A5A5A5A5A5A5A5A5A5A5A5A5
alignment pointer=4 class=1 length=12 role=1 status=C0000008 returned=A5A5A5A5 bytes=000000000000000000000000A5A5A5A5A5A5A5A5A5A5A5A5A5A5A5A5A5A5A5A5
alignment pointer=4 class=1 length=12 role=2 status=C0000023 returned=0000002A bytes=000000000000000000000000A5A5A5A5A5A5A5A5A5A5A5A5A5A5A5A5A5A5A5A5
alignment pointer=4 class=1 length=16 role=0 status=C0000023 returned=0000002A bytes=00000000000000000000000000000000A5A5A5A5A5A5A5A5A5A5A5A5A5A5A5A5
alignment pointer=4 class=1 length=16 role=1 status=C0000008 returned=A5A5A5A5 bytes=00000000000000000000000000000000A5A5A5A5A5A5A5A5A5A5A5A5A5A5A5A5
alignment pointer=4 class=1 length=16 role=2 status=C0000023 returned=0000002A bytes=00000000000000000000000000000000A5A5A5A5A5A5A5A5A5A5A5A5A5A5A5A5
alignment pointer=4 class=1 length=20 role=0 status=80000005 returned=0000002A bytes=0000000001000000200000000A00000006000000A5A5A5A5A5A5A5A5A5A5A5A5
alignment pointer=4 class=1 length=20 role=1 status=C0000008 returned=A5A5A5A5 bytes=0000000000000000000000000000000000000000A5A5A5A5A5A5A5A5A5A5A5A5
alignment pointer=4 class=1 length=20 role=2 status=80000005 returned=0000002A bytes=0000000001000000200000000A00000006000000A5A5A5A5A5A5A5A5A5A5A5A5
alignment pointer=4 class=1 length=22 role=0 status=80000005 returned=0000002A bytes=0000000001000000200000000A000000060000004100A5A5A5A5A5A5A5A5A5A5
alignment pointer=4 class=1 length=22 role=1 status=C0000008 returned=A5A5A5A5 bytes=00000000000000000000000000000000000000000000A5A5A5A5A5A5A5A5A5A5
alignment pointer=4 class=1 length=22 role=2 status=80000005 returned=0000002A bytes=0000000001000000200000000A000000060000004100A5A5A5A5A5A5A5A5A5A5
alignment pointer=4 class=1 length=32 role=0 status=80000005 returned=0000002A bytes=0000000001000000200000000A00000006000000410043005000000000000000
alignment pointer=4 class=1 length=32 role=1 status=C0000008 returned=A5A5A5A5 bytes=5001EA02000000005001EA020000000006000000410043005000000000000000
alignment pointer=4 class=1 length=32 role=2 status=80000005 returned=0000002A bytes=0000000001000000200000000A00000006000000410043005000000000000000
alignment pointer=4 class=1 length=64 role=0 status=00000000 returned=0000002A bytes=0000000001000000200000000A00000006000000410043005000000000000000
alignment pointer=4 class=1 length=64 role=1 status=C0000008 returned=A5A5A5A5 bytes=0000000001000000060000004100430050000000000000000000000000000000
alignment pointer=4 class=1 length=64 role=2 status=00000000 returned=0000002A bytes=0000000001000000200000000A00000006000000410043005000000000000000
alignment pointer=4 class=2 length=0 role=0 status=C0000023 returned=00000016 bytes=A5A5A5A5A5A5A5A5A5A5A5A5A5A5A5A5A5A5A5A5A5A5A5A5A5A5A5A5A5A5A5A5
alignment pointer=4 class=2 length=0 role=1 status=C0000008 returned=A5A5A5A5 bytes=A5A5A5A5A5A5A5A5A5A5A5A5A5A5A5A5A5A5A5A5A5A5A5A5A5A5A5A5A5A5A5A5
alignment pointer=4 class=2 length=0 role=2 status=C0000023 returned=00000016 bytes=A5A5A5A5A5A5A5A5A5A5A5A5A5A5A5A5A5A5A5A5A5A5A5A5A5A5A5A5A5A5A5A5
alignment pointer=4 class=2 length=8 role=0 status=C0000023 returned=00000016 bytes=0000000000000000A5A5A5A5A5A5A5A5A5A5A5A5A5A5A5A5A5A5A5A5A5A5A5A5
alignment pointer=4 class=2 length=8 role=1 status=C0000008 returned=A5A5A5A5 bytes=0000000000000000A5A5A5A5A5A5A5A5A5A5A5A5A5A5A5A5A5A5A5A5A5A5A5A5
alignment pointer=4 class=2 length=8 role=2 status=C0000023 returned=00000016 bytes=0000000000000000A5A5A5A5A5A5A5A5A5A5A5A5A5A5A5A5A5A5A5A5A5A5A5A5
alignment pointer=4 class=2 length=12 role=0 status=80000005 returned=00000016 bytes=00000000010000000A000000A5A5A5A5A5A5A5A5A5A5A5A5A5A5A5A5A5A5A5A5
alignment pointer=4 class=2 length=12 role=1 status=C0000008 returned=A5A5A5A5 bytes=000000000100000006000000A5A5A5A5A5A5A5A5A5A5A5A5A5A5A5A5A5A5A5A5
alignment pointer=4 class=2 length=12 role=2 status=80000005 returned=00000016 bytes=00000000010000000A000000A5A5A5A5A5A5A5A5A5A5A5A5A5A5A5A5A5A5A5A5
alignment pointer=4 class=2 length=16 role=0 status=80000005 returned=00000016 bytes=00000000010000000A00000031003200A5A5A5A5A5A5A5A5A5A5A5A5A5A5A5A5
alignment pointer=4 class=2 length=16 role=1 status=C0000008 returned=A5A5A5A5 bytes=00000000000000000000000000000000A5A5A5A5A5A5A5A5A5A5A5A5A5A5A5A5
alignment pointer=4 class=2 length=16 role=2 status=80000005 returned=00000016 bytes=00000000010000000A00000031003200A5A5A5A5A5A5A5A5A5A5A5A5A5A5A5A5
alignment pointer=4 class=2 length=20 role=0 status=80000005 returned=00000016 bytes=00000000010000000A0000003100320035003200A5A5A5A5A5A5A5A5A5A5A5A5
alignment pointer=4 class=2 length=20 role=1 status=C0000008 returned=A5A5A5A5 bytes=0000000001000000060000004100430000000000A5A5A5A5A5A5A5A5A5A5A5A5
alignment pointer=4 class=2 length=20 role=2 status=80000005 returned=00000016 bytes=00000000010000000A0000003100320035003200A5A5A5A5A5A5A5A5A5A5A5A5
alignment pointer=4 class=2 length=22 role=0 status=00000000 returned=00000016 bytes=00000000010000000A00000031003200350032000000A5A5A5A5A5A5A5A5A5A5
alignment pointer=4 class=2 length=22 role=1 status=C0000008 returned=A5A5A5A5 bytes=00000000010000000A00000031003200350032000000A5A5A5A5A5A5A5A5A5A5
alignment pointer=4 class=2 length=22 role=2 status=00000000 returned=00000016 bytes=00000000010000000A00000031003200350032000000A5A5A5A5A5A5A5A5A5A5
alignment pointer=4 class=2 length=32 role=0 status=00000000 returned=00000016 bytes=00000000010000000A0000003100320035003200000043005000000000000000
alignment pointer=4 class=2 length=32 role=1 status=C0000008 returned=A5A5A5A5 bytes=5001EA02000000005001EA020000000035003200000043005000000000000000
alignment pointer=4 class=2 length=32 role=2 status=00000000 returned=00000016 bytes=00000000010000000A0000003100320035003200000043005000000000000000
alignment pointer=4 class=2 length=64 role=0 status=00000000 returned=00000016 bytes=00000000010000000A0000003100320035003200000043005000000000000000
alignment pointer=4 class=2 length=64 role=1 status=C0000008 returned=A5A5A5A5 bytes=00000000010000000A0000003100320035003200000043005000000000000000
alignment pointer=4 class=2 length=64 role=2 status=00000000 returned=00000016 bytes=00000000010000000A0000003100320035003200000000000000000000000000
alignment pointer=4 class=3 length=0 role=0 status=C0000023 returned=0000002A bytes=A5A5A5A5A5A5A5A5A5A5A5A5A5A5A5A5A5A5A5A5A5A5A5A5A5A5A5A5A5A5A5A5
alignment pointer=4 class=3 length=0 role=1 status=C0000008 returned=A5A5A5A5 bytes=A5A5A5A5A5A5A5A5A5A5A5A5A5A5A5A5A5A5A5A5A5A5A5A5A5A5A5A5A5A5A5A5
alignment pointer=4 class=3 length=0 role=2 status=C0000023 returned=0000002A bytes=A5A5A5A5A5A5A5A5A5A5A5A5A5A5A5A5A5A5A5A5A5A5A5A5A5A5A5A5A5A5A5A5
alignment pointer=4 class=3 length=8 role=0 status=C0000023 returned=0000002A bytes=0000000000000000A5A5A5A5A5A5A5A5A5A5A5A5A5A5A5A5A5A5A5A5A5A5A5A5
alignment pointer=4 class=3 length=8 role=1 status=C0000008 returned=A5A5A5A5 bytes=0000000000000000A5A5A5A5A5A5A5A5A5A5A5A5A5A5A5A5A5A5A5A5A5A5A5A5
alignment pointer=4 class=3 length=8 role=2 status=C0000023 returned=0000002A bytes=0000000000000000A5A5A5A5A5A5A5A5A5A5A5A5A5A5A5A5A5A5A5A5A5A5A5A5
alignment pointer=4 class=3 length=12 role=0 status=C0000023 returned=0000002A bytes=000000000100000006000000A5A5A5A5A5A5A5A5A5A5A5A5A5A5A5A5A5A5A5A5
alignment pointer=4 class=3 length=12 role=1 status=C0000008 returned=A5A5A5A5 bytes=000000000100000006000000A5A5A5A5A5A5A5A5A5A5A5A5A5A5A5A5A5A5A5A5
alignment pointer=4 class=3 length=12 role=2 status=C0000023 returned=0000002A bytes=000000000100000020000000A5A5A5A5A5A5A5A5A5A5A5A5A5A5A5A5A5A5A5A5
alignment pointer=4 class=3 length=16 role=0 status=C0000023 returned=0000002A bytes=00000000000000000000000000000000A5A5A5A5A5A5A5A5A5A5A5A5A5A5A5A5
alignment pointer=4 class=3 length=16 role=1 status=C0000008 returned=A5A5A5A5 bytes=5C00430075007200720065006E007400A5A5A5A5A5A5A5A5A5A5A5A5A5A5A5A5
alignment pointer=4 class=3 length=16 role=2 status=C0000023 returned=0000002A bytes=00000000000000000000000000000000A5A5A5A5A5A5A5A5A5A5A5A5A5A5A5A5
alignment pointer=4 class=3 length=20 role=0 status=80000005 returned=0000002A bytes=0000000001000000200000000A00000006000000A5A5A5A5A5A5A5A5A5A5A5A5
alignment pointer=4 class=3 length=20 role=1 status=C0000008 returned=A5A5A5A5 bytes=00000000010000000A0000003100320035003200A5A5A5A5A5A5A5A5A5A5A5A5
alignment pointer=4 class=3 length=20 role=2 status=80000005 returned=0000002A bytes=0000000001000000200000000A00000006000000A5A5A5A5A5A5A5A5A5A5A5A5
alignment pointer=4 class=3 length=22 role=0 status=80000005 returned=0000002A bytes=0000000001000000200000000A000000060000004100A5A5A5A5A5A5A5A5A5A5
alignment pointer=4 class=3 length=22 role=1 status=C0000008 returned=A5A5A5A5 bytes=5C00430075007200720065006E00740043006F006E00A5A5A5A5A5A5A5A5A5A5
alignment pointer=4 class=3 length=22 role=2 status=80000005 returned=0000002A bytes=0000000001000000200000000A000000060000004100A5A5A5A5A5A5A5A5A5A5
alignment pointer=4 class=3 length=32 role=0 status=80000005 returned=0000002A bytes=0000000001000000200000000A00000006000000410043005000000000000000
alignment pointer=4 class=3 length=32 role=1 status=C0000008 returned=A5A5A5A5 bytes=5001EA02000000005001EA020000000006000000410043005000000000000000
alignment pointer=4 class=3 length=32 role=2 status=80000005 returned=0000002A bytes=0000000001000000200000000A00000006000000410043005000000000000000
alignment pointer=4 class=3 length=64 role=0 status=00000000 returned=0000002A bytes=0000000001000000200000000A00000006000000410043005000000000000000
alignment pointer=4 class=3 length=64 role=1 status=C0000008 returned=A5A5A5A5 bytes=00000000010000000A0000003100320035003200000000000000000000000000
alignment pointer=4 class=3 length=64 role=2 status=00000000 returned=0000002A bytes=0000000001000000200000000A00000006000000410043005000000000000000
alignment pointer=4 class=4 length=0 role=0 status=C0000023 returned=00000012 bytes=A5A5A5A5A5A5A5A5A5A5A5A5A5A5A5A5A5A5A5A5A5A5A5A5A5A5A5A5A5A5A5A5
alignment pointer=4 class=4 length=0 role=1 status=C0000008 returned=A5A5A5A5 bytes=A5A5A5A5A5A5A5A5A5A5A5A5A5A5A5A5A5A5A5A5A5A5A5A5A5A5A5A5A5A5A5A5
alignment pointer=4 class=4 length=0 role=2 status=C0000023 returned=00000012 bytes=A5A5A5A5A5A5A5A5A5A5A5A5A5A5A5A5A5A5A5A5A5A5A5A5A5A5A5A5A5A5A5A5
alignment pointer=4 class=4 length=8 role=0 status=80000005 returned=00000012 bytes=010000000A000000A5A5A5A5A5A5A5A5A5A5A5A5A5A5A5A5A5A5A5A5A5A5A5A5
alignment pointer=4 class=4 length=8 role=1 status=C0000008 returned=A5A5A5A5 bytes=0000000000000000A5A5A5A5A5A5A5A5A5A5A5A5A5A5A5A5A5A5A5A5A5A5A5A5
alignment pointer=4 class=4 length=8 role=2 status=80000005 returned=00000012 bytes=010000000A000000A5A5A5A5A5A5A5A5A5A5A5A5A5A5A5A5A5A5A5A5A5A5A5A5
alignment pointer=4 class=4 length=12 role=0 status=80000005 returned=00000012 bytes=010000000A00000031003200A5A5A5A5A5A5A5A5A5A5A5A5A5A5A5A5A5A5A5A5
alignment pointer=4 class=4 length=12 role=1 status=C0000008 returned=A5A5A5A5 bytes=000000000000000000000000A5A5A5A5A5A5A5A5A5A5A5A5A5A5A5A5A5A5A5A5
alignment pointer=4 class=4 length=12 role=2 status=80000005 returned=00000012 bytes=010000000A00000031003200A5A5A5A5A5A5A5A5A5A5A5A5A5A5A5A5A5A5A5A5
alignment pointer=4 class=4 length=16 role=0 status=80000005 returned=00000012 bytes=010000000A0000003100320035003200A5A5A5A5A5A5A5A5A5A5A5A5A5A5A5A5
alignment pointer=4 class=4 length=16 role=1 status=C0000008 returned=A5A5A5A5 bytes=0000000001000000200000000A000000A5A5A5A5A5A5A5A5A5A5A5A5A5A5A5A5
alignment pointer=4 class=4 length=16 role=2 status=80000005 returned=00000012 bytes=010000000A0000003100320035003200A5A5A5A5A5A5A5A5A5A5A5A5A5A5A5A5
alignment pointer=4 class=4 length=20 role=0 status=00000000 returned=00000012 bytes=010000000A000000310032003500320000000000A5A5A5A5A5A5A5A5A5A5A5A5
alignment pointer=4 class=4 length=20 role=1 status=C0000008 returned=A5A5A5A5 bytes=0000000000000000000000000000000000000000A5A5A5A5A5A5A5A5A5A5A5A5
alignment pointer=4 class=4 length=20 role=2 status=00000000 returned=00000012 bytes=010000000A000000310032003500320000000000A5A5A5A5A5A5A5A5A5A5A5A5
alignment pointer=4 class=4 length=22 role=0 status=00000000 returned=00000012 bytes=010000000A0000003100320035003200000000000000A5A5A5A5A5A5A5A5A5A5
alignment pointer=4 class=4 length=22 role=1 status=C0000008 returned=A5A5A5A5 bytes=00000000000000000000000000000000000000000000A5A5A5A5A5A5A5A5A5A5
alignment pointer=4 class=4 length=22 role=2 status=00000000 returned=00000012 bytes=010000000A0000003100320035003200000032000000A5A5A5A5A5A5A5A5A5A5
alignment pointer=4 class=4 length=32 role=0 status=00000000 returned=00000012 bytes=010000000A000000310032003500320000000000410043005000000000000000
alignment pointer=4 class=4 length=32 role=1 status=C0000008 returned=A5A5A5A5 bytes=5001EA02000000005001EA020000000000000000410043005000000000000000
alignment pointer=4 class=4 length=32 role=2 status=00000000 returned=00000012 bytes=010000000A000000310032003500320000000000410043005000000000000000
alignment pointer=4 class=4 length=64 role=0 status=00000000 returned=00000012 bytes=010000000A000000310032003500320000003200000000000000000000000000
alignment pointer=4 class=4 length=64 role=1 status=C0000008 returned=A5A5A5A5 bytes=0000000001000000200000000A00000006000000410043005000000000000000
alignment pointer=4 class=4 length=64 role=2 status=00000000 returned=00000012 bytes=010000000A000000310032003500320000000000000000000000000000000000
alignment pointer=4 class=5 length=0 role=0 status=C000000D returned=A5A5A5A5 bytes=A5A5A5A5A5A5A5A5A5A5A5A5A5A5A5A5A5A5A5A5A5A5A5A5A5A5A5A5A5A5A5A5
alignment pointer=4 class=5 length=0 role=1 status=C000000D returned=A5A5A5A5 bytes=A5A5A5A5A5A5A5A5A5A5A5A5A5A5A5A5A5A5A5A5A5A5A5A5A5A5A5A5A5A5A5A5
alignment pointer=4 class=5 length=0 role=2 status=C000000D returned=A5A5A5A5 bytes=A5A5A5A5A5A5A5A5A5A5A5A5A5A5A5A5A5A5A5A5A5A5A5A5A5A5A5A5A5A5A5A5
alignment pointer=4 class=5 length=8 role=0 status=C000000D returned=A5A5A5A5 bytes=0000000000000000A5A5A5A5A5A5A5A5A5A5A5A5A5A5A5A5A5A5A5A5A5A5A5A5
alignment pointer=4 class=5 length=8 role=1 status=C000000D returned=A5A5A5A5 bytes=010000000A000000A5A5A5A5A5A5A5A5A5A5A5A5A5A5A5A5A5A5A5A5A5A5A5A5
alignment pointer=4 class=5 length=8 role=2 status=C000000D returned=A5A5A5A5 bytes=0000000000000000A5A5A5A5A5A5A5A5A5A5A5A5A5A5A5A5A5A5A5A5A5A5A5A5
alignment pointer=4 class=5 length=12 role=0 status=C000000D returned=A5A5A5A5 bytes=00000000010000000A000000A5A5A5A5A5A5A5A5A5A5A5A5A5A5A5A5A5A5A5A5
alignment pointer=4 class=5 length=12 role=1 status=C000000D returned=A5A5A5A5 bytes=010000000A00000031003200A5A5A5A5A5A5A5A5A5A5A5A5A5A5A5A5A5A5A5A5
alignment pointer=4 class=5 length=12 role=2 status=C000000D returned=A5A5A5A5 bytes=010000000A00000031003200A5A5A5A5A5A5A5A5A5A5A5A5A5A5A5A5A5A5A5A5
alignment pointer=4 class=5 length=16 role=0 status=C000000D returned=A5A5A5A5 bytes=00000000000000000000000000000000A5A5A5A5A5A5A5A5A5A5A5A5A5A5A5A5
alignment pointer=4 class=5 length=16 role=1 status=C000000D returned=A5A5A5A5 bytes=0000000001000000200000000A000000A5A5A5A5A5A5A5A5A5A5A5A5A5A5A5A5
alignment pointer=4 class=5 length=16 role=2 status=C000000D returned=A5A5A5A5 bytes=00000000010000000600000041004300A5A5A5A5A5A5A5A5A5A5A5A5A5A5A5A5
alignment pointer=4 class=5 length=20 role=0 status=C000000D returned=A5A5A5A5 bytes=0000000001000000200000000A00000006000000A5A5A5A5A5A5A5A5A5A5A5A5
alignment pointer=4 class=5 length=20 role=1 status=C000000D returned=A5A5A5A5 bytes=0000000000000000000000000000000000000000A5A5A5A5A5A5A5A5A5A5A5A5
alignment pointer=4 class=5 length=20 role=2 status=C000000D returned=A5A5A5A5 bytes=010000000A000000310032000000000000000000A5A5A5A5A5A5A5A5A5A5A5A5
alignment pointer=4 class=5 length=22 role=0 status=C000000D returned=A5A5A5A5 bytes=010000000A0000003100320000000000000000000000A5A5A5A5A5A5A5A5A5A5
alignment pointer=4 class=5 length=22 role=1 status=C000000D returned=A5A5A5A5 bytes=00000000000000000000000000000000000000000000A5A5A5A5A5A5A5A5A5A5
alignment pointer=4 class=5 length=22 role=2 status=C000000D returned=A5A5A5A5 bytes=00000000000000000000000000000000000000000000A5A5A5A5A5A5A5A5A5A5
alignment pointer=4 class=5 length=32 role=0 status=C000000D returned=A5A5A5A5 bytes=5001EA02000000005001EA020000000000000000410043005000000000000000
alignment pointer=4 class=5 length=32 role=1 status=C000000D returned=A5A5A5A5 bytes=5001EA02000000005001EA020000000000000000410043005000000000000000
alignment pointer=4 class=5 length=32 role=2 status=C000000D returned=A5A5A5A5 bytes=5001EA02000000005001EA020000000000000000410043005000000000000000
alignment pointer=4 class=5 length=64 role=0 status=C000000D returned=A5A5A5A5 bytes=0000000001000000200000000A00000006000000410043005000000000000000
alignment pointer=4 class=5 length=64 role=1 status=C000000D returned=A5A5A5A5 bytes=0000000001000000200000000A00000006000000410043005000000000000000
alignment pointer=4 class=5 length=64 role=2 status=C000000D returned=A5A5A5A5 bytes=0000000000000000000000000000000000000000000000000000000000000000
name pointer=4 role=0 status=00000000 returned=00000016
name pointer=4 role=1 status=C0000008 returned=A5A5A5A5
name pointer=4 role=2 status=C000000D returned=A5A5A5A5
name pointer=4 role=3 status=C000000D returned=A5A5A5A5
name pointer=4 role=4 status=00000000 returned=00000016
name pointer=4 role=5 status=C0000005 returned=A5A5A5A5
name pointer=4 role=6 status=C0000034 returned=A5A5A5A5
name pointer=4 role=7 status=C0000005 returned=A5A5A5A5
name pointer=4 role=8 status=C000000D returned=A5A5A5A5
name pointer=4 role=9 status=C000000D returned=A5A5A5A5
name pointer=4 role=10 status=C0000008 returned=A5A5A5A5
name pointer=4 role=11 status=C000000D returned=A5A5A5A5
name pointer=4 role=12 status=C0000034 returned=A5A5A5A5
name pointer=4 role=13 status=C0000008 returned=A5A5A5A5
name pointer=4 role=14 status=C000000D returned=A5A5A5A5
name pointer=4 role=15 status=C000000D returned=A5A5A5A5
name pointer=4 role=16 status=C000000D returned=A5A5A5A5
name pointer=4 role=17 status=C0000008 returned=A5A5A5A5
odd-open pointer=4 role=0 status=C0000005 output=A5A5A5A5
odd-open pointer=4 role=1 status=C0000005 output=A5A5A5A5
odd-open pointer=4 role=2 status=C0000005 output=A5A5A5A5
odd-open pointer=4 role=3 status=C0000005 output=A5A5A5A5
