**********************************************************************
** Visual Studio 2026 Developer PowerShell v18.7.1
** Copyright (c) 2026 Microsoft Corporation
**********************************************************************
native-process-query-extra-probe.cpp
width=8 class=0 bytes=0 status=C0000004 returned=A5A5A5A5 out=a5a5a5a5a5a5a5a5a5a5a5a5a5a5a5a5a5a5a5a5a5a5a5a5a5a5a5a5a5a5a5a5a5a5a5a5a5a5a5a5a5a5a5a5a5a5a5a5a5a5a5a5a5a5a5a5a5a5a5a5a5a5a5a5
width=8 class=0 bytes=3 status=C0000004 returned=A5A5A5A5 out=a5a5a5a5a5a5a5a5a5a5a5a5a5a5a5a5a5a5a5a5a5a5a5a5a5a5a5a5a5a5a5a5a5a5a5a5a5a5a5a5a5a5a5a5a5a5a5a5a5a5a5a5a5a5a5a5a5a5a5a5a5a5a5a5
width=8 class=0 bytes=4 status=C0000004 returned=A5A5A5A5 out=a5a5a5a5a5a5a5a5a5a5a5a5a5a5a5a5a5a5a5a5a5a5a5a5a5a5a5a5a5a5a5a5a5a5a5a5a5a5a5a5a5a5a5a5a5a5a5a5a5a5a5a5a5a5a5a5a5a5a5a5a5a5a5a5
width=8 class=0 bytes=5 status=C0000004 returned=A5A5A5A5 out=a5a5a5a5a5a5a5a5a5a5a5a5a5a5a5a5a5a5a5a5a5a5a5a5a5a5a5a5a5a5a5a5a5a5a5a5a5a5a5a5a5a5a5a5a5a5a5a5a5a5a5a5a5a5a5a5a5a5a5a5a5a5a5a5
width=8 class=0 bytes=23 status=C0000004 returned=A5A5A5A5 out=a5a5a5a5a5a5a5a5a5a5a5a5a5a5a5a5a5a5a5a5a5a5a5a5a5a5a5a5a5a5a5a5a5a5a5a5a5a5a5a5a5a5a5a5a5a5a5a5a5a5a5a5a5a5a5a5a5a5a5a5a5a5a5a5
width=8 class=0 bytes=24 status=C0000004 returned=A5A5A5A5 out=a5a5a5a5a5a5a5a5a5a5a5a5a5a5a5a5a5a5a5a5a5a5a5a5a5a5a5a5a5a5a5a5a5a5a5a5a5a5a5a5a5a5a5a5a5a5a5a5a5a5a5a5a5a5a5a5a5a5a5a5a5a5a5a5
width=8 class=0 bytes=25 status=C0000004 returned=A5A5A5A5 out=a5a5a5a5a5a5a5a5a5a5a5a5a5a5a5a5a5a5a5a5a5a5a5a5a5a5a5a5a5a5a5a5a5a5a5a5a5a5a5a5a5a5a5a5a5a5a5a5a5a5a5a5a5a5a5a5a5a5a5a5a5a5a5a5
width=8 class=0 bytes=47 status=C0000004 returned=A5A5A5A5 out=a5a5a5a5a5a5a5a5a5a5a5a5a5a5a5a5a5a5a5a5a5a5a5a5a5a5a5a5a5a5a5a5a5a5a5a5a5a5a5a5a5a5a5a5a5a5a5a5a5a5a5a5a5a5a5a5a5a5a5a5a5a5a5a5
width=8 class=0 bytes=48 status=00000000 returned=00000030 out=03010000000000000050250080000000ff000000000000000800000000000000f40e000000000000340b000000000000a5a5a5a5a5a5a5a5a5a5a5a5a5a5a5a5
width=8 class=0 bytes=49 status=C0000004 returned=A5A5A5A5 out=a5a5a5a5a5a5a5a5a5a5a5a5a5a5a5a5a5a5a5a5a5a5a5a5a5a5a5a5a5a5a5a5a5a5a5a5a5a5a5a5a5a5a5a5a5a5a5a5a5a5a5a5a5a5a5a5a5a5a5a5a5a5a5a5
width=8 class=0 bytes=64 status=00000000 returned=00000040 out=400000000000000003010000000000000050250080000000ff000000000000000800000000000000f40e000000000000340b0000000000000000000000000000
width=8 class=36 bytes=0 status=C0000004 returned=A5A5A5A5 out=a5a5a5a5a5a5a5a5a5a5a5a5a5a5a5a5a5a5a5a5a5a5a5a5a5a5a5a5a5a5a5a5a5a5a5a5a5a5a5a5a5a5a5a5a5a5a5a5a5a5a5a5a5a5a5a5a5a5a5a5a5a5a5a5
width=8 class=36 bytes=3 status=C0000004 returned=A5A5A5A5 out=a5a5a5a5a5a5a5a5a5a5a5a5a5a5a5a5a5a5a5a5a5a5a5a5a5a5a5a5a5a5a5a5a5a5a5a5a5a5a5a5a5a5a5a5a5a5a5a5a5a5a5a5a5a5a5a5a5a5a5a5a5a5a5a5
width=8 class=36 bytes=4 status=00000000 returned=00000004 out=c99ff459a5a5a5a5a5a5a5a5a5a5a5a5a5a5a5a5a5a5a5a5a5a5a5a5a5a5a5a5a5a5a5a5a5a5a5a5a5a5a5a5a5a5a5a5a5a5a5a5a5a5a5a5a5a5a5a5a5a5a5a5
width=8 class=36 bytes=5 status=C0000004 returned=A5A5A5A5 out=a5a5a5a5a5a5a5a5a5a5a5a5a5a5a5a5a5a5a5a5a5a5a5a5a5a5a5a5a5a5a5a5a5a5a5a5a5a5a5a5a5a5a5a5a5a5a5a5a5a5a5a5a5a5a5a5a5a5a5a5a5a5a5a5
width=8 class=36 bytes=23 status=C0000004 returned=A5A5A5A5 out=a5a5a5a5a5a5a5a5a5a5a5a5a5a5a5a5a5a5a5a5a5a5a5a5a5a5a5a5a5a5a5a5a5a5a5a5a5a5a5a5a5a5a5a5a5a5a5a5a5a5a5a5a5a5a5a5a5a5a5a5a5a5a5a5
width=8 class=36 bytes=24 status=C0000004 returned=A5A5A5A5 out=a5a5a5a5a5a5a5a5a5a5a5a5a5a5a5a5a5a5a5a5a5a5a5a5a5a5a5a5a5a5a5a5a5a5a5a5a5a5a5a5a5a5a5a5a5a5a5a5a5a5a5a5a5a5a5a5a5a5a5a5a5a5a5a5
width=8 class=36 bytes=25 status=C0000004 returned=A5A5A5A5 out=a5a5a5a5a5a5a5a5a5a5a5a5a5a5a5a5a5a5a5a5a5a5a5a5a5a5a5a5a5a5a5a5a5a5a5a5a5a5a5a5a5a5a5a5a5a5a5a5a5a5a5a5a5a5a5a5a5a5a5a5a5a5a5a5
width=8 class=36 bytes=47 status=C0000004 returned=A5A5A5A5 out=a5a5a5a5a5a5a5a5a5a5a5a5a5a5a5a5a5a5a5a5a5a5a5a5a5a5a5a5a5a5a5a5a5a5a5a5a5a5a5a5a5a5a5a5a5a5a5a5a5a5a5a5a5a5a5a5a5a5a5a5a5a5a5a5
width=8 class=36 bytes=48 status=C0000004 returned=A5A5A5A5 out=a5a5a5a5a5a5a5a5a5a5a5a5a5a5a5a5a5a5a5a5a5a5a5a5a5a5a5a5a5a5a5a5a5a5a5a5a5a5a5a5a5a5a5a5a5a5a5a5a5a5a5a5a5a5a5a5a5a5a5a5a5a5a5a5
width=8 class=36 bytes=49 status=C0000004 returned=A5A5A5A5 out=a5a5a5a5a5a5a5a5a5a5a5a5a5a5a5a5a5a5a5a5a5a5a5a5a5a5a5a5a5a5a5a5a5a5a5a5a5a5a5a5a5a5a5a5a5a5a5a5a5a5a5a5a5a5a5a5a5a5a5a5a5a5a5a5
width=8 class=36 bytes=64 status=C0000004 returned=A5A5A5A5 out=a5a5a5a5a5a5a5a5a5a5a5a5a5a5a5a5a5a5a5a5a5a5a5a5a5a5a5a5a5a5a5a5a5a5a5a5a5a5a5a5a5a5a5a5a5a5a5a5a5a5a5a5a5a5a5a5a5a5a5a5a5a5a5a5
width=8 class=65535 bytes=0 status=C0000003 returned=A5A5A5A5 out=a5a5a5a5a5a5a5a5a5a5a5a5a5a5a5a5a5a5a5a5a5a5a5a5a5a5a5a5a5a5a5a5a5a5a5a5a5a5a5a5a5a5a5a5a5a5a5a5a5a5a5a5a5a5a5a5a5a5a5a5a5a5a5a5
width=8 class=65535 bytes=3 status=C0000003 returned=A5A5A5A5 out=a5a5a5a5a5a5a5a5a5a5a5a5a5a5a5a5a5a5a5a5a5a5a5a5a5a5a5a5a5a5a5a5a5a5a5a5a5a5a5a5a5a5a5a5a5a5a5a5a5a5a5a5a5a5a5a5a5a5a5a5a5a5a5a5
width=8 class=65535 bytes=4 status=C0000003 returned=A5A5A5A5 out=a5a5a5a5a5a5a5a5a5a5a5a5a5a5a5a5a5a5a5a5a5a5a5a5a5a5a5a5a5a5a5a5a5a5a5a5a5a5a5a5a5a5a5a5a5a5a5a5a5a5a5a5a5a5a5a5a5a5a5a5a5a5a5a5
width=8 class=65535 bytes=5 status=C0000003 returned=A5A5A5A5 out=a5a5a5a5a5a5a5a5a5a5a5a5a5a5a5a5a5a5a5a5a5a5a5a5a5a5a5a5a5a5a5a5a5a5a5a5a5a5a5a5a5a5a5a5a5a5a5a5a5a5a5a5a5a5a5a5a5a5a5a5a5a5a5a5
width=8 class=65535 bytes=23 status=C0000003 returned=A5A5A5A5 out=a5a5a5a5a5a5a5a5a5a5a5a5a5a5a5a5a5a5a5a5a5a5a5a5a5a5a5a5a5a5a5a5a5a5a5a5a5a5a5a5a5a5a5a5a5a5a5a5a5a5a5a5a5a5a5a5a5a5a5a5a5a5a5a5
width=8 class=65535 bytes=24 status=C0000003 returned=A5A5A5A5 out=a5a5a5a5a5a5a5a5a5a5a5a5a5a5a5a5a5a5a5a5a5a5a5a5a5a5a5a5a5a5a5a5a5a5a5a5a5a5a5a5a5a5a5a5a5a5a5a5a5a5a5a5a5a5a5a5a5a5a5a5a5a5a5a5
width=8 class=65535 bytes=25 status=C0000003 returned=A5A5A5A5 out=a5a5a5a5a5a5a5a5a5a5a5a5a5a5a5a5a5a5a5a5a5a5a5a5a5a5a5a5a5a5a5a5a5a5a5a5a5a5a5a5a5a5a5a5a5a5a5a5a5a5a5a5a5a5a5a5a5a5a5a5a5a5a5a5
width=8 class=65535 bytes=47 status=C0000003 returned=A5A5A5A5 out=a5a5a5a5a5a5a5a5a5a5a5a5a5a5a5a5a5a5a5a5a5a5a5a5a5a5a5a5a5a5a5a5a5a5a5a5a5a5a5a5a5a5a5a5a5a5a5a5a5a5a5a5a5a5a5a5a5a5a5a5a5a5a5a5
width=8 class=65535 bytes=48 status=C0000003 returned=A5A5A5A5 out=a5a5a5a5a5a5a5a5a5a5a5a5a5a5a5a5a5a5a5a5a5a5a5a5a5a5a5a5a5a5a5a5a5a5a5a5a5a5a5a5a5a5a5a5a5a5a5a5a5a5a5a5a5a5a5a5a5a5a5a5a5a5a5a5
width=8 class=65535 bytes=49 status=C0000003 returned=A5A5A5A5 out=a5a5a5a5a5a5a5a5a5a5a5a5a5a5a5a5a5a5a5a5a5a5a5a5a5a5a5a5a5a5a5a5a5a5a5a5a5a5a5a5a5a5a5a5a5a5a5a5a5a5a5a5a5a5a5a5a5a5a5a5a5a5a5a5
width=8 class=65535 bytes=64 status=C0000003 returned=A5A5A5A5 out=a5a5a5a5a5a5a5a5a5a5a5a5a5a5a5a5a5a5a5a5a5a5a5a5a5a5a5a5a5a5a5a5a5a5a5a5a5a5a5a5a5a5a5a5a5a5a5a5a5a5a5a5a5a5a5a5a5a5a5a5a5a5a5a5
nulloutput status=C0000005 out=a5a5a5a5a5a5a5a5 ret=a5a5a5a5a5a5a5a5
badoutput status=80000002 out=a5a5a5a5a5a5a5a5 ret=a5a5a5a5a5a5a5a5
unaligned status=80000002 out=a5a5a5a5a5a5a5a5 ret=a5a5a5a5a5a5a5a5
badreturn status=C0000005 out=a5a5a5a5a5a5a5a5 ret=a5a5a5a5a5a5a5a5
unalignedret status=00000000 out=c99ff459a5a5a5a5 ret=a504000000a5a5a5
nullret status=00000000 out=c99ff459a5a5a5a5 ret=a5a5a5a5a5a5a5a5
nullhandle status=C0000008 out=a5a5a5a5a5a5a5a5 ret=a5a5a5a5a5a5a5a5
badhandle status=C0000008 out=a5a5a5a5a5a5a5a5 ret=a5a5a5a5a5a5a5a5
badhandle-short status=C0000004 out=a5a5a5a5a5a5a5a5 ret=a5a5a5a5a5a5a5a5
badhandle-badout status=80000002 out=a5a5a5a5a5a5a5a5 ret=a5a5a5a5a5a5a5a5
badhandle-nullout status=C0000008 out=a5a5a5a5a5a5a5a5 ret=a5a5a5a5a5a5a5a5
badhandle-badret status=C0000005 out=a5a5a5a5a5a5a5a5 ret=a5a5a5a5a5a5a5a5
