**********************************************************************
** Visual Studio 2026 Developer PowerShell v18.7.1
** Copyright (c) 2026 Microsoft Corporation
**********************************************************************
native-process-query-extra-probe.cpp
width=4 class=0 bytes=0 status=C0000004 returned=A5A5A5A5 out=a5a5a5a5a5a5a5a5a5a5a5a5a5a5a5a5a5a5a5a5a5a5a5a5a5a5a5a5a5a5a5a5a5a5a5a5a5a5a5a5a5a5a5a5a5a5a5a5a5a5a5a5a5a5a5a5a5a5a5a5a5a5a5a5
width=4 class=0 bytes=3 status=C0000004 returned=A5A5A5A5 out=a5a5a5a5a5a5a5a5a5a5a5a5a5a5a5a5a5a5a5a5a5a5a5a5a5a5a5a5a5a5a5a5a5a5a5a5a5a5a5a5a5a5a5a5a5a5a5a5a5a5a5a5a5a5a5a5a5a5a5a5a5a5a5a5
width=4 class=0 bytes=4 status=C0000004 returned=A5A5A5A5 out=a5a5a5a5a5a5a5a5a5a5a5a5a5a5a5a5a5a5a5a5a5a5a5a5a5a5a5a5a5a5a5a5a5a5a5a5a5a5a5a5a5a5a5a5a5a5a5a5a5a5a5a5a5a5a5a5a5a5a5a5a5a5a5a5
width=4 class=0 bytes=5 status=C0000004 returned=A5A5A5A5 out=a5a5a5a5a5a5a5a5a5a5a5a5a5a5a5a5a5a5a5a5a5a5a5a5a5a5a5a5a5a5a5a5a5a5a5a5a5a5a5a5a5a5a5a5a5a5a5a5a5a5a5a5a5a5a5a5a5a5a5a5a5a5a5a5
width=4 class=0 bytes=23 status=C0000004 returned=A5A5A5A5 out=a5a5a5a5a5a5a5a5a5a5a5a5a5a5a5a5a5a5a5a5a5a5a5a5a5a5a5a5a5a5a5a5a5a5a5a5a5a5a5a5a5a5a5a5a5a5a5a5a5a5a5a5a5a5a5a5a5a5a5a5a5a5a5a5
width=4 class=0 bytes=24 status=00000000 returned=00000018 out=0301000000407300ff000000a5a5a5a57c1e00000c0a0000a5a5a5a5a5a5a5a5a5a5a5a5a5a5a5a5a5a5a5a5a5a5a5a5a5a5a5a5a5a5a5a5a5a5a5a5a5a5a5a5
width=4 class=0 bytes=25 status=C0000004 returned=A5A5A5A5 out=a5a5a5a5a5a5a5a5a5a5a5a5a5a5a5a5a5a5a5a5a5a5a5a5a5a5a5a5a5a5a5a5a5a5a5a5a5a5a5a5a5a5a5a5a5a5a5a5a5a5a5a5a5a5a5a5a5a5a5a5a5a5a5a5
width=4 class=0 bytes=47 status=C0000004 returned=A5A5A5A5 out=a5a5a5a5a5a5a5a5a5a5a5a5a5a5a5a5a5a5a5a5a5a5a5a5a5a5a5a5a5a5a5a5a5a5a5a5a5a5a5a5a5a5a5a5a5a5a5a5a5a5a5a5a5a5a5a5a5a5a5a5a5a5a5a5
width=4 class=0 bytes=48 status=C0000004 returned=A5A5A5A5 out=a5a5a5a5a5a5a5a5a5a5a5a5a5a5a5a5a5a5a5a5a5a5a5a5a5a5a5a5a5a5a5a5a5a5a5a5a5a5a5a5a5a5a5a5a5a5a5a5a5a5a5a5a5a5a5a5a5a5a5a5a5a5a5a5
width=4 class=0 bytes=49 status=C0000004 returned=A5A5A5A5 out=a5a5a5a5a5a5a5a5a5a5a5a5a5a5a5a5a5a5a5a5a5a5a5a5a5a5a5a5a5a5a5a5a5a5a5a5a5a5a5a5a5a5a5a5a5a5a5a5a5a5a5a5a5a5a5a5a5a5a5a5a5a5a5a5
width=4 class=0 bytes=64 status=C0000004 returned=A5A5A5A5 out=a5a5a5a5a5a5a5a5a5a5a5a5a5a5a5a5a5a5a5a5a5a5a5a5a5a5a5a5a5a5a5a5a5a5a5a5a5a5a5a5a5a5a5a5a5a5a5a5a5a5a5a5a5a5a5a5a5a5a5a5a5a5a5a5
width=4 class=36 bytes=0 status=C0000004 returned=A5A5A5A5 out=a5a5a5a5a5a5a5a5a5a5a5a5a5a5a5a5a5a5a5a5a5a5a5a5a5a5a5a5a5a5a5a5a5a5a5a5a5a5a5a5a5a5a5a5a5a5a5a5a5a5a5a5a5a5a5a5a5a5a5a5a5a5a5a5
width=4 class=36 bytes=3 status=C0000004 returned=A5A5A5A5 out=a5a5a5a5a5a5a5a5a5a5a5a5a5a5a5a5a5a5a5a5a5a5a5a5a5a5a5a5a5a5a5a5a5a5a5a5a5a5a5a5a5a5a5a5a5a5a5a5a5a5a5a5a5a5a5a5a5a5a5a5a5a5a5a5
width=4 class=36 bytes=4 status=00000000 returned=00000004 out=057f39bba5a5a5a5a5a5a5a5a5a5a5a5a5a5a5a5a5a5a5a5a5a5a5a5a5a5a5a5a5a5a5a5a5a5a5a5a5a5a5a5a5a5a5a5a5a5a5a5a5a5a5a5a5a5a5a5a5a5a5a5
width=4 class=36 bytes=5 status=C0000004 returned=A5A5A5A5 out=a5a5a5a5a5a5a5a5a5a5a5a5a5a5a5a5a5a5a5a5a5a5a5a5a5a5a5a5a5a5a5a5a5a5a5a5a5a5a5a5a5a5a5a5a5a5a5a5a5a5a5a5a5a5a5a5a5a5a5a5a5a5a5a5
width=4 class=36 bytes=23 status=C0000004 returned=A5A5A5A5 out=a5a5a5a5a5a5a5a5a5a5a5a5a5a5a5a5a5a5a5a5a5a5a5a5a5a5a5a5a5a5a5a5a5a5a5a5a5a5a5a5a5a5a5a5a5a5a5a5a5a5a5a5a5a5a5a5a5a5a5a5a5a5a5a5
width=4 class=36 bytes=24 status=C0000004 returned=A5A5A5A5 out=a5a5a5a5a5a5a5a5a5a5a5a5a5a5a5a5a5a5a5a5a5a5a5a5a5a5a5a5a5a5a5a5a5a5a5a5a5a5a5a5a5a5a5a5a5a5a5a5a5a5a5a5a5a5a5a5a5a5a5a5a5a5a5a5
width=4 class=36 bytes=25 status=C0000004 returned=A5A5A5A5 out=a5a5a5a5a5a5a5a5a5a5a5a5a5a5a5a5a5a5a5a5a5a5a5a5a5a5a5a5a5a5a5a5a5a5a5a5a5a5a5a5a5a5a5a5a5a5a5a5a5a5a5a5a5a5a5a5a5a5a5a5a5a5a5a5
width=4 class=36 bytes=47 status=C0000004 returned=A5A5A5A5 out=a5a5a5a5a5a5a5a5a5a5a5a5a5a5a5a5a5a5a5a5a5a5a5a5a5a5a5a5a5a5a5a5a5a5a5a5a5a5a5a5a5a5a5a5a5a5a5a5a5a5a5a5a5a5a5a5a5a5a5a5a5a5a5a5
width=4 class=36 bytes=48 status=C0000004 returned=A5A5A5A5 out=a5a5a5a5a5a5a5a5a5a5a5a5a5a5a5a5a5a5a5a5a5a5a5a5a5a5a5a5a5a5a5a5a5a5a5a5a5a5a5a5a5a5a5a5a5a5a5a5a5a5a5a5a5a5a5a5a5a5a5a5a5a5a5a5
width=4 class=36 bytes=49 status=C0000004 returned=A5A5A5A5 out=a5a5a5a5a5a5a5a5a5a5a5a5a5a5a5a5a5a5a5a5a5a5a5a5a5a5a5a5a5a5a5a5a5a5a5a5a5a5a5a5a5a5a5a5a5a5a5a5a5a5a5a5a5a5a5a5a5a5a5a5a5a5a5a5
width=4 class=36 bytes=64 status=C0000004 returned=A5A5A5A5 out=a5a5a5a5a5a5a5a5a5a5a5a5a5a5a5a5a5a5a5a5a5a5a5a5a5a5a5a5a5a5a5a5a5a5a5a5a5a5a5a5a5a5a5a5a5a5a5a5a5a5a5a5a5a5a5a5a5a5a5a5a5a5a5a5
width=4 class=65535 bytes=0 status=C0000003 returned=A5A5A5A5 out=a5a5a5a5a5a5a5a5a5a5a5a5a5a5a5a5a5a5a5a5a5a5a5a5a5a5a5a5a5a5a5a5a5a5a5a5a5a5a5a5a5a5a5a5a5a5a5a5a5a5a5a5a5a5a5a5a5a5a5a5a5a5a5a5
width=4 class=65535 bytes=3 status=C0000003 returned=A5A5A5A5 out=a5a5a5a5a5a5a5a5a5a5a5a5a5a5a5a5a5a5a5a5a5a5a5a5a5a5a5a5a5a5a5a5a5a5a5a5a5a5a5a5a5a5a5a5a5a5a5a5a5a5a5a5a5a5a5a5a5a5a5a5a5a5a5a5
width=4 class=65535 bytes=4 status=C0000003 returned=A5A5A5A5 out=a5a5a5a5a5a5a5a5a5a5a5a5a5a5a5a5a5a5a5a5a5a5a5a5a5a5a5a5a5a5a5a5a5a5a5a5a5a5a5a5a5a5a5a5a5a5a5a5a5a5a5a5a5a5a5a5a5a5a5a5a5a5a5a5
width=4 class=65535 bytes=5 status=C0000003 returned=A5A5A5A5 out=a5a5a5a5a5a5a5a5a5a5a5a5a5a5a5a5a5a5a5a5a5a5a5a5a5a5a5a5a5a5a5a5a5a5a5a5a5a5a5a5a5a5a5a5a5a5a5a5a5a5a5a5a5a5a5a5a5a5a5a5a5a5a5a5
width=4 class=65535 bytes=23 status=C0000003 returned=A5A5A5A5 out=a5a5a5a5a5a5a5a5a5a5a5a5a5a5a5a5a5a5a5a5a5a5a5a5a5a5a5a5a5a5a5a5a5a5a5a5a5a5a5a5a5a5a5a5a5a5a5a5a5a5a5a5a5a5a5a5a5a5a5a5a5a5a5a5
width=4 class=65535 bytes=24 status=C0000003 returned=A5A5A5A5 out=a5a5a5a5a5a5a5a5a5a5a5a5a5a5a5a5a5a5a5a5a5a5a5a5a5a5a5a5a5a5a5a5a5a5a5a5a5a5a5a5a5a5a5a5a5a5a5a5a5a5a5a5a5a5a5a5a5a5a5a5a5a5a5a5
width=4 class=65535 bytes=25 status=C0000003 returned=A5A5A5A5 out=a5a5a5a5a5a5a5a5a5a5a5a5a5a5a5a5a5a5a5a5a5a5a5a5a5a5a5a5a5a5a5a5a5a5a5a5a5a5a5a5a5a5a5a5a5a5a5a5a5a5a5a5a5a5a5a5a5a5a5a5a5a5a5a5
width=4 class=65535 bytes=47 status=C0000003 returned=A5A5A5A5 out=a5a5a5a5a5a5a5a5a5a5a5a5a5a5a5a5a5a5a5a5a5a5a5a5a5a5a5a5a5a5a5a5a5a5a5a5a5a5a5a5a5a5a5a5a5a5a5a5a5a5a5a5a5a5a5a5a5a5a5a5a5a5a5a5
width=4 class=65535 bytes=48 status=C0000003 returned=A5A5A5A5 out=a5a5a5a5a5a5a5a5a5a5a5a5a5a5a5a5a5a5a5a5a5a5a5a5a5a5a5a5a5a5a5a5a5a5a5a5a5a5a5a5a5a5a5a5a5a5a5a5a5a5a5a5a5a5a5a5a5a5a5a5a5a5a5a5
width=4 class=65535 bytes=49 status=C0000003 returned=A5A5A5A5 out=a5a5a5a5a5a5a5a5a5a5a5a5a5a5a5a5a5a5a5a5a5a5a5a5a5a5a5a5a5a5a5a5a5a5a5a5a5a5a5a5a5a5a5a5a5a5a5a5a5a5a5a5a5a5a5a5a5a5a5a5a5a5a5a5
width=4 class=65535 bytes=64 status=C0000003 returned=A5A5A5A5 out=a5a5a5a5a5a5a5a5a5a5a5a5a5a5a5a5a5a5a5a5a5a5a5a5a5a5a5a5a5a5a5a5a5a5a5a5a5a5a5a5a5a5a5a5a5a5a5a5a5a5a5a5a5a5a5a5a5a5a5a5a5a5a5a5
nulloutput status=C0000005 out=a5a5a5a5a5a5a5a5 ret=a5a5a5a5a5a5a5a5
badoutput status=80000002 out=a5a5a5a5a5a5a5a5 ret=a5a5a5a5a5a5a5a5
unaligned status=80000002 out=a5a5a5a5a5a5a5a5 ret=a5a5a5a5a5a5a5a5
badreturn status=C0000005 out=a5a5a5a5a5a5a5a5 ret=a5a5a5a5a5a5a5a5
unalignedret status=00000000 out=057f39bba5a5a5a5 ret=a504000000a5a5a5
nullret status=00000000 out=057f39bba5a5a5a5 ret=a5a5a5a5a5a5a5a5
nullhandle status=C0000008 out=a5a5a5a5a5a5a5a5 ret=a5a5a5a5a5a5a5a5
badhandle status=C0000008 out=a5a5a5a5a5a5a5a5 ret=a5a5a5a5a5a5a5a5
badhandle-short status=C0000004 out=a5a5a5a5a5a5a5a5 ret=a5a5a5a5a5a5a5a5
badhandle-badout status=80000002 out=a5a5a5a5a5a5a5a5 ret=a5a5a5a5a5a5a5a5
badhandle-nullout status=C0000008 out=a5a5a5a5a5a5a5a5 ret=a5a5a5a5a5a5a5a5
badhandle-badret status=C0000005 out=a5a5a5a5a5a5a5a5 ret=a5a5a5a5a5a5a5a5
