    Finished `test` profile [unoptimized + debuginfo] target(s) in 0.10s
     Running tests/suites/user/windows/main.rs (target/debug/deps/user_windows-e6dea4383f6c09b8)

running 544 tests
test arm64_pac_unwind::pac_marked_arm64_fixture_identity_and_both_metadata_forms ... ok
test arm64_dynamic_unwind::anonymous_arm64_fixture_provenance_and_metadata ... ok
test arm64_pac_unwind::pac_marked_arm64_frame_search_and_resume ... ok
test arm64_dynamic_unwind::anonymous_arm64_full_xdata_handler_and_continuation ... ok
test cli_rejects_invalid_drive_and_linux_personality_for_pe ... ok
test crt::arm64_apiset_default_invalid_parameter_terminates ... ok
test crt::arm64_apiset_custom_invalid_parameter_handlers ... ok
test crt::arm64_msvcrt_errno_thread_fiber_migration ... ok
test crt::arm64_ucrtbase_default_invalid_parameter_terminates ... ok
test crt::crt_retained_abi_and_license_provenance_are_verified ... ok
test crt::arm64_ucrtbase_custom_invalid_parameter_handlers ... ok
test crt::arm64_apiset_errno_thread_fiber_migration ... ok
test arm64_guest_threads_locks_apcs_and_files ... ok
test crt::arm64_msvcrt_alloc_memory_byte_utf16_strings ... ok
test crt::crt_sources_hashes_import_bindings_and_compiled_matrix_are_verified ... ok
test crt::x64_apiset_default_invalid_parameter_terminates ... ok
test crt::arm64_ucrtbase_errno_thread_fiber_migration ... ok
test crt::x64_apiset_custom_invalid_parameter_handlers ... ok
test crt::x64_apiset_errno_thread_fiber_migration ... ok
test crt::x64_msvcrt_errno_thread_fiber_migration ... ok
test crt::x64_ucrtbase_custom_invalid_parameter_handlers ... ok
test crt::arm64_ucrtbase_alloc_memory_byte_utf16_strings ... ok
test crt::x64_ucrtbase_default_invalid_parameter_terminates ... ok
test crt::arm64_apisets_vcruntime_alloc_memory_strings ... ok
test cli_auto_detects_and_explicitly_selects_x64_windows ... ok
test crt::x86_apiset_default_invalid_parameter_terminates ... ok
test crt::x86_apiset_custom_invalid_parameter_handlers ... ok
test crt::x64_msvcrt_alloc_memory_byte_utf16_strings ... ok
test cli_auto_detects_and_explicitly_selects_x86_windows ... ok
test crt::x64_ucrtbase_alloc_memory_byte_utf16_strings ... ok
test crt::x64_ucrtbase_errno_thread_fiber_migration ... ok
test crt::x64_apisets_vcruntime_alloc_memory_strings ... ok
test crt::x86_apiset_errno_thread_fiber_migration ... ok
test crt::x86_ucrtbase_custom_invalid_parameter_handlers ... ok
test crt::x86_msvcrt_errno_thread_fiber_migration ... ok
test crt::x86_ucrtbase_default_invalid_parameter_terminates ... ok
test cli_auto_detects_and_explicitly_selects_arm64_windows ... ok
test crt::x86_ucrtbase_errno_thread_fiber_migration ... ok
test crt::x86_msvcrt_alloc_memory_byte_utf16_strings ... ok
test crt_bootstrap::arm64::apiset::exception_pointer_thread_cell ... ok
test crt_bootstrap::arm64::apiset::app_extrema_shared ... ok
test crt::x86_ucrtbase_alloc_memory_byte_utf16_strings ... ok
test crt::x86_apisets_vcruntime_alloc_memory_strings ... ok
test crt_bootstrap::arm64::apiset::locale_invalid_forced_exit ... ok
test crt_bootstrap::arm64::apiset::locale_invalid_returning_handler ... ok
test crt_bootstrap::arm64::apiset::locale_thread_isolation ... ok
test crt_bootstrap::arm64::apiset::locale_transitions ... ok
test crt_bootstrap::arm64::apiset::math_registration_not_eager_call ... ok
test crt_bootstrap::arm64::apiset::raw_exit_control ... ok
test crt_bootstrap::arm64::ucrtbase::app_extrema_shared ... ok
test crt_bootstrap::arm64::ucrtbase::exception_pointer_thread_cell ... ok
test crt_bootstrap::arm64::ucrtbase::locale_invalid_forced_exit ... ok
test crt_bootstrap::arm64::ucrtbase::locale_invalid_returning_handler ... ok
test crt_bootstrap::arm64::ucrtbase::locale_thread_isolation ... ok
test crt_bootstrap::arm64::ucrtbase::locale_transitions ... ok
test crt_bootstrap::arm64::ucrtbase::math_registration_not_eager_call ... ok
test crt_bootstrap::arm64::ucrtbase::raw_exit_control ... ok
test crt_bootstrap::arm64::apiset::fp_raw_snapshot_and_resumed_scalar ... ok
test crt_bootstrap::independent_corpus_inputs_iats_baseline_and_double_build_are_exact ... ok
test crt_bootstrap::x64::apiset::app_extrema_shared ... ok
test crt::x86_msvcrt_module_cdecl_runtime_isolation ... ok
test crt_bootstrap::arm64::ucrtbase::fp_raw_snapshot_and_resumed_scalar ... ok
test crt_bootstrap::x64::apiset::exception_pointer_thread_cell ... ok
test crt_bootstrap::x64::apiset::locale_invalid_forced_exit ... ok
test crt_bootstrap::arm64::apiset::private_isa_instrumentation_control ... ok
test crt::arm64_msvcrt_module_cdecl_runtime_isolation ... ok
test crt::arm64_ucrtbase_module_cdecl_runtime_isolation ... ok
test crt::x86_ucrtbase_module_cdecl_runtime_isolation ... ok
test crt::arm64_apisets_module_cdecl_runtime_isolation ... ok
test crt_bootstrap::x64::apiset::locale_invalid_returning_handler ... ok
test crt_bootstrap::x64::apiset::locale_thread_isolation ... ok
test crt_bootstrap::x64::apiset::locale_transitions ... ok
test crt::x64_ucrtbase_module_cdecl_runtime_isolation ... ok
test crt_bootstrap::x64::apiset::math_registration_not_eager_call ... ok
test crt::x64_apisets_module_cdecl_runtime_isolation ... ok
test crt_bootstrap::x64::apiset::raw_exit_control ... ok
test crt::x86_apisets_module_cdecl_runtime_isolation ... ok
test crt::x64_msvcrt_module_cdecl_runtime_isolation ... ok
test crt_bootstrap::x64::ucrtbase::exception_pointer_thread_cell ... ok
test crt_bootstrap::x64::ucrtbase::app_extrema_shared ... ok
test crt_bootstrap::x64::ucrtbase::locale_invalid_forced_exit ... ok
test crt_bootstrap::x64::ucrtbase::locale_invalid_returning_handler ... ok
test crt_bootstrap::x64::ucrtbase::locale_thread_isolation ... ok
test crt_bootstrap::x64::ucrtbase::locale_transitions ... ok
test crt_bootstrap::x64::ucrtbase::math_registration_not_eager_call ... ok
test crt_bootstrap::arm64::ucrtbase::private_isa_instrumentation_control ... ok
test crt_bootstrap::x64::ucrtbase::raw_exit_control ... ok
test crt_bootstrap::x86::apiset::app_extrema_shared ... ok
test crt_bootstrap::x86::apiset::locale_invalid_forced_exit ... ok
test crt_bootstrap::x86::apiset::exception_pointer_thread_cell ... ok
test crt_bootstrap::x86::apiset::locale_invalid_returning_handler ... ok
test crt_bootstrap::x86::apiset::locale_transitions ... ok
test crt_bootstrap::x86::apiset::locale_thread_isolation ... ok
test crt_bootstrap::x86::apiset::math_registration_not_eager_call ... ok
test crt_bootstrap::x86::apiset::raw_exit_control ... ok
test crt_bootstrap::x86::ucrtbase::exception_pointer_thread_cell ... ok
test crt_bootstrap::x86::ucrtbase::app_extrema_shared ... ok
test crt_bootstrap::x86::ucrtbase::locale_invalid_forced_exit ... ok
test crt_bootstrap::x64::apiset::fp_raw_snapshot_and_resumed_scalar ... ok
test crt_bootstrap::x86::ucrtbase::locale_invalid_returning_handler ... ok
test crt_bootstrap::x86::ucrtbase::locale_thread_isolation ... ok
test crt_bootstrap::x86::ucrtbase::locale_transitions ... ok
test crt_bootstrap::x86::ucrtbase::math_registration_not_eager_call ... ok
test crt_bootstrap::x86::ucrtbase::raw_exit_control ... ok
test crt_bootstrap::x86::apiset::fp_raw_snapshot_and_resumed_scalar ... ok
test crt_exit::arm64::apiset::cpp_guest_unwind_before_terminate ... ok
test crt_exit::arm64::apiset::custom_abort_handler ... ok
test crt_exit::arm64::apiset::cpp_inner_guest_handler ... ok
test crt_bootstrap::x86::apiset::private_isa_instrumentation_control ... ok
test crt_bootstrap::x86::ucrtbase::fp_raw_snapshot_and_resumed_scalar ... ok
test crt_exit::arm64::apiset::default_term_signal ... ok
test crt_exit::arm64::apiset::duplicate_tls_custom_terminate ... ok
test crt_bootstrap::x64::ucrtbase::fp_raw_snapshot_and_resumed_scalar ... ok
test crt_bootstrap::x64::ucrtbase::private_isa_instrumentation_control ... ok
test crt_exit::arm64::apiset::duplicate_tls_default_fastfail ... ok
test crt_bootstrap::x64::apiset::private_isa_instrumentation_control ... ok
test crt_exit::arm64::apiset::escaping_cpp_filter ... ok
test crt_exit::arm64::apiset::escaping_terminate_handler ... ok
test crt_exit::arm64::apiset::escaping_other_outer_search ... ok
test crt_exit::arm64::apiset::ignored_abort_still_exits ... ok
test crt_exit::arm64::apiset::full_exit ... ok
test crt_exit::arm64::apiset::minimal_capital_exit ... ok
test crt_exit::arm64::apiset::minimal_exit ... ok
test crt_exit::arm64::apiset::minimal_returning_cleanup ... ok
test crt_exit::arm64::apiset::raw_forced_exit ... ok
test crt_exit::arm64::apiset::quick_exit ... ok
test crt_exit::arm64::apiset::raw_normal_exit ... ok
test crt_exit::arm64::apiset::repeat_returning_cleanup ... ok
test crt_bootstrap::x86::ucrtbase::private_isa_instrumentation_control ... ok
test crt_exit::arm64::apiset::terminate_inner_guest_handler ... ok
test crt_exit::arm64::ucrtbase::custom_abort_handler ... ok
test crt_exit::arm64::apiset::returning_terminate_handler ... ok
test crt_exit::arm64::ucrtbase::cpp_inner_guest_handler ... ok
test crt_exit::arm64::apiset::software_signal_roundtrip ... ok
test crt_exit::arm64::ucrtbase::cpp_guest_unwind_before_terminate ... ok
test crt_exit::arm64::ucrtbase::default_term_signal ... ok
test crt_exit::arm64::ucrtbase::duplicate_tls_default_fastfail ... ok
test crt_exit::arm64::ucrtbase::duplicate_tls_custom_terminate ... ok
test crt_exit::arm64::ucrtbase::escaping_terminate_handler ... ok
test crt_exit::arm64::ucrtbase::minimal_capital_exit ... ok
test crt_exit::arm64::ucrtbase::escaping_other_outer_search ... ok
test crt_exit::arm64::ucrtbase::ignored_abort_still_exits ... ok
test crt_exit::arm64::ucrtbase::escaping_cpp_filter ... ok
test crt_exit::arm64::ucrtbase::minimal_exit ... ok
test crt_exit::arm64::ucrtbase::full_exit ... ok
test crt_exit::arm64::ucrtbase::minimal_returning_cleanup ... ok
test crt_exit::arm64::ucrtbase::raw_forced_exit ... ok
test crt_exit::arm64::ucrtbase::quick_exit ... ok
test crt_exit::arm64::ucrtbase::raw_normal_exit ... ok
test crt_exit::arm64::ucrtbase::repeat_returning_cleanup ... ok
test crt_exit::arm64::ucrtbase::returning_terminate_handler ... ok
test crt_exit::compiled_exit_corpus_imports_contract_matrix_and_baseline_are_exact ... ok
test crt_exit::x64::apiset::cpp_guest_unwind_before_terminate ... ok
test crt_exit::arm64::ucrtbase::software_signal_roundtrip ... ok
test crt_exit::x64::apiset::cpp_inner_guest_handler ... ok
test crt_exit::arm64::ucrtbase::terminate_inner_guest_handler ... ok
test crt_exit::x64::apiset::custom_abort_handler ... ok
test crt_exit::x64::apiset::default_term_signal ... ok
test crt_exit::x64::apiset::duplicate_tls_custom_terminate ... ok
test crt_exit::x64::apiset::escaping_cpp_filter ... ok
test crt_exit::x64::apiset::escaping_other_outer_search ... ok
test crt_exit::x64::apiset::duplicate_tls_default_fastfail ... ok
test crt_exit::x64::apiset::ignored_abort_still_exits ... ok
test crt_exit::x64::apiset::minimal_capital_exit ... ok
test crt_exit::x64::apiset::full_exit ... ok
test crt_exit::x64::apiset::minimal_exit ... ok
test crt_exit::x64::apiset::escaping_terminate_handler ... ok
test crt_exit::x64::apiset::minimal_returning_cleanup ... ok
test crt_exit::x64::apiset::quick_exit ... ok
test crt_exit::x64::apiset::raw_forced_exit ... ok
test crt_exit::x64::apiset::returning_terminate_handler ... ok
test crt_exit::x64::apiset::raw_normal_exit ... ok
test crt_exit::x64::apiset::repeat_returning_cleanup ... ok
test crt_exit::x64::apiset::terminate_inner_guest_handler ... ok
test crt_exit::x64::ucrtbase::cpp_guest_unwind_before_terminate ... ok
test crt_exit::x64::apiset::software_signal_roundtrip ... ok
test crt_exit::x64::ucrtbase::custom_abort_handler ... ok
test crt_exit::x64::ucrtbase::cpp_inner_guest_handler ... ok
test crt_exit::x64::ucrtbase::duplicate_tls_custom_terminate ... ok
test crt_exit::x64::ucrtbase::default_term_signal ... ok
test crt_exit::x64::ucrtbase::escaping_cpp_filter ... ok
test crt_exit::x64::ucrtbase::duplicate_tls_default_fastfail ... ok
test crt_exit::x64::ucrtbase::escaping_other_outer_search ... ok
test crt_exit::x64::ucrtbase::escaping_terminate_handler ... ok
test crt_exit::x64::ucrtbase::minimal_exit ... ok
test crt_exit::x64::ucrtbase::ignored_abort_still_exits ... ok
test crt_exit::x64::ucrtbase::full_exit ... ok
test crt_exit::x64::ucrtbase::raw_forced_exit ... ok
test crt_exit::x64::ucrtbase::minimal_capital_exit ... ok
test crt_exit::x64::ucrtbase::minimal_returning_cleanup ... ok
test crt_exit::x64::ucrtbase::raw_normal_exit ... ok
test crt_exit::x64::ucrtbase::quick_exit ... ok
test crt_exit::x64::ucrtbase::repeat_returning_cleanup ... ok
test crt_exit::x86::apiset::custom_abort_handler ... ok
test crt_exit::x86::apiset::default_term_signal ... ok
test crt_exit::x64::ucrtbase::software_signal_roundtrip ... ok
test crt_exit::x64::ucrtbase::returning_terminate_handler ... ok
test crt_exit::x86::apiset::duplicate_tls_custom_terminate ... ok
test crt_exit::x86::apiset::duplicate_tls_default_fastfail ... ok
test crt_exit::x86::apiset::cpp_inner_guest_handler ... ok
test crt_exit::x64::ucrtbase::terminate_inner_guest_handler ... ok
test crt_exit::x86::apiset::cpp_guest_unwind_before_terminate ... ok
test crt_exit::x86::apiset::escaping_cpp_filter ... ok
test crt_exit::x86::apiset::escaping_other_outer_search ... ok
test crt_exit::x86::apiset::ignored_abort_still_exits ... ok
test crt_exit::x86::apiset::raw_forced_exit ... ok
test crt_exit::x86::apiset::minimal_exit ... ok
test crt_exit::x86::apiset::full_exit ... ok
test crt_exit::x86::apiset::escaping_terminate_handler ... ok
test crt_exit::x86::apiset::quick_exit ... ok
test crt_exit::x86::apiset::minimal_capital_exit ... ok
test crt_exit::x86::apiset::minimal_returning_cleanup ... ok
test crt_exit::x86::apiset::raw_normal_exit ... ok
test crt_exit::x86::apiset::returning_terminate_handler ... ok
test crt_exit::x86::apiset::repeat_returning_cleanup ... ok
test crt_exit::x86::ucrtbase::cpp_guest_unwind_before_terminate ... ok
test crt_exit::x86::apiset::software_signal_roundtrip ... ok
test crt_exit::x86::ucrtbase::default_term_signal ... ok
test crt_exit::x86::apiset::terminate_inner_guest_handler ... ok
test crt_exit::x86::ucrtbase::duplicate_tls_custom_terminate ... ok
test crt_exit::x86::ucrtbase::custom_abort_handler ... ok
test crt_exit::x86::ucrtbase::cpp_inner_guest_handler ... ok
test crt_exit::x86::ucrtbase::duplicate_tls_default_fastfail ... ok
test crt_exit::x86::ucrtbase::escaping_cpp_filter ... ok
test crt_exit::x86::ucrtbase::escaping_other_outer_search ... ok
test crt_exit::x86::ucrtbase::escaping_terminate_handler ... ok
test crt_exit::x86::ucrtbase::full_exit ... ok
test crt_exit::x86::ucrtbase::ignored_abort_still_exits ... ok
test crt_exit::x86::ucrtbase::minimal_exit ... ok
test crt_exit::x86::ucrtbase::minimal_capital_exit ... ok
test crt_exit::x86::ucrtbase::minimal_returning_cleanup ... ok
test crt_exit::x86::ucrtbase::raw_forced_exit ... ok
test crt_exit::x86::ucrtbase::quick_exit ... ok
test crt_exit::x86::ucrtbase::returning_terminate_handler ... ok
test crt_exit::x86::ucrtbase::raw_normal_exit ... ok
test crt_init::arm64_apiset_callback_terminates_without_resume ... ok
test crt_init::arm64_apiset_noaccess_guard_slot_repair_once ... ok
test crt_exit::x86::ucrtbase::software_signal_roundtrip ... ok
test crt_exit::x86::ucrtbase::repeat_returning_cleanup ... ok
test crt_exit::x86::ucrtbase::terminate_inner_guest_handler ... ok
test crt_init::arm64_apiset_first_positive_negative_error_and_success ... ok
test crt_init::arm64_msvcrt_callback_terminates_without_resume ... ok
test crt_init::constructor_fixture_sources_tables_iats_and_matrix_are_verified ... ok
test crt_init::constructor_retained_primary_semantics_and_abi_provenance_are_verified ... ok
test crt_init::arm64_msvcrt_noaccess_guard_slot_repair_once ... ok
test crt_init::arm64_ucrt_callback_terminates_without_resume ... ok
test crt_init::arm64_ucrt_first_positive_negative_error_and_success ... ok
test crt_init::arm64_ucrt_noaccess_guard_slot_repair_once ... ok
test crt_init::arm64_msvcrt_first_positive_negative_error_and_success ... ok
test crt_init::arm64_apiset_order_null_nested_mutation_cdecl ... ok
test crt_init::x64_apiset_callback_terminates_without_resume ... ok
test crt_init::x64_apiset_first_positive_negative_error_and_success ... ok
test crt_init::x64_msvcrt_callback_terminates_without_resume ... ok
test crt_init::arm64_msvcrt_order_null_nested_mutation_cdecl ... ok
test crt_init::x64_apiset_noaccess_guard_slot_repair_once ... ok
test crt_init::x64_ucrt_callback_terminates_without_resume ... ok
test crt_init::x64_msvcrt_noaccess_guard_slot_repair_once ... ok
test crt_init::x64_ucrt_first_positive_negative_error_and_success ... ok
test crt_init::arm64_ucrt_order_null_nested_mutation_cdecl ... ok
test crt_init::x64_apiset_order_null_nested_mutation_cdecl ... ok
test crt_init::x64_ucrt_noaccess_guard_slot_repair_once ... ok
test crt_init::x86_apiset_callback_terminates_without_resume ... ok
test crt_init::x64_msvcrt_order_null_nested_mutation_cdecl ... ok
test crt_init::x86_apiset_first_positive_negative_error_and_success ... ok
test crt_init::x86_msvcrt_callback_terminates_without_resume ... ok
test crt_init::x86_apiset_noaccess_guard_slot_repair_once ... ok
test crt_init::x86_msvcrt_noaccess_guard_slot_repair_once ... ok
test crt_init::x86_ucrt_callback_terminates_without_resume ... ok
test crt_normal_exit::arm64_main_slice_4096 ... ok
test crt_normal_exit::arm64_main_slice_1 ... ok
test crt_init::x86_ucrt_first_positive_negative_error_and_success ... ok
test crt_init::x86_ucrt_noaccess_guard_slot_repair_once ... ok
test crt_normal_exit::arm64_wmain_slice_4096 ... ok
test crt_normal_exit::x64_main_slice_1 ... ok
test crt_init::x86_apiset_order_null_nested_mutation_cdecl ... ok
test crt_normal_exit::x64_main_slice_4096 ... ok
test crt_normal_exit::x64_wmain_slice_4096 ... ok
test crt_normal_exit::arm64_wmain_slice_1 ... ok
test crt_init::x86_msvcrt_order_null_nested_mutation_cdecl ... ok
test crt_normal_exit::x64_wmain_slice_1 ... ok
test crt_normal_exit::x86_main_slice_1 ... ok
test crt_normal_exit::x86_main_slice_4096 ... ok
test crt_normal_exit::x86_wmain_slice_4096 ... ok
test crt_init::x64_ucrt_order_null_nested_mutation_cdecl ... ok
test crt_normal_exit::x86_wmain_slice_1 ... ok
test crt_init::x86_ucrt_order_null_nested_mutation_cdecl ... ok
test crt_onexit::arm64_apiset_pending_slot_access_and_guard_repair ... ok
test crt_onexit::arm64_apiset_explicit_nested_generations ... ok
test crt_onexit::arm64_apiset_terminal_callbacks_and_guest_dll_detach ... ok
test crt_onexit::arm64_apiset_table_ownership_and_lazy_mutation ... ok
test crt_onexit::arm64_ucrt_explicit_nested_generations ... ok
test crt_onexit::arm64_ucrt_pending_slot_access_and_guard_repair ... ok
test crt_onexit::onexit_retained_primary_archive_inputs_are_verified ... ok
test crt_onexit::onexit_source_artifact_binding_and_baseline_receipts_are_verified ... ok
test crt_onexit::arm64_ucrt_terminal_callbacks_and_guest_dll_detach ... ok
test crt_onexit::arm64_ucrt_table_ownership_and_lazy_mutation ... ok
test crt_onexit::x64_apiset_explicit_nested_generations ... ok
test crt_onexit::x64_apiset_pending_slot_access_and_guard_repair ... ok
test crt_onexit::x64_apiset_table_ownership_and_lazy_mutation ... ok
test crt_onexit::x64_apiset_terminal_callbacks_and_guest_dll_detach ... ok
test crt_onexit::x64_ucrt_explicit_nested_generations ... ok
test crt_onexit::x64_ucrt_pending_slot_access_and_guard_repair ... ok
test crt_onexit::x64_ucrt_table_ownership_and_lazy_mutation ... ok
test crt_onexit::x64_ucrt_terminal_callbacks_and_guest_dll_detach ... ok
test crt_onexit::x86_apiset_explicit_nested_generations ... ok
test crt_onexit::x86_apiset_pending_slot_access_and_guard_repair ... ok
test crt_onexit::x64_apiset_table_lifo_null_reuse_and_growth ... ok
test crt_bootstrap::arm64::apiset::exposed_saved_context ... ok
test crt_onexit::x86_apiset_table_ownership_and_lazy_mutation ... ok
test crt_onexit::x64_ucrt_table_lifo_null_reuse_and_growth ... ok
test crt_onexit::x86_apiset_terminal_callbacks_and_guest_dll_detach ... ok
test crt_bootstrap::arm64::ucrtbase::exposed_saved_context ... ok
test crt_onexit::x86_ucrt_explicit_nested_generations ... ok
test crt_onexit::x86_ucrt_pending_slot_access_and_guard_repair ... ok
test crt_onexit::x86_ucrt_table_ownership_and_lazy_mutation ... ok
test crt_onexit::arm64_apiset_table_lifo_null_reuse_and_growth ... ok
test crt_onexit::x86_apiset_table_lifo_null_reuse_and_growth ... ok
test crt_onexit::x86_ucrt_terminal_callbacks_and_guest_dll_detach ... ok
test crt_onexit::arm64_ucrt_table_lifo_null_reuse_and_growth ... ok
test crt_startup::arm64_apiset_configure_modes_idempotence_invalid_callback ... ok
test crt_startup::arm64_apiset_newmode_and_actual_wrapper ... ok
test crt_startup::arm64_legacy_universal_runtime_isolation ... ok
test crt_startup::arm64_msvcrt_newmode_getter_without_missing_query ... ok
test crt_startup::arm64_apiset_current_initial_environment_and_empty ... ok
test crt_startup::arm64_apiset_unexpanded_expanded_wildcards ... ok
test crt_bootstrap::x86::apiset::exposed_saved_context ... ok
test crt_startup::arm64_ucrt_configure_modes_idempotence_invalid_callback ... ok
test crt_startup::arm64_msvcrt_shared_environment_and_empty ... ok
test crt_startup::arm64_msvcrt_unexpanded_expanded_wildcards ... ok
test crt_startup::arm64_ucrt_newmode_and_actual_wrapper ... ok
test crt_startup::arm64_msvcrt_raw_quotes_cp1252_data_and_idempotence ... ok
test crt_startup::startup_fixture_sources_iats_and_baseline_are_verified ... ok
test crt_bootstrap::x86::ucrtbase::exposed_saved_context ... ok
test crt_bootstrap::x64::apiset::exposed_saved_context ... ok
test crt_startup::arm64_ucrt_current_initial_environment_and_empty ... ok
test crt_startup::arm64_apiset_raw_quotes_cp1252_static_wrapper ... ok
test crt_startup::startup_retained_primary_sources_are_verified ... ok
test crt_startup::x64_apiset_newmode_and_actual_wrapper ... ok
test crt_startup::arm64_ucrt_unexpanded_expanded_wildcards ... ok
test crt_startup::x64_apiset_configure_modes_idempotence_invalid_callback ... ok
test crt_startup::x64_legacy_universal_runtime_isolation ... ok
test crt_startup::x64_msvcrt_newmode_getter_and_decorated_query ... ok
test crt_startup::x64_apiset_current_initial_environment_and_empty ... ok
test crt_startup::x64_ucrt_configure_modes_idempotence_invalid_callback ... ok
test crt_startup::x64_apiset_unexpanded_expanded_wildcards ... ok
test crt_startup::x64_msvcrt_current_initial_environment_and_empty ... ok
test crt_startup::x64_ucrt_newmode_and_actual_wrapper ... ok
test crt_startup::x64_msvcrt_unexpanded_expanded_wildcards ... ok
test crt_startup::arm64_ucrt_raw_quotes_cp1252_static_wrapper ... ok
test crt_startup::x86_apiset_configure_modes_idempotence_invalid_callback ... ok
test crt_startup::x64_ucrt_current_initial_environment_and_empty ... ok
test crt_bootstrap::x64::ucrtbase::exposed_saved_context ... ok
test crt_startup::x86_apiset_newmode_and_actual_wrapper ... ok
test crt_startup::x64_ucrt_unexpanded_expanded_wildcards ... ok
test crt_startup::x86_legacy_universal_runtime_isolation ... ok
test crt_startup::x64_msvcrt_raw_quotes_cp1252_data_and_idempotence ... ok
test crt_startup::x86_msvcrt_newmode_getter_and_decorated_query ... ok
test crt_startup::x64_apiset_raw_quotes_cp1252_static_wrapper ... ok
test crt_startup::x86_apiset_current_initial_environment_and_empty ... ok
test crt_startup::x86_apiset_unexpanded_expanded_wildcards ... ok
test crt_startup::x86_msvcrt_current_initial_environment_and_empty ... ok
test crt_startup::x86_ucrt_newmode_and_actual_wrapper ... ok
test crt_startup::x86_ucrt_configure_modes_idempotence_invalid_callback ... ok
test crt_startup::x86_msvcrt_unexpanded_expanded_wildcards ... ok
test crt_stdio::arm64_apiset_descriptor_and_handle_ownership ... ok
test crt_stdio::arm64_apiset_binary_items_eof_and_buffer_ownership ... ok
test crt_startup::x64_ucrt_raw_quotes_cp1252_static_wrapper ... ok
test crt_startup::x86_ucrt_current_initial_environment_and_empty ... ok
test crt_stdio::arm64_apiset_returning_invalid_handler_errors ... ok
test crt_stdio::arm64_apiset_line_full_flush_all_and_close ... ok
test crt_stdio::arm64_apiset_standard_streams_and_mode_cells ... ok
test crt_startup::x86_ucrt_unexpanded_expanded_wildcards ... ok
test crt_stdio::arm64_msvcrt_binary_items_eof_and_buffer_ownership ... ok
test crt_stdio::arm64_msvcrt_descriptor_and_handle_ownership ... ok
test crt_stdio::arm64_msvcrt_line_full_flush_all_and_close ... ok
test crt_startup::x86_apiset_raw_quotes_cp1252_static_wrapper ... ok
test crt_stdio::arm64_msvcrt_standard_streams_and_mode_cells ... ok
test crt_startup::x86_msvcrt_raw_quotes_cp1252_data_and_idempotence ... ok
test crt_stdio::arm64_ucrt_binary_items_eof_and_buffer_ownership ... ok
test crt_stdio::arm64_ucrt_descriptor_and_handle_ownership ... ok
test crt_stdio::arm64_ucrt_line_full_flush_all_and_close ... ok
test crt_onexit::x86_ucrt_table_lifo_null_reuse_and_growth ... ok
test crt_stdio::arm64_ucrt_standard_streams_and_mode_cells ... ok
test crt_stdio::arm64_ucrt_returning_invalid_handler_errors ... ok
test crt_stdio::stdio_retained_primary_and_producer_inputs_are_verified ... ok
test crt_stdio::stdio_source_artifact_binding_and_baseline_receipts_are_verified ... ok
test crt_stdio::x64_apiset_binary_items_eof_and_buffer_ownership ... ok
test crt_stdio::arm64_apiset_text_binary_and_default_mode ... ok
test crt_stdio::x64_apiset_descriptor_and_handle_ownership ... ok
test crt_stdio::x64_apiset_line_full_flush_all_and_close ... ok
test crt_startup::x86_ucrt_raw_quotes_cp1252_static_wrapper ... ok
test crt_stdio::x64_apiset_returning_invalid_handler_errors ... ok
test crt_stdio::x64_apiset_standard_streams_and_mode_cells ... ok
test crt_stdio::arm64_msvcrt_text_binary_and_default_mode ... ok
test crt_stdio::x64_msvcrt_binary_items_eof_and_buffer_ownership ... ok
test crt_stdio::x64_msvcrt_descriptor_and_handle_ownership ... ok
test crt_stdio::x64_msvcrt_line_full_flush_all_and_close ... ok
test crt_stdio::x64_msvcrt_standard_streams_and_mode_cells ... ok
test crt_stdio::x64_ucrt_descriptor_and_handle_ownership ... ok
test crt_stdio::x64_ucrt_binary_items_eof_and_buffer_ownership ... ok
test crt_stdio::arm64_ucrt_text_binary_and_default_mode ... ok
test crt_stdio::x64_ucrt_line_full_flush_all_and_close ... ok
test crt_stdio::x64_ucrt_returning_invalid_handler_errors ... ok
test crt_stdio::x64_ucrt_standard_streams_and_mode_cells ... ok
test crt_stdio::x86_apiset_binary_items_eof_and_buffer_ownership ... ok
test crt_stdio::x64_apiset_text_binary_and_default_mode ... ok
test crt_stdio::x64_msvcrt_text_binary_and_default_mode ... ok
test crt_stdio::x86_apiset_descriptor_and_handle_ownership ... ok
test crt_stdio::x86_apiset_returning_invalid_handler_errors ... ok
test crt_stdio::x86_apiset_line_full_flush_all_and_close ... ok
test crt_onexit::arm64_apiset_first_buffer_and_growth_oom_atomicity ... ok
test crt_onexit::arm64_ucrt_first_buffer_and_growth_oom_atomicity ... ok
test crt_stdio::x86_apiset_standard_streams_and_mode_cells ... ok
test crt_stdio::x86_msvcrt_binary_items_eof_and_buffer_ownership ... ok
test crt_stdio::x86_msvcrt_descriptor_and_handle_ownership ... ok
test crt_stdio::x86_msvcrt_line_full_flush_all_and_close ... ok
test crt_stdio::arm64_apiset_fault_repair_preserves_progress_and_formals ... ok
test crt_stdio::x86_msvcrt_standard_streams_and_mode_cells ... ok
test crt_stdio::x64_ucrt_text_binary_and_default_mode ... ok
test crt_stdio::arm64_msvcrt_fault_repair_preserves_progress_and_formals ... ok
test crt_stdio::x86_ucrt_binary_items_eof_and_buffer_ownership ... ok
test crt_stdio::x86_ucrt_descriptor_and_handle_ownership ... ok
test crt_stdio::x86_ucrt_line_full_flush_all_and_close ... ok
test crt_stdio::x86_ucrt_returning_invalid_handler_errors ... ok
test crt_stdio::x86_ucrt_standard_streams_and_mode_cells ... ok
test crt_stdio::arm64_ucrt_fault_repair_preserves_progress_and_formals ... ok
test crt_stdio::x86_apiset_text_binary_and_default_mode ... ok
test crt_termination::arm64_apiset_null ... ok
test crt_stdio::x64_apiset_fault_repair_preserves_progress_and_formals ... ok
test crt_termination::arm64_apiset_concurrent ... ok
test crt_termination::arm64_apiset_growth65 ... ok
test crt_termination::arm64_apiset_recursive ... ok
test crt_stdio::x86_msvcrt_text_binary_and_default_mode ... ok
test crt_termination::arm64_ucrt_null ... ok
test crt_termination::arm64_ucrt_growth65 ... ok
test crt_stdio::x64_msvcrt_fault_repair_preserves_progress_and_formals ... ok
test crt_termination::arm64_ucrt_concurrent ... ok
test crt_termination::source_artifact_binding_matrix_and_baseline_receipts_are_verified ... ok
test crt_termination::arm64_ucrt_recursive ... ok
test crt_termination::x64_apiset_null ... ok
test crt_stdio::x86_ucrt_text_binary_and_default_mode ... ok
test crt_termination::x64_apiset_recursive ... ok
test crt_onexit::x64_apiset_first_buffer_and_growth_oom_atomicity ... ok
test crt_termination::x64_apiset_growth65 ... ok
test crt_termination::x64_apiset_concurrent ... ok
test crt_termination::x64_ucrt_null ... ok
test crt_termination::x64_ucrt_recursive ... ok
test crt_onexit::x64_ucrt_first_buffer_and_growth_oom_atomicity ... ok
test crt_stdio::x64_ucrt_fault_repair_preserves_progress_and_formals ... ok
test crt_termination::x64_ucrt_concurrent ... ok
test crt_termination::x64_ucrt_growth65 ... ok
test crt_termination::x86_apiset_null ... ok
test crt_termination::x86_apiset_concurrent ... ok
test crt_termination::x86_apiset_recursive ... ok
test crt_termination::x86_apiset_growth65 ... ok
test crt_termination::x86_ucrt_null ... ok
test crt_termination::x86_ucrt_recursive ... ok
test dynamic_unwind_x64::x64_dynamic_unwind_fixture_identity_and_imports ... ok
test exhausted_loader_allocator_returns_an_error_without_host_panic ... ok
test failed_image_commit_releases_its_reservation ... ok
test export_targets_are_bounded_by_their_image_without_rejecting_data_exports ... ok
test crt_stdio::x86_apiset_fault_repair_preserves_progress_and_formals ... ok
test failed_relocation_releases_its_image_reservation ... ok
test failed_native_dll_load_is_not_reused_as_a_successful_partial_module ... ok
test dynamic_unwind_x64::x64_dynamic_table_unwinds_guest_owned_jit_code ... ok
test crt_termination::x86_ucrt_growth65 ... ok
test crt_termination::x86_ucrt_concurrent ... ok
test fibers::arm64_forced_process_exit_does_not_call_fls ... ok
test fibers::arm64_forced_thread_exit_does_not_call_fls ... ok
test fibers::arm64_fiber_nonvolatile_gpr_low64_vector_stack_and_fp ... ok
test fibers::arm64_fls_normal_thread_and_fiber_exit_callbacks ... ok
test fibers::fibers_sources_artifact_hashes_and_public_imports_are_verified ... ok
test fibers::arm64_fiber_conversion_fls_free_and_delete ... ok
test fibers::arm64_normal_process_exit_calls_fls ... ok
test fibers::arm64_synchronized_cross_thread_fiber_migration ... ok
test fibers::arm64_fiber_guard_growth_callback_and_continuation ... ok
test crt_stdio::x86_msvcrt_fault_repair_preserves_progress_and_formals ... ok
test fibers::x64_fiber_conversion_fls_free_and_delete ... ok
test fibers::x64_fls_normal_thread_and_fiber_exit_callbacks ... ok
test fibers::x64_forced_process_exit_does_not_call_fls ... ok
test fibers::x64_fiber_nonvolatile_gpr_xmm_stack_and_fp ... ok
test fibers::x64_forced_thread_exit_does_not_call_fls ... ok
test fibers::x64_normal_process_exit_calls_fls ... ok
test fibers::x64_synchronized_cross_thread_fiber_migration ... ok
test fibers::x86_fiber_stdcall_registers_stack_and_fp_flag ... ok
test fibers::x86_forced_process_exit_does_not_call_fls ... ok
test fibers::x64_fiber_guard_growth_callback_and_continuation ... ok
test fibers::x86_fls_normal_thread_and_fiber_exit_callbacks ... ok
test fixture_hashes_and_import_provenance ... ok
test fibers::x86_fiber_conversion_fls_free_and_delete ... ok
test crt_stdio::x86_ucrt_fault_repair_preserves_progress_and_formals ... ok
test fibers::x86_normal_process_exit_calls_fls ... ok
test hostile_stack_sizes_and_small_arenas_fail_without_panicking ... ok
test iat_slots_cannot_write_another_guest_allocation ... ok
test fibers::x86_forced_thread_exit_does_not_call_fls ... ok
test fibers::x86_synchronized_cross_thread_fiber_migration ... ok
test crt_onexit::x86_apiset_first_buffer_and_growth_oom_atomicity ... ok
test fibers::x86_fiber_guard_growth_callback_and_continuation ... ok
test lifecycle::compiled_static_tls_templates_are_installed_before_guest_startup ... ok
test lifecycle::lifecycle_sources_artifact_hashes_and_graph_are_verified ... ok
test freestanding_arm64_windows_process_and_memory ... ok
test freestanding_x64_windows_process_and_memory ... ok
test freestanding_x86_windows_process_and_memory ... ok
test lifecycle::arm64_missing_forwarder_export_rolls_back_fresh_target ... ok
test loader_names_cannot_truncate_their_unicode_string_lengths ... ok
test malformed_and_unsupported_process_images_are_rejected ... ok
test lifecycle::arm64_compiled_dll_static_startup_and_process_detach ... ok
test malformed_present_load_configuration_is_rejected ... ok
test mandatory_loader_peb_write_failure_is_reported ... ok
test lifecycle::x64_missing_forwarder_export_rolls_back_fresh_target ... ok
test malformed_present_tls_is_rejected_before_thread_start ... ok
test seh_x86_unwind::rtl_unwind_fixture_provenance ... ok
test lifecycle::x64_compiled_dll_static_startup_and_process_detach ... ok
test service_fixture_sources_hashes_and_single_import_dll_are_verified ... ok
test sha256::sha256_matches_fips_180_4_examples ... ok
test retained_crt_primary_contracts_and_auxiliary_hashes_are_verified ... ok
test slist::slist_source_tool_artifact_and_public_import_provenance ... ok
test seh_x86_unwind::rtl_unwind_inner_cleanup_and_target_continuation ... ok
test lifecycle::x86_compiled_dll_static_startup_and_process_detach ... ok
test lifecycle::x86_missing_forwarder_export_rolls_back_fresh_target ... ok
test unsupported_or_reserved_tls_alignment_is_not_silently_ignored ... ok
test retained_service_primary_sources_match_their_provenance_hashes ... ok
test crt_termination::arm64_apiset_growth1057 ... ok
test vch::vch_source_tool_artifact_and_public_import_provenance ... ok
test vch::arm64_public_vectored_continue_registration_removal ... ok
test crt_termination::arm64_ucrt_growth1057 ... ok
test supplied_image_bytes_are_not_reread_from_the_executable_path ... ok
test x86_allocation_ceiling_depends_on_large_address_aware_flag ... ok
test vch::x86_public_vectored_continue_registration_removal ... ok
test vch::x64_public_vectored_continue_registration_removal ... ok
test x64_guest_threads_locks_apcs_and_files ... ok
test x86_guest_threads_locks_apcs_and_files ... ok
test valid_empty_tls_and_default_security_cookie_are_initialized ... ok
test crt_termination::x64_apiset_growth1057 ... ok
test crt_termination::x64_ucrt_growth1057 ... ok
test crt_termination::x86_apiset_growth1057 ... ok
test crt_termination::x86_ucrt_growth1057 ... ok
test crt_onexit::x86_ucrt_first_buffer_and_growth_oom_atomicity ... ok
test lifecycle::x86_dynamic_native_dll_lifecycle ... ok
test lifecycle::arm64_dynamic_native_dll_lifecycle ... ok
test slist::arm64_public_slist_feature_and_time_imports ... ok
test lifecycle::x64_dynamic_native_dll_lifecycle ... ok
test slist::x64_public_slist_feature_and_time_imports ... ok
test slist::x86_public_slist_feature_and_time_imports ... ok

test result: ok. 544 passed; 0 failed; 0 ignored; 0 measured; 0 filtered out; finished in 6.06s

     Running tests/suites/user/windows_memory.rs (target/debug/deps/user_windows_memory-b42af1fd5618e784)

running 0 tests

test result: ok. 0 passed; 0 failed; 0 ignored; 0 measured; 0 filtered out; finished in 0.00s

