**********************************************************************
** Visual Studio 2026 Developer PowerShell v18.7.1
** Copyright (c) 2026 Microsoft Corporation
**********************************************************************
pointer=4 main=01000000
alias role=0 class=0 status=00000000 exception=00000000 guards=00 output=00000001000000018000000000100000001000000200000000000001A5A5A5A5A5A5A5A5A5A5A5A5A5A5A5A5A5A5A5A5A5A5A5A5A5A5A5A5A5A5A5A5A5A5A5A5 returned=A5A5A5A5A5A5A5A5A5A5A5A5A5A5A5A5
alias role=1 class=0 status=00000000 exception=00000000 guards=00 output=00000001000000018000000000100000001000000200000000000001A5A5A5A5A5A5A5A5A5A5A5A5A5A5A5A5A5A5A5A5A5A5A5A5A5A5A5A5A5A5A5A5A5A5A5A5 returned=00000001000000018000000000100000
alias role=2 class=0 status=80000001 exception=00000000 guards=00 output=A5A5A5A5A5A5A5A5A5A5A5A5A5A5A5A5A5A5A5A5A5A5A5A5A5A5A5A5A5A5A5A5A5A5A5A5A5A5A5A5A5A5A5A5A5A5A5A5A5A5A5A5A5A5A5A5A5A5A5A5A5A5A5A5 returned=A5A5A5A5A5A5A5A5A5A5A5A5A5A5A5A5
alias role=3 class=0 status=80000001 exception=00000000 guards=00 output=A5A5A5A5A5A5A5A5A5A5A5A5A5A5A5A5A5A5A5A5A5A5A5A5A5A5A5A5A5A5A5A5A5A5A5A5A5A5A5A5A5A5A5A5A5A5A5A5A5A5A5A5A5A5A5A5A5A5A5A5A5A5A5A5 returned=A5A5A5A5A5A5A5A5A5A5A5A5A5A5A5A5
alias role=4 class=0 status=80000001 exception=00000000 guards=00 output=A5A5A5A5A5A5A5A5A5A5A5A5A5A5A5A5A5A5A5A5A5A5A5A5A5A5A5A5A5A5A5A5A5A5A5A5A5A5A5A5A5A5A5A5A5A5A5A5A5A5A5A5A5A5A5A5A5A5A5A5A5A5A5A5 returned=
alias role=5 class=0 status=C0000008 exception=00000000 guards=00 output=A5A5A5A5A5A5A5A5A5A5A5A5A5A5A5A5A5A5A5A5A5A5A5A5A5A5A5A5A5A5A5A5A5A5A5A5A5A5A5A5A5A5A5A5A5A5A5A5A5A5A5A5A5A5A5A5A5A5A5A5A5A5A5A5 returned=A5A5A5A5A5A5A5A5A5A5A5A5A5A5A5A5
alias role=6 class=0 status=00000000 exception=00000000 guards=00 output=00000000000000000000000000009600000001000100000000000000A5A5A5A5A5A5A5A5A5A5A5A5A5A5A5A5A5A5A5A5A5A5A5A5A5A5A5A5A5A5A5A5A5A5A5A5 returned=A5A5A5A5A5A5A5A5A5A5A5A5A5A5A5A5
alias role=7 class=0 status=C0000004 exception=00000000 guards=00 output=A5A5A5A5A5A5A5A5A5A5A5A5A5A5A5A5A5A5A5A5A5A5A5A5A5A5A5A5A5A5A5A5A5A5A5A5A5A5A5A5A5A5A5A5A5A5A5A5A5A5A5A5A5A5A5A5A5A5A5A5A5A5A5A5 returned=A5A5A5A5A5A5A5A5A5A5A5A5A5A5A5A5
alias role=8 class=0 status=00000000 exception=00000000 guards=00 output=00000001000000018000000000100000001000000200000000000001A5A5A5A5A5A5A5A5A5A5A5A5A5A5A5A5A5A5A5A5A5A5A5A5A5A5A5A5A5A5A5A5A5A5A5A5 returned=A5A5A5A5A5A5A5A5A5A5A5A5A5A5A5A5
alias role=9 class=0 status=00000000 exception=00000000 guards=00 output=00000001000000018000000000100000001000000200000000000001A5A5A5A5A5A5A5A5A5A5A5A5A5A5A5A5A5A5A5A5A5A5A5A5A5A5A5A5A5A5A5A5A5A5A5A5 returned=A5A5A5A5A5A5A5A5A5A5A5A5A5A5A5A5
alias role=10 class=0 status=80000001 exception=00000000 guards=00 output=A5A5A5A5A5A5A5A5A5A5A5A5A5A5A5A5A5A5A5A5A5A5A5A5A5A5A5A5A5A5A5A5A5A5A5A5A5A5A5A5A5A5A5A5A5A5A5A5A5A5A5A5A5A5A5A5A5A5A5A5A5A5A5A5 returned=A5A5A5A5A5A5A5A5A5A5A5A5A5A5A5A5
alias role=11 class=0 status=00000000 exception=00000000 guards=00 output=00000001000000018000000000100000001000000200000000000001A5A5A5A5A5A5A5A5A5A5A5A5A5A5A5A5A5A5A5A5A5A5A5A5A5A5A5A5A5A5A5A5A5A5A5A5 returned=A5A5A5A5A5A5A5A5A5A5A5A5A5A5A5A5
alias role=0 class=6 status=00000000 exception=00000000 guards=00 output=000000010000020000000000A5A5A5A5A5A5A5A5A5A5A5A5A5A5A5A5A5A5A5A5A5A5A5A5A5A5A5A5A5A5A5A5A5A5A5A5A5A5A5A5A5A5A5A5A5A5A5A5A5A5A5A5 returned=A5A5A5A5A5A5A5A5A5A5A5A5A5A5A5A5
alias role=1 class=6 status=00000000 exception=00000000 guards=00 output=000000010000020000000000A5A5A5A5A5A5A5A5A5A5A5A5A5A5A5A5A5A5A5A5A5A5A5A5A5A5A5A5A5A5A5A5A5A5A5A5A5A5A5A5A5A5A5A5A5A5A5A5A5A5A5A5 returned=000000010000020000000000A5A5A5A5
alias role=2 class=6 status=80000001 exception=00000000 guards=00 output=A5A5A5A5A5A5A5A5A5A5A5A5A5A5A5A5A5A5A5A5A5A5A5A5A5A5A5A5A5A5A5A5A5A5A5A5A5A5A5A5A5A5A5A5A5A5A5A5A5A5A5A5A5A5A5A5A5A5A5A5A5A5A5A5 returned=A5A5A5A5A5A5A5A5A5A5A5A5A5A5A5A5
alias role=3 class=6 status=80000001 exception=00000000 guards=00 output=A5A5A5A5A5A5A5A5A5A5A5A5A5A5A5A5A5A5A5A5A5A5A5A5A5A5A5A5A5A5A5A5A5A5A5A5A5A5A5A5A5A5A5A5A5A5A5A5A5A5A5A5A5A5A5A5A5A5A5A5A5A5A5A5 returned=A5A5A5A5A5A5A5A5A5A5A5A5A5A5A5A5
alias role=4 class=6 status=80000001 exception=00000000 guards=00 output=A5A5A5A5A5A5A5A5A5A5A5A5A5A5A5A5A5A5A5A5A5A5A5A5A5A5A5A5A5A5A5A5A5A5A5A5A5A5A5A5A5A5A5A5A5A5A5A5A5A5A5A5A5A5A5A5A5A5A5A5A5A5A5A5 returned=
alias role=5 class=6 status=C0000008 exception=00000000 guards=00 output=A5A5A5A5A5A5A5A5A5A5A5A5A5A5A5A5A5A5A5A5A5A5A5A5A5A5A5A5A5A5A5A5A5A5A5A5A5A5A5A5A5A5A5A5A5A5A5A5A5A5A5A5A5A5A5A5A5A5A5A5A5A5A5A5 returned=A5A5A5A5A5A5A5A5A5A5A5A5A5A5A5A5
alias role=6 class=6 status=C0000141 exception=00000000 guards=00 output=A5A5A5A5A5A5A5A5A5A5A5A5A5A5A5A5A5A5A5A5A5A5A5A5A5A5A5A5A5A5A5A5A5A5A5A5A5A5A5A5A5A5A5A5A5A5A5A5A5A5A5A5A5A5A5A5A5A5A5A5A5A5A5A5 returned=A5A5A5A5A5A5A5A5A5A5A5A5A5A5A5A5
alias role=7 class=6 status=C0000004 exception=00000000 guards=00 output=A5A5A5A5A5A5A5A5A5A5A5A5A5A5A5A5A5A5A5A5A5A5A5A5A5A5A5A5A5A5A5A5A5A5A5A5A5A5A5A5A5A5A5A5A5A5A5A5A5A5A5A5A5A5A5A5A5A5A5A5A5A5A5A5 returned=A5A5A5A5A5A5A5A5A5A5A5A5A5A5A5A5
alias role=8 class=6 status=00000000 exception=00000000 guards=00 output=000000010000020000000000A5A5A5A5A5A5A5A5A5A5A5A5A5A5A5A5A5A5A5A5A5A5A5A5A5A5A5A5A5A5A5A5A5A5A5A5A5A5A5A5A5A5A5A5A5A5A5A5A5A5A5A5 returned=A5A5A5A5A5A5A5A5A5A5A5A5A5A5A5A5
alias role=9 class=6 status=00000000 exception=00000000 guards=00 output=000000010000020000000000A5A5A5A5A5A5A5A5A5A5A5A5A5A5A5A5A5A5A5A5A5A5A5A5A5A5A5A5A5A5A5A5A5A5A5A5A5A5A5A5A5A5A5A5A5A5A5A5A5A5A5A5 returned=A5A5A5A5A5A5A5A5A5A5A5A5A5A5A5A5
alias role=10 class=6 status=80000001 exception=00000000 guards=00 output=A5A5A5A5A5A5A5A5A5A5A5A5A5A5A5A5A5A5A5A5A5A5A5A5A5A5A5A5A5A5A5A5A5A5A5A5A5A5A5A5A5A5A5A5A5A5A5A5A5A5A5A5A5A5A5A5A5A5A5A5A5A5A5A5 returned=A5A5A5A5A5A5A5A5A5A5A5A5A5A5A5A5
alias role=11 class=6 status=00000000 exception=00000000 guards=00 output=000000010000020000000000A5A5A5A5A5A5A5A5A5A5A5A5A5A5A5A5A5A5A5A5A5A5A5A5A5A5A5A5A5A5A5A5A5A5A5A5A5A5A5A5A5A5A5A5A5A5A5A5A5A5A5A5 returned=A5A5A5A5A5A5A5A5A5A5A5A5A5A5A5A5
