**********************************************************************
** Visual Studio 2026 Developer PowerShell v18.7.1
** Copyright (c) 2026 Microsoft Corporation
**********************************************************************
pointer=8 main=00007FF64D490000
alias role=0 class=0 status=80000001 exception=00000000 guards=00 output=A5A5A5A5A5A5A5A5A5A5A5A5A5A5A5A5A5A5A5A5A5A5A5A5A5A5A5A5A5A5A5A5A5A5A5A5A5A5A5A5A5A5A5A5A5A5A5A5A5A5A5A5A5A5A5A5A5A5A5A5A5A5A5A5 returned=A5A5A5A5A5A5A5A5A5A5A5A5A5A5A5A5
alias role=1 class=0 status=80000001 exception=00000000 guards=00 output=A5A5A5A5A5A5A5A5A5A5A5A5A5A5A5A5A5A5A5A5A5A5A5A5A5A5A5A5A5A5A5A5A5A5A5A5A5A5A5A5A5A5A5A5A5A5A5A5A5A5A5A5A5A5A5A5A5A5A5A5A5A5A5A5 returned=A5A5A5A5A5A5A5A5A5A5A5A5A5A5A5A5
alias role=2 class=0 status=80000001 exception=00000000 guards=00 output=A5A5A5A5A5A5A5A5A5A5A5A5A5A5A5A5A5A5A5A5A5A5A5A5A5A5A5A5A5A5A5A5A5A5A5A5A5A5A5A5A5A5A5A5A5A5A5A5A5A5A5A5A5A5A5A5A5A5A5A5A5A5A5A5 returned=A5A5A5A5A5A5A5A5A5A5A5A5A5A5A5A5
alias role=3 class=0 status=80000001 exception=00000000 guards=01 output=A5A5A5A5A5A5A5A5A5A5A5A5A5A5A5A5A5A5A5A5A5A5A5A5A5A5A5A5A5A5A5A5A5A5A5A5A5A5A5A5A5A5A5A5A5A5A5A5A5A5A5A5A5A5A5A5A5A5A5A5A5A5A5A5 returned=A5A5A5A5A5A5A5A5A5A5A5A5A5A5A5A5
alias role=4 class=0 status=80000001 exception=00000000 guards=00 output=A5A5A5A5A5A5A5A5A5A5A5A5A5A5A5A5A5A5A5A5A5A5A5A5A5A5A5A5A5A5A5A5A5A5A5A5A5A5A5A5A5A5A5A5A5A5A5A5A5A5A5A5A5A5A5A5A5A5A5A5A5A5A5A5 returned=
alias role=5 class=0 status=80000001 exception=00000000 guards=00 output=A5A5A5A5A5A5A5A5A5A5A5A5A5A5A5A5A5A5A5A5A5A5A5A5A5A5A5A5A5A5A5A5A5A5A5A5A5A5A5A5A5A5A5A5A5A5A5A5A5A5A5A5A5A5A5A5A5A5A5A5A5A5A5A5 returned=A5A5A5A5A5A5A5A5A5A5A5A5A5A5A5A5
alias role=6 class=0 status=80000001 exception=00000000 guards=00 output=A5A5A5A5A5A5A5A5A5A5A5A5A5A5A5A5A5A5A5A5A5A5A5A5A5A5A5A5A5A5A5A5A5A5A5A5A5A5A5A5A5A5A5A5A5A5A5A5A5A5A5A5A5A5A5A5A5A5A5A5A5A5A5A5 returned=A5A5A5A5A5A5A5A5A5A5A5A5A5A5A5A5
alias role=7 class=0 status=C0000004 exception=00000000 guards=10 output=A5A5A5A5A5A5A5A5A5A5A5A5A5A5A5A5A5A5A5A5A5A5A5A5A5A5A5A5A5A5A5A5A5A5A5A5A5A5A5A5A5A5A5A5A5A5A5A5A5A5A5A5A5A5A5A5A5A5A5A5A5A5A5A5 returned=A5A5A5A5A5A5A5A5A5A5A5A5A5A5A5A5
alias role=8 class=0 status=80000002 exception=00000000 guards=10 output=A5A5A5A5A5A5A5A5A5A5A5A5A5A5A5A5A5A5A5A5A5A5A5A5A5A5A5A5A5A5A5A5A5A5A5A5A5A5A5A5A5A5A5A5A5A5A5A5A5A5A5A5A5A5A5A5A5A5A5A5A5A5A5A5 returned=A5A5A5A5A5A5A5A5A5A5A5A5A5A5A5A5
alias role=9 class=0 status=80000001 exception=00000000 guards=00 output=A5A5A5A5A5A5A5A5A5A5A5A5A5A5A5A5A5A5A5A5A5A5A5A5A5A5A5A5A5A5A5A5A5A5A5A5A5A5A5A5A5A5A5A5A5A5A5A5A5A5A5A5A5A5A5A5A5A5A5A5A5A5A5A5 returned=A5A5A5A5A5A5A5A5A5A5A5A5A5A5A5A5
alias role=10 class=0 status=80000001 exception=00000000 guards=00 output=A5A5A5A5A5A5A5A5A5A5A5A5A5A5A5A5A5A5A5A5A5A5A5A5A5A5A5A5A5A5A5A5A5A5A5A5A5A5A5A5A5A5A5A5A5A5A5A5A5A5A5A5A5A5A5A5A5A5A5A5A5A5A5A5 returned=A5A5A5A5A5A5A5A5A5A5A5A5A5A5A5A5
alias role=11 class=0 status=80000001 exception=00000000 guards=00 output=A5A5A5A5A5A5A5A5A5A5A5A5A5A5A5A5A5A5A5A5A5A5A5A5A5A5A5A5A5A5A5A5A5A5A5A5A5A5A5A5A5A5A5A5A5A5A5A5A5A5A5A5A5A5A5A5A5A5A5A5A5A5A5A5 returned=A5A5A5A5A5A5A5A5A5A5A5A5A5A5A5A5
alias role=0 class=6 status=80000001 exception=00000000 guards=00 output=A5A5A5A5A5A5A5A5A5A5A5A5A5A5A5A5A5A5A5A5A5A5A5A5A5A5A5A5A5A5A5A5A5A5A5A5A5A5A5A5A5A5A5A5A5A5A5A5A5A5A5A5A5A5A5A5A5A5A5A5A5A5A5A5 returned=A5A5A5A5A5A5A5A5A5A5A5A5A5A5A5A5
alias role=1 class=6 status=80000001 exception=00000000 guards=00 output=A5A5A5A5A5A5A5A5A5A5A5A5A5A5A5A5A5A5A5A5A5A5A5A5A5A5A5A5A5A5A5A5A5A5A5A5A5A5A5A5A5A5A5A5A5A5A5A5A5A5A5A5A5A5A5A5A5A5A5A5A5A5A5A5 returned=A5A5A5A5A5A5A5A5A5A5A5A5A5A5A5A5
alias role=2 class=6 status=80000001 exception=00000000 guards=00 output=A5A5A5A5A5A5A5A5A5A5A5A5A5A5A5A5A5A5A5A5A5A5A5A5A5A5A5A5A5A5A5A5A5A5A5A5A5A5A5A5A5A5A5A5A5A5A5A5A5A5A5A5A5A5A5A5A5A5A5A5A5A5A5A5 returned=A5A5A5A5A5A5A5A5A5A5A5A5A5A5A5A5
alias role=3 class=6 status=80000001 exception=00000000 guards=01 output=A5A5A5A5A5A5A5A5A5A5A5A5A5A5A5A5A5A5A5A5A5A5A5A5A5A5A5A5A5A5A5A5A5A5A5A5A5A5A5A5A5A5A5A5A5A5A5A5A5A5A5A5A5A5A5A5A5A5A5A5A5A5A5A5 returned=A5A5A5A5A5A5A5A5A5A5A5A5A5A5A5A5
alias role=4 class=6 status=80000001 exception=00000000 guards=00 output=A5A5A5A5A5A5A5A5A5A5A5A5A5A5A5A5A5A5A5A5A5A5A5A5A5A5A5A5A5A5A5A5A5A5A5A5A5A5A5A5A5A5A5A5A5A5A5A5A5A5A5A5A5A5A5A5A5A5A5A5A5A5A5A5 returned=
alias role=5 class=6 status=80000001 exception=00000000 guards=00 output=A5A5A5A5A5A5A5A5A5A5A5A5A5A5A5A5A5A5A5A5A5A5A5A5A5A5A5A5A5A5A5A5A5A5A5A5A5A5A5A5A5A5A5A5A5A5A5A5A5A5A5A5A5A5A5A5A5A5A5A5A5A5A5A5 returned=A5A5A5A5A5A5A5A5A5A5A5A5A5A5A5A5
alias role=6 class=6 status=80000001 exception=00000000 guards=00 output=A5A5A5A5A5A5A5A5A5A5A5A5A5A5A5A5A5A5A5A5A5A5A5A5A5A5A5A5A5A5A5A5A5A5A5A5A5A5A5A5A5A5A5A5A5A5A5A5A5A5A5A5A5A5A5A5A5A5A5A5A5A5A5A5 returned=A5A5A5A5A5A5A5A5A5A5A5A5A5A5A5A5
alias role=7 class=6 status=C0000004 exception=00000000 guards=10 output=A5A5A5A5A5A5A5A5A5A5A5A5A5A5A5A5A5A5A5A5A5A5A5A5A5A5A5A5A5A5A5A5A5A5A5A5A5A5A5A5A5A5A5A5A5A5A5A5A5A5A5A5A5A5A5A5A5A5A5A5A5A5A5A5 returned=A5A5A5A5A5A5A5A5A5A5A5A5A5A5A5A5
alias role=8 class=6 status=80000002 exception=00000000 guards=10 output=A5A5A5A5A5A5A5A5A5A5A5A5A5A5A5A5A5A5A5A5A5A5A5A5A5A5A5A5A5A5A5A5A5A5A5A5A5A5A5A5A5A5A5A5A5A5A5A5A5A5A5A5A5A5A5A5A5A5A5A5A5A5A5A5 returned=A5A5A5A5A5A5A5A5A5A5A5A5A5A5A5A5
alias role=9 class=6 status=80000001 exception=00000000 guards=00 output=A5A5A5A5A5A5A5A5A5A5A5A5A5A5A5A5A5A5A5A5A5A5A5A5A5A5A5A5A5A5A5A5A5A5A5A5A5A5A5A5A5A5A5A5A5A5A5A5A5A5A5A5A5A5A5A5A5A5A5A5A5A5A5A5 returned=A5A5A5A5A5A5A5A5A5A5A5A5A5A5A5A5
alias role=10 class=6 status=80000001 exception=00000000 guards=00 output=A5A5A5A5A5A5A5A5A5A5A5A5A5A5A5A5A5A5A5A5A5A5A5A5A5A5A5A5A5A5A5A5A5A5A5A5A5A5A5A5A5A5A5A5A5A5A5A5A5A5A5A5A5A5A5A5A5A5A5A5A5A5A5A5 returned=A5A5A5A5A5A5A5A5A5A5A5A5A5A5A5A5
alias role=11 class=6 status=80000001 exception=00000000 guards=00 output=A5A5A5A5A5A5A5A5A5A5A5A5A5A5A5A5A5A5A5A5A5A5A5A5A5A5A5A5A5A5A5A5A5A5A5A5A5A5A5A5A5A5A5A5A5A5A5A5A5A5A5A5A5A5A5A5A5A5A5A5A5A5A5A5 returned=A5A5A5A5A5A5A5A5A5A5A5A5A5A5A5A5
