**********************************************************************
** Visual Studio 2026 Developer PowerShell v18.7.1
** Copyright (c) 2026 Microsoft Corporation
**********************************************************************
pointer=8 ntdll=00007FF867780000 main=00007FF784A50000 ntdll-size=4665344 main-size=163840
matrix target=0 class=0 length=0 status=C0000004 exception=00000000 returned=18446744073709551615 bytes=A5A5A5A5A5A5A5A5A5A5A5A5A5A5A5A5A5A5A5A5A5A5A5A5A5A5A5A5A5A5A5A5A5A5A5A5A5A5A5A5A5A5A5A5A5A5A5A5A5A5A5A5A5A5A5A5A5A5A5A5A5A5A5A5
matrix target=0 class=0 length=1 status=C0000004 exception=00000000 returned=18446744073709551615 bytes=A5A5A5A5A5A5A5A5A5A5A5A5A5A5A5A5A5A5A5A5A5A5A5A5A5A5A5A5A5A5A5A5A5A5A5A5A5A5A5A5A5A5A5A5A5A5A5A5A5A5A5A5A5A5A5A5A5A5A5A5A5A5A5A5
matrix target=0 class=0 length=12 status=C0000004 exception=00000000 returned=18446744073709551615 bytes=A5A5A5A5A5A5A5A5A5A5A5A5A5A5A5A5A5A5A5A5A5A5A5A5A5A5A5A5A5A5A5A5A5A5A5A5A5A5A5A5A5A5A5A5A5A5A5A5A5A5A5A5A5A5A5A5A5A5A5A5A5A5A5A5
matrix target=0 class=0 length=16 status=C0000004 exception=00000000 returned=18446744073709551615 bytes=A5A5A5A5A5A5A5A5A5A5A5A5A5A5A5A5A5A5A5A5A5A5A5A5A5A5A5A5A5A5A5A5A5A5A5A5A5A5A5A5A5A5A5A5A5A5A5A5A5A5A5A5A5A5A5A5A5A5A5A5A5A5A5A5
matrix target=0 class=0 length=20 status=C0000004 exception=00000000 returned=18446744073709551615 bytes=A5A5A5A5A5A5A5A5A5A5A5A5A5A5A5A5A5A5A5A5A5A5A5A5A5A5A5A5A5A5A5A5A5A5A5A5A5A5A5A5A5A5A5A5A5A5A5A5A5A5A5A5A5A5A5A5A5A5A5A5A5A5A5A5
matrix target=0 class=0 length=24 status=C0000004 exception=00000000 returned=18446744073709551615 bytes=A5A5A5A5A5A5A5A5A5A5A5A5A5A5A5A5A5A5A5A5A5A5A5A5A5A5A5A5A5A5A5A5A5A5A5A5A5A5A5A5A5A5A5A5A5A5A5A5A5A5A5A5A5A5A5A5A5A5A5A5A5A5A5A5
matrix target=0 class=0 length=28 status=C0000004 exception=00000000 returned=18446744073709551615 bytes=A5A5A5A5A5A5A5A5A5A5A5A5A5A5A5A5A5A5A5A5A5A5A5A5A5A5A5A5A5A5A5A5A5A5A5A5A5A5A5A5A5A5A5A5A5A5A5A5A5A5A5A5A5A5A5A5A5A5A5A5A5A5A5A5
matrix target=0 class=0 length=32 status=C0000004 exception=00000000 returned=18446744073709551615 bytes=A5A5A5A5A5A5A5A5A5A5A5A5A5A5A5A5A5A5A5A5A5A5A5A5A5A5A5A5A5A5A5A5A5A5A5A5A5A5A5A5A5A5A5A5A5A5A5A5A5A5A5A5A5A5A5A5A5A5A5A5A5A5A5A5
matrix target=0 class=0 length=48 status=00000000 exception=00000000 returned=48 bytes=00007867F87F000000007867F87F00008000000000000000001000000000000000100000020000000000000100000000A5A5A5A5A5A5A5A5A5A5A5A5A5A5A5A5
matrix target=0 class=0 length=64 status=00000000 exception=00000000 returned=48 bytes=00007867F87F000000007867F87F00008000000000000000001000000000000000100000020000000000000100000000A5A5A5A5A5A5A5A5A5A5A5A5A5A5A5A5
matrix target=0 class=0 length=128 status=00000000 exception=00000000 returned=48 bytes=00007867F87F000000007867F87F00008000000000000000001000000000000000100000020000000000000100000000A5A5A5A5A5A5A5A5A5A5A5A5A5A5A5A5
matrix target=0 class=6 length=0 status=C0000004 exception=00000000 returned=18446744073709551615 bytes=A5A5A5A5A5A5A5A5A5A5A5A5A5A5A5A5A5A5A5A5A5A5A5A5A5A5A5A5A5A5A5A5A5A5A5A5A5A5A5A5A5A5A5A5A5A5A5A5A5A5A5A5A5A5A5A5A5A5A5A5A5A5A5A5
matrix target=0 class=6 length=1 status=C0000004 exception=00000000 returned=18446744073709551615 bytes=A5A5A5A5A5A5A5A5A5A5A5A5A5A5A5A5A5A5A5A5A5A5A5A5A5A5A5A5A5A5A5A5A5A5A5A5A5A5A5A5A5A5A5A5A5A5A5A5A5A5A5A5A5A5A5A5A5A5A5A5A5A5A5A5
matrix target=0 class=6 length=12 status=C0000004 exception=00000000 returned=18446744073709551615 bytes=A5A5A5A5A5A5A5A5A5A5A5A5A5A5A5A5A5A5A5A5A5A5A5A5A5A5A5A5A5A5A5A5A5A5A5A5A5A5A5A5A5A5A5A5A5A5A5A5A5A5A5A5A5A5A5A5A5A5A5A5A5A5A5A5
matrix target=0 class=6 length=16 status=C0000004 exception=00000000 returned=18446744073709551615 bytes=A5A5A5A5A5A5A5A5A5A5A5A5A5A5A5A5A5A5A5A5A5A5A5A5A5A5A5A5A5A5A5A5A5A5A5A5A5A5A5A5A5A5A5A5A5A5A5A5A5A5A5A5A5A5A5A5A5A5A5A5A5A5A5A5
matrix target=0 class=6 length=20 status=C0000004 exception=00000000 returned=18446744073709551615 bytes=A5A5A5A5A5A5A5A5A5A5A5A5A5A5A5A5A5A5A5A5A5A5A5A5A5A5A5A5A5A5A5A5A5A5A5A5A5A5A5A5A5A5A5A5A5A5A5A5A5A5A5A5A5A5A5A5A5A5A5A5A5A5A5A5
matrix target=0 class=6 length=24 status=00000000 exception=00000000 returned=24 bytes=00007867F87F000000304700000000007000000000000000A5A5A5A5A5A5A5A5A5A5A5A5A5A5A5A5A5A5A5A5A5A5A5A5A5A5A5A5A5A5A5A5A5A5A5A5A5A5A5A5
matrix target=0 class=6 length=28 status=00000000 exception=00000000 returned=24 bytes=00007867F87F000000304700000000007000000000000000A5A5A5A5A5A5A5A5A5A5A5A5A5A5A5A5A5A5A5A5A5A5A5A5A5A5A5A5A5A5A5A5A5A5A5A5A5A5A5A5
matrix target=0 class=6 length=32 status=00000000 exception=00000000 returned=24 bytes=00007867F87F000000304700000000007000000000000000A5A5A5A5A5A5A5A5A5A5A5A5A5A5A5A5A5A5A5A5A5A5A5A5A5A5A5A5A5A5A5A5A5A5A5A5A5A5A5A5
matrix target=0 class=6 length=48 status=00000000 exception=00000000 returned=24 bytes=00007867F87F000000304700000000007000000000000000A5A5A5A5A5A5A5A5A5A5A5A5A5A5A5A5A5A5A5A5A5A5A5A5A5A5A5A5A5A5A5A5A5A5A5A5A5A5A5A5
matrix target=0 class=6 length=64 status=00000000 exception=00000000 returned=24 bytes=00007867F87F000000304700000000007000000000000000A5A5A5A5A5A5A5A5A5A5A5A5A5A5A5A5A5A5A5A5A5A5A5A5A5A5A5A5A5A5A5A5A5A5A5A5A5A5A5A5
matrix target=0 class=6 length=128 status=00000000 exception=00000000 returned=24 bytes=00007867F87F000000304700000000007000000000000000A5A5A5A5A5A5A5A5A5A5A5A5A5A5A5A5A5A5A5A5A5A5A5A5A5A5A5A5A5A5A5A5A5A5A5A5A5A5A5A5
matrix target=0 class=4294967295 length=0 status=C0000003 exception=00000000 returned=18446744073709551615 bytes=A5A5A5A5A5A5A5A5A5A5A5A5A5A5A5A5A5A5A5A5A5A5A5A5A5A5A5A5A5A5A5A5A5A5A5A5A5A5A5A5A5A5A5A5A5A5A5A5A5A5A5A5A5A5A5A5A5A5A5A5A5A5A5A5
matrix target=0 class=4294967295 length=1 status=C0000003 exception=00000000 returned=18446744073709551615 bytes=A5A5A5A5A5A5A5A5A5A5A5A5A5A5A5A5A5A5A5A5A5A5A5A5A5A5A5A5A5A5A5A5A5A5A5A5A5A5A5A5A5A5A5A5A5A5A5A5A5A5A5A5A5A5A5A5A5A5A5A5A5A5A5A5
matrix target=0 class=4294967295 length=12 status=C0000003 exception=00000000 returned=18446744073709551615 bytes=A5A5A5A5A5A5A5A5A5A5A5A5A5A5A5A5A5A5A5A5A5A5A5A5A5A5A5A5A5A5A5A5A5A5A5A5A5A5A5A5A5A5A5A5A5A5A5A5A5A5A5A5A5A5A5A5A5A5A5A5A5A5A5A5
matrix target=0 class=4294967295 length=16 status=C0000003 exception=00000000 returned=18446744073709551615 bytes=A5A5A5A5A5A5A5A5A5A5A5A5A5A5A5A5A5A5A5A5A5A5A5A5A5A5A5A5A5A5A5A5A5A5A5A5A5A5A5A5A5A5A5A5A5A5A5A5A5A5A5A5A5A5A5A5A5A5A5A5A5A5A5A5
matrix target=0 class=4294967295 length=20 status=C0000003 exception=00000000 returned=18446744073709551615 bytes=A5A5A5A5A5A5A5A5A5A5A5A5A5A5A5A5A5A5A5A5A5A5A5A5A5A5A5A5A5A5A5A5A5A5A5A5A5A5A5A5A5A5A5A5A5A5A5A5A5A5A5A5A5A5A5A5A5A5A5A5A5A5A5A5
matrix target=0 class=4294967295 length=24 status=C0000003 exception=00000000 returned=18446744073709551615 bytes=A5A5A5A5A5A5A5A5A5A5A5A5A5A5A5A5A5A5A5A5A5A5A5A5A5A5A5A5A5A5A5A5A5A5A5A5A5A5A5A5A5A5A5A5A5A5A5A5A5A5A5A5A5A5A5A5A5A5A5A5A5A5A5A5
matrix target=0 class=4294967295 length=28 status=C0000003 exception=00000000 returned=18446744073709551615 bytes=A5A5A5A5A5A5A5A5A5A5A5A5A5A5A5A5A5A5A5A5A5A5A5A5A5A5A5A5A5A5A5A5A5A5A5A5A5A5A5A5A5A5A5A5A5A5A5A5A5A5A5A5A5A5A5A5A5A5A5A5A5A5A5A5
matrix target=0 class=4294967295 length=32 status=C0000003 exception=00000000 returned=18446744073709551615 bytes=A5A5A5A5A5A5A5A5A5A5A5A5A5A5A5A5A5A5A5A5A5A5A5A5A5A5A5A5A5A5A5A5A5A5A5A5A5A5A5A5A5A5A5A5A5A5A5A5A5A5A5A5A5A5A5A5A5A5A5A5A5A5A5A5
matrix target=0 class=4294967295 length=48 status=C0000003 exception=00000000 returned=18446744073709551615 bytes=A5A5A5A5A5A5A5A5A5A5A5A5A5A5A5A5A5A5A5A5A5A5A5A5A5A5A5A5A5A5A5A5A5A5A5A5A5A5A5A5A5A5A5A5A5A5A5A5A5A5A5A5A5A5A5A5A5A5A5A5A5A5A5A5
matrix target=0 class=4294967295 length=64 status=C0000003 exception=00000000 returned=18446744073709551615 bytes=A5A5A5A5A5A5A5A5A5A5A5A5A5A5A5A5A5A5A5A5A5A5A5A5A5A5A5A5A5A5A5A5A5A5A5A5A5A5A5A5A5A5A5A5A5A5A5A5A5A5A5A5A5A5A5A5A5A5A5A5A5A5A5A5
matrix target=0 class=4294967295 length=128 status=C0000003 exception=00000000 returned=18446744073709551615 bytes=A5A5A5A5A5A5A5A5A5A5A5A5A5A5A5A5A5A5A5A5A5A5A5A5A5A5A5A5A5A5A5A5A5A5A5A5A5A5A5A5A5A5A5A5A5A5A5A5A5A5A5A5A5A5A5A5A5A5A5A5A5A5A5A5
matrix target=1 class=0 length=0 status=C0000004 exception=00000000 returned=18446744073709551615 bytes=A5A5A5A5A5A5A5A5A5A5A5A5A5A5A5A5A5A5A5A5A5A5A5A5A5A5A5A5A5A5A5A5A5A5A5A5A5A5A5A5A5A5A5A5A5A5A5A5A5A5A5A5A5A5A5A5A5A5A5A5A5A5A5A5
matrix target=1 class=0 length=1 status=C0000004 exception=00000000 returned=18446744073709551615 bytes=A5A5A5A5A5A5A5A5A5A5A5A5A5A5A5A5A5A5A5A5A5A5A5A5A5A5A5A5A5A5A5A5A5A5A5A5A5A5A5A5A5A5A5A5A5A5A5A5A5A5A5A5A5A5A5A5A5A5A5A5A5A5A5A5
matrix target=1 class=0 length=12 status=C0000004 exception=00000000 returned=18446744073709551615 bytes=A5A5A5A5A5A5A5A5A5A5A5A5A5A5A5A5A5A5A5A5A5A5A5A5A5A5A5A5A5A5A5A5A5A5A5A5A5A5A5A5A5A5A5A5A5A5A5A5A5A5A5A5A5A5A5A5A5A5A5A5A5A5A5A5
matrix target=1 class=0 length=16 status=C0000004 exception=00000000 returned=18446744073709551615 bytes=A5A5A5A5A5A5A5A5A5A5A5A5A5A5A5A5A5A5A5A5A5A5A5A5A5A5A5A5A5A5A5A5A5A5A5A5A5A5A5A5A5A5A5A5A5A5A5A5A5A5A5A5A5A5A5A5A5A5A5A5A5A5A5A5
matrix target=1 class=0 length=20 status=C0000004 exception=00000000 returned=18446744073709551615 bytes=A5A5A5A5A5A5A5A5A5A5A5A5A5A5A5A5A5A5A5A5A5A5A5A5A5A5A5A5A5A5A5A5A5A5A5A5A5A5A5A5A5A5A5A5A5A5A5A5A5A5A5A5A5A5A5A5A5A5A5A5A5A5A5A5
matrix target=1 class=0 length=24 status=C0000004 exception=00000000 returned=18446744073709551615 bytes=A5A5A5A5A5A5A5A5A5A5A5A5A5A5A5A5A5A5A5A5A5A5A5A5A5A5A5A5A5A5A5A5A5A5A5A5A5A5A5A5A5A5A5A5A5A5A5A5A5A5A5A5A5A5A5A5A5A5A5A5A5A5A5A5
matrix target=1 class=0 length=28 status=C0000004 exception=00000000 returned=18446744073709551615 bytes=A5A5A5A5A5A5A5A5A5A5A5A5A5A5A5A5A5A5A5A5A5A5A5A5A5A5A5A5A5A5A5A5A5A5A5A5A5A5A5A5A5A5A5A5A5A5A5A5A5A5A5A5A5A5A5A5A5A5A5A5A5A5A5A5
matrix target=1 class=0 length=32 status=C0000004 exception=00000000 returned=18446744073709551615 bytes=A5A5A5A5A5A5A5A5A5A5A5A5A5A5A5A5A5A5A5A5A5A5A5A5A5A5A5A5A5A5A5A5A5A5A5A5A5A5A5A5A5A5A5A5A5A5A5A5A5A5A5A5A5A5A5A5A5A5A5A5A5A5A5A5
matrix target=1 class=0 length=48 status=00000000 exception=00000000 returned=48 bytes=0000A584F77F00000000A584F77F00008000000000000000001000000000000000100000020000000000000100000000A5A5A5A5A5A5A5A5A5A5A5A5A5A5A5A5
matrix target=1 class=0 length=64 status=00000000 exception=00000000 returned=48 bytes=0000A584F77F00000000A584F77F00008000000000000000001000000000000000100000020000000000000100000000A5A5A5A5A5A5A5A5A5A5A5A5A5A5A5A5
matrix target=1 class=0 length=128 status=00000000 exception=00000000 returned=48 bytes=0000A584F77F00000000A584F77F00008000000000000000001000000000000000100000020000000000000100000000A5A5A5A5A5A5A5A5A5A5A5A5A5A5A5A5
matrix target=1 class=6 length=0 status=C0000004 exception=00000000 returned=18446744073709551615 bytes=A5A5A5A5A5A5A5A5A5A5A5A5A5A5A5A5A5A5A5A5A5A5A5A5A5A5A5A5A5A5A5A5A5A5A5A5A5A5A5A5A5A5A5A5A5A5A5A5A5A5A5A5A5A5A5A5A5A5A5A5A5A5A5A5
matrix target=1 class=6 length=1 status=C0000004 exception=00000000 returned=18446744073709551615 bytes=A5A5A5A5A5A5A5A5A5A5A5A5A5A5A5A5A5A5A5A5A5A5A5A5A5A5A5A5A5A5A5A5A5A5A5A5A5A5A5A5A5A5A5A5A5A5A5A5A5A5A5A5A5A5A5A5A5A5A5A5A5A5A5A5
matrix target=1 class=6 length=12 status=C0000004 exception=00000000 returned=18446744073709551615 bytes=A5A5A5A5A5A5A5A5A5A5A5A5A5A5A5A5A5A5A5A5A5A5A5A5A5A5A5A5A5A5A5A5A5A5A5A5A5A5A5A5A5A5A5A5A5A5A5A5A5A5A5A5A5A5A5A5A5A5A5A5A5A5A5A5
matrix target=1 class=6 length=16 status=C0000004 exception=00000000 returned=18446744073709551615 bytes=A5A5A5A5A5A5A5A5A5A5A5A5A5A5A5A5A5A5A5A5A5A5A5A5A5A5A5A5A5A5A5A5A5A5A5A5A5A5A5A5A5A5A5A5A5A5A5A5A5A5A5A5A5A5A5A5A5A5A5A5A5A5A5A5
matrix target=1 class=6 length=20 status=C0000004 exception=00000000 returned=18446744073709551615 bytes=A5A5A5A5A5A5A5A5A5A5A5A5A5A5A5A5A5A5A5A5A5A5A5A5A5A5A5A5A5A5A5A5A5A5A5A5A5A5A5A5A5A5A5A5A5A5A5A5A5A5A5A5A5A5A5A5A5A5A5A5A5A5A5A5
matrix target=1 class=6 length=24 status=00000000 exception=00000000 returned=24 bytes=0000A584F77F000000800200000000000000000000000000A5A5A5A5A5A5A5A5A5A5A5A5A5A5A5A5A5A5A5A5A5A5A5A5A5A5A5A5A5A5A5A5A5A5A5A5A5A5A5A5
matrix target=1 class=6 length=28 status=00000000 exception=00000000 returned=24 bytes=0000A584F77F000000800200000000000000000000000000A5A5A5A5A5A5A5A5A5A5A5A5A5A5A5A5A5A5A5A5A5A5A5A5A5A5A5A5A5A5A5A5A5A5A5A5A5A5A5A5
matrix target=1 class=6 length=32 status=00000000 exception=00000000 returned=24 bytes=0000A584F77F000000800200000000000000000000000000A5A5A5A5A5A5A5A5A5A5A5A5A5A5A5A5A5A5A5A5A5A5A5A5A5A5A5A5A5A5A5A5A5A5A5A5A5A5A5A5
matrix target=1 class=6 length=48 status=00000000 exception=00000000 returned=24 bytes=0000A584F77F000000800200000000000000000000000000A5A5A5A5A5A5A5A5A5A5A5A5A5A5A5A5A5A5A5A5A5A5A5A5A5A5A5A5A5A5A5A5A5A5A5A5A5A5A5A5
matrix target=1 class=6 length=64 status=00000000 exception=00000000 returned=24 bytes=0000A584F77F000000800200000000000000000000000000A5A5A5A5A5A5A5A5A5A5A5A5A5A5A5A5A5A5A5A5A5A5A5A5A5A5A5A5A5A5A5A5A5A5A5A5A5A5A5A5
matrix target=1 class=6 length=128 status=00000000 exception=00000000 returned=24 bytes=0000A584F77F000000800200000000000000000000000000A5A5A5A5A5A5A5A5A5A5A5A5A5A5A5A5A5A5A5A5A5A5A5A5A5A5A5A5A5A5A5A5A5A5A5A5A5A5A5A5
matrix target=1 class=4294967295 length=0 status=C0000003 exception=00000000 returned=18446744073709551615 bytes=A5A5A5A5A5A5A5A5A5A5A5A5A5A5A5A5A5A5A5A5A5A5A5A5A5A5A5A5A5A5A5A5A5A5A5A5A5A5A5A5A5A5A5A5A5A5A5A5A5A5A5A5A5A5A5A5A5A5A5A5A5A5A5A5
matrix target=1 class=4294967295 length=1 status=C0000003 exception=00000000 returned=18446744073709551615 bytes=A5A5A5A5A5A5A5A5A5A5A5A5A5A5A5A5A5A5A5A5A5A5A5A5A5A5A5A5A5A5A5A5A5A5A5A5A5A5A5A5A5A5A5A5A5A5A5A5A5A5A5A5A5A5A5A5A5A5A5A5A5A5A5A5
matrix target=1 class=4294967295 length=12 status=C0000003 exception=00000000 returned=18446744073709551615 bytes=A5A5A5A5A5A5A5A5A5A5A5A5A5A5A5A5A5A5A5A5A5A5A5A5A5A5A5A5A5A5A5A5A5A5A5A5A5A5A5A5A5A5A5A5A5A5A5A5A5A5A5A5A5A5A5A5A5A5A5A5A5A5A5A5
matrix target=1 class=4294967295 length=16 status=C0000003 exception=00000000 returned=18446744073709551615 bytes=A5A5A5A5A5A5A5A5A5A5A5A5A5A5A5A5A5A5A5A5A5A5A5A5A5A5A5A5A5A5A5A5A5A5A5A5A5A5A5A5A5A5A5A5A5A5A5A5A5A5A5A5A5A5A5A5A5A5A5A5A5A5A5A5
matrix target=1 class=4294967295 length=20 status=C0000003 exception=00000000 returned=18446744073709551615 bytes=A5A5A5A5A5A5A5A5A5A5A5A5A5A5A5A5A5A5A5A5A5A5A5A5A5A5A5A5A5A5A5A5A5A5A5A5A5A5A5A5A5A5A5A5A5A5A5A5A5A5A5A5A5A5A5A5A5A5A5A5A5A5A5A5
matrix target=1 class=4294967295 length=24 status=C0000003 exception=00000000 returned=18446744073709551615 bytes=A5A5A5A5A5A5A5A5A5A5A5A5A5A5A5A5A5A5A5A5A5A5A5A5A5A5A5A5A5A5A5A5A5A5A5A5A5A5A5A5A5A5A5A5A5A5A5A5A5A5A5A5A5A5A5A5A5A5A5A5A5A5A5A5
matrix target=1 class=4294967295 length=28 status=C0000003 exception=00000000 returned=18446744073709551615 bytes=A5A5A5A5A5A5A5A5A5A5A5A5A5A5A5A5A5A5A5A5A5A5A5A5A5A5A5A5A5A5A5A5A5A5A5A5A5A5A5A5A5A5A5A5A5A5A5A5A5A5A5A5A5A5A5A5A5A5A5A5A5A5A5A5
matrix target=1 class=4294967295 length=32 status=C0000003 exception=00000000 returned=18446744073709551615 bytes=A5A5A5A5A5A5A5A5A5A5A5A5A5A5A5A5A5A5A5A5A5A5A5A5A5A5A5A5A5A5A5A5A5A5A5A5A5A5A5A5A5A5A5A5A5A5A5A5A5A5A5A5A5A5A5A5A5A5A5A5A5A5A5A5
matrix target=1 class=4294967295 length=48 status=C0000003 exception=00000000 returned=18446744073709551615 bytes=A5A5A5A5A5A5A5A5A5A5A5A5A5A5A5A5A5A5A5A5A5A5A5A5A5A5A5A5A5A5A5A5A5A5A5A5A5A5A5A5A5A5A5A5A5A5A5A5A5A5A5A5A5A5A5A5A5A5A5A5A5A5A5A5
matrix target=1 class=4294967295 length=64 status=C0000003 exception=00000000 returned=18446744073709551615 bytes=A5A5A5A5A5A5A5A5A5A5A5A5A5A5A5A5A5A5A5A5A5A5A5A5A5A5A5A5A5A5A5A5A5A5A5A5A5A5A5A5A5A5A5A5A5A5A5A5A5A5A5A5A5A5A5A5A5A5A5A5A5A5A5A5
matrix target=1 class=4294967295 length=128 status=C0000003 exception=00000000 returned=18446744073709551615 bytes=A5A5A5A5A5A5A5A5A5A5A5A5A5A5A5A5A5A5A5A5A5A5A5A5A5A5A5A5A5A5A5A5A5A5A5A5A5A5A5A5A5A5A5A5A5A5A5A5A5A5A5A5A5A5A5A5A5A5A5A5A5A5A5A5
matrix target=2 class=0 length=0 status=C0000004 exception=00000000 returned=18446744073709551615 bytes=A5A5A5A5A5A5A5A5A5A5A5A5A5A5A5A5A5A5A5A5A5A5A5A5A5A5A5A5A5A5A5A5A5A5A5A5A5A5A5A5A5A5A5A5A5A5A5A5A5A5A5A5A5A5A5A5A5A5A5A5A5A5A5A5
matrix target=2 class=0 length=1 status=C0000004 exception=00000000 returned=18446744073709551615 bytes=A5A5A5A5A5A5A5A5A5A5A5A5A5A5A5A5A5A5A5A5A5A5A5A5A5A5A5A5A5A5A5A5A5A5A5A5A5A5A5A5A5A5A5A5A5A5A5A5A5A5A5A5A5A5A5A5A5A5A5A5A5A5A5A5
matrix target=2 class=0 length=12 status=C0000004 exception=00000000 returned=18446744073709551615 bytes=A5A5A5A5A5A5A5A5A5A5A5A5A5A5A5A5A5A5A5A5A5A5A5A5A5A5A5A5A5A5A5A5A5A5A5A5A5A5A5A5A5A5A5A5A5A5A5A5A5A5A5A5A5A5A5A5A5A5A5A5A5A5A5A5
matrix target=2 class=0 length=16 status=C0000004 exception=00000000 returned=18446744073709551615 bytes=A5A5A5A5A5A5A5A5A5A5A5A5A5A5A5A5A5A5A5A5A5A5A5A5A5A5A5A5A5A5A5A5A5A5A5A5A5A5A5A5A5A5A5A5A5A5A5A5A5A5A5A5A5A5A5A5A5A5A5A5A5A5A5A5
matrix target=2 class=0 length=20 status=C0000004 exception=00000000 returned=18446744073709551615 bytes=A5A5A5A5A5A5A5A5A5A5A5A5A5A5A5A5A5A5A5A5A5A5A5A5A5A5A5A5A5A5A5A5A5A5A5A5A5A5A5A5A5A5A5A5A5A5A5A5A5A5A5A5A5A5A5A5A5A5A5A5A5A5A5A5
matrix target=2 class=0 length=24 status=C0000004 exception=00000000 returned=18446744073709551615 bytes=A5A5A5A5A5A5A5A5A5A5A5A5A5A5A5A5A5A5A5A5A5A5A5A5A5A5A5A5A5A5A5A5A5A5A5A5A5A5A5A5A5A5A5A5A5A5A5A5A5A5A5A5A5A5A5A5A5A5A5A5A5A5A5A5
matrix target=2 class=0 length=28 status=C0000004 exception=00000000 returned=18446744073709551615 bytes=A5A5A5A5A5A5A5A5A5A5A5A5A5A5A5A5A5A5A5A5A5A5A5A5A5A5A5A5A5A5A5A5A5A5A5A5A5A5A5A5A5A5A5A5A5A5A5A5A5A5A5A5A5A5A5A5A5A5A5A5A5A5A5A5
matrix target=2 class=0 length=32 status=C0000004 exception=00000000 returned=18446744073709551615 bytes=A5A5A5A5A5A5A5A5A5A5A5A5A5A5A5A5A5A5A5A5A5A5A5A5A5A5A5A5A5A5A5A5A5A5A5A5A5A5A5A5A5A5A5A5A5A5A5A5A5A5A5A5A5A5A5A5A5A5A5A5A5A5A5A5
matrix target=2 class=0 length=48 status=00000000 exception=00000000 returned=48 bytes=00007867F87F000000007867F87F00008000000000000000001000000000000000100000020000000000000100000000A5A5A5A5A5A5A5A5A5A5A5A5A5A5A5A5
matrix target=2 class=0 length=64 status=00000000 exception=00000000 returned=48 bytes=00007867F87F000000007867F87F00008000000000000000001000000000000000100000020000000000000100000000A5A5A5A5A5A5A5A5A5A5A5A5A5A5A5A5
matrix target=2 class=0 length=128 status=00000000 exception=00000000 returned=48 bytes=00007867F87F000000007867F87F00008000000000000000001000000000000000100000020000000000000100000000A5A5A5A5A5A5A5A5A5A5A5A5A5A5A5A5
matrix target=2 class=6 length=0 status=C0000004 exception=00000000 returned=18446744073709551615 bytes=A5A5A5A5A5A5A5A5A5A5A5A5A5A5A5A5A5A5A5A5A5A5A5A5A5A5A5A5A5A5A5A5A5A5A5A5A5A5A5A5A5A5A5A5A5A5A5A5A5A5A5A5A5A5A5A5A5A5A5A5A5A5A5A5
matrix target=2 class=6 length=1 status=C0000004 exception=00000000 returned=18446744073709551615 bytes=A5A5A5A5A5A5A5A5A5A5A5A5A5A5A5A5A5A5A5A5A5A5A5A5A5A5A5A5A5A5A5A5A5A5A5A5A5A5A5A5A5A5A5A5A5A5A5A5A5A5A5A5A5A5A5A5A5A5A5A5A5A5A5A5
matrix target=2 class=6 length=12 status=C0000004 exception=00000000 returned=18446744073709551615 bytes=A5A5A5A5A5A5A5A5A5A5A5A5A5A5A5A5A5A5A5A5A5A5A5A5A5A5A5A5A5A5A5A5A5A5A5A5A5A5A5A5A5A5A5A5A5A5A5A5A5A5A5A5A5A5A5A5A5A5A5A5A5A5A5A5
matrix target=2 class=6 length=16 status=C0000004 exception=00000000 returned=18446744073709551615 bytes=A5A5A5A5A5A5A5A5A5A5A5A5A5A5A5A5A5A5A5A5A5A5A5A5A5A5A5A5A5A5A5A5A5A5A5A5A5A5A5A5A5A5A5A5A5A5A5A5A5A5A5A5A5A5A5A5A5A5A5A5A5A5A5A5
matrix target=2 class=6 length=20 status=C0000004 exception=00000000 returned=18446744073709551615 bytes=A5A5A5A5A5A5A5A5A5A5A5A5A5A5A5A5A5A5A5A5A5A5A5A5A5A5A5A5A5A5A5A5A5A5A5A5A5A5A5A5A5A5A5A5A5A5A5A5A5A5A5A5A5A5A5A5A5A5A5A5A5A5A5A5
matrix target=2 class=6 length=24 status=00000000 exception=00000000 returned=24 bytes=00007867F87F000000304700000000007000000000000000A5A5A5A5A5A5A5A5A5A5A5A5A5A5A5A5A5A5A5A5A5A5A5A5A5A5A5A5A5A5A5A5A5A5A5A5A5A5A5A5
matrix target=2 class=6 length=28 status=00000000 exception=00000000 returned=24 bytes=00007867F87F000000304700000000007000000000000000A5A5A5A5A5A5A5A5A5A5A5A5A5A5A5A5A5A5A5A5A5A5A5A5A5A5A5A5A5A5A5A5A5A5A5A5A5A5A5A5
matrix target=2 class=6 length=32 status=00000000 exception=00000000 returned=24 bytes=00007867F87F000000304700000000007000000000000000A5A5A5A5A5A5A5A5A5A5A5A5A5A5A5A5A5A5A5A5A5A5A5A5A5A5A5A5A5A5A5A5A5A5A5A5A5A5A5A5
matrix target=2 class=6 length=48 status=00000000 exception=00000000 returned=24 bytes=00007867F87F000000304700000000007000000000000000A5A5A5A5A5A5A5A5A5A5A5A5A5A5A5A5A5A5A5A5A5A5A5A5A5A5A5A5A5A5A5A5A5A5A5A5A5A5A5A5
matrix target=2 class=6 length=64 status=00000000 exception=00000000 returned=24 bytes=00007867F87F000000304700000000007000000000000000A5A5A5A5A5A5A5A5A5A5A5A5A5A5A5A5A5A5A5A5A5A5A5A5A5A5A5A5A5A5A5A5A5A5A5A5A5A5A5A5
matrix target=2 class=6 length=128 status=00000000 exception=00000000 returned=24 bytes=00007867F87F000000304700000000007000000000000000A5A5A5A5A5A5A5A5A5A5A5A5A5A5A5A5A5A5A5A5A5A5A5A5A5A5A5A5A5A5A5A5A5A5A5A5A5A5A5A5
matrix target=2 class=4294967295 length=0 status=C0000003 exception=00000000 returned=18446744073709551615 bytes=A5A5A5A5A5A5A5A5A5A5A5A5A5A5A5A5A5A5A5A5A5A5A5A5A5A5A5A5A5A5A5A5A5A5A5A5A5A5A5A5A5A5A5A5A5A5A5A5A5A5A5A5A5A5A5A5A5A5A5A5A5A5A5A5
matrix target=2 class=4294967295 length=1 status=C0000003 exception=00000000 returned=18446744073709551615 bytes=A5A5A5A5A5A5A5A5A5A5A5A5A5A5A5A5A5A5A5A5A5A5A5A5A5A5A5A5A5A5A5A5A5A5A5A5A5A5A5A5A5A5A5A5A5A5A5A5A5A5A5A5A5A5A5A5A5A5A5A5A5A5A5A5
matrix target=2 class=4294967295 length=12 status=C0000003 exception=00000000 returned=18446744073709551615 bytes=A5A5A5A5A5A5A5A5A5A5A5A5A5A5A5A5A5A5A5A5A5A5A5A5A5A5A5A5A5A5A5A5A5A5A5A5A5A5A5A5A5A5A5A5A5A5A5A5A5A5A5A5A5A5A5A5A5A5A5A5A5A5A5A5
matrix target=2 class=4294967295 length=16 status=C0000003 exception=00000000 returned=18446744073709551615 bytes=A5A5A5A5A5A5A5A5A5A5A5A5A5A5A5A5A5A5A5A5A5A5A5A5A5A5A5A5A5A5A5A5A5A5A5A5A5A5A5A5A5A5A5A5A5A5A5A5A5A5A5A5A5A5A5A5A5A5A5A5A5A5A5A5
matrix target=2 class=4294967295 length=20 status=C0000003 exception=00000000 returned=18446744073709551615 bytes=A5A5A5A5A5A5A5A5A5A5A5A5A5A5A5A5A5A5A5A5A5A5A5A5A5A5A5A5A5A5A5A5A5A5A5A5A5A5A5A5A5A5A5A5A5A5A5A5A5A5A5A5A5A5A5A5A5A5A5A5A5A5A5A5
matrix target=2 class=4294967295 length=24 status=C0000003 exception=00000000 returned=18446744073709551615 bytes=A5A5A5A5A5A5A5A5A5A5A5A5A5A5A5A5A5A5A5A5A5A5A5A5A5A5A5A5A5A5A5A5A5A5A5A5A5A5A5A5A5A5A5A5A5A5A5A5A5A5A5A5A5A5A5A5A5A5A5A5A5A5A5A5
matrix target=2 class=4294967295 length=28 status=C0000003 exception=00000000 returned=18446744073709551615 bytes=A5A5A5A5A5A5A5A5A5A5A5A5A5A5A5A5A5A5A5A5A5A5A5A5A5A5A5A5A5A5A5A5A5A5A5A5A5A5A5A5A5A5A5A5A5A5A5A5A5A5A5A5A5A5A5A5A5A5A5A5A5A5A5A5
matrix target=2 class=4294967295 length=32 status=C0000003 exception=00000000 returned=18446744073709551615 bytes=A5A5A5A5A5A5A5A5A5A5A5A5A5A5A5A5A5A5A5A5A5A5A5A5A5A5A5A5A5A5A5A5A5A5A5A5A5A5A5A5A5A5A5A5A5A5A5A5A5A5A5A5A5A5A5A5A5A5A5A5A5A5A5A5
matrix target=2 class=4294967295 length=48 status=C0000003 exception=00000000 returned=18446744073709551615 bytes=A5A5A5A5A5A5A5A5A5A5A5A5A5A5A5A5A5A5A5A5A5A5A5A5A5A5A5A5A5A5A5A5A5A5A5A5A5A5A5A5A5A5A5A5A5A5A5A5A5A5A5A5A5A5A5A5A5A5A5A5A5A5A5A5
matrix target=2 class=4294967295 length=64 status=C0000003 exception=00000000 returned=18446744073709551615 bytes=A5A5A5A5A5A5A5A5A5A5A5A5A5A5A5A5A5A5A5A5A5A5A5A5A5A5A5A5A5A5A5A5A5A5A5A5A5A5A5A5A5A5A5A5A5A5A5A5A5A5A5A5A5A5A5A5A5A5A5A5A5A5A5A5
matrix target=2 class=4294967295 length=128 status=C0000003 exception=00000000 returned=18446744073709551615 bytes=A5A5A5A5A5A5A5A5A5A5A5A5A5A5A5A5A5A5A5A5A5A5A5A5A5A5A5A5A5A5A5A5A5A5A5A5A5A5A5A5A5A5A5A5A5A5A5A5A5A5A5A5A5A5A5A5A5A5A5A5A5A5A5A5
matrix target=3 class=0 length=0 status=C0000004 exception=00000000 returned=18446744073709551615 bytes=A5A5A5A5A5A5A5A5A5A5A5A5A5A5A5A5A5A5A5A5A5A5A5A5A5A5A5A5A5A5A5A5A5A5A5A5A5A5A5A5A5A5A5A5A5A5A5A5A5A5A5A5A5A5A5A5A5A5A5A5A5A5A5A5
matrix target=3 class=0 length=1 status=C0000004 exception=00000000 returned=18446744073709551615 bytes=A5A5A5A5A5A5A5A5A5A5A5A5A5A5A5A5A5A5A5A5A5A5A5A5A5A5A5A5A5A5A5A5A5A5A5A5A5A5A5A5A5A5A5A5A5A5A5A5A5A5A5A5A5A5A5A5A5A5A5A5A5A5A5A5
matrix target=3 class=0 length=12 status=C0000004 exception=00000000 returned=18446744073709551615 bytes=A5A5A5A5A5A5A5A5A5A5A5A5A5A5A5A5A5A5A5A5A5A5A5A5A5A5A5A5A5A5A5A5A5A5A5A5A5A5A5A5A5A5A5A5A5A5A5A5A5A5A5A5A5A5A5A5A5A5A5A5A5A5A5A5
matrix target=3 class=0 length=16 status=C0000004 exception=00000000 returned=18446744073709551615 bytes=A5A5A5A5A5A5A5A5A5A5A5A5A5A5A5A5A5A5A5A5A5A5A5A5A5A5A5A5A5A5A5A5A5A5A5A5A5A5A5A5A5A5A5A5A5A5A5A5A5A5A5A5A5A5A5A5A5A5A5A5A5A5A5A5
matrix target=3 class=0 length=20 status=C0000004 exception=00000000 returned=18446744073709551615 bytes=A5A5A5A5A5A5A5A5A5A5A5A5A5A5A5A5A5A5A5A5A5A5A5A5A5A5A5A5A5A5A5A5A5A5A5A5A5A5A5A5A5A5A5A5A5A5A5A5A5A5A5A5A5A5A5A5A5A5A5A5A5A5A5A5
matrix target=3 class=0 length=24 status=C0000004 exception=00000000 returned=18446744073709551615 bytes=A5A5A5A5A5A5A5A5A5A5A5A5A5A5A5A5A5A5A5A5A5A5A5A5A5A5A5A5A5A5A5A5A5A5A5A5A5A5A5A5A5A5A5A5A5A5A5A5A5A5A5A5A5A5A5A5A5A5A5A5A5A5A5A5
matrix target=3 class=0 length=28 status=C0000004 exception=00000000 returned=18446744073709551615 bytes=A5A5A5A5A5A5A5A5A5A5A5A5A5A5A5A5A5A5A5A5A5A5A5A5A5A5A5A5A5A5A5A5A5A5A5A5A5A5A5A5A5A5A5A5A5A5A5A5A5A5A5A5A5A5A5A5A5A5A5A5A5A5A5A5
matrix target=3 class=0 length=32 status=C0000004 exception=00000000 returned=18446744073709551615 bytes=A5A5A5A5A5A5A5A5A5A5A5A5A5A5A5A5A5A5A5A5A5A5A5A5A5A5A5A5A5A5A5A5A5A5A5A5A5A5A5A5A5A5A5A5A5A5A5A5A5A5A5A5A5A5A5A5A5A5A5A5A5A5A5A5
matrix target=3 class=0 length=48 status=00000000 exception=00000000 returned=48 bytes=0020C779B80100000000C779B80100000400000000000000002000000000000000100000040000000000020000000000A5A5A5A5A5A5A5A5A5A5A5A5A5A5A5A5
matrix target=3 class=0 length=64 status=00000000 exception=00000000 returned=48 bytes=0020C779B80100000000C779B80100000400000000000000002000000000000000100000040000000000020000000000A5A5A5A5A5A5A5A5A5A5A5A5A5A5A5A5
matrix target=3 class=0 length=128 status=00000000 exception=00000000 returned=48 bytes=0020C779B80100000000C779B80100000400000000000000002000000000000000100000040000000000020000000000A5A5A5A5A5A5A5A5A5A5A5A5A5A5A5A5
matrix target=3 class=6 length=0 status=C0000004 exception=00000000 returned=18446744073709551615 bytes=A5A5A5A5A5A5A5A5A5A5A5A5A5A5A5A5A5A5A5A5A5A5A5A5A5A5A5A5A5A5A5A5A5A5A5A5A5A5A5A5A5A5A5A5A5A5A5A5A5A5A5A5A5A5A5A5A5A5A5A5A5A5A5A5
matrix target=3 class=6 length=1 status=C0000004 exception=00000000 returned=18446744073709551615 bytes=A5A5A5A5A5A5A5A5A5A5A5A5A5A5A5A5A5A5A5A5A5A5A5A5A5A5A5A5A5A5A5A5A5A5A5A5A5A5A5A5A5A5A5A5A5A5A5A5A5A5A5A5A5A5A5A5A5A5A5A5A5A5A5A5
matrix target=3 class=6 length=12 status=C0000004 exception=00000000 returned=18446744073709551615 bytes=A5A5A5A5A5A5A5A5A5A5A5A5A5A5A5A5A5A5A5A5A5A5A5A5A5A5A5A5A5A5A5A5A5A5A5A5A5A5A5A5A5A5A5A5A5A5A5A5A5A5A5A5A5A5A5A5A5A5A5A5A5A5A5A5
matrix target=3 class=6 length=16 status=C0000004 exception=00000000 returned=18446744073709551615 bytes=A5A5A5A5A5A5A5A5A5A5A5A5A5A5A5A5A5A5A5A5A5A5A5A5A5A5A5A5A5A5A5A5A5A5A5A5A5A5A5A5A5A5A5A5A5A5A5A5A5A5A5A5A5A5A5A5A5A5A5A5A5A5A5A5
matrix target=3 class=6 length=20 status=C0000004 exception=00000000 returned=18446744073709551615 bytes=A5A5A5A5A5A5A5A5A5A5A5A5A5A5A5A5A5A5A5A5A5A5A5A5A5A5A5A5A5A5A5A5A5A5A5A5A5A5A5A5A5A5A5A5A5A5A5A5A5A5A5A5A5A5A5A5A5A5A5A5A5A5A5A5
matrix target=3 class=6 length=24 status=00000000 exception=00000000 returned=24 bytes=000000000000000000000000000000000000000000000000A5A5A5A5A5A5A5A5A5A5A5A5A5A5A5A5A5A5A5A5A5A5A5A5A5A5A5A5A5A5A5A5A5A5A5A5A5A5A5A5
matrix target=3 class=6 length=28 status=00000000 exception=00000000 returned=24 bytes=000000000000000000000000000000000000000000000000A5A5A5A5A5A5A5A5A5A5A5A5A5A5A5A5A5A5A5A5A5A5A5A5A5A5A5A5A5A5A5A5A5A5A5A5A5A5A5A5
matrix target=3 class=6 length=32 status=00000000 exception=00000000 returned=24 bytes=000000000000000000000000000000000000000000000000A5A5A5A5A5A5A5A5A5A5A5A5A5A5A5A5A5A5A5A5A5A5A5A5A5A5A5A5A5A5A5A5A5A5A5A5A5A5A5A5
matrix target=3 class=6 length=48 status=00000000 exception=00000000 returned=24 bytes=000000000000000000000000000000000000000000000000A5A5A5A5A5A5A5A5A5A5A5A5A5A5A5A5A5A5A5A5A5A5A5A5A5A5A5A5A5A5A5A5A5A5A5A5A5A5A5A5
matrix target=3 class=6 length=64 status=00000000 exception=00000000 returned=24 bytes=000000000000000000000000000000000000000000000000A5A5A5A5A5A5A5A5A5A5A5A5A5A5A5A5A5A5A5A5A5A5A5A5A5A5A5A5A5A5A5A5A5A5A5A5A5A5A5A5
matrix target=3 class=6 length=128 status=00000000 exception=00000000 returned=24 bytes=000000000000000000000000000000000000000000000000A5A5A5A5A5A5A5A5A5A5A5A5A5A5A5A5A5A5A5A5A5A5A5A5A5A5A5A5A5A5A5A5A5A5A5A5A5A5A5A5
matrix target=3 class=4294967295 length=0 status=C0000003 exception=00000000 returned=18446744073709551615 bytes=A5A5A5A5A5A5A5A5A5A5A5A5A5A5A5A5A5A5A5A5A5A5A5A5A5A5A5A5A5A5A5A5A5A5A5A5A5A5A5A5A5A5A5A5A5A5A5A5A5A5A5A5A5A5A5A5A5A5A5A5A5A5A5A5
matrix target=3 class=4294967295 length=1 status=C0000003 exception=00000000 returned=18446744073709551615 bytes=A5A5A5A5A5A5A5A5A5A5A5A5A5A5A5A5A5A5A5A5A5A5A5A5A5A5A5A5A5A5A5A5A5A5A5A5A5A5A5A5A5A5A5A5A5A5A5A5A5A5A5A5A5A5A5A5A5A5A5A5A5A5A5A5
matrix target=3 class=4294967295 length=12 status=C0000003 exception=00000000 returned=18446744073709551615 bytes=A5A5A5A5A5A5A5A5A5A5A5A5A5A5A5A5A5A5A5A5A5A5A5A5A5A5A5A5A5A5A5A5A5A5A5A5A5A5A5A5A5A5A5A5A5A5A5A5A5A5A5A5A5A5A5A5A5A5A5A5A5A5A5A5
matrix target=3 class=4294967295 length=16 status=C0000003 exception=00000000 returned=18446744073709551615 bytes=A5A5A5A5A5A5A5A5A5A5A5A5A5A5A5A5A5A5A5A5A5A5A5A5A5A5A5A5A5A5A5A5A5A5A5A5A5A5A5A5A5A5A5A5A5A5A5A5A5A5A5A5A5A5A5A5A5A5A5A5A5A5A5A5
matrix target=3 class=4294967295 length=20 status=C0000003 exception=00000000 returned=18446744073709551615 bytes=A5A5A5A5A5A5A5A5A5A5A5A5A5A5A5A5A5A5A5A5A5A5A5A5A5A5A5A5A5A5A5A5A5A5A5A5A5A5A5A5A5A5A5A5A5A5A5A5A5A5A5A5A5A5A5A5A5A5A5A5A5A5A5A5
matrix target=3 class=4294967295 length=24 status=C0000003 exception=00000000 returned=18446744073709551615 bytes=A5A5A5A5A5A5A5A5A5A5A5A5A5A5A5A5A5A5A5A5A5A5A5A5A5A5A5A5A5A5A5A5A5A5A5A5A5A5A5A5A5A5A5A5A5A5A5A5A5A5A5A5A5A5A5A5A5A5A5A5A5A5A5A5
matrix target=3 class=4294967295 length=28 status=C0000003 exception=00000000 returned=18446744073709551615 bytes=A5A5A5A5A5A5A5A5A5A5A5A5A5A5A5A5A5A5A5A5A5A5A5A5A5A5A5A5A5A5A5A5A5A5A5A5A5A5A5A5A5A5A5A5A5A5A5A5A5A5A5A5A5A5A5A5A5A5A5A5A5A5A5A5
matrix target=3 class=4294967295 length=32 status=C0000003 exception=00000000 returned=18446744073709551615 bytes=A5A5A5A5A5A5A5A5A5A5A5A5A5A5A5A5A5A5A5A5A5A5A5A5A5A5A5A5A5A5A5A5A5A5A5A5A5A5A5A5A5A5A5A5A5A5A5A5A5A5A5A5A5A5A5A5A5A5A5A5A5A5A5A5
matrix target=3 class=4294967295 length=48 status=C0000003 exception=00000000 returned=18446744073709551615 bytes=A5A5A5A5A5A5A5A5A5A5A5A5A5A5A5A5A5A5A5A5A5A5A5A5A5A5A5A5A5A5A5A5A5A5A5A5A5A5A5A5A5A5A5A5A5A5A5A5A5A5A5A5A5A5A5A5A5A5A5A5A5A5A5A5
matrix target=3 class=4294967295 length=64 status=C0000003 exception=00000000 returned=18446744073709551615 bytes=A5A5A5A5A5A5A5A5A5A5A5A5A5A5A5A5A5A5A5A5A5A5A5A5A5A5A5A5A5A5A5A5A5A5A5A5A5A5A5A5A5A5A5A5A5A5A5A5A5A5A5A5A5A5A5A5A5A5A5A5A5A5A5A5
matrix target=3 class=4294967295 length=128 status=C0000003 exception=00000000 returned=18446744073709551615 bytes=A5A5A5A5A5A5A5A5A5A5A5A5A5A5A5A5A5A5A5A5A5A5A5A5A5A5A5A5A5A5A5A5A5A5A5A5A5A5A5A5A5A5A5A5A5A5A5A5A5A5A5A5A5A5A5A5A5A5A5A5A5A5A5A5
matrix target=4 class=0 length=0 status=C0000004 exception=00000000 returned=18446744073709551615 bytes=A5A5A5A5A5A5A5A5A5A5A5A5A5A5A5A5A5A5A5A5A5A5A5A5A5A5A5A5A5A5A5A5A5A5A5A5A5A5A5A5A5A5A5A5A5A5A5A5A5A5A5A5A5A5A5A5A5A5A5A5A5A5A5A5
matrix target=4 class=0 length=1 status=C0000004 exception=00000000 returned=18446744073709551615 bytes=A5A5A5A5A5A5A5A5A5A5A5A5A5A5A5A5A5A5A5A5A5A5A5A5A5A5A5A5A5A5A5A5A5A5A5A5A5A5A5A5A5A5A5A5A5A5A5A5A5A5A5A5A5A5A5A5A5A5A5A5A5A5A5A5
matrix target=4 class=0 length=12 status=C0000004 exception=00000000 returned=18446744073709551615 bytes=A5A5A5A5A5A5A5A5A5A5A5A5A5A5A5A5A5A5A5A5A5A5A5A5A5A5A5A5A5A5A5A5A5A5A5A5A5A5A5A5A5A5A5A5A5A5A5A5A5A5A5A5A5A5A5A5A5A5A5A5A5A5A5A5
matrix target=4 class=0 length=16 status=C0000004 exception=00000000 returned=18446744073709551615 bytes=A5A5A5A5A5A5A5A5A5A5A5A5A5A5A5A5A5A5A5A5A5A5A5A5A5A5A5A5A5A5A5A5A5A5A5A5A5A5A5A5A5A5A5A5A5A5A5A5A5A5A5A5A5A5A5A5A5A5A5A5A5A5A5A5
matrix target=4 class=0 length=20 status=C0000004 exception=00000000 returned=18446744073709551615 bytes=A5A5A5A5A5A5A5A5A5A5A5A5A5A5A5A5A5A5A5A5A5A5A5A5A5A5A5A5A5A5A5A5A5A5A5A5A5A5A5A5A5A5A5A5A5A5A5A5A5A5A5A5A5A5A5A5A5A5A5A5A5A5A5A5
matrix target=4 class=0 length=24 status=C0000004 exception=00000000 returned=18446744073709551615 bytes=A5A5A5A5A5A5A5A5A5A5A5A5A5A5A5A5A5A5A5A5A5A5A5A5A5A5A5A5A5A5A5A5A5A5A5A5A5A5A5A5A5A5A5A5A5A5A5A5A5A5A5A5A5A5A5A5A5A5A5A5A5A5A5A5
matrix target=4 class=0 length=28 status=C0000004 exception=00000000 returned=18446744073709551615 bytes=A5A5A5A5A5A5A5A5A5A5A5A5A5A5A5A5A5A5A5A5A5A5A5A5A5A5A5A5A5A5A5A5A5A5A5A5A5A5A5A5A5A5A5A5A5A5A5A5A5A5A5A5A5A5A5A5A5A5A5A5A5A5A5A5
matrix target=4 class=0 length=32 status=C0000004 exception=00000000 returned=18446744073709551615 bytes=A5A5A5A5A5A5A5A5A5A5A5A5A5A5A5A5A5A5A5A5A5A5A5A5A5A5A5A5A5A5A5A5A5A5A5A5A5A5A5A5A5A5A5A5A5A5A5A5A5A5A5A5A5A5A5A5A5A5A5A5A5A5A5A5
matrix target=4 class=0 length=48 status=00000000 exception=00000000 returned=48 bytes=0000000000000000000000000000000000000000000000000000FE7F0000000000000100010000000000000000000000A5A5A5A5A5A5A5A5A5A5A5A5A5A5A5A5
matrix target=4 class=0 length=64 status=00000000 exception=00000000 returned=48 bytes=0000000000000000000000000000000000000000000000000000FE7F0000000000000100010000000000000000000000A5A5A5A5A5A5A5A5A5A5A5A5A5A5A5A5
matrix target=4 class=0 length=128 status=00000000 exception=00000000 returned=48 bytes=0000000000000000000000000000000000000000000000000000FE7F0000000000000100010000000000000000000000A5A5A5A5A5A5A5A5A5A5A5A5A5A5A5A5
matrix target=4 class=6 length=0 status=C0000004 exception=00000000 returned=18446744073709551615 bytes=A5A5A5A5A5A5A5A5A5A5A5A5A5A5A5A5A5A5A5A5A5A5A5A5A5A5A5A5A5A5A5A5A5A5A5A5A5A5A5A5A5A5A5A5A5A5A5A5A5A5A5A5A5A5A5A5A5A5A5A5A5A5A5A5
matrix target=4 class=6 length=1 status=C0000004 exception=00000000 returned=18446744073709551615 bytes=A5A5A5A5A5A5A5A5A5A5A5A5A5A5A5A5A5A5A5A5A5A5A5A5A5A5A5A5A5A5A5A5A5A5A5A5A5A5A5A5A5A5A5A5A5A5A5A5A5A5A5A5A5A5A5A5A5A5A5A5A5A5A5A5
matrix target=4 class=6 length=12 status=C0000004 exception=00000000 returned=18446744073709551615 bytes=A5A5A5A5A5A5A5A5A5A5A5A5A5A5A5A5A5A5A5A5A5A5A5A5A5A5A5A5A5A5A5A5A5A5A5A5A5A5A5A5A5A5A5A5A5A5A5A5A5A5A5A5A5A5A5A5A5A5A5A5A5A5A5A5
matrix target=4 class=6 length=16 status=C0000004 exception=00000000 returned=18446744073709551615 bytes=A5A5A5A5A5A5A5A5A5A5A5A5A5A5A5A5A5A5A5A5A5A5A5A5A5A5A5A5A5A5A5A5A5A5A5A5A5A5A5A5A5A5A5A5A5A5A5A5A5A5A5A5A5A5A5A5A5A5A5A5A5A5A5A5
matrix target=4 class=6 length=20 status=C0000004 exception=00000000 returned=18446744073709551615 bytes=A5A5A5A5A5A5A5A5A5A5A5A5A5A5A5A5A5A5A5A5A5A5A5A5A5A5A5A5A5A5A5A5A5A5A5A5A5A5A5A5A5A5A5A5A5A5A5A5A5A5A5A5A5A5A5A5A5A5A5A5A5A5A5A5
matrix target=4 class=6 length=24 status=C0000141 exception=00000000 returned=18446744073709551615 bytes=A5A5A5A5A5A5A5A5A5A5A5A5A5A5A5A5A5A5A5A5A5A5A5A5A5A5A5A5A5A5A5A5A5A5A5A5A5A5A5A5A5A5A5A5A5A5A5A5A5A5A5A5A5A5A5A5A5A5A5A5A5A5A5A5
matrix target=4 class=6 length=28 status=C0000141 exception=00000000 returned=18446744073709551615 bytes=A5A5A5A5A5A5A5A5A5A5A5A5A5A5A5A5A5A5A5A5A5A5A5A5A5A5A5A5A5A5A5A5A5A5A5A5A5A5A5A5A5A5A5A5A5A5A5A5A5A5A5A5A5A5A5A5A5A5A5A5A5A5A5A5
matrix target=4 class=6 length=32 status=C0000141 exception=00000000 returned=18446744073709551615 bytes=A5A5A5A5A5A5A5A5A5A5A5A5A5A5A5A5A5A5A5A5A5A5A5A5A5A5A5A5A5A5A5A5A5A5A5A5A5A5A5A5A5A5A5A5A5A5A5A5A5A5A5A5A5A5A5A5A5A5A5A5A5A5A5A5
matrix target=4 class=6 length=48 status=C0000141 exception=00000000 returned=18446744073709551615 bytes=A5A5A5A5A5A5A5A5A5A5A5A5A5A5A5A5A5A5A5A5A5A5A5A5A5A5A5A5A5A5A5A5A5A5A5A5A5A5A5A5A5A5A5A5A5A5A5A5A5A5A5A5A5A5A5A5A5A5A5A5A5A5A5A5
matrix target=4 class=6 length=64 status=C0000141 exception=00000000 returned=18446744073709551615 bytes=A5A5A5A5A5A5A5A5A5A5A5A5A5A5A5A5A5A5A5A5A5A5A5A5A5A5A5A5A5A5A5A5A5A5A5A5A5A5A5A5A5A5A5A5A5A5A5A5A5A5A5A5A5A5A5A5A5A5A5A5A5A5A5A5
matrix target=4 class=6 length=128 status=C0000141 exception=00000000 returned=18446744073709551615 bytes=A5A5A5A5A5A5A5A5A5A5A5A5A5A5A5A5A5A5A5A5A5A5A5A5A5A5A5A5A5A5A5A5A5A5A5A5A5A5A5A5A5A5A5A5A5A5A5A5A5A5A5A5A5A5A5A5A5A5A5A5A5A5A5A5
matrix target=4 class=4294967295 length=0 status=C0000003 exception=00000000 returned=18446744073709551615 bytes=A5A5A5A5A5A5A5A5A5A5A5A5A5A5A5A5A5A5A5A5A5A5A5A5A5A5A5A5A5A5A5A5A5A5A5A5A5A5A5A5A5A5A5A5A5A5A5A5A5A5A5A5A5A5A5A5A5A5A5A5A5A5A5A5
matrix target=4 class=4294967295 length=1 status=C0000003 exception=00000000 returned=18446744073709551615 bytes=A5A5A5A5A5A5A5A5A5A5A5A5A5A5A5A5A5A5A5A5A5A5A5A5A5A5A5A5A5A5A5A5A5A5A5A5A5A5A5A5A5A5A5A5A5A5A5A5A5A5A5A5A5A5A5A5A5A5A5A5A5A5A5A5
matrix target=4 class=4294967295 length=12 status=C0000003 exception=00000000 returned=18446744073709551615 bytes=A5A5A5A5A5A5A5A5A5A5A5A5A5A5A5A5A5A5A5A5A5A5A5A5A5A5A5A5A5A5A5A5A5A5A5A5A5A5A5A5A5A5A5A5A5A5A5A5A5A5A5A5A5A5A5A5A5A5A5A5A5A5A5A5
matrix target=4 class=4294967295 length=16 status=C0000003 exception=00000000 returned=18446744073709551615 bytes=A5A5A5A5A5A5A5A5A5A5A5A5A5A5A5A5A5A5A5A5A5A5A5A5A5A5A5A5A5A5A5A5A5A5A5A5A5A5A5A5A5A5A5A5A5A5A5A5A5A5A5A5A5A5A5A5A5A5A5A5A5A5A5A5
matrix target=4 class=4294967295 length=20 status=C0000003 exception=00000000 returned=18446744073709551615 bytes=A5A5A5A5A5A5A5A5A5A5A5A5A5A5A5A5A5A5A5A5A5A5A5A5A5A5A5A5A5A5A5A5A5A5A5A5A5A5A5A5A5A5A5A5A5A5A5A5A5A5A5A5A5A5A5A5A5A5A5A5A5A5A5A5
matrix target=4 class=4294967295 length=24 status=C0000003 exception=00000000 returned=18446744073709551615 bytes=A5A5A5A5A5A5A5A5A5A5A5A5A5A5A5A5A5A5A5A5A5A5A5A5A5A5A5A5A5A5A5A5A5A5A5A5A5A5A5A5A5A5A5A5A5A5A5A5A5A5A5A5A5A5A5A5A5A5A5A5A5A5A5A5
matrix target=4 class=4294967295 length=28 status=C0000003 exception=00000000 returned=18446744073709551615 bytes=A5A5A5A5A5A5A5A5A5A5A5A5A5A5A5A5A5A5A5A5A5A5A5A5A5A5A5A5A5A5A5A5A5A5A5A5A5A5A5A5A5A5A5A5A5A5A5A5A5A5A5A5A5A5A5A5A5A5A5A5A5A5A5A5
matrix target=4 class=4294967295 length=32 status=C0000003 exception=00000000 returned=18446744073709551615 bytes=A5A5A5A5A5A5A5A5A5A5A5A5A5A5A5A5A5A5A5A5A5A5A5A5A5A5A5A5A5A5A5A5A5A5A5A5A5A5A5A5A5A5A5A5A5A5A5A5A5A5A5A5A5A5A5A5A5A5A5A5A5A5A5A5
matrix target=4 class=4294967295 length=48 status=C0000003 exception=00000000 returned=18446744073709551615 bytes=A5A5A5A5A5A5A5A5A5A5A5A5A5A5A5A5A5A5A5A5A5A5A5A5A5A5A5A5A5A5A5A5A5A5A5A5A5A5A5A5A5A5A5A5A5A5A5A5A5A5A5A5A5A5A5A5A5A5A5A5A5A5A5A5
matrix target=4 class=4294967295 length=64 status=C0000003 exception=00000000 returned=18446744073709551615 bytes=A5A5A5A5A5A5A5A5A5A5A5A5A5A5A5A5A5A5A5A5A5A5A5A5A5A5A5A5A5A5A5A5A5A5A5A5A5A5A5A5A5A5A5A5A5A5A5A5A5A5A5A5A5A5A5A5A5A5A5A5A5A5A5A5
matrix target=4 class=4294967295 length=128 status=C0000003 exception=00000000 returned=18446744073709551615 bytes=A5A5A5A5A5A5A5A5A5A5A5A5A5A5A5A5A5A5A5A5A5A5A5A5A5A5A5A5A5A5A5A5A5A5A5A5A5A5A5A5A5A5A5A5A5A5A5A5A5A5A5A5A5A5A5A5A5A5A5A5A5A5A5A5
matrix target=5 class=0 length=0 status=C0000004 exception=00000000 returned=18446744073709551615 bytes=A5A5A5A5A5A5A5A5A5A5A5A5A5A5A5A5A5A5A5A5A5A5A5A5A5A5A5A5A5A5A5A5A5A5A5A5A5A5A5A5A5A5A5A5A5A5A5A5A5A5A5A5A5A5A5A5A5A5A5A5A5A5A5A5
matrix target=5 class=0 length=1 status=C0000004 exception=00000000 returned=18446744073709551615 bytes=A5A5A5A5A5A5A5A5A5A5A5A5A5A5A5A5A5A5A5A5A5A5A5A5A5A5A5A5A5A5A5A5A5A5A5A5A5A5A5A5A5A5A5A5A5A5A5A5A5A5A5A5A5A5A5A5A5A5A5A5A5A5A5A5
matrix target=5 class=0 length=12 status=C0000004 exception=00000000 returned=18446744073709551615 bytes=A5A5A5A5A5A5A5A5A5A5A5A5A5A5A5A5A5A5A5A5A5A5A5A5A5A5A5A5A5A5A5A5A5A5A5A5A5A5A5A5A5A5A5A5A5A5A5A5A5A5A5A5A5A5A5A5A5A5A5A5A5A5A5A5
matrix target=5 class=0 length=16 status=C0000004 exception=00000000 returned=18446744073709551615 bytes=A5A5A5A5A5A5A5A5A5A5A5A5A5A5A5A5A5A5A5A5A5A5A5A5A5A5A5A5A5A5A5A5A5A5A5A5A5A5A5A5A5A5A5A5A5A5A5A5A5A5A5A5A5A5A5A5A5A5A5A5A5A5A5A5
matrix target=5 class=0 length=20 status=C0000004 exception=00000000 returned=18446744073709551615 bytes=A5A5A5A5A5A5A5A5A5A5A5A5A5A5A5A5A5A5A5A5A5A5A5A5A5A5A5A5A5A5A5A5A5A5A5A5A5A5A5A5A5A5A5A5A5A5A5A5A5A5A5A5A5A5A5A5A5A5A5A5A5A5A5A5
matrix target=5 class=0 length=24 status=C0000004 exception=00000000 returned=18446744073709551615 bytes=A5A5A5A5A5A5A5A5A5A5A5A5A5A5A5A5A5A5A5A5A5A5A5A5A5A5A5A5A5A5A5A5A5A5A5A5A5A5A5A5A5A5A5A5A5A5A5A5A5A5A5A5A5A5A5A5A5A5A5A5A5A5A5A5
matrix target=5 class=0 length=28 status=C0000004 exception=00000000 returned=18446744073709551615 bytes=A5A5A5A5A5A5A5A5A5A5A5A5A5A5A5A5A5A5A5A5A5A5A5A5A5A5A5A5A5A5A5A5A5A5A5A5A5A5A5A5A5A5A5A5A5A5A5A5A5A5A5A5A5A5A5A5A5A5A5A5A5A5A5A5
matrix target=5 class=0 length=32 status=C0000004 exception=00000000 returned=18446744073709551615 bytes=A5A5A5A5A5A5A5A5A5A5A5A5A5A5A5A5A5A5A5A5A5A5A5A5A5A5A5A5A5A5A5A5A5A5A5A5A5A5A5A5A5A5A5A5A5A5A5A5A5A5A5A5A5A5A5A5A5A5A5A5A5A5A5A5
matrix target=5 class=0 length=48 status=00000000 exception=00000000 returned=48 bytes=0000000000000000000000000000000000000000000000000000FE7F0000000000000100010000000000000000000000A5A5A5A5A5A5A5A5A5A5A5A5A5A5A5A5
matrix target=5 class=0 length=64 status=00000000 exception=00000000 returned=48 bytes=0000000000000000000000000000000000000000000000000000FE7F0000000000000100010000000000000000000000A5A5A5A5A5A5A5A5A5A5A5A5A5A5A5A5
matrix target=5 class=0 length=128 status=00000000 exception=00000000 returned=48 bytes=0000000000000000000000000000000000000000000000000000FE7F0000000000000100010000000000000000000000A5A5A5A5A5A5A5A5A5A5A5A5A5A5A5A5
matrix target=5 class=6 length=0 status=C0000004 exception=00000000 returned=18446744073709551615 bytes=A5A5A5A5A5A5A5A5A5A5A5A5A5A5A5A5A5A5A5A5A5A5A5A5A5A5A5A5A5A5A5A5A5A5A5A5A5A5A5A5A5A5A5A5A5A5A5A5A5A5A5A5A5A5A5A5A5A5A5A5A5A5A5A5
matrix target=5 class=6 length=1 status=C0000004 exception=00000000 returned=18446744073709551615 bytes=A5A5A5A5A5A5A5A5A5A5A5A5A5A5A5A5A5A5A5A5A5A5A5A5A5A5A5A5A5A5A5A5A5A5A5A5A5A5A5A5A5A5A5A5A5A5A5A5A5A5A5A5A5A5A5A5A5A5A5A5A5A5A5A5
matrix target=5 class=6 length=12 status=C0000004 exception=00000000 returned=18446744073709551615 bytes=A5A5A5A5A5A5A5A5A5A5A5A5A5A5A5A5A5A5A5A5A5A5A5A5A5A5A5A5A5A5A5A5A5A5A5A5A5A5A5A5A5A5A5A5A5A5A5A5A5A5A5A5A5A5A5A5A5A5A5A5A5A5A5A5
matrix target=5 class=6 length=16 status=C0000004 exception=00000000 returned=18446744073709551615 bytes=A5A5A5A5A5A5A5A5A5A5A5A5A5A5A5A5A5A5A5A5A5A5A5A5A5A5A5A5A5A5A5A5A5A5A5A5A5A5A5A5A5A5A5A5A5A5A5A5A5A5A5A5A5A5A5A5A5A5A5A5A5A5A5A5
matrix target=5 class=6 length=20 status=C0000004 exception=00000000 returned=18446744073709551615 bytes=A5A5A5A5A5A5A5A5A5A5A5A5A5A5A5A5A5A5A5A5A5A5A5A5A5A5A5A5A5A5A5A5A5A5A5A5A5A5A5A5A5A5A5A5A5A5A5A5A5A5A5A5A5A5A5A5A5A5A5A5A5A5A5A5
matrix target=5 class=6 length=24 status=C0000141 exception=00000000 returned=18446744073709551615 bytes=A5A5A5A5A5A5A5A5A5A5A5A5A5A5A5A5A5A5A5A5A5A5A5A5A5A5A5A5A5A5A5A5A5A5A5A5A5A5A5A5A5A5A5A5A5A5A5A5A5A5A5A5A5A5A5A5A5A5A5A5A5A5A5A5
matrix target=5 class=6 length=28 status=C0000141 exception=00000000 returned=18446744073709551615 bytes=A5A5A5A5A5A5A5A5A5A5A5A5A5A5A5A5A5A5A5A5A5A5A5A5A5A5A5A5A5A5A5A5A5A5A5A5A5A5A5A5A5A5A5A5A5A5A5A5A5A5A5A5A5A5A5A5A5A5A5A5A5A5A5A5
matrix target=5 class=6 length=32 status=C0000141 exception=00000000 returned=18446744073709551615 bytes=A5A5A5A5A5A5A5A5A5A5A5A5A5A5A5A5A5A5A5A5A5A5A5A5A5A5A5A5A5A5A5A5A5A5A5A5A5A5A5A5A5A5A5A5A5A5A5A5A5A5A5A5A5A5A5A5A5A5A5A5A5A5A5A5
matrix target=5 class=6 length=48 status=C0000141 exception=00000000 returned=18446744073709551615 bytes=A5A5A5A5A5A5A5A5A5A5A5A5A5A5A5A5A5A5A5A5A5A5A5A5A5A5A5A5A5A5A5A5A5A5A5A5A5A5A5A5A5A5A5A5A5A5A5A5A5A5A5A5A5A5A5A5A5A5A5A5A5A5A5A5
matrix target=5 class=6 length=64 status=C0000141 exception=00000000 returned=18446744073709551615 bytes=A5A5A5A5A5A5A5A5A5A5A5A5A5A5A5A5A5A5A5A5A5A5A5A5A5A5A5A5A5A5A5A5A5A5A5A5A5A5A5A5A5A5A5A5A5A5A5A5A5A5A5A5A5A5A5A5A5A5A5A5A5A5A5A5
matrix target=5 class=6 length=128 status=C0000141 exception=00000000 returned=18446744073709551615 bytes=A5A5A5A5A5A5A5A5A5A5A5A5A5A5A5A5A5A5A5A5A5A5A5A5A5A5A5A5A5A5A5A5A5A5A5A5A5A5A5A5A5A5A5A5A5A5A5A5A5A5A5A5A5A5A5A5A5A5A5A5A5A5A5A5
matrix target=5 class=4294967295 length=0 status=C0000003 exception=00000000 returned=18446744073709551615 bytes=A5A5A5A5A5A5A5A5A5A5A5A5A5A5A5A5A5A5A5A5A5A5A5A5A5A5A5A5A5A5A5A5A5A5A5A5A5A5A5A5A5A5A5A5A5A5A5A5A5A5A5A5A5A5A5A5A5A5A5A5A5A5A5A5
matrix target=5 class=4294967295 length=1 status=C0000003 exception=00000000 returned=18446744073709551615 bytes=A5A5A5A5A5A5A5A5A5A5A5A5A5A5A5A5A5A5A5A5A5A5A5A5A5A5A5A5A5A5A5A5A5A5A5A5A5A5A5A5A5A5A5A5A5A5A5A5A5A5A5A5A5A5A5A5A5A5A5A5A5A5A5A5
matrix target=5 class=4294967295 length=12 status=C0000003 exception=00000000 returned=18446744073709551615 bytes=A5A5A5A5A5A5A5A5A5A5A5A5A5A5A5A5A5A5A5A5A5A5A5A5A5A5A5A5A5A5A5A5A5A5A5A5A5A5A5A5A5A5A5A5A5A5A5A5A5A5A5A5A5A5A5A5A5A5A5A5A5A5A5A5
matrix target=5 class=4294967295 length=16 status=C0000003 exception=00000000 returned=18446744073709551615 bytes=A5A5A5A5A5A5A5A5A5A5A5A5A5A5A5A5A5A5A5A5A5A5A5A5A5A5A5A5A5A5A5A5A5A5A5A5A5A5A5A5A5A5A5A5A5A5A5A5A5A5A5A5A5A5A5A5A5A5A5A5A5A5A5A5
matrix target=5 class=4294967295 length=20 status=C0000003 exception=00000000 returned=18446744073709551615 bytes=A5A5A5A5A5A5A5A5A5A5A5A5A5A5A5A5A5A5A5A5A5A5A5A5A5A5A5A5A5A5A5A5A5A5A5A5A5A5A5A5A5A5A5A5A5A5A5A5A5A5A5A5A5A5A5A5A5A5A5A5A5A5A5A5
matrix target=5 class=4294967295 length=24 status=C0000003 exception=00000000 returned=18446744073709551615 bytes=A5A5A5A5A5A5A5A5A5A5A5A5A5A5A5A5A5A5A5A5A5A5A5A5A5A5A5A5A5A5A5A5A5A5A5A5A5A5A5A5A5A5A5A5A5A5A5A5A5A5A5A5A5A5A5A5A5A5A5A5A5A5A5A5
matrix target=5 class=4294967295 length=28 status=C0000003 exception=00000000 returned=18446744073709551615 bytes=A5A5A5A5A5A5A5A5A5A5A5A5A5A5A5A5A5A5A5A5A5A5A5A5A5A5A5A5A5A5A5A5A5A5A5A5A5A5A5A5A5A5A5A5A5A5A5A5A5A5A5A5A5A5A5A5A5A5A5A5A5A5A5A5
matrix target=5 class=4294967295 length=32 status=C0000003 exception=00000000 returned=18446744073709551615 bytes=A5A5A5A5A5A5A5A5A5A5A5A5A5A5A5A5A5A5A5A5A5A5A5A5A5A5A5A5A5A5A5A5A5A5A5A5A5A5A5A5A5A5A5A5A5A5A5A5A5A5A5A5A5A5A5A5A5A5A5A5A5A5A5A5
matrix target=5 class=4294967295 length=48 status=C0000003 exception=00000000 returned=18446744073709551615 bytes=A5A5A5A5A5A5A5A5A5A5A5A5A5A5A5A5A5A5A5A5A5A5A5A5A5A5A5A5A5A5A5A5A5A5A5A5A5A5A5A5A5A5A5A5A5A5A5A5A5A5A5A5A5A5A5A5A5A5A5A5A5A5A5A5
matrix target=5 class=4294967295 length=64 status=C0000003 exception=00000000 returned=18446744073709551615 bytes=A5A5A5A5A5A5A5A5A5A5A5A5A5A5A5A5A5A5A5A5A5A5A5A5A5A5A5A5A5A5A5A5A5A5A5A5A5A5A5A5A5A5A5A5A5A5A5A5A5A5A5A5A5A5A5A5A5A5A5A5A5A5A5A5
matrix target=5 class=4294967295 length=128 status=C0000003 exception=00000000 returned=18446744073709551615 bytes=A5A5A5A5A5A5A5A5A5A5A5A5A5A5A5A5A5A5A5A5A5A5A5A5A5A5A5A5A5A5A5A5A5A5A5A5A5A5A5A5A5A5A5A5A5A5A5A5A5A5A5A5A5A5A5A5A5A5A5A5A5A5A5A5
matrix target=6 class=0 length=0 status=C0000004 exception=00000000 returned=18446744073709551615 bytes=A5A5A5A5A5A5A5A5A5A5A5A5A5A5A5A5A5A5A5A5A5A5A5A5A5A5A5A5A5A5A5A5A5A5A5A5A5A5A5A5A5A5A5A5A5A5A5A5A5A5A5A5A5A5A5A5A5A5A5A5A5A5A5A5
matrix target=6 class=0 length=1 status=C0000004 exception=00000000 returned=18446744073709551615 bytes=A5A5A5A5A5A5A5A5A5A5A5A5A5A5A5A5A5A5A5A5A5A5A5A5A5A5A5A5A5A5A5A5A5A5A5A5A5A5A5A5A5A5A5A5A5A5A5A5A5A5A5A5A5A5A5A5A5A5A5A5A5A5A5A5
matrix target=6 class=0 length=12 status=C0000004 exception=00000000 returned=18446744073709551615 bytes=A5A5A5A5A5A5A5A5A5A5A5A5A5A5A5A5A5A5A5A5A5A5A5A5A5A5A5A5A5A5A5A5A5A5A5A5A5A5A5A5A5A5A5A5A5A5A5A5A5A5A5A5A5A5A5A5A5A5A5A5A5A5A5A5
matrix target=6 class=0 length=16 status=C0000004 exception=00000000 returned=18446744073709551615 bytes=A5A5A5A5A5A5A5A5A5A5A5A5A5A5A5A5A5A5A5A5A5A5A5A5A5A5A5A5A5A5A5A5A5A5A5A5A5A5A5A5A5A5A5A5A5A5A5A5A5A5A5A5A5A5A5A5A5A5A5A5A5A5A5A5
matrix target=6 class=0 length=20 status=C0000004 exception=00000000 returned=18446744073709551615 bytes=A5A5A5A5A5A5A5A5A5A5A5A5A5A5A5A5A5A5A5A5A5A5A5A5A5A5A5A5A5A5A5A5A5A5A5A5A5A5A5A5A5A5A5A5A5A5A5A5A5A5A5A5A5A5A5A5A5A5A5A5A5A5A5A5
matrix target=6 class=0 length=24 status=C0000004 exception=00000000 returned=18446744073709551615 bytes=A5A5A5A5A5A5A5A5A5A5A5A5A5A5A5A5A5A5A5A5A5A5A5A5A5A5A5A5A5A5A5A5A5A5A5A5A5A5A5A5A5A5A5A5A5A5A5A5A5A5A5A5A5A5A5A5A5A5A5A5A5A5A5A5
matrix target=6 class=0 length=28 status=C0000004 exception=00000000 returned=18446744073709551615 bytes=A5A5A5A5A5A5A5A5A5A5A5A5A5A5A5A5A5A5A5A5A5A5A5A5A5A5A5A5A5A5A5A5A5A5A5A5A5A5A5A5A5A5A5A5A5A5A5A5A5A5A5A5A5A5A5A5A5A5A5A5A5A5A5A5
matrix target=6 class=0 length=32 status=C0000004 exception=00000000 returned=18446744073709551615 bytes=A5A5A5A5A5A5A5A5A5A5A5A5A5A5A5A5A5A5A5A5A5A5A5A5A5A5A5A5A5A5A5A5A5A5A5A5A5A5A5A5A5A5A5A5A5A5A5A5A5A5A5A5A5A5A5A5A5A5A5A5A5A5A5A5
matrix target=6 class=0 length=48 status=C000000D exception=00000000 returned=18446744073709551615 bytes=A5A5A5A5A5A5A5A5A5A5A5A5A5A5A5A5A5A5A5A5A5A5A5A5A5A5A5A5A5A5A5A5A5A5A5A5A5A5A5A5A5A5A5A5A5A5A5A5A5A5A5A5A5A5A5A5A5A5A5A5A5A5A5A5
matrix target=6 class=0 length=64 status=C000000D exception=00000000 returned=18446744073709551615 bytes=A5A5A5A5A5A5A5A5A5A5A5A5A5A5A5A5A5A5A5A5A5A5A5A5A5A5A5A5A5A5A5A5A5A5A5A5A5A5A5A5A5A5A5A5A5A5A5A5A5A5A5A5A5A5A5A5A5A5A5A5A5A5A5A5
matrix target=6 class=0 length=128 status=C000000D exception=00000000 returned=18446744073709551615 bytes=A5A5A5A5A5A5A5A5A5A5A5A5A5A5A5A5A5A5A5A5A5A5A5A5A5A5A5A5A5A5A5A5A5A5A5A5A5A5A5A5A5A5A5A5A5A5A5A5A5A5A5A5A5A5A5A5A5A5A5A5A5A5A5A5
matrix target=6 class=6 length=0 status=C0000004 exception=00000000 returned=18446744073709551615 bytes=A5A5A5A5A5A5A5A5A5A5A5A5A5A5A5A5A5A5A5A5A5A5A5A5A5A5A5A5A5A5A5A5A5A5A5A5A5A5A5A5A5A5A5A5A5A5A5A5A5A5A5A5A5A5A5A5A5A5A5A5A5A5A5A5
matrix target=6 class=6 length=1 status=C0000004 exception=00000000 returned=18446744073709551615 bytes=A5A5A5A5A5A5A5A5A5A5A5A5A5A5A5A5A5A5A5A5A5A5A5A5A5A5A5A5A5A5A5A5A5A5A5A5A5A5A5A5A5A5A5A5A5A5A5A5A5A5A5A5A5A5A5A5A5A5A5A5A5A5A5A5
matrix target=6 class=6 length=12 status=C0000004 exception=00000000 returned=18446744073709551615 bytes=A5A5A5A5A5A5A5A5A5A5A5A5A5A5A5A5A5A5A5A5A5A5A5A5A5A5A5A5A5A5A5A5A5A5A5A5A5A5A5A5A5A5A5A5A5A5A5A5A5A5A5A5A5A5A5A5A5A5A5A5A5A5A5A5
matrix target=6 class=6 length=16 status=C0000004 exception=00000000 returned=18446744073709551615 bytes=A5A5A5A5A5A5A5A5A5A5A5A5A5A5A5A5A5A5A5A5A5A5A5A5A5A5A5A5A5A5A5A5A5A5A5A5A5A5A5A5A5A5A5A5A5A5A5A5A5A5A5A5A5A5A5A5A5A5A5A5A5A5A5A5
matrix target=6 class=6 length=20 status=C0000004 exception=00000000 returned=18446744073709551615 bytes=A5A5A5A5A5A5A5A5A5A5A5A5A5A5A5A5A5A5A5A5A5A5A5A5A5A5A5A5A5A5A5A5A5A5A5A5A5A5A5A5A5A5A5A5A5A5A5A5A5A5A5A5A5A5A5A5A5A5A5A5A5A5A5A5
matrix target=6 class=6 length=24 status=C000000D exception=00000000 returned=18446744073709551615 bytes=A5A5A5A5A5A5A5A5A5A5A5A5A5A5A5A5A5A5A5A5A5A5A5A5A5A5A5A5A5A5A5A5A5A5A5A5A5A5A5A5A5A5A5A5A5A5A5A5A5A5A5A5A5A5A5A5A5A5A5A5A5A5A5A5
matrix target=6 class=6 length=28 status=C000000D exception=00000000 returned=18446744073709551615 bytes=A5A5A5A5A5A5A5A5A5A5A5A5A5A5A5A5A5A5A5A5A5A5A5A5A5A5A5A5A5A5A5A5A5A5A5A5A5A5A5A5A5A5A5A5A5A5A5A5A5A5A5A5A5A5A5A5A5A5A5A5A5A5A5A5
matrix target=6 class=6 length=32 status=C000000D exception=00000000 returned=18446744073709551615 bytes=A5A5A5A5A5A5A5A5A5A5A5A5A5A5A5A5A5A5A5A5A5A5A5A5A5A5A5A5A5A5A5A5A5A5A5A5A5A5A5A5A5A5A5A5A5A5A5A5A5A5A5A5A5A5A5A5A5A5A5A5A5A5A5A5
matrix target=6 class=6 length=48 status=C000000D exception=00000000 returned=18446744073709551615 bytes=A5A5A5A5A5A5A5A5A5A5A5A5A5A5A5A5A5A5A5A5A5A5A5A5A5A5A5A5A5A5A5A5A5A5A5A5A5A5A5A5A5A5A5A5A5A5A5A5A5A5A5A5A5A5A5A5A5A5A5A5A5A5A5A5
matrix target=6 class=6 length=64 status=C000000D exception=00000000 returned=18446744073709551615 bytes=A5A5A5A5A5A5A5A5A5A5A5A5A5A5A5A5A5A5A5A5A5A5A5A5A5A5A5A5A5A5A5A5A5A5A5A5A5A5A5A5A5A5A5A5A5A5A5A5A5A5A5A5A5A5A5A5A5A5A5A5A5A5A5A5
matrix target=6 class=6 length=128 status=C000000D exception=00000000 returned=18446744073709551615 bytes=A5A5A5A5A5A5A5A5A5A5A5A5A5A5A5A5A5A5A5A5A5A5A5A5A5A5A5A5A5A5A5A5A5A5A5A5A5A5A5A5A5A5A5A5A5A5A5A5A5A5A5A5A5A5A5A5A5A5A5A5A5A5A5A5
matrix target=6 class=4294967295 length=0 status=C0000003 exception=00000000 returned=18446744073709551615 bytes=A5A5A5A5A5A5A5A5A5A5A5A5A5A5A5A5A5A5A5A5A5A5A5A5A5A5A5A5A5A5A5A5A5A5A5A5A5A5A5A5A5A5A5A5A5A5A5A5A5A5A5A5A5A5A5A5A5A5A5A5A5A5A5A5
matrix target=6 class=4294967295 length=1 status=C0000003 exception=00000000 returned=18446744073709551615 bytes=A5A5A5A5A5A5A5A5A5A5A5A5A5A5A5A5A5A5A5A5A5A5A5A5A5A5A5A5A5A5A5A5A5A5A5A5A5A5A5A5A5A5A5A5A5A5A5A5A5A5A5A5A5A5A5A5A5A5A5A5A5A5A5A5
matrix target=6 class=4294967295 length=12 status=C0000003 exception=00000000 returned=18446744073709551615 bytes=A5A5A5A5A5A5A5A5A5A5A5A5A5A5A5A5A5A5A5A5A5A5A5A5A5A5A5A5A5A5A5A5A5A5A5A5A5A5A5A5A5A5A5A5A5A5A5A5A5A5A5A5A5A5A5A5A5A5A5A5A5A5A5A5
matrix target=6 class=4294967295 length=16 status=C0000003 exception=00000000 returned=18446744073709551615 bytes=A5A5A5A5A5A5A5A5A5A5A5A5A5A5A5A5A5A5A5A5A5A5A5A5A5A5A5A5A5A5A5A5A5A5A5A5A5A5A5A5A5A5A5A5A5A5A5A5A5A5A5A5A5A5A5A5A5A5A5A5A5A5A5A5
matrix target=6 class=4294967295 length=20 status=C0000003 exception=00000000 returned=18446744073709551615 bytes=A5A5A5A5A5A5A5A5A5A5A5A5A5A5A5A5A5A5A5A5A5A5A5A5A5A5A5A5A5A5A5A5A5A5A5A5A5A5A5A5A5A5A5A5A5A5A5A5A5A5A5A5A5A5A5A5A5A5A5A5A5A5A5A5
matrix target=6 class=4294967295 length=24 status=C0000003 exception=00000000 returned=18446744073709551615 bytes=A5A5A5A5A5A5A5A5A5A5A5A5A5A5A5A5A5A5A5A5A5A5A5A5A5A5A5A5A5A5A5A5A5A5A5A5A5A5A5A5A5A5A5A5A5A5A5A5A5A5A5A5A5A5A5A5A5A5A5A5A5A5A5A5
matrix target=6 class=4294967295 length=28 status=C0000003 exception=00000000 returned=18446744073709551615 bytes=A5A5A5A5A5A5A5A5A5A5A5A5A5A5A5A5A5A5A5A5A5A5A5A5A5A5A5A5A5A5A5A5A5A5A5A5A5A5A5A5A5A5A5A5A5A5A5A5A5A5A5A5A5A5A5A5A5A5A5A5A5A5A5A5
matrix target=6 class=4294967295 length=32 status=C0000003 exception=00000000 returned=18446744073709551615 bytes=A5A5A5A5A5A5A5A5A5A5A5A5A5A5A5A5A5A5A5A5A5A5A5A5A5A5A5A5A5A5A5A5A5A5A5A5A5A5A5A5A5A5A5A5A5A5A5A5A5A5A5A5A5A5A5A5A5A5A5A5A5A5A5A5
matrix target=6 class=4294967295 length=48 status=C0000003 exception=00000000 returned=18446744073709551615 bytes=A5A5A5A5A5A5A5A5A5A5A5A5A5A5A5A5A5A5A5A5A5A5A5A5A5A5A5A5A5A5A5A5A5A5A5A5A5A5A5A5A5A5A5A5A5A5A5A5A5A5A5A5A5A5A5A5A5A5A5A5A5A5A5A5
matrix target=6 class=4294967295 length=64 status=C0000003 exception=00000000 returned=18446744073709551615 bytes=A5A5A5A5A5A5A5A5A5A5A5A5A5A5A5A5A5A5A5A5A5A5A5A5A5A5A5A5A5A5A5A5A5A5A5A5A5A5A5A5A5A5A5A5A5A5A5A5A5A5A5A5A5A5A5A5A5A5A5A5A5A5A5A5
matrix target=6 class=4294967295 length=128 status=C0000003 exception=00000000 returned=18446744073709551615 bytes=A5A5A5A5A5A5A5A5A5A5A5A5A5A5A5A5A5A5A5A5A5A5A5A5A5A5A5A5A5A5A5A5A5A5A5A5A5A5A5A5A5A5A5A5A5A5A5A5A5A5A5A5A5A5A5A5A5A5A5A5A5A5A5A5
fault role=0 class=6 length=24 status=00000000 exception=00000000 guards=000 bytes=00007867F87F000000304700000000007000000000000000A5A5A5A5A5A5A5A5A5A5A5A5A5A5A5A5A5A5A5A5A5A5A5A5A5A5A5A5A5A5A5A5A5A5A5A5A5A5A5A5 returned=1800000000000000A5A5A5A5A5A5A5A5
fault role=1 class=6 length=24 status=00000000 exception=00000000 guards=000 bytes=00007867F87F000000304700000000007000000000000000A5A5A5A5A5A5A5A5A5A5A5A5A5A5A5A5A5A5A5A5A5A5A5A5A5A5A5A5A5A5A5A5A5A5A5A5A5A5A5A5 returned=A5A5A5A5A5A5A5A5A5A5A5A5A5A5A5A5
fault role=2 class=6 length=24 status=C0000005 exception=00000000 guards=000 bytes=A5A5A5A5A5A5A5A5A5A5A5A5A5A5A5A5A5A5A5A5A5A5A5A5A5A5A5A5A5A5A5A5A5A5A5A5A5A5A5A5A5A5A5A5A5A5A5A5A5A5A5A5A5A5A5A5A5A5A5A5A5A5A5A5 returned=A5A5A5A5A5A5A5A5A5A5A5A5A5A5A5A5
fault role=3 class=6 length=24 status=80000002 exception=00000000 guards=000 bytes=A5A5A5A5A5A5A5A5A5A5A5A5A5A5A5A5A5A5A5A5A5A5A5A5A5A5A5A5A5A5A5A5A5A5A5A5A5A5A5A5A5A5A5A5A5A5A5A5A5A5A5A5A5A5A5A5A5A5A5A5A5A5A5A5 returned=A5A5A5A5A5A5A5A5A5A5A5A5A5A5A5A5
fault role=4 class=6 length=24 status=C0000005 exception=00000000 guards=000 bytes=A5A5A5A5A5A5A5A5A5A5A5A5A5A5A5A5A5A5A5A5A5A5A5A5A5A5A5A5A5A5A5A5A5A5A5A5A5A5A5A5A5A5A5A5A5A5A5A5A5A5A5A5A5A5A5A5A5A5A5A5A5A5A5A5 returned=A5A5A5A5A5A5A5A5A5A5A5A5A5A5A5A5
fault role=5 class=6 length=24 status=80000002 exception=00000000 guards=000 bytes=A5A5A5A5A5A5A5A5A5A5A5A5A5A5A5A5A5A5A5A5A5A5A5A5A5A5A5A5A5A5A5A5A5A5A5A5A5A5A5A5A5A5A5A5A5A5A5A5A5A5A5A5A5A5A5A5A5A5A5A5A5A5A5A5 returned=A5A5A5A5A5A5A5A5A5A5A5A5A5A5A5A5
fault role=6 class=6 length=24 status=00000000 exception=00000000 guards=000 bytes=00007867F87F000000304700000000007000000000000000A5A5A5A5A5A5A5A5A5A5A5A5A5A5A5A5A5A5A5A5A5A5A5A5A5A5A5A5A5A5A5A5A5A5A5A5A5A5A5A5 returned=A51800000000000000A5A5A5A5A5A5A5
fault role=7 class=6 length=24 status=C0000008 exception=00000000 guards=000 bytes=A5A5A5A5A5A5A5A5A5A5A5A5A5A5A5A5A5A5A5A5A5A5A5A5A5A5A5A5A5A5A5A5A5A5A5A5A5A5A5A5A5A5A5A5A5A5A5A5A5A5A5A5A5A5A5A5A5A5A5A5A5A5A5A5 returned=A5A5A5A5A5A5A5A5A5A5A5A5A5A5A5A5
fault role=8 class=6 length=24 status=C0000024 exception=00000000 guards=000 bytes=A5A5A5A5A5A5A5A5A5A5A5A5A5A5A5A5A5A5A5A5A5A5A5A5A5A5A5A5A5A5A5A5A5A5A5A5A5A5A5A5A5A5A5A5A5A5A5A5A5A5A5A5A5A5A5A5A5A5A5A5A5A5A5A5 returned=A5A5A5A5A5A5A5A5A5A5A5A5A5A5A5A5
fault role=9 class=4294967295 length=24 status=C0000003 exception=00000000 guards=000 bytes=A5A5A5A5A5A5A5A5A5A5A5A5A5A5A5A5A5A5A5A5A5A5A5A5A5A5A5A5A5A5A5A5A5A5A5A5A5A5A5A5A5A5A5A5A5A5A5A5A5A5A5A5A5A5A5A5A5A5A5A5A5A5A5A5 returned=A5A5A5A5A5A5A5A5A5A5A5A5A5A5A5A5
fault role=10 class=4294967295 length=24 status=C0000003 exception=00000000 guards=000 bytes=A5A5A5A5A5A5A5A5A5A5A5A5A5A5A5A5A5A5A5A5A5A5A5A5A5A5A5A5A5A5A5A5A5A5A5A5A5A5A5A5A5A5A5A5A5A5A5A5A5A5A5A5A5A5A5A5A5A5A5A5A5A5A5A5 returned=A5A5A5A5A5A5A5A5A5A5A5A5A5A5A5A5
fault role=11 class=6 length=0 status=C0000004 exception=00000000 guards=000 bytes=A5A5A5A5A5A5A5A5A5A5A5A5A5A5A5A5A5A5A5A5A5A5A5A5A5A5A5A5A5A5A5A5A5A5A5A5A5A5A5A5A5A5A5A5A5A5A5A5A5A5A5A5A5A5A5A5A5A5A5A5A5A5A5A5 returned=A5A5A5A5A5A5A5A5A5A5A5A5A5A5A5A5
fault role=12 class=6 length=0 status=C0000004 exception=00000000 guards=000 bytes=A5A5A5A5A5A5A5A5A5A5A5A5A5A5A5A5A5A5A5A5A5A5A5A5A5A5A5A5A5A5A5A5A5A5A5A5A5A5A5A5A5A5A5A5A5A5A5A5A5A5A5A5A5A5A5A5A5A5A5A5A5A5A5A5 returned=A5A5A5A5A5A5A5A5A5A5A5A5A5A5A5A5
fault role=13 class=6 length=24 status=C0000005 exception=00000000 guards=000 bytes=A5A5A5A5A5A5A5A5A5A5A5A5A5A5A5A5A5A5A5A5A5A5A5A5A5A5A5A5A5A5A5A5A5A5A5A5A5A5A5A5A5A5A5A5A5A5A5A5A5A5A5A5A5A5A5A5A5A5A5A5A5A5A5A5 returned=A5A5A5A5A5A5A5A5A5A5A5A5A5A5A5A5
fault role=14 class=6 length=24 status=C0000005 exception=00000000 guards=000 bytes=A5A5A5A5A5A5A5A5A5A5A5A5A5A5A5A5A5A5A5A5A5A5A5A5A5A5A5A5A5A5A5A5A5A5A5A5A5A5A5A5A5A5A5A5A5A5A5A5A5A5A5A5A5A5A5A5A5A5A5A5A5A5A5A5 returned=A5A5A5A5A5A5A5A5A5A5A5A5A5A5A5A5
fault role=15 class=6 length=24 status=80000001 exception=00000000 guards=000 bytes=A5A5A5A5A5A5A5A5A5A5A5A5A5A5A5A5A5A5A5A5A5A5A5A5A5A5A5A5A5A5A5A5A5A5A5A5A5A5A5A5A5A5A5A5A5A5A5A5A5A5A5A5A5A5A5A5A5A5A5A5A5A5A5A5 returned=A5A5A5A5A5A5A5A5A5A5A5A5A5A5A5A5
fault role=16 class=6 length=24 status=80000001 exception=00000000 guards=000 bytes=A5A5A5A5A5A5A5A5A5A5A5A5A5A5A5A5A5A5A5A5A5A5A5A5A5A5A5A5A5A5A5A5A5A5A5A5A5A5A5A5A5A5A5A5A5A5A5A5A5A5A5A5A5A5A5A5A5A5A5A5A5A5A5A5 returned=A5A5A5A5A5A5A5A5A5A5A5A5A5A5A5A5
fault role=17 class=6 length=24 status=80000001 exception=00000000 guards=010 bytes=A5A5A5A5A5A5A5A5A5A5A5A5A5A5A5A5A5A5A5A5A5A5A5A5A5A5A5A5A5A5A5A5A5A5A5A5A5A5A5A5A5A5A5A5A5A5A5A5A5A5A5A5A5A5A5A5A5A5A5A5A5A5A5A5 returned=A5A5A5A5A5A5A5A5A5A5A5A5A5A5A5A5
fault role=18 class=6 length=24 status=C0000005 exception=00000000 guards=000 bytes=A5A5A5A5A5A5A5A5A5A5A5A5A5A5A5A5A5A5A5A5A5A5A5A5A5A5A5A5A5A5A5A5A5A5A5A5A5A5A5A5A5A5A5A5A5A5A5A5A5A5A5A5A5A5A5A5A5A5A5A5A5A5A5A5 returned=A5A5A5A5A5A5A5A5A5A5A5A5A5A5A5A5
fault role=19 class=6 length=24 status=00000000 exception=00000000 guards=001 bytes=000000000000000000000000000000000000000000000000A5A5A5A5A5A5A5A5A5A5A5A5A5A5A5A5A5A5A5A5A5A5A5A5A5A5A5A5A5A5A5A5A5A5A5A5A5A5A5A5 returned=1800000000000000A5A5A5A5A5A5A5A5
fault role=20 class=6 length=24 status=00000000 exception=00000000 guards=000 bytes=000000000000000000000000000000000000000000000000A5A5A5A5A5A5A5A5A5A5A5A5A5A5A5A5A5A5A5A5A5A5A5A5A5A5A5A5A5A5A5A5A5A5A5A5A5A5A5A5 returned=1800000000000000A5A5A5A5A5A5A5A5
fault role=21 class=6 length=24 status=00000000 exception=00000000 guards=000 bytes=000000000000000000000000000000000000000000000000A5A5A5A5A5A5A5A5A5A5A5A5A5A5A5A5A5A5A5A5A5A5A5A5A5A5A5A5A5A5A5A5A5A5A5A5A5A5A5A5 returned=1800000000000000A5A5A5A5A5A5A5A5
fault role=22 class=6 length=24 status=00000000 exception=00000000 guards=000 bytes=180000000000000000304700000000007000000000000000A5A5A5A5A5A5A5A5A5A5A5A5A5A5A5A5A5A5A5A5A5A5A5A5A5A5A5A5A5A5A5A5A5A5A5A5A5A5A5A5 returned=A5A5A5A5A5A5A5A5A5A5A5A5A5A5A5A5
fault role=23 class=6 length=24 status=80000002 exception=00000000 guards=000 bytes=A5A5A5A5A5A5A5A5A5A5A5A5A5A5A5A5A5A5A5A5A5A5A5A5A5A5A5A5A5A5A5A5A5A5A5A5A5A5A5A5A5A5A5A5A5A5A5A5A5A5A5A5A5A5A5A5A5A5A5A5A5A5A5A5 returned=A5A5A5A5A5A5A5A5A5A5A5A5A5A5A5A5
fault role=24 class=0 length=48 status=00000000 exception=00000000 guards=000 bytes=00007867F87F000000007867F87F00008000000000000000001000000000000000100000020000000000000100000000A5A5A5A5A5A5A5A5A5A5A5A5A5A5A5A5 returned=3000000000000000A5A5A5A5A5A5A5A5
fault role=25 class=0 length=1 status=C0000004 exception=00000000 guards=000 bytes=A5A5A5A5A5A5A5A5A5A5A5A5A5A5A5A5A5A5A5A5A5A5A5A5A5A5A5A5A5A5A5A5A5A5A5A5A5A5A5A5A5A5A5A5A5A5A5A5A5A5A5A5A5A5A5A5A5A5A5A5A5A5A5A5 returned=A5A5A5A5A5A5A5A5A5A5A5A5A5A5A5A5
fault role=26 class=0 length=48 status=80000002 exception=00000000 guards=000 bytes=A5A5A5A5A5A5A5A5A5A5A5A5A5A5A5A5A5A5A5A5A5A5A5A5A5A5A5A5A5A5A5A5A5A5A5A5A5A5A5A5A5A5A5A5A5A5A5A5A5A5A5A5A5A5A5A5A5A5A5A5A5A5A5A5 returned=A5A5A5A5A5A5A5A5A5A5A5A5A5A5A5A5
fault role=27 class=0 length=48 status=00000000 exception=00000000 guards=000 bytes=00007867F87F000000007867F87F00008000000000000000001000000000000000100000020000000000000100000000A5A5A5A5A5A5A5A5A5A5A5A5A5A5A5A5 returned=A53000000000000000A5A5A5A5A5A5A5
fault role=28 class=6 length=24 status=C000000D exception=00000000 guards=000 bytes=A5A5A5A5A5A5A5A5A5A5A5A5A5A5A5A5A5A5A5A5A5A5A5A5A5A5A5A5A5A5A5A5A5A5A5A5A5A5A5A5A5A5A5A5A5A5A5A5A5A5A5A5A5A5A5A5A5A5A5A5A5A5A5A5 returned=A5A5A5A5A5A5A5A5A5A5A5A5A5A5A5A5
fault role=29 class=6 length=24 status=C0000005 exception=00000000 guards=000 bytes=A5A5A5A5A5A5A5A5A5A5A5A5A5A5A5A5A5A5A5A5A5A5A5A5A5A5A5A5A5A5A5A5A5A5A5A5A5A5A5A5A5A5A5A5A5A5A5A5A5A5A5A5A5A5A5A5A5A5A5A5A5A5A5A5 returned=A5A5A5A5A5A5A5A5A5A5A5A5A5A5A5A5
