program C:\Windows\Temp\assist-native-rax-20261010\src\tests\fixtures\user\windows\bin\arm64\smoke.exe
arch=arm64 PEB=0x7ffdf000 ProcessHeap=Ok(65536) heaps=Heaps { heaps: {65536: Heap { flags: 0, align: 16, max: 0, segments: [(65536, 1048576)], free: {69152: 1044960}, by_size: {(1044960, 69152)}, used: {68320: (32, 26), 68352: (288, 288), 69040: (48, 34), 66848: (48, 34), 69120: (16, 8), 66992: (480, 470), 66896: (48, 34), 67952: (288, 288), 68640: (80, 70), 67568: (288, 288), 67920: (32, 20), 67856: (64, 60), 68240: (80, 66), 69088: (32, 20), 69136: (16, 12), 65792: (1040, 1040), 67472: (96, 88), 66944: (48, 40), 68720: (32, 30), 68752: (288, 288), 66832: (16, 8)} }}, align: 16 }
module probe.exe base=0x140000000 size=0x3000 entry=0x140001048
module ntdll.dll base=0x180000000 size=0x473000 entry=0x0
module kernel32.dll base=0x150000 size=0x171000 entry=0x157460
module KernelBase.dll base=0x2d0000 size=0x6e6000 entry=0x2dbf90
native LdrInitializeThunk target=0x1800ef6e0 context=0xabfbc0
kernel-before turn=36 service=0x36 PC=0x1800013a0 registers=[fa, 1803ca4c0, 10, abfb30, 0, 0]
kernel-after turn=36 service=0x36 PC=0x1800013a4 X0=0x0
kernel-before turn=141 service=0x48 PC=0x1800014c0 registers=[1803c9350, 1f0003, 0, 0, 0, 0]
kernel-after turn=141 service=0x48 PC=0x1800014c4 X0=0x0
kernel-before turn=160 service=0x119 PC=0x1800021d0 registers=[9, abfaf8, 8, abfaf0, 0, 0]
hotpatch-before info=0xabfaf8 bytes=Ok([01, 00, 00, 00, 00, 00, 00, 00]) returned=0xabfaf0 bytes=Ok([00, 00, 00, 00])
kernel-after turn=160 service=0x119 PC=0x1800021d4 X0=0xc00000bb
hotpatch-after info=0xabfaf8 bytes=Ok([01, 00, 00, 00, 00, 00, 00, 00]) returned=0xabfaf0 bytes=Ok([00, 00, 00, 00])
kernel-before turn=210 service=0xe PC=0x1800010e0 registers=[10, 0, 1488, abfaf0, 0, 0]
kernel-after turn=210 service=0xe PC=0x1800010e4 X0=0x0
kernel-before turn=252 service=0x48 PC=0x1800014c0 registers=[1803c93a0, 1f0003, 0, 0, 0, 0]
kernel-after turn=252 service=0x48 PC=0x1800014c4 X0=0x0
kernel-before turn=298 service=0x36 PC=0x1800013a0 registers=[0, abfa20, 40, 0, 0, 0]
kernel-after turn=298 service=0x36 PC=0x1800013a4 X0=0x0
kernel-before turn=418 service=0x19 PC=0x1800011a0 registers=[ffffffffffffffff, 24, abe9f0, 4, 0, 0]
kernel-after turn=418 service=0x19 PC=0x1800011a4 X0=0x0
kernel-before turn=709 service=0x12 PC=0x180001130 registers=[abe868, 80000000, abe8a0, abe8e0, 0, 18034f740]
NtOpenKey attributes=0xabe8a0 bytes=Ok([30, 00, 00, 00, 00, 00, 00, 00, 00, 00, 00, 00, 00, 00, 00, 00, 90, e8, ab, 00, 00, 00, 00, 00, 40, 02, 00, 00, 00, 00, 00, 00, 00, 00, 00, 00, 00, 00, 00, 00, 00, 00, 00, 00, 00, 00, 00, 00])
NtOpenKey name struct=0xabe890 length=126 buffer=0x18034f6d0 bytes=Ok([5c, 00, 52, 00, 65, 00, 67, 00, 69, 00, 73, 00, 74, 00, 72, 00, 79, 00, 5c, 00, 4d, 00, 61, 00, 63, 00, 68, 00, 69, 00, 6e, 00, 65, 00, 5c, 00, 53, 00, 79, 00, 73, 00, 74, 00, 65, 00, 6d, 00, 5c, 00, 43, 00, 75, 00, 72, 00, 72, 00, 65, 00, 6e, 00, 74, 00, 43, 00, 6f, 00, 6e, 00, 74, 00, 72, 00, 6f, 00, 6c, 00, 53, 00, 65, 00, 74, 00, 5c, 00, 43, 00, 6f, 00, 6e, 00, 74, 00, 72, 00, 6f, 00, 6c, 00, 5c, 00, 4e, 00, 6c, 00, 73, 00, 5c, 00, 43, 00, 6f, 00, 64, 00, 65, 00, 50, 00, 61, 00, 67, 00, 65, 00])
kernel-after turn=709 service=0x12 PC=0x180001134 X0=0x0
NtOpenKey output handle bytes=Ok([18, 00, 00, 00, 00, 00, 00, 00])
kernel-before turn=749 service=0x17 PC=0x180001180 registers=[18, abe870, 2, abe8d0, 24, abe860]
NtQueryValueKey name length=6 bytes=Ok([41, 00, 43, 00, 50, 00])
kernel-after turn=749 service=0x17 PC=0x180001184 X0=0x0
NtQueryValueKey output=Ok([00, 00, 00, 00, 01, 00, 00, 00, 0a, 00, 00, 00, 31, 00, 32, 00, 35, 00, 32, 00, 00, 00, 00, 00, 00, 00, 00, 00, 00, 00, 00, 00, 00, 00, 00, 00]) ResultLength=Ok([16, 00, 00, 00])
kernel-before turn=928 service=0x17 PC=0x180001180 registers=[18, abe870, 2, abe8d0, 24, abe860]
NtQueryValueKey name length=10 bytes=Ok([4f, 00, 45, 00, 4d, 00, 43, 00, 50, 00])
kernel-after turn=928 service=0x17 PC=0x180001184 X0=0x0
NtQueryValueKey output=Ok([00, 00, 00, 00, 01, 00, 00, 00, 08, 00, 00, 00, 34, 00, 33, 00, 37, 00, 00, 00, 00, 00, 00, 00, 00, 00, 00, 00, 00, 00, 00, 00, 00, 00, 00, 00]) ResultLength=Ok([14, 00, 00, 00])
kernel-before turn=1056 service=0xf PC=0x1800010f0 registers=[18, a, abe954, abe8d0, 24, abe8dc]
kernel-after turn=1056 service=0xf PC=0x1800010f4 X0=0x0
kernel-before turn=1101 service=0x101 PC=0x180002050 registers=[b, 4e4, 0, 1803bdd00, 0, abe8dc]
kernel-after turn=1101 service=0x101 PC=0x180002054 X0=0x0
NtGetNlsSectionPtr output=Ok(ac0000) size-pointer=0x0 size=Ok([]) view=Some(RegionInfo { base: 11272192, allocation_base: 11272192, allocation_protect: 2, size: 69632, state: 4096, protect: 2, kind: 262144 }) prefix=Some([0d, 00, e4, 04, 01, 00, 3f, 00, 3f, 00, 3f, 00, 3f, 00, 00, 00, 00, 00, 00, 00, 00, 00, 00, 00, 00, 00, 03, 01, 00, 00, 01, 00])
kernel-before turn=1112 service=0x101 PC=0x180002050 registers=[b, 1b5, 0, 1803bdd08, 0, abe8dc]
kernel-after turn=1112 service=0x101 PC=0x180002054 X0=0x0
NtGetNlsSectionPtr output=Ok(ae0000) size-pointer=0x0 size=Ok([]) view=Some(RegionInfo { base: 11403264, allocation_base: 11403264, allocation_protect: 2, size: 69632, state: 4096, protect: 2, kind: 262144 }) prefix=Some([0d, 00, b5, 01, 01, 00, 3f, 00, 3f, 00, 3f, 00, 3f, 00, 00, 00, 00, 00, 00, 00, 00, 00, 00, 00, 00, 00, 03, 02, 00, 00, 01, 00])
kernel-before turn=2412 service=0x23 PC=0x180001240 registers=[ffffffffffffffff, 180000000, 6, abe930, 18, 0]
kernel-after turn=2412 service=0x23 PC=0x180001244 X0=0x0
NtQueryVirtualMemory address=0x180000000 output=0xabe930 supplied-bytes=24 record=Ok([00, 00, 00, 80, 01, 00, 00, 00, 00, 30, 47, 00, 00, 00, 00, 00, 00, 00, 00, 00, 00, 00, 00, 00]) length-pointer=0x0 length-bytes=Ok([])
kernel-before turn=2778 service=0x23 PC=0x180001240 registers=[ffffffffffffffff, 0, 4, abf530, 50, 0]
kernel-after turn=2778 service=0x23 PC=0x180001244 X0=0x0
NtQueryVirtualMemory address=0x0 output=0xabf530 supplied-bytes=80 record=Ok([70, 13, 00, 80, 01, 00, 00, 00, 01, 02, 00, 05, 00, 00, 00, 00, e0, 14, 00, 80, 01, 00, 00, 00, 01, 02, 00, 05, 00, 00, 00, 00, 10, 14, 00, 80, 01, 00, 00, 00, 01, 02, 00, 05, 00, 00, 00, 00, b0, 13, 00, 80, 01, 00, 00, 00, 01, 02, 00, 05, 00, 00, 00, 00, a0, 12, 00, 80, 01, 00, 00, 00, 01, 02, 00, 05, 00, 00, 00, 00]) length-pointer=0x0 length-bytes=Ok([])
kernel-before turn=3128 service=0x50 PC=0x180001540 registers=[ffffffffffffffff, abe8f0, abe8e8, 2, abe8e0, 0]
kernel-after turn=3128 service=0x50 PC=0x180001544 X0=0x0
kernel-before turn=3237 service=0x12 PC=0x180001130 registers=[abe638, 1, 180360e70, abea18, abe9c8, abe990]
NtOpenKey attributes=0x180360e70 bytes=Ok([30, 00, 00, 00, 00, 00, 00, 00, 00, 00, 00, 00, 00, 00, 00, 00, 78, 0d, 36, 80, 01, 00, 00, 00, 40, 00, 00, 00, 00, 00, 00, 00, 00, 00, 00, 00, 00, 00, 00, 00, 00, 00, 00, 00, 00, 00, 00, 00])
NtOpenKey name struct=0x180360d78 length=132 buffer=0x18035f100 bytes=Ok([5c, 00, 52, 00, 65, 00, 67, 00, 69, 00, 73, 00, 74, 00, 72, 00, 79, 00, 5c, 00, 4d, 00, 41, 00, 43, 00, 48, 00, 49, 00, 4e, 00, 45, 00, 5c, 00, 53, 00, 79, 00, 73, 00, 74, 00, 65, 00, 6d, 00, 5c, 00, 43, 00, 75, 00, 72, 00, 72, 00, 65, 00, 6e, 00, 74, 00, 43, 00, 6f, 00, 6e, 00, 74, 00, 72, 00, 6f, 00, 6c, 00, 53, 00, 65, 00, 74, 00, 5c, 00, 43, 00, 6f, 00, 6e, 00, 74, 00, 72, 00, 6f, 00, 6c, 00, 5c, 00, 53, 00, 65, 00, 73, 00, 73, 00, 69, 00, 6f, 00, 6e, 00, 20, 00, 4d, 00, 61, 00, 6e, 00, 61, 00, 67, 00, 65, 00, 72, 00])
kernel-after turn=3237 service=0x12 PC=0x180001134 X0=0x0
NtOpenKey output handle bytes=Ok([18, 00, 00, 00, 00, 00, 00, 00])
kernel-before turn=3248 service=0x17 PC=0x180001180 registers=[18, 180360db8, 2, abe640, 50, abe630]
NtQueryValueKey name length=64 bytes=Ok([52, 00, 61, 00, 69, 00, 73, 00, 65, 00, 45, 00, 78, 00, 63, 00, 65, 00, 70, 00, 74, 00, 69, 00, 6f, 00, 6e, 00, 4f, 00, 6e, 00, 50, 00, 6f, 00, 73, 00, 73, 00, 69, 00, 62, 00, 6c, 00, 65, 00, 44, 00, 65, 00, 61, 00, 64, 00, 6c, 00, 6f, 00, 63, 00, 6b, 00])
kernel-after turn=3248 service=0x17 PC=0x180001184 X0=0xc0000034
NtQueryValueKey output=Ok([00, 00, 00, 00, 00, 00, 00, 00, 00, 00, 00, 00, 00, 00, 00, 00, 00, 00, 00, 00, 00, 00, 00, 00, 00, 00, 00, 00, 00, 00, 00, 00, 00, 00, 00, 00]) ResultLength=Ok([00, 00, 00, 00])
kernel-before turn=3253 service=0xf PC=0x1800010f0 registers=[18, 180360db8, 2, abe640, 50, abe630]
kernel-after turn=3253 service=0xf PC=0x1800010f4 X0=0x0
kernel-before turn=3405 service=0x12 PC=0x180001130 registers=[abe580, 9, abe588, abe6e8, 50, abe630]
NtOpenKey attributes=0xabe588 bytes=Ok([30, 00, 00, 00, 00, 00, 00, 00, 00, 00, 00, 00, 00, 00, 00, 00, 10, d0, 34, 80, 01, 00, 00, 00, 40, 02, 00, 00, 00, 00, 00, 00, 00, 00, 00, 00, 00, 00, 00, 00, 00, 00, 00, 00, 00, 00, 00, 00])
NtOpenKey name struct=0x18034d010 length=182 buffer=0x18034ce30 bytes=Ok([5c, 00, 52, 00, 65, 00, 67, 00, 69, 00, 73, 00, 74, 00, 72, 00, 79, 00, 5c, 00, 4d, 00, 61, 00, 63, 00, 68, 00, 69, 00, 6e, 00, 65, 00, 5c, 00, 53, 00, 6f, 00, 66, 00, 74, 00, 77, 00, 61, 00, 72, 00, 65, 00, 5c, 00, 4d, 00, 69, 00, 63, 00, 72, 00, 6f, 00, 73, 00, 6f, 00, 66, 00, 74, 00, 5c, 00, 57, 00, 69, 00, 6e, 00, 64, 00, 6f, 00, 77, 00, 73, 00, 20, 00, 4e, 00, 54, 00, 5c, 00, 43, 00, 75, 00, 72, 00, 72, 00, 65, 00, 6e, 00, 74, 00, 56, 00, 65, 00, 72, 00, 73, 00, 69, 00, 6f, 00, 6e, 00, 5c, 00, 49, 00, 6d, 00, 61, 00, 67, 00, 65, 00, 20, 00, 46, 00, 69, 00, 6c, 00, 65, 00, 20, 00, 45, 00, 78, 00, 65, 00, 63, 00, 75, 00, 74, 00, 69, 00, 6f, 00, 6e, 00, 20, 00, 4f, 00, 70, 00, 74, 00, 69, 00, 6f, 00, 6e, 00, 73, 00])
kernel-after turn=3405 service=0x12 PC=0x180001134 X0=0x0
NtOpenKey output handle bytes=Ok([18, 00, 00, 00, 00, 00, 00, 00])
kernel-before turn=3438 service=0x12 PC=0x180001130 registers=[abe608, 9, abe650, abe6e8, 50, abe630]
NtOpenKey attributes=0xabe650 bytes=Ok([30, 00, 00, 00, 00, 00, 00, 00, 18, 00, 00, 00, 00, 00, 00, 00, 40, e6, ab, 00, 00, 00, 00, 00, 40, 02, 00, 00, 00, 00, 00, 00, 00, 00, 00, 00, 00, 00, 00, 00, 00, 00, 00, 00, 00, 00, 00, 00])
NtOpenKey name struct=0xabe640 length=18 buffer=0x1052e bytes=Ok([70, 00, 72, 00, 6f, 00, 62, 00, 65, 00, 2e, 00, 65, 00, 78, 00, 65, 00])
kernel-after turn=3438 service=0x12 PC=0x180001134 X0=0xc0000034
NtOpenKey output handle bytes=Ok([00, 00, 00, 00, 00, 00, 00, 00])
kernel-before turn=4462 service=0x12 PC=0x180001130 registers=[abe618, 1, abe620, 0, 0, abe630]
NtOpenKey attributes=0xabe620 bytes=Ok([30, 00, 00, 00, 00, 00, 00, 00, 00, 00, 00, 00, 00, 00, 00, 00, 40, cb, 34, 80, 01, 00, 00, 00, 40, 00, 00, 00, 00, 00, 00, 00, 00, 00, 00, 00, 00, 00, 00, 00, 00, 00, 00, 00, 00, 00, 00, 00])
NtOpenKey name struct=0x18034cb40 length=158 buffer=0x18034c5d0 bytes=Ok([5c, 00, 52, 00, 65, 00, 67, 00, 69, 00, 73, 00, 74, 00, 72, 00, 79, 00, 5c, 00, 4d, 00, 61, 00, 63, 00, 68, 00, 69, 00, 6e, 00, 65, 00, 5c, 00, 53, 00, 59, 00, 53, 00, 54, 00, 45, 00, 4d, 00, 5c, 00, 43, 00, 75, 00, 72, 00, 72, 00, 65, 00, 6e, 00, 74, 00, 43, 00, 6f, 00, 6e, 00, 74, 00, 72, 00, 6f, 00, 6c, 00, 53, 00, 65, 00, 74, 00, 5c, 00, 43, 00, 6f, 00, 6e, 00, 74, 00, 72, 00, 6f, 00, 6c, 00, 5c, 00, 53, 00, 65, 00, 73, 00, 73, 00, 69, 00, 6f, 00, 6e, 00, 20, 00, 4d, 00, 61, 00, 6e, 00, 61, 00, 67, 00, 65, 00, 72, 00, 5c, 00, 53, 00, 65, 00, 67, 00, 6d, 00, 65, 00, 6e, 00, 74, 00, 20, 00, 48, 00, 65, 00, 61, 00, 70, 00])
kernel-after turn=4462 service=0x12 PC=0x180001134 X0=0xc0000034
NtOpenKey output handle bytes=Ok([00, 00, 00, 00, 00, 00, 00, 00])
kernel-before turn=5219 service=0x19 PC=0x1800011a0 registers=[ffffffffffffffff, 24, abe920, 4, 0, 4]
kernel-after turn=5219 service=0x19 PC=0x1800011a4 X0=0x0
kernel-before turn=6770 service=0x12 PC=0x180001130 registers=[abe8b8, 9, abe900, abea68, 0, 4]
NtOpenKey attributes=0xabe900 bytes=Ok([30, 00, 00, 00, 00, 00, 00, 00, 18, 00, 00, 00, 00, 00, 00, 00, f0, e8, ab, 00, 00, 00, 00, 00, 40, 02, 00, 00, 00, 00, 00, 00, 00, 00, 00, 00, 00, 00, 00, 00, 00, 00, 00, 00, 00, 00, 00, 00])
NtOpenKey name struct=0xabe8f0 length=18 buffer=0x1052e bytes=Ok([70, 00, 72, 00, 6f, 00, 62, 00, 65, 00, 2e, 00, 65, 00, 78, 00, 65, 00])
kernel-after turn=6770 service=0x12 PC=0x180001134 X0=0xc0000034
NtOpenKey output handle bytes=Ok([00, 00, 00, 00, 00, 00, 00, 00])
kernel-before turn=6803 service=0x19 PC=0x1800011a0 registers=[ffffffffffffffff, 24, abe960, 4, 0, 4]
kernel-after turn=6803 service=0x19 PC=0x1800011a4 X0=0x0
kernel-before turn=7030 service=0x36 PC=0x1800013a0 registers=[0, abf490, 40, 0, 0, 4]
kernel-after turn=7030 service=0x36 PC=0x1800013a4 X0=0x0
kernel-before turn=11206 service=0x36 PC=0x1800013a0 registers=[3e, abf450, 40, 0, 0, 4]
kernel-after turn=11206 service=0x36 PC=0x1800013a4 X0=0x0
kernel-before turn=11315 service=0x78 PC=0x1800017c0 registers=[ffffffffffffffff, 1803c50d8, abe950, 102000, 4, abe8e0]
kernel-after turn=11315 service=0x78 PC=0x1800017c4 X0=0xffffffffffffffff
turn=11284 thread=8 PC=0x18008e080 SP=0xabe8c0 bytes=Ok([8c, d9, 4c, b9]) insn=Some("Ok(DecodedInsn { mnemonic: LDR, cond: None, operands: [Reg(Register { num: 12, is_64bit: false, is_sp: false, kind: Gpr }), Mem(MemOperand { base: Register { num: 12, is_64bit: true, is_sp: false, kind: Gpr }, offset: Imm(3288), mode: Offset })], sets_flags: false, raw: 3108821388, size: 4, state: Aarch64 })") registers=[1803c50d8, abe950, 0, 102000, 4, 4, 102000, 0, 0, 1803c50d8, 0, 0, 1803c9000, 0, 0, 20001000, a8397b1dcdaf, ffff57c6858e1b61, 7ffdd000, 2000000, 1803c50d0, 7fffffff0000, 1803cadc0, 2, 2545f4914f6cdd1d, 10100, 0, 7ffdf000, abe980, abe920, 18008e040]
turn=11285 thread=8 PC=0x18008e084 SP=0xabe8c0 bytes=Ok([c3, 78, 01, 12]) insn=Some("Ok(DecodedInsn { mnemonic: AND, cond: None, operands: [Reg(Register { num: 3, is_64bit: false, is_sp: false, kind: Gpr }), Reg(Register { num: 6, is_64bit: false, is_sp: false, kind: Gpr }), Imm(Immediate { value: 3221225471, shift: 0 })], sets_flags: false, raw: 302086339, size: 4, state: Aarch64 })") registers=[1803c50d8, abe950, 0, 102000, 4, 4, 102000, 0, 0, 1803c50d8, 0, 0, 0, 0, 0, 20001000, a8397b1dcdaf, ffff57c6858e1b61, 7ffdd000, 2000000, 1803c50d0, 7fffffff0000, 1803cadc0, 2, 2545f4914f6cdd1d, 10100, 0, 7ffdf000, abe980, abe920, 18008e040]
turn=11286 thread=8 PC=0x18008e088 SP=0xabe8c0 bytes=Ok([6c, 05, 00, 35]) insn=Some("Ok(DecodedInsn { mnemonic: CBNZ, cond: None, operands: [Reg(Register { num: 12, is_64bit: false, is_sp: false, kind: Gpr }), Label(172)], sets_flags: false, raw: 889193836, size: 4, state: Aarch64 })") registers=[1803c50d8, abe950, 0, 102000, 4, 4, 102000, 0, 0, 1803c50d8, 0, 0, 0, 0, 0, 20001000, a8397b1dcdaf, ffff57c6858e1b61, 7ffdd000, 2000000, 1803c50d0, 7fffffff0000, 1803cadc0, 2, 2545f4914f6cdd1d, 10100, 0, 7ffdf000, abe980, abe920, 18008e040]
turn=11287 thread=8 PC=0x18008e08c SP=0xabe8c0 bytes=Ok([06, 00, 80, 52]) insn=Some("Ok(DecodedInsn { mnemonic: MOVZ, cond: None, operands: [Reg(Register { num: 6, is_64bit: false, is_sp: false, kind: Gpr }), Imm(Immediate { value: 0, shift: 0 })], sets_flags: false, raw: 1384120326, size: 4, state: Aarch64 })") registers=[1803c50d8, abe950, 0, 102000, 4, 4, 102000, 0, 0, 1803c50d8, 0, 0, 0, 0, 0, 20001000, a8397b1dcdaf, ffff57c6858e1b61, 7ffdd000, 2000000, 1803c50d0, 7fffffff0000, 1803cadc0, 2, 2545f4914f6cdd1d, 10100, 0, 7ffdf000, abe980, abe920, 18008e040]
turn=11288 thread=8 PC=0x18008e090 SP=0xabe8c0 bytes=Ok([e3, 02, 68, 37]) insn=Some("Ok(DecodedInsn { mnemonic: TBNZ, cond: None, operands: [Reg(Register { num: 3, is_64bit: false, is_sp: false, kind: Gpr }), Imm(Immediate { value: 13, shift: 0 }), Label(92)], sets_flags: false, raw: 929563363, size: 4, state: Aarch64 })") registers=[1803c50d8, abe950, 0, 102000, 4, 4, 0, 0, 0, 1803c50d8, 0, 0, 0, 0, 0, 20001000, a8397b1dcdaf, ffff57c6858e1b61, 7ffdd000, 2000000, 1803c50d0, 7fffffff0000, 1803cadc0, 2, 2545f4914f6cdd1d, 10100, 0, 7ffdf000, abe980, abe920, 18008e040]
turn=11289 thread=8 PC=0x18008e0ec SP=0xabe8c0 bytes=Ok([07, e4, 00, 4f]) insn=Some("Ok(DecodedInsn { mnemonic: UNKNOWN, cond: None, operands: [], sets_flags: false, raw: 1325458439, size: 4, state: Aarch64 })") registers=[1803c50d8, abe950, 0, 102000, 4, 4, 0, 0, 0, 1803c50d8, 0, 0, 0, 0, 0, 20001000, a8397b1dcdaf, ffff57c6858e1b61, 7ffdd000, 2000000, 1803c50d0, 7fffffff0000, 1803cadc0, 2, 2545f4914f6cdd1d, 10100, 0, 7ffdf000, abe980, abe920, 18008e040]
turn=11290 thread=8 PC=0x18008e0f0 SP=0xabe8c0 bytes=Ok([2c, 00, 80, 52]) insn=Some("Ok(DecodedInsn { mnemonic: MOVZ, cond: None, operands: [Reg(Register { num: 12, is_64bit: false, is_sp: false, kind: Gpr }), Imm(Immediate { value: 1, shift: 0 })], sets_flags: false, raw: 1384120364, size: 4, state: Aarch64 })") registers=[1803c50d8, abe950, 0, 102000, 4, 4, 0, 0, 0, 1803c50d8, 0, 0, 0, 0, 0, 20001000, a8397b1dcdaf, ffff57c6858e1b61, 7ffdd000, 2000000, 1803c50d0, 7fffffff0000, 1803cadc0, 2, 2545f4914f6cdd1d, 10100, 0, 7ffdf000, abe980, abe920, 18008e040]
turn=11291 thread=8 PC=0x18008e0f4 SP=0xabe8c0 bytes=Ok([e2, 0b, 00, f9]) insn=Some("Ok(DecodedInsn { mnemonic: STR, cond: None, operands: [Reg(Register { num: 2, is_64bit: true, is_sp: false, kind: Gpr }), Mem(MemOperand { base: Register { num: 31, is_64bit: true, is_sp: true, kind: Sp }, offset: Imm(16), mode: Offset })], sets_flags: false, raw: 4177529826, size: 4, state: Aarch64 })") registers=[1803c50d8, abe950, 0, 102000, 4, 4, 0, 0, 0, 1803c50d8, 0, 0, 1, 0, 0, 20001000, a8397b1dcdaf, ffff57c6858e1b61, 7ffdd000, 2000000, 1803c50d0, 7fffffff0000, 1803cadc0, 2, 2545f4914f6cdd1d, 10100, 0, 7ffdf000, abe980, abe920, 18008e040]
turn=11292 thread=8 PC=0x18008e0f8 SP=0xabe8c0 bytes=Ok([26, 00, 80, 52]) insn=Some("Ok(DecodedInsn { mnemonic: MOVZ, cond: None, operands: [Reg(Register { num: 6, is_64bit: false, is_sp: false, kind: Gpr }), Imm(Immediate { value: 1, shift: 0 })], sets_flags: false, raw: 1384120358, size: 4, state: Aarch64 })") registers=[1803c50d8, abe950, 0, 102000, 4, 4, 0, 0, 0, 1803c50d8, 0, 0, 1, 0, 0, 20001000, a8397b1dcdaf, ffff57c6858e1b61, 7ffdd000, 2000000, 1803c50d0, 7fffffff0000, 1803cadc0, 2, 2545f4914f6cdd1d, 10100, 0, 7ffdf000, abe980, abe920, 18008e040]
turn=11293 thread=8 PC=0x18008e0fc SP=0xabe8c0 bytes=Ok([e7, 0b, 80, 3d]) insn=Some("Ok(DecodedInsn { mnemonic: STR, cond: None, operands: [FpReg(FpRegister { num: 7, size: Q }), Mem(MemOperand { base: Register { num: 31, is_64bit: true, is_sp: true, kind: Sp }, offset: Imm(32), mode: Offset })], sets_flags: false, raw: 1031801831, size: 4, state: Aarch64 })") registers=[1803c50d8, abe950, 0, 102000, 4, 4, 1, 0, 0, 1803c50d8, 0, 0, 1, 0, 0, 20001000, a8397b1dcdaf, ffff57c6858e1b61, 7ffdd000, 2000000, 1803c50d0, 7fffffff0000, 1803cadc0, 2, 2545f4914f6cdd1d, 10100, 0, 7ffdf000, abe980, abe920, 18008e040]
turn=11294 thread=8 PC=0x18008e100 SP=0xabe8c0 bytes=Ok([ec, 83, 00, 39]) insn=Some("Ok(DecodedInsn { mnemonic: STRB, cond: None, operands: [Reg(Register { num: 12, is_64bit: false, is_sp: false, kind: Gpr }), Mem(MemOperand { base: Register { num: 31, is_64bit: true, is_sp: true, kind: Sp }, offset: Imm(32), mode: Offset })], sets_flags: false, raw: 956335084, size: 4, state: Aarch64 })") registers=[1803c50d8, abe950, 0, 102000, 4, 4, 1, 0, 0, 1803c50d8, 0, 0, 1, 0, 0, 20001000, a8397b1dcdaf, ffff57c6858e1b61, 7ffdd000, 2000000, 1803c50d0, 7fffffff0000, 1803cadc0, 2, 2545f4914f6cdd1d, 10100, 0, 7ffdf000, abe980, abe920, 18008e040]
turn=11295 thread=8 PC=0x18008e104 SP=0xabe8c0 bytes=Ok([ec, 03, 00, 91]) insn=Some("Ok(DecodedInsn { mnemonic: MOV, cond: None, operands: [Reg(Register { num: 12, is_64bit: true, is_sp: false, kind: Gpr }), Reg(Register { num: 31, is_64bit: true, is_sp: true, kind: Sp })], sets_flags: false, raw: 2432697324, size: 4, state: Aarch64 })") registers=[1803c50d8, abe950, 0, 102000, 4, 4, 1, 0, 0, 1803c50d8, 0, 0, 1, 0, 0, 20001000, a8397b1dcdaf, ffff57c6858e1b61, 7ffdd000, 2000000, 1803c50d0, 7fffffff0000, 1803cadc0, 2, 2545f4914f6cdd1d, 10100, 0, 7ffdf000, abe980, abe920, 18008e040]
turn=11296 thread=8 PC=0x18008e108 SP=0xabe8c0 bytes=Ok([ec, 17, 00, f9]) insn=Some("Ok(DecodedInsn { mnemonic: STR, cond: None, operands: [Reg(Register { num: 12, is_64bit: true, is_sp: false, kind: Gpr }), Mem(MemOperand { base: Register { num: 31, is_64bit: true, is_sp: true, kind: Sp }, offset: Imm(40), mode: Offset })], sets_flags: false, raw: 4177532908, size: 4, state: Aarch64 })") registers=[1803c50d8, abe950, 0, 102000, 4, 4, 1, 0, 0, 1803c50d8, 0, 0, abe8c0, 0, 0, 20001000, a8397b1dcdaf, ffff57c6858e1b61, 7ffdd000, 2000000, 1803c50d0, 7fffffff0000, 1803cadc0, 2, 2545f4914f6cdd1d, 10100, 0, 7ffdf000, abe980, abe920, 18008e040]
turn=11297 thread=8 PC=0x18008e10c SP=0xabe8c0 bytes=Ok([43, fc, 97, 36]) insn=Some("Ok(DecodedInsn { mnemonic: TBZ, cond: None, operands: [Reg(Register { num: 3, is_64bit: false, is_sp: false, kind: Gpr }), Imm(Immediate { value: 18, shift: 0 }), Label(-120)], sets_flags: false, raw: 915930179, size: 4, state: Aarch64 })") registers=[1803c50d8, abe950, 0, 102000, 4, 4, 1, 0, 0, 1803c50d8, 0, 0, abe8c0, 0, 0, 20001000, a8397b1dcdaf, ffff57c6858e1b61, 7ffdd000, 2000000, 1803c50d0, 7fffffff0000, 1803cadc0, 2, 2545f4914f6cdd1d, 10100, 0, 7ffdf000, abe980, abe920, 18008e040]
turn=11298 thread=8 PC=0x18008e094 SP=0xabe8c0 bytes=Ok([ff, 00, 00, f1]) insn=Some("Ok(DecodedInsn { mnemonic: CMP, cond: None, operands: [Reg(Register { num: 7, is_64bit: true, is_sp: false, kind: Gpr }), Imm(Immediate { value: 0, shift: 0 })], sets_flags: true, raw: 4043309311, size: 4, state: Aarch64 })") registers=[1803c50d8, abe950, 0, 102000, 4, 4, 1, 0, 0, 1803c50d8, 0, 0, abe8c0, 0, 0, 20001000, a8397b1dcdaf, ffff57c6858e1b61, 7ffdd000, 2000000, 1803c50d0, 7fffffff0000, 1803cadc0, 2, 2545f4914f6cdd1d, 10100, 0, 7ffdf000, abe980, abe920, 18008e040]
turn=11299 thread=8 PC=0x18008e098 SP=0xabe8c0 bytes=Ok([04, 19, 45, 7a]) insn=Some("Ok(DecodedInsn { mnemonic: CCMP, cond: None, operands: [Reg(Register { num: 8, is_64bit: false, is_sp: false, kind: Gpr }), Imm(Immediate { value: 5, shift: 0 }), Imm(Immediate { value: 4, shift: 0 }), Cond(NE)], sets_flags: false, raw: 2051348740, size: 4, state: Aarch64 })") registers=[1803c50d8, abe950, 0, 102000, 4, 4, 1, 0, 0, 1803c50d8, 0, 0, abe8c0, 0, 0, 20001000, a8397b1dcdaf, ffff57c6858e1b61, 7ffdd000, 2000000, 1803c50d0, 7fffffff0000, 1803cadc0, 2, 2545f4914f6cdd1d, 10100, 0, 7ffdf000, abe980, abe920, 18008e040]
turn=11300 thread=8 PC=0x18008e09c SP=0xabe8c0 bytes=Ok([21, 05, 00, 54]) insn=Some("Ok(DecodedInsn { mnemonic: BCC, cond: Some(NE), operands: [Label(164)], sets_flags: false, raw: 1409287457, size: 4, state: Aarch64 })") registers=[1803c50d8, abe950, 0, 102000, 4, 4, 1, 0, 0, 1803c50d8, 0, 0, abe8c0, 0, 0, 20001000, a8397b1dcdaf, ffff57c6858e1b61, 7ffdd000, 2000000, 1803c50d0, 7fffffff0000, 1803cadc0, 2, 2545f4914f6cdd1d, 10100, 0, 7ffdf000, abe980, abe920, 18008e040]
turn=11301 thread=8 PC=0x18008e0a0 SP=0xabe8c0 bytes=Ok([0f, 08, a4, 52]) insn=Some("Ok(DecodedInsn { mnemonic: MOVZ, cond: None, operands: [Reg(Register { num: 15, is_64bit: false, is_sp: false, kind: Gpr }), Imm(Immediate { value: 8256, shift: 16 })], sets_flags: false, raw: 1386481679, size: 4, state: Aarch64 })") registers=[1803c50d8, abe950, 0, 102000, 4, 4, 1, 0, 0, 1803c50d8, 0, 0, abe8c0, 0, 0, 20001000, a8397b1dcdaf, ffff57c6858e1b61, 7ffdd000, 2000000, 1803c50d0, 7fffffff0000, 1803cadc0, 2, 2545f4914f6cdd1d, 10100, 0, 7ffdf000, abe980, abe920, 18008e040]
turn=11302 thread=8 PC=0x18008e0a4 SP=0xabe8c0 bytes=Ok([ec, 01, 23, 6a]) insn=Some("Ok(DecodedInsn { mnemonic: BICS, cond: None, operands: [Reg(Register { num: 12, is_64bit: false, is_sp: false, kind: Gpr }), Reg(Register { num: 15, is_64bit: false, is_sp: false, kind: Gpr }), Reg(Register { num: 3, is_64bit: false, is_sp: false, kind: Gpr })], sets_flags: true, raw: 1780679148, size: 4, state: Aarch64 })") registers=[1803c50d8, abe950, 0, 102000, 4, 4, 1, 0, 0, 1803c50d8, 0, 0, abe8c0, 0, 0, 20400000, a8397b1dcdaf, ffff57c6858e1b61, 7ffdd000, 2000000, 1803c50d0, 7fffffff0000, 1803cadc0, 2, 2545f4914f6cdd1d, 10100, 0, 7ffdf000, abe980, abe920, 18008e040]
turn=11303 thread=8 PC=0x18008e0a8 SP=0xabe8c0 bytes=Ok([00, 06, 00, 54]) insn=Some("Ok(DecodedInsn { mnemonic: BCC, cond: Some(EQ), operands: [Label(192)], sets_flags: false, raw: 1409287680, size: 4, state: Aarch64 })") registers=[1803c50d8, abe950, 0, 102000, 4, 4, 1, 0, 0, 1803c50d8, 0, 0, 20400000, 0, 0, 20400000, a8397b1dcdaf, ffff57c6858e1b61, 7ffdd000, 2000000, 1803c50d0, 7fffffff0000, 1803cadc0, 2, 2545f4914f6cdd1d, 10100, 0, 7ffdf000, abe980, abe920, 18008e040]
turn=11304 thread=8 PC=0x18008e0ac SP=0xabe8c0 bytes=Ok([63, 06, e8, 37]) insn=Some("Ok(DecodedInsn { mnemonic: TBNZ, cond: None, operands: [Reg(Register { num: 3, is_64bit: false, is_sp: false, kind: Gpr }), Imm(Immediate { value: 29, shift: 0 }), Label(204)], sets_flags: false, raw: 937952867, size: 4, state: Aarch64 })") registers=[1803c50d8, abe950, 0, 102000, 4, 4, 1, 0, 0, 1803c50d8, 0, 0, 20400000, 0, 0, 20400000, a8397b1dcdaf, ffff57c6858e1b61, 7ffdd000, 2000000, 1803c50d0, 7fffffff0000, 1803cadc0, 2, 2545f4914f6cdd1d, 10100, 0, 7ffdf000, abe980, abe920, 18008e040]
turn=11305 thread=8 PC=0x18008e0b0 SP=0xabe8c0 bytes=Ok([ea, 06, 00, b5]) insn=Some("Ok(DecodedInsn { mnemonic: CBNZ, cond: None, operands: [Reg(Register { num: 10, is_64bit: true, is_sp: false, kind: Gpr }), Label(220)], sets_flags: false, raw: 3036677866, size: 4, state: Aarch64 })") registers=[1803c50d8, abe950, 0, 102000, 4, 4, 1, 0, 0, 1803c50d8, 0, 0, 20400000, 0, 0, 20400000, a8397b1dcdaf, ffff57c6858e1b61, 7ffdd000, 2000000, 1803c50d0, 7fffffff0000, 1803cadc0, 2, 2545f4914f6cdd1d, 10100, 0, 7ffdf000, abe980, abe920, 18008e040]
turn=11306 thread=8 PC=0x18008e0b4 SP=0xabe8c0 bytes=Ok([ea, 83, 00, 91]) insn=Some("Ok(DecodedInsn { mnemonic: ADD, cond: None, operands: [Reg(Register { num: 10, is_64bit: true, is_sp: false, kind: Gpr }), Reg(Register { num: 31, is_64bit: true, is_sp: true, kind: Sp }), Imm(Immediate { value: 32, shift: 0 })], sets_flags: false, raw: 2432730090, size: 4, state: Aarch64 })") registers=[1803c50d8, abe950, 0, 102000, 4, 4, 1, 0, 0, 1803c50d8, 0, 0, 20400000, 0, 0, 20400000, a8397b1dcdaf, ffff57c6858e1b61, 7ffdd000, 2000000, 1803c50d0, 7fffffff0000, 1803cadc0, 2, 2545f4914f6cdd1d, 10100, 0, 7ffdf000, abe980, abe920, 18008e040]
turn=11307 thread=8 PC=0x18008e0b8 SP=0xabe8c0 bytes=Ok([df, 00, 00, 71]) insn=Some("Ok(DecodedInsn { mnemonic: CMP, cond: None, operands: [Reg(Register { num: 6, is_64bit: false, is_sp: false, kind: Gpr }), Imm(Immediate { value: 0, shift: 0 })], sets_flags: true, raw: 1895825631, size: 4, state: Aarch64 })") registers=[1803c50d8, abe950, 0, 102000, 4, 4, 1, 0, 0, 1803c50d8, abe8e0, 0, 20400000, 0, 0, 20400000, a8397b1dcdaf, ffff57c6858e1b61, 7ffdd000, 2000000, 1803c50d0, 7fffffff0000, 1803cadc0, 2, 2545f4914f6cdd1d, 10100, 0, 7ffdf000, abe980, abe920, 18008e040]
turn=11308 thread=8 PC=0x18008e0bc SP=0xabe8c0 bytes=Ok([e5, 93, 8a, 9a]) insn=Some("Ok(DecodedInsn { mnemonic: CSEL, cond: None, operands: [Reg(Register { num: 5, is_64bit: true, is_sp: false, kind: Gpr }), Reg(Register { num: 31, is_64bit: true, is_sp: false, kind: Gpr }), Reg(Register { num: 10, is_64bit: true, is_sp: false, kind: Gpr }), Cond(LS)], sets_flags: false, raw: 2592773093, size: 4, state: Aarch64 })") registers=[1803c50d8, abe950, 0, 102000, 4, 4, 1, 0, 0, 1803c50d8, abe8e0, 0, 20400000, 0, 0, 20400000, a8397b1dcdaf, ffff57c6858e1b61, 7ffdd000, 2000000, 1803c50d0, 7fffffff0000, 1803cadc0, 2, 2545f4914f6cdd1d, 10100, 0, 7ffdf000, abe980, abe920, 18008e040]
turn=11309 thread=8 PC=0x18008e0c0 SP=0xabe8c0 bytes=Ok([1f, 15, 00, 71]) insn=Some("Ok(DecodedInsn { mnemonic: CMP, cond: None, operands: [Reg(Register { num: 8, is_64bit: false, is_sp: false, kind: Gpr }), Imm(Immediate { value: 5, shift: 0 })], sets_flags: true, raw: 1895830815, size: 4, state: Aarch64 })") registers=[1803c50d8, abe950, 0, 102000, 4, abe8e0, 1, 0, 0, 1803c50d8, abe8e0, 0, 20400000, 0, 0, 20400000, a8397b1dcdaf, ffff57c6858e1b61, 7ffdd000, 2000000, 1803c50d0, 7fffffff0000, 1803cadc0, 2, 2545f4914f6cdd1d, 10100, 0, 7ffdf000, abe980, abe920, 18008e040]
turn=11310 thread=8 PC=0x18008e0c4 SP=0xabe8c0 bytes=Ok([80, 07, 00, 54]) insn=Some("Ok(DecodedInsn { mnemonic: BCC, cond: Some(EQ), operands: [Label(240)], sets_flags: false, raw: 1409288064, size: 4, state: Aarch64 })") registers=[1803c50d8, abe950, 0, 102000, 4, abe8e0, 1, 0, 0, 1803c50d8, abe8e0, 0, 20400000, 0, 0, 20400000, a8397b1dcdaf, ffff57c6858e1b61, 7ffdd000, 2000000, 1803c50d0, 7fffffff0000, 1803cadc0, 2, 2545f4914f6cdd1d, 10100, 0, 7ffdf000, abe980, abe920, 18008e040]
turn=11311 thread=8 PC=0x18008e0c8 SP=0xabe8c0 bytes=Ok([e2, 03, 01, aa]) insn=Some("Ok(DecodedInsn { mnemonic: MOV, cond: None, operands: [Reg(Register { num: 2, is_64bit: true, is_sp: false, kind: Gpr }), Reg(Register { num: 1, is_64bit: true, is_sp: false, kind: Gpr })], sets_flags: false, raw: 2852193250, size: 4, state: Aarch64 })") registers=[1803c50d8, abe950, 0, 102000, 4, abe8e0, 1, 0, 0, 1803c50d8, abe8e0, 0, 20400000, 0, 0, 20400000, a8397b1dcdaf, ffff57c6858e1b61, 7ffdd000, 2000000, 1803c50d0, 7fffffff0000, 1803cadc0, 2, 2545f4914f6cdd1d, 10100, 0, 7ffdf000, abe980, abe920, 18008e040]
turn=11312 thread=8 PC=0x18008e0cc SP=0xabe8c0 bytes=Ok([e1, 03, 09, aa]) insn=Some("Ok(DecodedInsn { mnemonic: MOV, cond: None, operands: [Reg(Register { num: 1, is_64bit: true, is_sp: false, kind: Gpr }), Reg(Register { num: 9, is_64bit: true, is_sp: false, kind: Gpr })], sets_flags: false, raw: 2852717537, size: 4, state: Aarch64 })") registers=[1803c50d8, abe950, abe950, 102000, 4, abe8e0, 1, 0, 0, 1803c50d8, abe8e0, 0, 20400000, 0, 0, 20400000, a8397b1dcdaf, ffff57c6858e1b61, 7ffdd000, 2000000, 1803c50d0, 7fffffff0000, 1803cadc0, 2, 2545f4914f6cdd1d, 10100, 0, 7ffdf000, abe980, abe920, 18008e040]
turn=11313 thread=8 PC=0x18008e0d0 SP=0xabe8c0 bytes=Ok([00, 00, 80, 92]) insn=Some("Ok(DecodedInsn { mnemonic: MOVN, cond: None, operands: [Reg(Register { num: 0, is_64bit: true, is_sp: false, kind: Gpr }), Imm(Immediate { value: 0, shift: 0 })], sets_flags: false, raw: 2457862144, size: 4, state: Aarch64 })") registers=[1803c50d8, 1803c50d8, abe950, 102000, 4, abe8e0, 1, 0, 0, 1803c50d8, abe8e0, 0, 20400000, 0, 0, 20400000, a8397b1dcdaf, ffff57c6858e1b61, 7ffdd000, 2000000, 1803c50d0, 7fffffff0000, 1803cadc0, 2, 2545f4914f6cdd1d, 10100, 0, 7ffdf000, abe980, abe920, 18008e040]
turn=11314 thread=8 PC=0x18008e0d4 SP=0xabe8c0 bytes=Ok([bb, cd, fd, 97]) insn=Some("Ok(DecodedInsn { mnemonic: BL, cond: None, operands: [Label(-575764)], sets_flags: false, raw: 2549992891, size: 4, state: Aarch64 })") registers=[ffffffffffffffff, 1803c50d8, abe950, 102000, 4, abe8e0, 1, 0, 0, 1803c50d8, abe8e0, 0, 20400000, 0, 0, 20400000, a8397b1dcdaf, ffff57c6858e1b61, 7ffdd000, 2000000, 1803c50d0, 7fffffff0000, 1803cadc0, 2, 2545f4914f6cdd1d, 10100, 0, 7ffdf000, abe980, abe920, 18008e040]
turn=11315 thread=8 PC=0x1800017c0 SP=0xabe8c0 bytes=Ok([01, 0f, 00, d4]) insn=Some("Ok(DecodedInsn { mnemonic: SVC, cond: None, operands: [Imm(Immediate { value: 120, shift: 0 })], sets_flags: false, raw: 3556773633, size: 4, state: Aarch64 })") registers=[ffffffffffffffff, 1803c50d8, abe950, 102000, 4, abe8e0, 1, 0, 0, 1803c50d8, abe8e0, 0, 20400000, 0, 0, 20400000, a8397b1dcdaf, ffff57c6858e1b61, 7ffdd000, 2000000, 1803c50d0, 7fffffff0000, 1803cadc0, 2, 2545f4914f6cdd1d, 10100, 0, 7ffdf000, abe980, abe920, 18008e0d8]
terminal turn=11315 Complete(Internal("native NTDLL service NtAllocateVirtualMemoryEx (0x78) at 0x1800017c0 is not implemented"))
