**********************************************************************
** Visual Studio 2026 Developer PowerShell v18.7.1
** Copyright (c) 2026 Microsoft Corporation
**********************************************************************
pointer=4 exported=1
pointer=4 version=00000000 flags=00000000 length=0 status=C000000D returned=A5A5A5A5 bytes=0000000000000000A5A5A5A5A5A5A5A5
pointer=4 version=00000000 flags=00000000 length=1 status=C000000D returned=A5A5A5A5 bytes=0000000000000000A5A5A5A5A5A5A5A5
pointer=4 version=00000000 flags=00000000 length=4 status=C000000D returned=A5A5A5A5 bytes=0000000000000000A5A5A5A5A5A5A5A5
pointer=4 version=00000000 flags=00000000 length=7 status=C000000D returned=A5A5A5A5 bytes=0000000000000000A5A5A5A5A5A5A5A5
pointer=4 version=00000000 flags=00000000 length=8 status=C00000BB returned=00000000 bytes=0000000000000000A5A5A5A5A5A5A5A5
pointer=4 version=00000000 flags=00000000 length=9 status=C000000D returned=A5A5A5A5 bytes=0000000000000000A5A5A5A5A5A5A5A5
pointer=4 version=00000000 flags=00000000 length=12 status=C000000D returned=A5A5A5A5 bytes=0000000000000000A5A5A5A5A5A5A5A5
pointer=4 version=00000000 flags=00000000 length=16 status=C000000D returned=A5A5A5A5 bytes=0000000000000000A5A5A5A5A5A5A5A5
pointer=4 version=00000000 flags=00000001 length=0 status=C000000D returned=A5A5A5A5 bytes=0000000001000000A5A5A5A5A5A5A5A5
pointer=4 version=00000000 flags=00000001 length=1 status=C000000D returned=A5A5A5A5 bytes=0000000001000000A5A5A5A5A5A5A5A5
pointer=4 version=00000000 flags=00000001 length=4 status=C000000D returned=A5A5A5A5 bytes=0000000001000000A5A5A5A5A5A5A5A5
pointer=4 version=00000000 flags=00000001 length=7 status=C000000D returned=A5A5A5A5 bytes=0000000001000000A5A5A5A5A5A5A5A5
pointer=4 version=00000000 flags=00000001 length=8 status=C00000BB returned=00000000 bytes=0000000001000000A5A5A5A5A5A5A5A5
pointer=4 version=00000000 flags=00000001 length=9 status=C000000D returned=A5A5A5A5 bytes=0000000001000000A5A5A5A5A5A5A5A5
pointer=4 version=00000000 flags=00000001 length=12 status=C000000D returned=A5A5A5A5 bytes=0000000001000000A5A5A5A5A5A5A5A5
pointer=4 version=00000000 flags=00000001 length=16 status=C000000D returned=A5A5A5A5 bytes=0000000001000000A5A5A5A5A5A5A5A5
pointer=4 version=00000000 flags=00000002 length=0 status=C000000D returned=A5A5A5A5 bytes=0000000002000000A5A5A5A5A5A5A5A5
pointer=4 version=00000000 flags=00000002 length=1 status=C000000D returned=A5A5A5A5 bytes=0000000002000000A5A5A5A5A5A5A5A5
pointer=4 version=00000000 flags=00000002 length=4 status=C000000D returned=A5A5A5A5 bytes=0000000002000000A5A5A5A5A5A5A5A5
pointer=4 version=00000000 flags=00000002 length=7 status=C000000D returned=A5A5A5A5 bytes=0000000002000000A5A5A5A5A5A5A5A5
pointer=4 version=00000000 flags=00000002 length=8 status=C00000BB returned=00000000 bytes=0000000002000000A5A5A5A5A5A5A5A5
pointer=4 version=00000000 flags=00000002 length=9 status=C000000D returned=A5A5A5A5 bytes=0000000002000000A5A5A5A5A5A5A5A5
pointer=4 version=00000000 flags=00000002 length=12 status=C000000D returned=A5A5A5A5 bytes=0000000002000000A5A5A5A5A5A5A5A5
pointer=4 version=00000000 flags=00000002 length=16 status=C000000D returned=A5A5A5A5 bytes=0000000002000000A5A5A5A5A5A5A5A5
pointer=4 version=00000000 flags=00000004 length=0 status=C000000D returned=A5A5A5A5 bytes=0000000004000000A5A5A5A5A5A5A5A5
pointer=4 version=00000000 flags=00000004 length=1 status=C000000D returned=A5A5A5A5 bytes=0000000004000000A5A5A5A5A5A5A5A5
pointer=4 version=00000000 flags=00000004 length=4 status=C000000D returned=A5A5A5A5 bytes=0000000004000000A5A5A5A5A5A5A5A5
pointer=4 version=00000000 flags=00000004 length=7 status=C000000D returned=A5A5A5A5 bytes=0000000004000000A5A5A5A5A5A5A5A5
pointer=4 version=00000000 flags=00000004 length=8 status=C00000BB returned=00000000 bytes=0000000004000000A5A5A5A5A5A5A5A5
pointer=4 version=00000000 flags=00000004 length=9 status=C000000D returned=A5A5A5A5 bytes=0000000004000000A5A5A5A5A5A5A5A5
pointer=4 version=00000000 flags=00000004 length=12 status=C000000D returned=A5A5A5A5 bytes=0000000004000000A5A5A5A5A5A5A5A5
pointer=4 version=00000000 flags=00000004 length=16 status=C000000D returned=A5A5A5A5 bytes=0000000004000000A5A5A5A5A5A5A5A5
pointer=4 version=00000000 flags=00000008 length=0 status=C000000D returned=A5A5A5A5 bytes=0000000008000000A5A5A5A5A5A5A5A5
pointer=4 version=00000000 flags=00000008 length=1 status=C000000D returned=A5A5A5A5 bytes=0000000008000000A5A5A5A5A5A5A5A5
pointer=4 version=00000000 flags=00000008 length=4 status=C000000D returned=A5A5A5A5 bytes=0000000008000000A5A5A5A5A5A5A5A5
pointer=4 version=00000000 flags=00000008 length=7 status=C000000D returned=A5A5A5A5 bytes=0000000008000000A5A5A5A5A5A5A5A5
pointer=4 version=00000000 flags=00000008 length=8 status=C00000BB returned=00000000 bytes=0000000008000000A5A5A5A5A5A5A5A5
pointer=4 version=00000000 flags=00000008 length=9 status=C000000D returned=A5A5A5A5 bytes=0000000008000000A5A5A5A5A5A5A5A5
pointer=4 version=00000000 flags=00000008 length=12 status=C000000D returned=A5A5A5A5 bytes=0000000008000000A5A5A5A5A5A5A5A5
pointer=4 version=00000000 flags=00000008 length=16 status=C000000D returned=A5A5A5A5 bytes=0000000008000000A5A5A5A5A5A5A5A5
pointer=4 version=00000000 flags=FFFFFFFF length=0 status=C000000D returned=A5A5A5A5 bytes=00000000FFFFFFFFA5A5A5A5A5A5A5A5
pointer=4 version=00000000 flags=FFFFFFFF length=1 status=C000000D returned=A5A5A5A5 bytes=00000000FFFFFFFFA5A5A5A5A5A5A5A5
pointer=4 version=00000000 flags=FFFFFFFF length=4 status=C000000D returned=A5A5A5A5 bytes=00000000FFFFFFFFA5A5A5A5A5A5A5A5
pointer=4 version=00000000 flags=FFFFFFFF length=7 status=C000000D returned=A5A5A5A5 bytes=00000000FFFFFFFFA5A5A5A5A5A5A5A5
pointer=4 version=00000000 flags=FFFFFFFF length=8 status=C00000BB returned=00000000 bytes=00000000FFFFFFFFA5A5A5A5A5A5A5A5
pointer=4 version=00000000 flags=FFFFFFFF length=9 status=C000000D returned=A5A5A5A5 bytes=00000000FFFFFFFFA5A5A5A5A5A5A5A5
pointer=4 version=00000000 flags=FFFFFFFF length=12 status=C000000D returned=A5A5A5A5 bytes=00000000FFFFFFFFA5A5A5A5A5A5A5A5
pointer=4 version=00000000 flags=FFFFFFFF length=16 status=C000000D returned=A5A5A5A5 bytes=00000000FFFFFFFFA5A5A5A5A5A5A5A5
pointer=4 version=00000001 flags=00000000 length=0 status=C000000D returned=A5A5A5A5 bytes=0100000000000000A5A5A5A5A5A5A5A5
pointer=4 version=00000001 flags=00000000 length=1 status=C000000D returned=A5A5A5A5 bytes=0100000000000000A5A5A5A5A5A5A5A5
pointer=4 version=00000001 flags=00000000 length=4 status=C000000D returned=A5A5A5A5 bytes=0100000000000000A5A5A5A5A5A5A5A5
pointer=4 version=00000001 flags=00000000 length=7 status=C000000D returned=A5A5A5A5 bytes=0100000000000000A5A5A5A5A5A5A5A5
pointer=4 version=00000001 flags=00000000 length=8 status=C00000BB returned=00000000 bytes=0100000000000000A5A5A5A5A5A5A5A5
pointer=4 version=00000001 flags=00000000 length=9 status=C000000D returned=A5A5A5A5 bytes=0100000000000000A5A5A5A5A5A5A5A5
pointer=4 version=00000001 flags=00000000 length=12 status=C000000D returned=A5A5A5A5 bytes=0100000000000000A5A5A5A5A5A5A5A5
pointer=4 version=00000001 flags=00000000 length=16 status=C000000D returned=A5A5A5A5 bytes=0100000000000000A5A5A5A5A5A5A5A5
pointer=4 version=00000001 flags=00000001 length=0 status=C000000D returned=A5A5A5A5 bytes=0100000001000000A5A5A5A5A5A5A5A5
pointer=4 version=00000001 flags=00000001 length=1 status=C000000D returned=A5A5A5A5 bytes=0100000001000000A5A5A5A5A5A5A5A5
pointer=4 version=00000001 flags=00000001 length=4 status=C000000D returned=A5A5A5A5 bytes=0100000001000000A5A5A5A5A5A5A5A5
pointer=4 version=00000001 flags=00000001 length=7 status=C000000D returned=A5A5A5A5 bytes=0100000001000000A5A5A5A5A5A5A5A5
pointer=4 version=00000001 flags=00000001 length=8 status=C00000BB returned=00000000 bytes=0100000001000000A5A5A5A5A5A5A5A5
pointer=4 version=00000001 flags=00000001 length=9 status=C000000D returned=A5A5A5A5 bytes=0100000001000000A5A5A5A5A5A5A5A5
pointer=4 version=00000001 flags=00000001 length=12 status=C000000D returned=A5A5A5A5 bytes=0100000001000000A5A5A5A5A5A5A5A5
pointer=4 version=00000001 flags=00000001 length=16 status=C000000D returned=A5A5A5A5 bytes=0100000001000000A5A5A5A5A5A5A5A5
pointer=4 version=00000001 flags=00000002 length=0 status=C000000D returned=A5A5A5A5 bytes=0100000002000000A5A5A5A5A5A5A5A5
pointer=4 version=00000001 flags=00000002 length=1 status=C000000D returned=A5A5A5A5 bytes=0100000002000000A5A5A5A5A5A5A5A5
pointer=4 version=00000001 flags=00000002 length=4 status=C000000D returned=A5A5A5A5 bytes=0100000002000000A5A5A5A5A5A5A5A5
pointer=4 version=00000001 flags=00000002 length=7 status=C000000D returned=A5A5A5A5 bytes=0100000002000000A5A5A5A5A5A5A5A5
pointer=4 version=00000001 flags=00000002 length=8 status=C00000BB returned=00000000 bytes=0100000002000000A5A5A5A5A5A5A5A5
pointer=4 version=00000001 flags=00000002 length=9 status=C000000D returned=A5A5A5A5 bytes=0100000002000000A5A5A5A5A5A5A5A5
pointer=4 version=00000001 flags=00000002 length=12 status=C000000D returned=A5A5A5A5 bytes=0100000002000000A5A5A5A5A5A5A5A5
pointer=4 version=00000001 flags=00000002 length=16 status=C000000D returned=A5A5A5A5 bytes=0100000002000000A5A5A5A5A5A5A5A5
pointer=4 version=00000001 flags=00000004 length=0 status=C000000D returned=A5A5A5A5 bytes=0100000004000000A5A5A5A5A5A5A5A5
pointer=4 version=00000001 flags=00000004 length=1 status=C000000D returned=A5A5A5A5 bytes=0100000004000000A5A5A5A5A5A5A5A5
pointer=4 version=00000001 flags=00000004 length=4 status=C000000D returned=A5A5A5A5 bytes=0100000004000000A5A5A5A5A5A5A5A5
pointer=4 version=00000001 flags=00000004 length=7 status=C000000D returned=A5A5A5A5 bytes=0100000004000000A5A5A5A5A5A5A5A5
pointer=4 version=00000001 flags=00000004 length=8 status=C00000BB returned=00000000 bytes=0100000004000000A5A5A5A5A5A5A5A5
pointer=4 version=00000001 flags=00000004 length=9 status=C000000D returned=A5A5A5A5 bytes=0100000004000000A5A5A5A5A5A5A5A5
pointer=4 version=00000001 flags=00000004 length=12 status=C000000D returned=A5A5A5A5 bytes=0100000004000000A5A5A5A5A5A5A5A5
pointer=4 version=00000001 flags=00000004 length=16 status=C000000D returned=A5A5A5A5 bytes=0100000004000000A5A5A5A5A5A5A5A5
pointer=4 version=00000001 flags=00000008 length=0 status=C000000D returned=A5A5A5A5 bytes=0100000008000000A5A5A5A5A5A5A5A5
pointer=4 version=00000001 flags=00000008 length=1 status=C000000D returned=A5A5A5A5 bytes=0100000008000000A5A5A5A5A5A5A5A5
pointer=4 version=00000001 flags=00000008 length=4 status=C000000D returned=A5A5A5A5 bytes=0100000008000000A5A5A5A5A5A5A5A5
pointer=4 version=00000001 flags=00000008 length=7 status=C000000D returned=A5A5A5A5 bytes=0100000008000000A5A5A5A5A5A5A5A5
pointer=4 version=00000001 flags=00000008 length=8 status=C00000BB returned=00000000 bytes=0100000008000000A5A5A5A5A5A5A5A5
pointer=4 version=00000001 flags=00000008 length=9 status=C000000D returned=A5A5A5A5 bytes=0100000008000000A5A5A5A5A5A5A5A5
pointer=4 version=00000001 flags=00000008 length=12 status=C000000D returned=A5A5A5A5 bytes=0100000008000000A5A5A5A5A5A5A5A5
pointer=4 version=00000001 flags=00000008 length=16 status=C000000D returned=A5A5A5A5 bytes=0100000008000000A5A5A5A5A5A5A5A5
pointer=4 version=00000001 flags=FFFFFFFF length=0 status=C000000D returned=A5A5A5A5 bytes=01000000FFFFFFFFA5A5A5A5A5A5A5A5
pointer=4 version=00000001 flags=FFFFFFFF length=1 status=C000000D returned=A5A5A5A5 bytes=01000000FFFFFFFFA5A5A5A5A5A5A5A5
pointer=4 version=00000001 flags=FFFFFFFF length=4 status=C000000D returned=A5A5A5A5 bytes=01000000FFFFFFFFA5A5A5A5A5A5A5A5
pointer=4 version=00000001 flags=FFFFFFFF length=7 status=C000000D returned=A5A5A5A5 bytes=01000000FFFFFFFFA5A5A5A5A5A5A5A5
pointer=4 version=00000001 flags=FFFFFFFF length=8 status=C00000BB returned=00000000 bytes=01000000FFFFFFFFA5A5A5A5A5A5A5A5
pointer=4 version=00000001 flags=FFFFFFFF length=9 status=C000000D returned=A5A5A5A5 bytes=01000000FFFFFFFFA5A5A5A5A5A5A5A5
pointer=4 version=00000001 flags=FFFFFFFF length=12 status=C000000D returned=A5A5A5A5 bytes=01000000FFFFFFFFA5A5A5A5A5A5A5A5
pointer=4 version=00000001 flags=FFFFFFFF length=16 status=C000000D returned=A5A5A5A5 bytes=01000000FFFFFFFFA5A5A5A5A5A5A5A5
pointer=4 version=00000002 flags=00000000 length=0 status=C000000D returned=A5A5A5A5 bytes=0200000000000000A5A5A5A5A5A5A5A5
pointer=4 version=00000002 flags=00000000 length=1 status=C000000D returned=A5A5A5A5 bytes=0200000000000000A5A5A5A5A5A5A5A5
pointer=4 version=00000002 flags=00000000 length=4 status=C000000D returned=A5A5A5A5 bytes=0200000000000000A5A5A5A5A5A5A5A5
pointer=4 version=00000002 flags=00000000 length=7 status=C000000D returned=A5A5A5A5 bytes=0200000000000000A5A5A5A5A5A5A5A5
pointer=4 version=00000002 flags=00000000 length=8 status=C00000BB returned=00000000 bytes=0200000000000000A5A5A5A5A5A5A5A5
pointer=4 version=00000002 flags=00000000 length=9 status=C000000D returned=A5A5A5A5 bytes=0200000000000000A5A5A5A5A5A5A5A5
pointer=4 version=00000002 flags=00000000 length=12 status=C000000D returned=A5A5A5A5 bytes=0200000000000000A5A5A5A5A5A5A5A5
pointer=4 version=00000002 flags=00000000 length=16 status=C000000D returned=A5A5A5A5 bytes=0200000000000000A5A5A5A5A5A5A5A5
pointer=4 version=00000002 flags=00000001 length=0 status=C000000D returned=A5A5A5A5 bytes=0200000001000000A5A5A5A5A5A5A5A5
pointer=4 version=00000002 flags=00000001 length=1 status=C000000D returned=A5A5A5A5 bytes=0200000001000000A5A5A5A5A5A5A5A5
pointer=4 version=00000002 flags=00000001 length=4 status=C000000D returned=A5A5A5A5 bytes=0200000001000000A5A5A5A5A5A5A5A5
pointer=4 version=00000002 flags=00000001 length=7 status=C000000D returned=A5A5A5A5 bytes=0200000001000000A5A5A5A5A5A5A5A5
pointer=4 version=00000002 flags=00000001 length=8 status=C00000BB returned=00000000 bytes=0200000001000000A5A5A5A5A5A5A5A5
pointer=4 version=00000002 flags=00000001 length=9 status=C000000D returned=A5A5A5A5 bytes=0200000001000000A5A5A5A5A5A5A5A5
pointer=4 version=00000002 flags=00000001 length=12 status=C000000D returned=A5A5A5A5 bytes=0200000001000000A5A5A5A5A5A5A5A5
pointer=4 version=00000002 flags=00000001 length=16 status=C000000D returned=A5A5A5A5 bytes=0200000001000000A5A5A5A5A5A5A5A5
pointer=4 version=00000002 flags=00000002 length=0 status=C000000D returned=A5A5A5A5 bytes=0200000002000000A5A5A5A5A5A5A5A5
pointer=4 version=00000002 flags=00000002 length=1 status=C000000D returned=A5A5A5A5 bytes=0200000002000000A5A5A5A5A5A5A5A5
pointer=4 version=00000002 flags=00000002 length=4 status=C000000D returned=A5A5A5A5 bytes=0200000002000000A5A5A5A5A5A5A5A5
pointer=4 version=00000002 flags=00000002 length=7 status=C000000D returned=A5A5A5A5 bytes=0200000002000000A5A5A5A5A5A5A5A5
pointer=4 version=00000002 flags=00000002 length=8 status=C00000BB returned=00000000 bytes=0200000002000000A5A5A5A5A5A5A5A5
pointer=4 version=00000002 flags=00000002 length=9 status=C000000D returned=A5A5A5A5 bytes=0200000002000000A5A5A5A5A5A5A5A5
pointer=4 version=00000002 flags=00000002 length=12 status=C000000D returned=A5A5A5A5 bytes=0200000002000000A5A5A5A5A5A5A5A5
pointer=4 version=00000002 flags=00000002 length=16 status=C000000D returned=A5A5A5A5 bytes=0200000002000000A5A5A5A5A5A5A5A5
pointer=4 version=00000002 flags=00000004 length=0 status=C000000D returned=A5A5A5A5 bytes=0200000004000000A5A5A5A5A5A5A5A5
pointer=4 version=00000002 flags=00000004 length=1 status=C000000D returned=A5A5A5A5 bytes=0200000004000000A5A5A5A5A5A5A5A5
pointer=4 version=00000002 flags=00000004 length=4 status=C000000D returned=A5A5A5A5 bytes=0200000004000000A5A5A5A5A5A5A5A5
pointer=4 version=00000002 flags=00000004 length=7 status=C000000D returned=A5A5A5A5 bytes=0200000004000000A5A5A5A5A5A5A5A5
pointer=4 version=00000002 flags=00000004 length=8 status=C00000BB returned=00000000 bytes=0200000004000000A5A5A5A5A5A5A5A5
pointer=4 version=00000002 flags=00000004 length=9 status=C000000D returned=A5A5A5A5 bytes=0200000004000000A5A5A5A5A5A5A5A5
pointer=4 version=00000002 flags=00000004 length=12 status=C000000D returned=A5A5A5A5 bytes=0200000004000000A5A5A5A5A5A5A5A5
pointer=4 version=00000002 flags=00000004 length=16 status=C000000D returned=A5A5A5A5 bytes=0200000004000000A5A5A5A5A5A5A5A5
pointer=4 version=00000002 flags=00000008 length=0 status=C000000D returned=A5A5A5A5 bytes=0200000008000000A5A5A5A5A5A5A5A5
pointer=4 version=00000002 flags=00000008 length=1 status=C000000D returned=A5A5A5A5 bytes=0200000008000000A5A5A5A5A5A5A5A5
pointer=4 version=00000002 flags=00000008 length=4 status=C000000D returned=A5A5A5A5 bytes=0200000008000000A5A5A5A5A5A5A5A5
pointer=4 version=00000002 flags=00000008 length=7 status=C000000D returned=A5A5A5A5 bytes=0200000008000000A5A5A5A5A5A5A5A5
pointer=4 version=00000002 flags=00000008 length=8 status=C00000BB returned=00000000 bytes=0200000008000000A5A5A5A5A5A5A5A5
pointer=4 version=00000002 flags=00000008 length=9 status=C000000D returned=A5A5A5A5 bytes=0200000008000000A5A5A5A5A5A5A5A5
pointer=4 version=00000002 flags=00000008 length=12 status=C000000D returned=A5A5A5A5 bytes=0200000008000000A5A5A5A5A5A5A5A5
pointer=4 version=00000002 flags=00000008 length=16 status=C000000D returned=A5A5A5A5 bytes=0200000008000000A5A5A5A5A5A5A5A5
pointer=4 version=00000002 flags=FFFFFFFF length=0 status=C000000D returned=A5A5A5A5 bytes=02000000FFFFFFFFA5A5A5A5A5A5A5A5
pointer=4 version=00000002 flags=FFFFFFFF length=1 status=C000000D returned=A5A5A5A5 bytes=02000000FFFFFFFFA5A5A5A5A5A5A5A5
pointer=4 version=00000002 flags=FFFFFFFF length=4 status=C000000D returned=A5A5A5A5 bytes=02000000FFFFFFFFA5A5A5A5A5A5A5A5
pointer=4 version=00000002 flags=FFFFFFFF length=7 status=C000000D returned=A5A5A5A5 bytes=02000000FFFFFFFFA5A5A5A5A5A5A5A5
pointer=4 version=00000002 flags=FFFFFFFF length=8 status=C00000BB returned=00000000 bytes=02000000FFFFFFFFA5A5A5A5A5A5A5A5
pointer=4 version=00000002 flags=FFFFFFFF length=9 status=C000000D returned=A5A5A5A5 bytes=02000000FFFFFFFFA5A5A5A5A5A5A5A5
pointer=4 version=00000002 flags=FFFFFFFF length=12 status=C000000D returned=A5A5A5A5 bytes=02000000FFFFFFFFA5A5A5A5A5A5A5A5
pointer=4 version=00000002 flags=FFFFFFFF length=16 status=C000000D returned=A5A5A5A5 bytes=02000000FFFFFFFFA5A5A5A5A5A5A5A5
pointer=4 version=FFFFFFFF flags=00000000 length=0 status=C000000D returned=A5A5A5A5 bytes=FFFFFFFF00000000A5A5A5A5A5A5A5A5
pointer=4 version=FFFFFFFF flags=00000000 length=1 status=C000000D returned=A5A5A5A5 bytes=FFFFFFFF00000000A5A5A5A5A5A5A5A5
pointer=4 version=FFFFFFFF flags=00000000 length=4 status=C000000D returned=A5A5A5A5 bytes=FFFFFFFF00000000A5A5A5A5A5A5A5A5
pointer=4 version=FFFFFFFF flags=00000000 length=7 status=C000000D returned=A5A5A5A5 bytes=FFFFFFFF00000000A5A5A5A5A5A5A5A5
pointer=4 version=FFFFFFFF flags=00000000 length=8 status=C00000BB returned=00000000 bytes=FFFFFFFF00000000A5A5A5A5A5A5A5A5
pointer=4 version=FFFFFFFF flags=00000000 length=9 status=C000000D returned=A5A5A5A5 bytes=FFFFFFFF00000000A5A5A5A5A5A5A5A5
pointer=4 version=FFFFFFFF flags=00000000 length=12 status=C000000D returned=A5A5A5A5 bytes=FFFFFFFF00000000A5A5A5A5A5A5A5A5
pointer=4 version=FFFFFFFF flags=00000000 length=16 status=C000000D returned=A5A5A5A5 bytes=FFFFFFFF00000000A5A5A5A5A5A5A5A5
pointer=4 version=FFFFFFFF flags=00000001 length=0 status=C000000D returned=A5A5A5A5 bytes=FFFFFFFF01000000A5A5A5A5A5A5A5A5
pointer=4 version=FFFFFFFF flags=00000001 length=1 status=C000000D returned=A5A5A5A5 bytes=FFFFFFFF01000000A5A5A5A5A5A5A5A5
pointer=4 version=FFFFFFFF flags=00000001 length=4 status=C000000D returned=A5A5A5A5 bytes=FFFFFFFF01000000A5A5A5A5A5A5A5A5
pointer=4 version=FFFFFFFF flags=00000001 length=7 status=C000000D returned=A5A5A5A5 bytes=FFFFFFFF01000000A5A5A5A5A5A5A5A5
pointer=4 version=FFFFFFFF flags=00000001 length=8 status=C00000BB returned=00000000 bytes=FFFFFFFF01000000A5A5A5A5A5A5A5A5
pointer=4 version=FFFFFFFF flags=00000001 length=9 status=C000000D returned=A5A5A5A5 bytes=FFFFFFFF01000000A5A5A5A5A5A5A5A5
pointer=4 version=FFFFFFFF flags=00000001 length=12 status=C000000D returned=A5A5A5A5 bytes=FFFFFFFF01000000A5A5A5A5A5A5A5A5
pointer=4 version=FFFFFFFF flags=00000001 length=16 status=C000000D returned=A5A5A5A5 bytes=FFFFFFFF01000000A5A5A5A5A5A5A5A5
pointer=4 version=FFFFFFFF flags=00000002 length=0 status=C000000D returned=A5A5A5A5 bytes=FFFFFFFF02000000A5A5A5A5A5A5A5A5
pointer=4 version=FFFFFFFF flags=00000002 length=1 status=C000000D returned=A5A5A5A5 bytes=FFFFFFFF02000000A5A5A5A5A5A5A5A5
pointer=4 version=FFFFFFFF flags=00000002 length=4 status=C000000D returned=A5A5A5A5 bytes=FFFFFFFF02000000A5A5A5A5A5A5A5A5
pointer=4 version=FFFFFFFF flags=00000002 length=7 status=C000000D returned=A5A5A5A5 bytes=FFFFFFFF02000000A5A5A5A5A5A5A5A5
pointer=4 version=FFFFFFFF flags=00000002 length=8 status=C00000BB returned=00000000 bytes=FFFFFFFF02000000A5A5A5A5A5A5A5A5
pointer=4 version=FFFFFFFF flags=00000002 length=9 status=C000000D returned=A5A5A5A5 bytes=FFFFFFFF02000000A5A5A5A5A5A5A5A5
pointer=4 version=FFFFFFFF flags=00000002 length=12 status=C000000D returned=A5A5A5A5 bytes=FFFFFFFF02000000A5A5A5A5A5A5A5A5
pointer=4 version=FFFFFFFF flags=00000002 length=16 status=C000000D returned=A5A5A5A5 bytes=FFFFFFFF02000000A5A5A5A5A5A5A5A5
pointer=4 version=FFFFFFFF flags=00000004 length=0 status=C000000D returned=A5A5A5A5 bytes=FFFFFFFF04000000A5A5A5A5A5A5A5A5
pointer=4 version=FFFFFFFF flags=00000004 length=1 status=C000000D returned=A5A5A5A5 bytes=FFFFFFFF04000000A5A5A5A5A5A5A5A5
pointer=4 version=FFFFFFFF flags=00000004 length=4 status=C000000D returned=A5A5A5A5 bytes=FFFFFFFF04000000A5A5A5A5A5A5A5A5
pointer=4 version=FFFFFFFF flags=00000004 length=7 status=C000000D returned=A5A5A5A5 bytes=FFFFFFFF04000000A5A5A5A5A5A5A5A5
pointer=4 version=FFFFFFFF flags=00000004 length=8 status=C00000BB returned=00000000 bytes=FFFFFFFF04000000A5A5A5A5A5A5A5A5
pointer=4 version=FFFFFFFF flags=00000004 length=9 status=C000000D returned=A5A5A5A5 bytes=FFFFFFFF04000000A5A5A5A5A5A5A5A5
pointer=4 version=FFFFFFFF flags=00000004 length=12 status=C000000D returned=A5A5A5A5 bytes=FFFFFFFF04000000A5A5A5A5A5A5A5A5
pointer=4 version=FFFFFFFF flags=00000004 length=16 status=C000000D returned=A5A5A5A5 bytes=FFFFFFFF04000000A5A5A5A5A5A5A5A5
pointer=4 version=FFFFFFFF flags=00000008 length=0 status=C000000D returned=A5A5A5A5 bytes=FFFFFFFF08000000A5A5A5A5A5A5A5A5
pointer=4 version=FFFFFFFF flags=00000008 length=1 status=C000000D returned=A5A5A5A5 bytes=FFFFFFFF08000000A5A5A5A5A5A5A5A5
pointer=4 version=FFFFFFFF flags=00000008 length=4 status=C000000D returned=A5A5A5A5 bytes=FFFFFFFF08000000A5A5A5A5A5A5A5A5
pointer=4 version=FFFFFFFF flags=00000008 length=7 status=C000000D returned=A5A5A5A5 bytes=FFFFFFFF08000000A5A5A5A5A5A5A5A5
pointer=4 version=FFFFFFFF flags=00000008 length=8 status=C00000BB returned=00000000 bytes=FFFFFFFF08000000A5A5A5A5A5A5A5A5
pointer=4 version=FFFFFFFF flags=00000008 length=9 status=C000000D returned=A5A5A5A5 bytes=FFFFFFFF08000000A5A5A5A5A5A5A5A5
pointer=4 version=FFFFFFFF flags=00000008 length=12 status=C000000D returned=A5A5A5A5 bytes=FFFFFFFF08000000A5A5A5A5A5A5A5A5
pointer=4 version=FFFFFFFF flags=00000008 length=16 status=C000000D returned=A5A5A5A5 bytes=FFFFFFFF08000000A5A5A5A5A5A5A5A5
pointer=4 version=FFFFFFFF flags=FFFFFFFF length=0 status=C000000D returned=A5A5A5A5 bytes=FFFFFFFFFFFFFFFFA5A5A5A5A5A5A5A5
pointer=4 version=FFFFFFFF flags=FFFFFFFF length=1 status=C000000D returned=A5A5A5A5 bytes=FFFFFFFFFFFFFFFFA5A5A5A5A5A5A5A5
pointer=4 version=FFFFFFFF flags=FFFFFFFF length=4 status=C000000D returned=A5A5A5A5 bytes=FFFFFFFFFFFFFFFFA5A5A5A5A5A5A5A5
pointer=4 version=FFFFFFFF flags=FFFFFFFF length=7 status=C000000D returned=A5A5A5A5 bytes=FFFFFFFFFFFFFFFFA5A5A5A5A5A5A5A5
pointer=4 version=FFFFFFFF flags=FFFFFFFF length=8 status=C00000BB returned=00000000 bytes=FFFFFFFFFFFFFFFFA5A5A5A5A5A5A5A5
pointer=4 version=FFFFFFFF flags=FFFFFFFF length=9 status=C000000D returned=A5A5A5A5 bytes=FFFFFFFFFFFFFFFFA5A5A5A5A5A5A5A5
pointer=4 version=FFFFFFFF flags=FFFFFFFF length=12 status=C000000D returned=A5A5A5A5 bytes=FFFFFFFFFFFFFFFFA5A5A5A5A5A5A5A5
pointer=4 version=FFFFFFFF flags=FFFFFFFF length=16 status=C000000D returned=A5A5A5A5 bytes=FFFFFFFFFFFFFFFFA5A5A5A5A5A5A5A5
pointer=4 role=0 length=8 status=C0000005 output_protect=00000004 returned_protect=00000004 returned=A5A5A5A5 bytes=0000000000000000A5A5A5A5A5A5A5A5
pointer=4 role=1 length=8 status=C00000BB output_protect=00000004 returned_protect=00000004 returned=00000000 bytes=0000000000000000A5A5A5A5A5A5A5A5
pointer=4 role=2 length=8 status=C0000005 output_protect=00000004 returned_protect=00000004 returned=A5A5A5A5 bytes=0000000000000000A5A5A5A5A5A5A5A5
pointer=4 role=3 length=8 status=C00000BB output_protect=00000004 returned_protect=00000004 returned=000000A5 bytes=0000000000000000A5A5A5A5A5A5A5A5
pointer=4 role=4 length=8 status=C0000005 output_protect=00000004 returned_protect=00000004 returned=A5A5A5A5 bytes=0000000000000000A5A5A5A5A5A5A5A5
pointer=4 role=5 length=8 status=C0000005 output_protect=00000002 returned_protect=00000004 returned=00000000 bytes=0000000000000000A5A5A5A5A5A5A5A5
pointer=4 role=6 length=8 status=80000001 output_protect=00000004 returned_protect=00000004 returned=A5A5A5A5 bytes=0000000000000000A5A5A5A5A5A5A5A5
pointer=4 role=7 length=8 status=80000001 output_protect=00000004 returned_protect=00000004 returned=A5A5A5A5 bytes=0000000000000000A5A5A5A5A5A5A5A5
pointer=4 role=8 length=7 status=C000000D output_protect=00000001 returned_protect=00000004 returned=A5A5A5A5 bytes=0000000000000000A5A5A5A5A5A5A5A5
pointer=4 role=9 length=7 status=C000000D output_protect=00000104 returned_protect=00000004 returned=A5A5A5A5 bytes=0000000000000000A5A5A5A5A5A5A5A5
pointer=4 role=10 length=8 status=C00000BB output_protect=00000004 returned_protect=00000004 returned=A5A5A5A5 bytes=0000000000000000A5A5A5A5A5A5A5A5
pointer=4 role=11 length=8 status=C0000005 output_protect=00000004 returned_protect=00000004 returned=A5A5A5A5 bytes=0000000000000000A5A5A5A5A5A5A5A5
pointer=4 role=12 length=16 status=C000000D output_protect=00000004 returned_protect=00000001 returned=A5A5A5A5 bytes=0000000000000000A5A5A5A5A5A5A5A5
pointer=4 role=13 length=8 status=C0000005 output_protect=00000004 returned_protect=00000001 returned=A5A5A5A5 bytes=0000000000000000A5A5A5A5A5A5A5A5
pointer=4 role=14 length=8 status=C0000005 output_protect=00000004 returned_protect=00000002 returned=A5A5A5A5 bytes=0000000000000000A5A5A5A5A5A5A5A5
pointer=4 role=15 length=8 status=80000001 output_protect=00000004 returned_protect=00000004 returned=A5A5A5A5 bytes=0000000000000000A5A5A5A5A5A5A5A5
pointer=4 extra_role=0 length=8 status=C00000BB output_protect=00000004 returned_protect=00000004 returned=A5A5A5A5 prefix=0100000078563412A5A5A5A5A5A5A5A5
pointer=4 extra_role=1 length=8 status=C00000BB output_protect=00000004 returned_protect=00000004 returned=A5A5A5A5 prefix=0100000078563412A5A5A5A5A5A5A5A5
pointer=4 extra_role=2 length=8 status=C00000BB output_protect=00000004 returned_protect=00000004 returned=A5A5A5A5 prefix=0100000078563412A5A5A5A5A5A5A5A5
pointer=4 extra_role=3 length=7 status=C000000D output_protect=00000004 returned_protect=00000004 returned=A5A5A5A5 prefix=0100000078563412A5A5A5A5A5A5A5A5
pointer=4 extra_role=4 length=8 status=80000001 output_protect=00000004 returned_protect=00000001 returned=A5A5A5A5 prefix=0100000078563412A5A5A5A5A5A5A5A5
pointer=4 extra_role=5 length=8 status=C0000005 output_protect=00000001 returned_protect=00000104 returned=A5A5A5A5 prefix=0100000078563412A5A5A5A5A5A5A5A5
pointer=4 extra_role=6 length=8 status=C0000005 output_protect=00000002 returned_protect=00000004 returned=A5A5A5A5 prefix=0100000078563412A5A5A5A5A5A5A5A5
pointer=4 extra_role=7 length=8 status=C00000BB output_protect=00000004 returned_protect=00000001 returned=A5A5A5A5 prefix=0100000078563412A5A5A5A5A5A5A5A5
pointer=4 extra_role=8 length=8 status=C0000005 output_protect=00000004 returned_protect=00000001 returned=12345678 prefix=0100000078563412A5A5A5A5A5A5A5A5
pointer=4 extra_role=9 length=0 status=C000000D output_protect=00000004 returned_protect=00000004 returned=A5A5A5A5 prefix=0100000078563412A5A5A5A5A5A5A5A5
pointer=4 extra_role=10 length=8 status=C00000BB output_protect=00000004 returned_protect=00000004 returned=A5A50000 prefix=0100000078563412A5A5A5A5A5A5A5A5
pointer=4 extra_role=11 length=8 status=C0000005 output_protect=00000002 returned_protect=00000004 returned=A5A5A5A5 prefix=0100000078563412A5A5A5A5A5A5A5A5
pointer=4 extra_role=12 length=8 status=C0000005 output_protect=00000002 returned_protect=00000004 returned=A5A5A5A5 prefix=0100000078563412A5A5A5A5A5A5A5A5
pointer=4 extra_role=13 length=8 status=80000001 output_protect=00000002 returned_protect=00000004 returned=A5A5A5A5 prefix=0100000078563412A5A5A5A5A5A5A5A5
pointer=4 extra_role=14 length=8 status=80000001 output_protect=00000004 returned_protect=00000002 returned=A5A5A5A5 prefix=0100000078563412A5A5A5A5A5A5A5A5
