    Finished `test` profile [unoptimized + debuginfo] target(s) in 0.65s
     Running unittests src\lib.rs (C:\Windows\Temp\assist-native-rax-20261010\target\debug\deps\rax-d861ee8f992d7cb6.exe)
running 6996 tests
test smir::lower::aarch64::tests::bit::lowers_bzhi_x_two_imms_all_ones_with_flags_as_movn_sets_carry ... FAILED
test smir::lower::aarch64::tests::bit::lowers_bzhi_x_imm_index_at_width_with_flags_sets_carry ... FAILED
test smir::lower::aarch64::tests::bit::lowers_bzhi_x_two_imms_with_flags_sets_carry ... FAILED
test smir::lower::aarch64::tests::bit::lowers_bzhi_x_with_flags_and_low_byte_index_guards ... FAILED
test smir::lower::aarch64::tests::vector::lowers_vector_fp16_arithmetic_runtime ... FAILED
test user::windows::process::native_start::tests::native_start_attachment_boundary_requires_exact_resumed_native_entry_all_abis ... ok
test user::windows::process::native_start::tests::native_start_context_preserves_thread_state_and_selects_native_entries_all_abis ... ok
test user::windows::process::native_start::tests::native_start_private_loader_lists_are_not_published_in_native_peb_all_abis ... ok
test user::windows::process::native_start::tests::native_start_requires_selected_native_ntdll_and_both_export_entries_all_abis ... ok
test user::windows::process::native_start::tests::native_start_resume_releases_initial_process_gate_without_attaching_peers_all_abis ... ok
test user::windows::process::native_start::tests::native_start_scratch_write_failure_changes_neither_context_bytes_nor_cpu_all_abis ... ok
test user::windows::process::native_start::tests::native_start_stack_underflow_is_rejected_before_memory_or_cpu_publication_all_abis ... ok
test user::windows::process::native_start::tests::native_start_static_tls_is_owned_by_installed_loader_with_builtin_control_all_abis ... ok
test user::windows::process::native_start::tests::native_start_installed_process_has_cold_peb_and_loader_entry_before_first_instruction ... ok
test result: FAILED. 6989 passed; 5 failed; 2 ignored; 0 measured; 0 filtered out; finished in 299.88s
    smir::lower::aarch64::tests::bit::lowers_bzhi_x_imm_index_at_width_with_flags_sets_carry
    smir::lower::aarch64::tests::bit::lowers_bzhi_x_two_imms_all_ones_with_flags_as_movn_sets_carry
    smir::lower::aarch64::tests::bit::lowers_bzhi_x_two_imms_with_flags_sets_carry
    smir::lower::aarch64::tests::bit::lowers_bzhi_x_with_flags_and_low_byte_index_guards
    smir::lower::aarch64::tests::vector::lowers_vector_fp16_arithmetic_runtime
error: test failed, to rerun pass `--lib`
