program C:\Windows\Temp\assist-native-rax-20261010\src\tests\fixtures\user\windows\bin\arm64\smoke.exe
arch=arm64 PEB=0x7ffdf000 ProcessHeap=Ok(65536) heaps=Heaps { heaps: {65536: Heap { flags: 0, align: 16, max: 0, segments: [(65536, 1048576)], free: {69216: 1044896}, by_size: {(1044896, 69216)}, used: {67008: (48, 40), 67536: (96, 88), 68704: (80, 70), 68416: (288, 288), 68304: (80, 66), 67632: (288, 288), 68016: (288, 288), 68384: (32, 26), 66960: (48, 34), 69200: (16, 12), 65792: (1104, 1096), 69152: (32, 20), 67984: (32, 20), 67056: (480, 470), 68816: (288, 288), 66896: (16, 8), 69104: (48, 34), 68784: (32, 30), 66912: (48, 34), 69184: (16, 8), 67920: (64, 60)} }}, align: 16 }
module probe.exe base=0x140000000 size=0x3000 entry=0x140001048
module ntdll.dll base=0x180000000 size=0x473000 entry=0x0
module kernel32.dll base=0x150000 size=0x171000 entry=0x157460
module KernelBase.dll base=0x2d0000 size=0x6e6000 entry=0x2dbf90
native LdrInitializeThunk target=0x1800ef6e0 context=0xabfbc0
kernel-before turn=36 service=0x36 PC=0x1800013a0 registers=[fa, 1803ca4c0, 10, abfb30, 0, 0]
kernel-after turn=36 service=0x36 PC=0x1800013a4 X0=0x0
kernel-before turn=141 service=0x48 PC=0x1800014c0 registers=[1803c9350, 1f0003, 0, 0, 0, 0]
kernel-after turn=141 service=0x48 PC=0x1800014c4 X0=0x0
kernel-before turn=160 service=0x119 PC=0x1800021d0 registers=[9, abfaf8, 8, abfaf0, 0, 0]
hotpatch-before info=0xabfaf8 bytes=Ok([01, 00, 00, 00, 00, 00, 00, 00]) returned=0xabfaf0 bytes=Ok([00, 00, 00, 00])
kernel-after turn=160 service=0x119 PC=0x1800021d4 X0=0xc00000bb
hotpatch-after info=0xabfaf8 bytes=Ok([01, 00, 00, 00, 00, 00, 00, 00]) returned=0xabfaf0 bytes=Ok([00, 00, 00, 00])
kernel-before turn=210 service=0xe PC=0x1800010e0 registers=[10, 0, 1488, abfaf0, 0, 0]
kernel-after turn=210 service=0xe PC=0x1800010e4 X0=0x0
kernel-before turn=252 service=0x48 PC=0x1800014c0 registers=[1803c93a0, 1f0003, 0, 0, 0, 0]
kernel-after turn=252 service=0x48 PC=0x1800014c4 X0=0x0
kernel-before turn=298 service=0x36 PC=0x1800013a0 registers=[0, abfa20, 40, 0, 0, 0]
kernel-after turn=298 service=0x36 PC=0x1800013a4 X0=0x0
kernel-before turn=418 service=0x19 PC=0x1800011a0 registers=[ffffffffffffffff, 24, abe9f0, 4, 0, 0]
kernel-after turn=418 service=0x19 PC=0x1800011a4 X0=0x0
kernel-before turn=709 service=0x12 PC=0x180001130 registers=[abe868, 80000000, abe8a0, abe8e0, 0, 18034f740]
NtOpenKey attributes=0xabe8a0 bytes=Ok([30, 00, 00, 00, 00, 00, 00, 00, 00, 00, 00, 00, 00, 00, 00, 00, 90, e8, ab, 00, 00, 00, 00, 00, 40, 02, 00, 00, 00, 00, 00, 00, 00, 00, 00, 00, 00, 00, 00, 00, 00, 00, 00, 00, 00, 00, 00, 00])
NtOpenKey name struct=0xabe890 length=126 buffer=0x18034f6d0 bytes=Ok([5c, 00, 52, 00, 65, 00, 67, 00, 69, 00, 73, 00, 74, 00, 72, 00, 79, 00, 5c, 00, 4d, 00, 61, 00, 63, 00, 68, 00, 69, 00, 6e, 00, 65, 00, 5c, 00, 53, 00, 79, 00, 73, 00, 74, 00, 65, 00, 6d, 00, 5c, 00, 43, 00, 75, 00, 72, 00, 72, 00, 65, 00, 6e, 00, 74, 00, 43, 00, 6f, 00, 6e, 00, 74, 00, 72, 00, 6f, 00, 6c, 00, 53, 00, 65, 00, 74, 00, 5c, 00, 43, 00, 6f, 00, 6e, 00, 74, 00, 72, 00, 6f, 00, 6c, 00, 5c, 00, 4e, 00, 6c, 00, 73, 00, 5c, 00, 43, 00, 6f, 00, 64, 00, 65, 00, 50, 00, 61, 00, 67, 00, 65, 00])
kernel-after turn=709 service=0x12 PC=0x180001134 X0=0x0
NtOpenKey output handle bytes=Ok([18, 00, 00, 00, 00, 00, 00, 00])
kernel-before turn=749 service=0x17 PC=0x180001180 registers=[18, abe870, 2, abe8d0, 24, abe860]
NtQueryValueKey name length=6 bytes=Ok([41, 00, 43, 00, 50, 00])
kernel-after turn=749 service=0x17 PC=0x180001184 X0=0x0
NtQueryValueKey output=Ok([00, 00, 00, 00, 01, 00, 00, 00, 0a, 00, 00, 00, 31, 00, 32, 00, 35, 00, 32, 00, 00, 00, 00, 00, 00, 00, 00, 00, 00, 00, 00, 00, 00, 00, 00, 00]) ResultLength=Ok([16, 00, 00, 00])
kernel-before turn=928 service=0x17 PC=0x180001180 registers=[18, abe870, 2, abe8d0, 24, abe860]
NtQueryValueKey name length=10 bytes=Ok([4f, 00, 45, 00, 4d, 00, 43, 00, 50, 00])
kernel-after turn=928 service=0x17 PC=0x180001184 X0=0x0
NtQueryValueKey output=Ok([00, 00, 00, 00, 01, 00, 00, 00, 08, 00, 00, 00, 34, 00, 33, 00, 37, 00, 00, 00, 00, 00, 00, 00, 00, 00, 00, 00, 00, 00, 00, 00, 00, 00, 00, 00]) ResultLength=Ok([14, 00, 00, 00])
kernel-before turn=1056 service=0xf PC=0x1800010f0 registers=[18, a, abe954, abe8d0, 24, abe8dc]
kernel-after turn=1056 service=0xf PC=0x1800010f4 X0=0x0
kernel-before turn=1101 service=0x101 PC=0x180002050 registers=[b, 4e4, 0, 1803bdd00, 0, abe8dc]
kernel-after turn=1101 service=0x101 PC=0x180002054 X0=0x0
NtGetNlsSectionPtr output=Ok(ac0000) size-pointer=0x0 size=Ok([]) view=Some(RegionInfo { base: 11272192, allocation_base: 11272192, allocation_protect: 2, size: 69632, state: 4096, protect: 2, kind: 262144 }) prefix=Some([0d, 00, e4, 04, 01, 00, 3f, 00, 3f, 00, 3f, 00, 3f, 00, 00, 00, 00, 00, 00, 00, 00, 00, 00, 00, 00, 00, 03, 01, 00, 00, 01, 00])
kernel-before turn=1112 service=0x101 PC=0x180002050 registers=[b, 1b5, 0, 1803bdd08, 0, abe8dc]
kernel-after turn=1112 service=0x101 PC=0x180002054 X0=0x0
NtGetNlsSectionPtr output=Ok(ae0000) size-pointer=0x0 size=Ok([]) view=Some(RegionInfo { base: 11403264, allocation_base: 11403264, allocation_protect: 2, size: 69632, state: 4096, protect: 2, kind: 262144 }) prefix=Some([0d, 00, b5, 01, 01, 00, 3f, 00, 3f, 00, 3f, 00, 3f, 00, 00, 00, 00, 00, 00, 00, 00, 00, 00, 00, 00, 00, 03, 02, 00, 00, 01, 00])
kernel-before turn=2412 service=0x23 PC=0x180001240 registers=[ffffffffffffffff, 180000000, 6, abe930, 18, 0]
kernel-after turn=2412 service=0x23 PC=0x180001244 X0=0x0
NtQueryVirtualMemory address=0x180000000 output=0xabe930 supplied-bytes=24 record=Ok([00, 00, 00, 80, 01, 00, 00, 00, 00, 30, 47, 00, 00, 00, 00, 00, 00, 00, 00, 00, 00, 00, 00, 00]) length-pointer=0x0 length-bytes=Ok([])
kernel-before turn=2778 service=0x23 PC=0x180001240 registers=[ffffffffffffffff, 0, 4, abf530, 50, 0]
kernel-after turn=2778 service=0x23 PC=0x180001244 X0=0x0
NtQueryVirtualMemory address=0x0 output=0xabf530 supplied-bytes=80 record=Ok([70, 13, 00, 80, 01, 00, 00, 00, 01, 02, 00, 05, 00, 00, 00, 00, e0, 14, 00, 80, 01, 00, 00, 00, 01, 02, 00, 05, 00, 00, 00, 00, 10, 14, 00, 80, 01, 00, 00, 00, 01, 02, 00, 05, 00, 00, 00, 00, b0, 13, 00, 80, 01, 00, 00, 00, 01, 02, 00, 05, 00, 00, 00, 00, a0, 12, 00, 80, 01, 00, 00, 00, 01, 02, 00, 05, 00, 00, 00, 00]) length-pointer=0x0 length-bytes=Ok([])
kernel-before turn=3128 service=0x50 PC=0x180001540 registers=[ffffffffffffffff, abe8f0, abe8e8, 2, abe8e0, 0]
kernel-after turn=3128 service=0x50 PC=0x180001544 X0=0x0
kernel-before turn=3237 service=0x12 PC=0x180001130 registers=[abe638, 1, 180360e70, abea18, abe9c8, abe990]
NtOpenKey attributes=0x180360e70 bytes=Ok([30, 00, 00, 00, 00, 00, 00, 00, 00, 00, 00, 00, 00, 00, 00, 00, 78, 0d, 36, 80, 01, 00, 00, 00, 40, 00, 00, 00, 00, 00, 00, 00, 00, 00, 00, 00, 00, 00, 00, 00, 00, 00, 00, 00, 00, 00, 00, 00])
NtOpenKey name struct=0x180360d78 length=132 buffer=0x18035f100 bytes=Ok([5c, 00, 52, 00, 65, 00, 67, 00, 69, 00, 73, 00, 74, 00, 72, 00, 79, 00, 5c, 00, 4d, 00, 41, 00, 43, 00, 48, 00, 49, 00, 4e, 00, 45, 00, 5c, 00, 53, 00, 79, 00, 73, 00, 74, 00, 65, 00, 6d, 00, 5c, 00, 43, 00, 75, 00, 72, 00, 72, 00, 65, 00, 6e, 00, 74, 00, 43, 00, 6f, 00, 6e, 00, 74, 00, 72, 00, 6f, 00, 6c, 00, 53, 00, 65, 00, 74, 00, 5c, 00, 43, 00, 6f, 00, 6e, 00, 74, 00, 72, 00, 6f, 00, 6c, 00, 5c, 00, 53, 00, 65, 00, 73, 00, 73, 00, 69, 00, 6f, 00, 6e, 00, 20, 00, 4d, 00, 61, 00, 6e, 00, 61, 00, 67, 00, 65, 00, 72, 00])
kernel-after turn=3237 service=0x12 PC=0x180001134 X0=0x0
NtOpenKey output handle bytes=Ok([18, 00, 00, 00, 00, 00, 00, 00])
kernel-before turn=3248 service=0x17 PC=0x180001180 registers=[18, 180360db8, 2, abe640, 50, abe630]
NtQueryValueKey name length=64 bytes=Ok([52, 00, 61, 00, 69, 00, 73, 00, 65, 00, 45, 00, 78, 00, 63, 00, 65, 00, 70, 00, 74, 00, 69, 00, 6f, 00, 6e, 00, 4f, 00, 6e, 00, 50, 00, 6f, 00, 73, 00, 73, 00, 69, 00, 62, 00, 6c, 00, 65, 00, 44, 00, 65, 00, 61, 00, 64, 00, 6c, 00, 6f, 00, 63, 00, 6b, 00])
kernel-after turn=3248 service=0x17 PC=0x180001184 X0=0xc0000034
NtQueryValueKey output=Ok([00, 00, 00, 00, 00, 00, 00, 00, 00, 00, 00, 00, 00, 00, 00, 00, 00, 00, 00, 00, 00, 00, 00, 00, 00, 00, 00, 00, 00, 00, 00, 00, 00, 00, 00, 00]) ResultLength=Ok([00, 00, 00, 00])
kernel-before turn=3253 service=0xf PC=0x1800010f0 registers=[18, 180360db8, 2, abe640, 50, abe630]
kernel-after turn=3253 service=0xf PC=0x1800010f4 X0=0x0
kernel-before turn=3405 service=0x12 PC=0x180001130 registers=[abe580, 9, abe588, abe6e8, 50, abe630]
NtOpenKey attributes=0xabe588 bytes=Ok([30, 00, 00, 00, 00, 00, 00, 00, 00, 00, 00, 00, 00, 00, 00, 00, 10, d0, 34, 80, 01, 00, 00, 00, 40, 02, 00, 00, 00, 00, 00, 00, 00, 00, 00, 00, 00, 00, 00, 00, 00, 00, 00, 00, 00, 00, 00, 00])
NtOpenKey name struct=0x18034d010 length=182 buffer=0x18034ce30 bytes=Ok([5c, 00, 52, 00, 65, 00, 67, 00, 69, 00, 73, 00, 74, 00, 72, 00, 79, 00, 5c, 00, 4d, 00, 61, 00, 63, 00, 68, 00, 69, 00, 6e, 00, 65, 00, 5c, 00, 53, 00, 6f, 00, 66, 00, 74, 00, 77, 00, 61, 00, 72, 00, 65, 00, 5c, 00, 4d, 00, 69, 00, 63, 00, 72, 00, 6f, 00, 73, 00, 6f, 00, 66, 00, 74, 00, 5c, 00, 57, 00, 69, 00, 6e, 00, 64, 00, 6f, 00, 77, 00, 73, 00, 20, 00, 4e, 00, 54, 00, 5c, 00, 43, 00, 75, 00, 72, 00, 72, 00, 65, 00, 6e, 00, 74, 00, 56, 00, 65, 00, 72, 00, 73, 00, 69, 00, 6f, 00, 6e, 00, 5c, 00, 49, 00, 6d, 00, 61, 00, 67, 00, 65, 00, 20, 00, 46, 00, 69, 00, 6c, 00, 65, 00, 20, 00, 45, 00, 78, 00, 65, 00, 63, 00, 75, 00, 74, 00, 69, 00, 6f, 00, 6e, 00, 20, 00, 4f, 00, 70, 00, 74, 00, 69, 00, 6f, 00, 6e, 00, 73, 00])
kernel-after turn=3405 service=0x12 PC=0x180001134 X0=0x0
NtOpenKey output handle bytes=Ok([18, 00, 00, 00, 00, 00, 00, 00])
kernel-before turn=3438 service=0x12 PC=0x180001130 registers=[abe608, 9, abe650, abe6e8, 50, abe630]
NtOpenKey attributes=0xabe650 bytes=Ok([30, 00, 00, 00, 00, 00, 00, 00, 18, 00, 00, 00, 00, 00, 00, 00, 40, e6, ab, 00, 00, 00, 00, 00, 40, 02, 00, 00, 00, 00, 00, 00, 00, 00, 00, 00, 00, 00, 00, 00, 00, 00, 00, 00, 00, 00, 00, 00])
NtOpenKey name struct=0xabe640 length=18 buffer=0x1056e bytes=Ok([70, 00, 72, 00, 6f, 00, 62, 00, 65, 00, 2e, 00, 65, 00, 78, 00, 65, 00])
kernel-after turn=3438 service=0x12 PC=0x180001134 X0=0xc0000034
NtOpenKey output handle bytes=Ok([00, 00, 00, 00, 00, 00, 00, 00])
kernel-before turn=4462 service=0x12 PC=0x180001130 registers=[abe618, 1, abe620, 0, 0, abe630]
NtOpenKey attributes=0xabe620 bytes=Ok([30, 00, 00, 00, 00, 00, 00, 00, 00, 00, 00, 00, 00, 00, 00, 00, 40, cb, 34, 80, 01, 00, 00, 00, 40, 00, 00, 00, 00, 00, 00, 00, 00, 00, 00, 00, 00, 00, 00, 00, 00, 00, 00, 00, 00, 00, 00, 00])
NtOpenKey name struct=0x18034cb40 length=158 buffer=0x18034c5d0 bytes=Ok([5c, 00, 52, 00, 65, 00, 67, 00, 69, 00, 73, 00, 74, 00, 72, 00, 79, 00, 5c, 00, 4d, 00, 61, 00, 63, 00, 68, 00, 69, 00, 6e, 00, 65, 00, 5c, 00, 53, 00, 59, 00, 53, 00, 54, 00, 45, 00, 4d, 00, 5c, 00, 43, 00, 75, 00, 72, 00, 72, 00, 65, 00, 6e, 00, 74, 00, 43, 00, 6f, 00, 6e, 00, 74, 00, 72, 00, 6f, 00, 6c, 00, 53, 00, 65, 00, 74, 00, 5c, 00, 43, 00, 6f, 00, 6e, 00, 74, 00, 72, 00, 6f, 00, 6c, 00, 5c, 00, 53, 00, 65, 00, 73, 00, 73, 00, 69, 00, 6f, 00, 6e, 00, 20, 00, 4d, 00, 61, 00, 6e, 00, 61, 00, 67, 00, 65, 00, 72, 00, 5c, 00, 53, 00, 65, 00, 67, 00, 6d, 00, 65, 00, 6e, 00, 74, 00, 20, 00, 48, 00, 65, 00, 61, 00, 70, 00])
kernel-after turn=4462 service=0x12 PC=0x180001134 X0=0xc0000034
NtOpenKey output handle bytes=Ok([00, 00, 00, 00, 00, 00, 00, 00])
kernel-before turn=5219 service=0x19 PC=0x1800011a0 registers=[ffffffffffffffff, 24, abe920, 4, 0, 4]
kernel-after turn=5219 service=0x19 PC=0x1800011a4 X0=0x0
kernel-before turn=6770 service=0x12 PC=0x180001130 registers=[abe8b8, 9, abe900, abea68, 0, 4]
NtOpenKey attributes=0xabe900 bytes=Ok([30, 00, 00, 00, 00, 00, 00, 00, 18, 00, 00, 00, 00, 00, 00, 00, f0, e8, ab, 00, 00, 00, 00, 00, 40, 02, 00, 00, 00, 00, 00, 00, 00, 00, 00, 00, 00, 00, 00, 00, 00, 00, 00, 00, 00, 00, 00, 00])
NtOpenKey name struct=0xabe8f0 length=18 buffer=0x1056e bytes=Ok([70, 00, 72, 00, 6f, 00, 62, 00, 65, 00, 2e, 00, 65, 00, 78, 00, 65, 00])
kernel-after turn=6770 service=0x12 PC=0x180001134 X0=0xc0000034
NtOpenKey output handle bytes=Ok([00, 00, 00, 00, 00, 00, 00, 00])
kernel-before turn=6803 service=0x19 PC=0x1800011a0 registers=[ffffffffffffffff, 24, abe960, 4, 0, 4]
kernel-after turn=6803 service=0x19 PC=0x1800011a4 X0=0x0
kernel-before turn=7030 service=0x36 PC=0x1800013a0 registers=[0, abf490, 40, 0, 0, 4]
kernel-after turn=7030 service=0x36 PC=0x1800013a4 X0=0x0
kernel-before turn=11206 service=0x36 PC=0x1800013a0 registers=[3e, abf450, 40, 0, 0, 4]
kernel-after turn=11206 service=0x36 PC=0x1800013a4 X0=0x0
kernel-before turn=11315 service=0x78 PC=0x1800017c0 registers=[ffffffffffffffff, 1803c50d8, abe950, 102000, 4, abe8e0]
NtAllocateVirtualMemoryEx base-pointer=0x1803c50d8 raw=Ok([00, 00, 00, 00, 00, 00, 00, 00]) size-pointer=0xabe950 raw=Ok([00, 10, 00, 02, 00, 00, 00, 00]) extended=0xabe8e0 count=1 raw=Ok([01, 00, 00, 00, 00, 00, 00, 00, c0, e8, ab, 00, 00, 00, 00, 00])
address-requirements pointer=0xabe8c0 raw=Ok([00, 00, 00, 00, 00, 00, 00, 00, 00, 00, 00, 00, 00, 00, 00, 00, 00, 00, 00, 00, 00, 00, 00, 00])
kernel-after turn=11315 service=0x78 PC=0x1800017c4 X0=0x0
kernel-before turn=11397 service=0x78 PC=0x1800017c0 registers=[ffffffffffffffff, 1803c50d0, abe958, 1000, 4, 0]
NtAllocateVirtualMemoryEx base-pointer=0x1803c50d0 raw=Ok([00, 00, fe, ff, ff, 7f, 00, 00]) size-pointer=0xabe958 raw=Ok([00, 10, 00, 00, 00, 00, 00, 00]) extended=0x0 count=0 raw=Err(MemFault { addr: 00, write: false })
kernel-after turn=11397 service=0x78 PC=0x1800017c4 X0=0x0
kernel-before turn=11542 service=0x78 PC=0x1800017c0 registers=[ffffffffffffffff, 1803c5140, abe950, 102000, 4, abe8e0]
NtAllocateVirtualMemoryEx base-pointer=0x1803c5140 raw=Ok([00, 00, 00, 00, 00, 00, 00, 00]) size-pointer=0xabe950 raw=Ok([00, 00, 02, 00, 01, 00, 00, 00]) extended=0xabe8e0 count=1 raw=Ok([01, 00, 00, 00, 00, 00, 00, 00, c0, e8, ab, 00, 00, 00, 00, 00])
address-requirements pointer=0xabe8c0 raw=Ok([00, 00, 00, 00, 00, 00, 00, 00, 00, 00, 00, 00, 00, 00, 00, 00, 00, 00, 00, 00, 00, 00, 00, 00])
kernel-after turn=11542 service=0x78 PC=0x1800017c4 X0=0x0
kernel-before turn=13286 service=0x16e PC=0x180002720 registers=[6b, abd890, 4, abd898, c50, 0]
NtQuerySystemInformationEx class=0x6b input=0xabd890 input-bytes=4 raw=Ok([04, 00, 00, 00]) output=0xabd898 output-bytes=3152 returned=0x0
kernel-after turn=13286 service=0x16e PC=0x180002724 X0=0x0
kernel-before turn=13686 service=0x78 PC=0x1800017c0 registers=[ffffffffffffffff, abe350, abe378, 2000, 4, abe2e0]
NtAllocateVirtualMemoryEx base-pointer=0xabe350 raw=Ok([00, 00, 00, 00, 00, 00, 00, 00]) size-pointer=0xabe378 raw=Ok([00, 00, 00, 01, 00, 00, 00, 00]) extended=0xabe2e0 count=1 raw=Ok([01, 00, 00, 00, 00, 00, 00, 00, c0, e2, ab, 00, 00, 00, 00, 00])
address-requirements pointer=0xabe2c0 raw=Ok([00, 00, 00, 00, 00, 00, 00, 00, 00, 00, 00, 00, 00, 00, 00, 00, 00, 00, 00, 01, 00, 00, 00, 00])
kernel-after turn=13686 service=0x78 PC=0x1800017c4 X0=0x0
kernel-before turn=13828 service=0x78 PC=0x1800017c0 registers=[ffffffffffffffff, abe288, abe280, 1000, 4, 0]
NtAllocateVirtualMemoryEx base-pointer=0xabe288 raw=Ok([00, 00, fc, fd, ff, 7f, 00, 00]) size-pointer=0xabe280 raw=Ok([00, 10, 00, 00, 00, 00, 00, 00]) extended=0x0 count=0 raw=Err(MemFault { addr: 00, write: false })
kernel-after turn=13828 service=0x78 PC=0x1800017c4 X0=0x0
kernel-before turn=13940 service=0x78 PC=0x1800017c0 registers=[ffffffffffffffff, abe288, abe280, 1000, 4, 0]
NtAllocateVirtualMemoryEx base-pointer=0xabe288 raw=Ok([00, 00, fc, fd, fe, 7f, 00, 00]) size-pointer=0xabe280 raw=Ok([00, 10, 00, 00, 00, 00, 00, 00]) extended=0x0 count=0 raw=Err(MemFault { addr: 00, write: false })
kernel-after turn=13940 service=0x78 PC=0x1800017c4 X0=0x0
kernel-before turn=16335 service=0x78 PC=0x1800017c0 registers=[ffffffffffffffff, abe4b0, abe458, 1000, 4, 0]
NtAllocateVirtualMemoryEx base-pointer=0xabe4b0 raw=Ok([00, 00, 00, 01, 00, 00, 00, 00]) size-pointer=0xabe458 raw=Ok([00, 10, 00, 00, 00, 00, 00, 00]) extended=0x0 count=0 raw=Err(MemFault { addr: 00, write: false })
kernel-after turn=16335 service=0x78 PC=0x1800017c4 X0=0x0
kernel-before turn=18683 service=0x78 PC=0x1800017c0 registers=[ffffffffffffffff, abe360, abe378, 1000, 4, 0]
NtAllocateVirtualMemoryEx base-pointer=0xabe360 raw=Ok([00, 00, 10, 01, 00, 00, 00, 00]) size-pointer=0xabe378 raw=Ok([00, 30, 00, 00, 00, 00, 00, 00]) extended=0x0 count=0 raw=Err(MemFault { addr: 00, write: false })
kernel-after turn=18683 service=0x78 PC=0x1800017c4 X0=0x0
kernel-before turn=18886 service=0x78 PC=0x1800017c0 registers=[ffffffffffffffff, abe3b8, abe3b0, 1000, 4, 0]
NtAllocateVirtualMemoryEx base-pointer=0xabe3b8 raw=Ok([00, 00, fe, fd, ff, 7f, 00, 00]) size-pointer=0xabe3b0 raw=Ok([00, 10, 00, 00, 00, 00, 00, 00]) extended=0x0 count=0 raw=Err(MemFault { addr: 00, write: false })
kernel-after turn=18886 service=0x78 PC=0x1800017c4 X0=0x0
kernel-before turn=23282 service=0x78 PC=0x1800017c0 registers=[ffffffffffffffff, abe540, abe4e8, 1000, 4, 0]
NtAllocateVirtualMemoryEx base-pointer=0xabe540 raw=Ok([00, 00, 20, 01, 00, 00, 00, 00]) size-pointer=0xabe4e8 raw=Ok([00, 10, 00, 00, 00, 00, 00, 00]) extended=0x0 count=0 raw=Err(MemFault { addr: 00, write: false })
kernel-after turn=23282 service=0x78 PC=0x1800017c4 X0=0x0
kernel-before turn=25985 service=0x78 PC=0x1800017c0 registers=[ffffffffffffffff, abe400, abe418, 1000, 4, 0]
NtAllocateVirtualMemoryEx base-pointer=0xabe400 raw=Ok([00, 00, 30, 01, 00, 00, 00, 00]) size-pointer=0xabe418 raw=Ok([00, 20, 00, 00, 00, 00, 00, 00]) extended=0x0 count=0 raw=Err(MemFault { addr: 00, write: false })
kernel-after turn=25985 service=0x78 PC=0x1800017c4 X0=0x0
kernel-before turn=28251 service=0x78 PC=0x1800017c0 registers=[ffffffffffffffff, abe470, abe488, 1000, 4, 0]
NtAllocateVirtualMemoryEx base-pointer=0xabe470 raw=Ok([00, 20, 30, 01, 00, 00, 00, 00]) size-pointer=0xabe488 raw=Ok([00, 10, 00, 00, 00, 00, 00, 00]) extended=0x0 count=0 raw=Err(MemFault { addr: 00, write: false })
kernel-after turn=28251 service=0x78 PC=0x1800017c4 X0=0x0
kernel-before turn=32733 service=0x78 PC=0x1800017c0 registers=[ffffffffffffffff, abe590, abe5a8, 1000, 4, 0]
NtAllocateVirtualMemoryEx base-pointer=0xabe590 raw=Ok([00, 30, 10, 01, 00, 00, 00, 00]) size-pointer=0xabe5a8 raw=Ok([00, 10, 00, 00, 00, 00, 00, 00]) extended=0x0 count=0 raw=Err(MemFault { addr: 00, write: false })
kernel-after turn=32733 service=0x78 PC=0x1800017c4 X0=0x0
kernel-before turn=33364 service=0x36 PC=0x1800013a0 registers=[c5, abeb08, 8, 0, 0, abe8b0]
kernel-after turn=33364 service=0x36 PC=0x1800013a4 X0=0x0
kernel-before turn=33566 service=0x36 PC=0x1800013a0 registers=[37, abeef0, 408, abe9b4, 0, abe8b0]
kernel-after turn=33566 service=0x36 PC=0x1800013a4 X0=0x37
turn=33535 thread=8 PC=0x18002c924 SP=0xabe970 bytes=Ok([f3, 53, bb, a9]) insn=Some("Ok(DecodedInsn { mnemonic: STP, cond: None, operands: [Reg(Register { num: 19, is_64bit: true, is_sp: false, kind: Gpr }), Reg(Register { num: 20, is_64bit: true, is_sp: false, kind: Gpr }), Mem(MemOperand { base: Register { num: 31, is_64bit: true, is_sp: true, kind: Sp }, offset: Imm(-80), mode: PreIndex })], sets_flags: false, raw: 2847626227, size: 4, state: Aarch64 })") registers=[1000000, 0, 18035e848, 18035e7c0, 0, abe8b0, e000, 3, 18035e000, 7ffdf000, abf2f0, 2ed48e4cb7021459, 0, 0, 0, e, a8397b1dcdaf, a8397b1dcdaf, 7ffdd000, 1000000, 30, 6, 1803cadc0, 2, 2545f4914f6cdd1d, 10100, 0, 7ffdf000, abe980, abfa20, 1800d1f6c]
turn=33536 thread=8 PC=0x18002c928 SP=0xabe920 bytes=Ok([f5, 5b, 01, a9]) insn=Some("Ok(DecodedInsn { mnemonic: STP, cond: None, operands: [Reg(Register { num: 21, is_64bit: true, is_sp: false, kind: Gpr }), Reg(Register { num: 22, is_64bit: true, is_sp: false, kind: Gpr }), Mem(MemOperand { base: Register { num: 31, is_64bit: true, is_sp: true, kind: Sp }, offset: Imm(16), mode: Offset })], sets_flags: false, raw: 2835438581, size: 4, state: Aarch64 })") registers=[1000000, 0, 18035e848, 18035e7c0, 0, abe8b0, e000, 3, 18035e000, 7ffdf000, abf2f0, 2ed48e4cb7021459, 0, 0, 0, e, a8397b1dcdaf, a8397b1dcdaf, 7ffdd000, 1000000, 30, 6, 1803cadc0, 2, 2545f4914f6cdd1d, 10100, 0, 7ffdf000, abe980, abfa20, 1800d1f6c]
turn=33537 thread=8 PC=0x18002c92c SP=0xabe920 bytes=Ok([f7, 63, 02, a9]) insn=Some("Ok(DecodedInsn { mnemonic: STP, cond: None, operands: [Reg(Register { num: 23, is_64bit: true, is_sp: false, kind: Gpr }), Reg(Register { num: 24, is_64bit: true, is_sp: false, kind: Gpr }), Mem(MemOperand { base: Register { num: 31, is_64bit: true, is_sp: true, kind: Sp }, offset: Imm(32), mode: Offset })], sets_flags: false, raw: 2835506167, size: 4, state: Aarch64 })") registers=[1000000, 0, 18035e848, 18035e7c0, 0, abe8b0, e000, 3, 18035e000, 7ffdf000, abf2f0, 2ed48e4cb7021459, 0, 0, 0, e, a8397b1dcdaf, a8397b1dcdaf, 7ffdd000, 1000000, 30, 6, 1803cadc0, 2, 2545f4914f6cdd1d, 10100, 0, 7ffdf000, abe980, abfa20, 1800d1f6c]
turn=33538 thread=8 PC=0x18002c930 SP=0xabe920 bytes=Ok([f9, 6b, 03, a9]) insn=Some("Ok(DecodedInsn { mnemonic: STP, cond: None, operands: [Reg(Register { num: 25, is_64bit: true, is_sp: false, kind: Gpr }), Reg(Register { num: 26, is_64bit: true, is_sp: false, kind: Gpr }), Mem(MemOperand { base: Register { num: 31, is_64bit: true, is_sp: true, kind: Sp }, offset: Imm(48), mode: Offset })], sets_flags: false, raw: 2835573753, size: 4, state: Aarch64 })") registers=[1000000, 0, 18035e848, 18035e7c0, 0, abe8b0, e000, 3, 18035e000, 7ffdf000, abf2f0, 2ed48e4cb7021459, 0, 0, 0, e, a8397b1dcdaf, a8397b1dcdaf, 7ffdd000, 1000000, 30, 6, 1803cadc0, 2, 2545f4914f6cdd1d, 10100, 0, 7ffdf000, abe980, abfa20, 1800d1f6c]
turn=33539 thread=8 PC=0x18002c934 SP=0xabe920 bytes=Ok([fb, 23, 00, f9]) insn=Some("Ok(DecodedInsn { mnemonic: STR, cond: None, operands: [Reg(Register { num: 27, is_64bit: true, is_sp: false, kind: Gpr }), Mem(MemOperand { base: Register { num: 31, is_64bit: true, is_sp: true, kind: Sp }, offset: Imm(64), mode: Offset })], sets_flags: false, raw: 4177535995, size: 4, state: Aarch64 })") registers=[1000000, 0, 18035e848, 18035e7c0, 0, abe8b0, e000, 3, 18035e000, 7ffdf000, abf2f0, 2ed48e4cb7021459, 0, 0, 0, e, a8397b1dcdaf, a8397b1dcdaf, 7ffdd000, 1000000, 30, 6, 1803cadc0, 2, 2545f4914f6cdd1d, 10100, 0, 7ffdf000, abe980, abfa20, 1800d1f6c]
turn=33540 thread=8 PC=0x18002c938 SP=0xabe920 bytes=Ok([fd, 7b, bb, a9]) insn=Some("Ok(DecodedInsn { mnemonic: STP, cond: None, operands: [Reg(Register { num: 29, is_64bit: true, is_sp: false, kind: Gpr }), Reg(Register { num: 30, is_64bit: true, is_sp: false, kind: Gpr }), Mem(MemOperand { base: Register { num: 31, is_64bit: true, is_sp: true, kind: Sp }, offset: Imm(-80), mode: PreIndex })], sets_flags: false, raw: 2847636477, size: 4, state: Aarch64 })") registers=[1000000, 0, 18035e848, 18035e7c0, 0, abe8b0, e000, 3, 18035e000, 7ffdf000, abf2f0, 2ed48e4cb7021459, 0, 0, 0, e, a8397b1dcdaf, a8397b1dcdaf, 7ffdd000, 1000000, 30, 6, 1803cadc0, 2, 2545f4914f6cdd1d, 10100, 0, 7ffdf000, abe980, abfa20, 1800d1f6c]
turn=33541 thread=8 PC=0x18002c93c SP=0xabe8d0 bytes=Ok([fd, 03, 00, 91]) insn=Some("Ok(DecodedInsn { mnemonic: MOV, cond: None, operands: [Reg(Register { num: 29, is_64bit: true, is_sp: false, kind: Gpr }), Reg(Register { num: 31, is_64bit: true, is_sp: true, kind: Sp })], sets_flags: false, raw: 2432697341, size: 4, state: Aarch64 })") registers=[1000000, 0, 18035e848, 18035e7c0, 0, abe8b0, e000, 3, 18035e000, 7ffdf000, abf2f0, 2ed48e4cb7021459, 0, 0, 0, e, a8397b1dcdaf, a8397b1dcdaf, 7ffdd000, 1000000, 30, 6, 1803cadc0, 2, 2545f4914f6cdd1d, 10100, 0, 7ffdf000, abe980, abfa20, 1800d1f6c]
turn=33542 thread=8 PC=0x18002c940 SP=0xabe8d0 bytes=Ok([f5, 03, 00, aa]) insn=Some("Ok(DecodedInsn { mnemonic: MOV, cond: None, operands: [Reg(Register { num: 21, is_64bit: true, is_sp: false, kind: Gpr }), Reg(Register { num: 0, is_64bit: true, is_sp: false, kind: Gpr })], sets_flags: false, raw: 2852127733, size: 4, state: Aarch64 })") registers=[1000000, 0, 18035e848, 18035e7c0, 0, abe8b0, e000, 3, 18035e000, 7ffdf000, abf2f0, 2ed48e4cb7021459, 0, 0, 0, e, a8397b1dcdaf, a8397b1dcdaf, 7ffdd000, 1000000, 30, 6, 1803cadc0, 2, 2545f4914f6cdd1d, 10100, 0, 7ffdf000, abe980, abe8d0, 1800d1f6c]
turn=33543 thread=8 PC=0x18002c944 SP=0xabe8d0 bytes=Ok([fa, 03, 01, 2a]) insn=Some("Ok(DecodedInsn { mnemonic: MOV, cond: None, operands: [Reg(Register { num: 26, is_64bit: false, is_sp: false, kind: Gpr }), Reg(Register { num: 1, is_64bit: false, is_sp: false, kind: Gpr })], sets_flags: false, raw: 704709626, size: 4, state: Aarch64 })") registers=[1000000, 0, 18035e848, 18035e7c0, 0, abe8b0, e000, 3, 18035e000, 7ffdf000, abf2f0, 2ed48e4cb7021459, 0, 0, 0, e, a8397b1dcdaf, a8397b1dcdaf, 7ffdd000, 1000000, 30, 1000000, 1803cadc0, 2, 2545f4914f6cdd1d, 10100, 0, 7ffdf000, abe980, abe8d0, 1800d1f6c]
turn=33544 thread=8 PC=0x18002c948 SP=0xabe8d0 bytes=Ok([f7, 03, 02, aa]) insn=Some("Ok(DecodedInsn { mnemonic: MOV, cond: None, operands: [Reg(Register { num: 23, is_64bit: true, is_sp: false, kind: Gpr }), Reg(Register { num: 2, is_64bit: true, is_sp: false, kind: Gpr })], sets_flags: false, raw: 2852258807, size: 4, state: Aarch64 })") registers=[1000000, 0, 18035e848, 18035e7c0, 0, abe8b0, e000, 3, 18035e000, 7ffdf000, abf2f0, 2ed48e4cb7021459, 0, 0, 0, e, a8397b1dcdaf, a8397b1dcdaf, 7ffdd000, 1000000, 30, 1000000, 1803cadc0, 2, 2545f4914f6cdd1d, 10100, 0, 7ffdf000, abe980, abe8d0, 1800d1f6c]
turn=33545 thread=8 PC=0x18002c94c SP=0xabe8d0 bytes=Ok([f6, 03, 03, aa]) insn=Some("Ok(DecodedInsn { mnemonic: MOV, cond: None, operands: [Reg(Register { num: 22, is_64bit: true, is_sp: false, kind: Gpr }), Reg(Register { num: 3, is_64bit: true, is_sp: false, kind: Gpr })], sets_flags: false, raw: 2852324342, size: 4, state: Aarch64 })") registers=[1000000, 0, 18035e848, 18035e7c0, 0, abe8b0, e000, 3, 18035e000, 7ffdf000, abf2f0, 2ed48e4cb7021459, 0, 0, 0, e, a8397b1dcdaf, a8397b1dcdaf, 7ffdd000, 1000000, 30, 1000000, 1803cadc0, 18035e848, 2545f4914f6cdd1d, 10100, 0, 7ffdf000, abe980, abe8d0, 1800d1f6c]
turn=33546 thread=8 PC=0x18002c950 SP=0xabe8d0 bytes=Ok([48, 32, 40, f9]) insn=Some("Ok(DecodedInsn { mnemonic: LDR, cond: None, operands: [Reg(Register { num: 8, is_64bit: true, is_sp: false, kind: Gpr }), Mem(MemOperand { base: Register { num: 18, is_64bit: true, is_sp: false, kind: Gpr }, offset: Imm(96), mode: Offset })], sets_flags: false, raw: 4181733960, size: 4, state: Aarch64 })") registers=[1000000, 0, 18035e848, 18035e7c0, 0, abe8b0, e000, 3, 18035e000, 7ffdf000, abf2f0, 2ed48e4cb7021459, 0, 0, 0, e, a8397b1dcdaf, a8397b1dcdaf, 7ffdd000, 1000000, 30, 1000000, 18035e7c0, 18035e848, 2545f4914f6cdd1d, 10100, 0, 7ffdf000, abe980, abe8d0, 1800d1f6c]
turn=33547 thread=8 PC=0x18002c954 SP=0xabe8d0 bytes=Ok([08, bd, 40, b9]) insn=Some("Ok(DecodedInsn { mnemonic: LDR, cond: None, operands: [Reg(Register { num: 8, is_64bit: false, is_sp: false, kind: Gpr }), Mem(MemOperand { base: Register { num: 8, is_64bit: true, is_sp: false, kind: Gpr }, offset: Imm(188), mode: Offset })], sets_flags: false, raw: 3108027656, size: 4, state: Aarch64 })") registers=[1000000, 0, 18035e848, 18035e7c0, 0, abe8b0, e000, 3, 7ffdf000, 7ffdf000, abf2f0, 2ed48e4cb7021459, 0, 0, 0, e, a8397b1dcdaf, a8397b1dcdaf, 7ffdd000, 1000000, 30, 1000000, 18035e7c0, 18035e848, 2545f4914f6cdd1d, 10100, 0, 7ffdf000, abe980, abe8d0, 1800d1f6c]
turn=33548 thread=8 PC=0x18002c958 SP=0xabe8d0 bytes=Ok([88, 10, 58, 36]) insn=Some("Ok(DecodedInsn { mnemonic: TBZ, cond: None, operands: [Reg(Register { num: 8, is_64bit: false, is_sp: false, kind: Gpr }), Imm(Immediate { value: 11, shift: 0 }), Label(528)], sets_flags: false, raw: 911741064, size: 4, state: Aarch64 })") registers=[1000000, 0, 18035e848, 18035e7c0, 0, abe8b0, e000, 3, 0, 7ffdf000, abf2f0, 2ed48e4cb7021459, 0, 0, 0, e, a8397b1dcdaf, a8397b1dcdaf, 7ffdd000, 1000000, 30, 1000000, 18035e7c0, 18035e848, 2545f4914f6cdd1d, 10100, 0, 7ffdf000, abe980, abe8d0, 1800d1f6c]
turn=33549 thread=8 PC=0x18002cb68 SP=0xabe8d0 bytes=Ok([00, 00, 80, 52]) insn=Some("Ok(DecodedInsn { mnemonic: MOVZ, cond: None, operands: [Reg(Register { num: 0, is_64bit: false, is_sp: false, kind: Gpr }), Imm(Immediate { value: 0, shift: 0 })], sets_flags: false, raw: 1384120320, size: 4, state: Aarch64 })") registers=[1000000, 0, 18035e848, 18035e7c0, 0, abe8b0, e000, 3, 0, 7ffdf000, abf2f0, 2ed48e4cb7021459, 0, 0, 0, e, a8397b1dcdaf, a8397b1dcdaf, 7ffdd000, 1000000, 30, 1000000, 18035e7c0, 18035e848, 2545f4914f6cdd1d, 10100, 0, 7ffdf000, abe980, abe8d0, 1800d1f6c]
turn=33550 thread=8 PC=0x18002cb6c SP=0xabe8d0 bytes=Ok([fd, 7b, c5, a8]) insn=Some("Ok(DecodedInsn { mnemonic: LDP, cond: None, operands: [Reg(Register { num: 29, is_64bit: true, is_sp: false, kind: Gpr }), Reg(Register { num: 30, is_64bit: true, is_sp: false, kind: Gpr }), Mem(MemOperand { base: Register { num: 31, is_64bit: true, is_sp: true, kind: Sp }, offset: Imm(80), mode: PostIndex })], sets_flags: false, raw: 2831514621, size: 4, state: Aarch64 })") registers=[0, 0, 18035e848, 18035e7c0, 0, abe8b0, e000, 3, 0, 7ffdf000, abf2f0, 2ed48e4cb7021459, 0, 0, 0, e, a8397b1dcdaf, a8397b1dcdaf, 7ffdd000, 1000000, 30, 1000000, 18035e7c0, 18035e848, 2545f4914f6cdd1d, 10100, 0, 7ffdf000, abe980, abe8d0, 1800d1f6c]
turn=33551 thread=8 PC=0x18002cb70 SP=0xabe920 bytes=Ok([fb, 23, 40, f9]) insn=Some("Ok(DecodedInsn { mnemonic: LDR, cond: None, operands: [Reg(Register { num: 27, is_64bit: true, is_sp: false, kind: Gpr }), Mem(MemOperand { base: Register { num: 31, is_64bit: true, is_sp: true, kind: Sp }, offset: Imm(64), mode: Offset })], sets_flags: false, raw: 4181730299, size: 4, state: Aarch64 })") registers=[0, 0, 18035e848, 18035e7c0, 0, abe8b0, e000, 3, 0, 7ffdf000, abf2f0, 2ed48e4cb7021459, 0, 0, 0, e, a8397b1dcdaf, a8397b1dcdaf, 7ffdd000, 1000000, 30, 1000000, 18035e7c0, 18035e848, 2545f4914f6cdd1d, 10100, 0, 7ffdf000, abe980, abfa20, 1800d1f6c]
turn=33552 thread=8 PC=0x18002cb74 SP=0xabe920 bytes=Ok([f9, 6b, 43, a9]) insn=Some("Ok(DecodedInsn { mnemonic: LDP, cond: None, operands: [Reg(Register { num: 25, is_64bit: true, is_sp: false, kind: Gpr }), Reg(Register { num: 26, is_64bit: true, is_sp: false, kind: Gpr }), Mem(MemOperand { base: Register { num: 31, is_64bit: true, is_sp: true, kind: Sp }, offset: Imm(48), mode: Offset })], sets_flags: false, raw: 2839768057, size: 4, state: Aarch64 })") registers=[0, 0, 18035e848, 18035e7c0, 0, abe8b0, e000, 3, 0, 7ffdf000, abf2f0, 2ed48e4cb7021459, 0, 0, 0, e, a8397b1dcdaf, a8397b1dcdaf, 7ffdd000, 1000000, 30, 1000000, 18035e7c0, 18035e848, 2545f4914f6cdd1d, 10100, 0, 7ffdf000, abe980, abfa20, 1800d1f6c]
turn=33553 thread=8 PC=0x18002cb78 SP=0xabe920 bytes=Ok([f7, 63, 42, a9]) insn=Some("Ok(DecodedInsn { mnemonic: LDP, cond: None, operands: [Reg(Register { num: 23, is_64bit: true, is_sp: false, kind: Gpr }), Reg(Register { num: 24, is_64bit: true, is_sp: false, kind: Gpr }), Mem(MemOperand { base: Register { num: 31, is_64bit: true, is_sp: true, kind: Sp }, offset: Imm(32), mode: Offset })], sets_flags: false, raw: 2839700471, size: 4, state: Aarch64 })") registers=[0, 0, 18035e848, 18035e7c0, 0, abe8b0, e000, 3, 0, 7ffdf000, abf2f0, 2ed48e4cb7021459, 0, 0, 0, e, a8397b1dcdaf, a8397b1dcdaf, 7ffdd000, 1000000, 30, 1000000, 18035e7c0, 18035e848, 2545f4914f6cdd1d, 10100, 0, 7ffdf000, abe980, abfa20, 1800d1f6c]
turn=33554 thread=8 PC=0x18002cb7c SP=0xabe920 bytes=Ok([f5, 5b, 41, a9]) insn=Some("Ok(DecodedInsn { mnemonic: LDP, cond: None, operands: [Reg(Register { num: 21, is_64bit: true, is_sp: false, kind: Gpr }), Reg(Register { num: 22, is_64bit: true, is_sp: false, kind: Gpr }), Mem(MemOperand { base: Register { num: 31, is_64bit: true, is_sp: true, kind: Sp }, offset: Imm(16), mode: Offset })], sets_flags: false, raw: 2839632885, size: 4, state: Aarch64 })") registers=[0, 0, 18035e848, 18035e7c0, 0, abe8b0, e000, 3, 0, 7ffdf000, abf2f0, 2ed48e4cb7021459, 0, 0, 0, e, a8397b1dcdaf, a8397b1dcdaf, 7ffdd000, 1000000, 30, 1000000, 18035e7c0, 2, 2545f4914f6cdd1d, 10100, 0, 7ffdf000, abe980, abfa20, 1800d1f6c]
turn=33555 thread=8 PC=0x18002cb80 SP=0xabe920 bytes=Ok([f3, 53, c5, a8]) insn=Some("Ok(DecodedInsn { mnemonic: LDP, cond: None, operands: [Reg(Register { num: 19, is_64bit: true, is_sp: false, kind: Gpr }), Reg(Register { num: 20, is_64bit: true, is_sp: false, kind: Gpr }), Mem(MemOperand { base: Register { num: 31, is_64bit: true, is_sp: true, kind: Sp }, offset: Imm(80), mode: PostIndex })], sets_flags: false, raw: 2831504371, size: 4, state: Aarch64 })") registers=[0, 0, 18035e848, 18035e7c0, 0, abe8b0, e000, 3, 0, 7ffdf000, abf2f0, 2ed48e4cb7021459, 0, 0, 0, e, a8397b1dcdaf, a8397b1dcdaf, 7ffdd000, 1000000, 30, 6, 1803cadc0, 2, 2545f4914f6cdd1d, 10100, 0, 7ffdf000, abe980, abfa20, 1800d1f6c]
turn=33556 thread=8 PC=0x18002cb84 SP=0xabe970 bytes=Ok([ff, 23, 03, d5]) insn=Some("Ok(DecodedInsn { mnemonic: HINT, cond: None, operands: [Imm(Immediate { value: 31, shift: 0 })], sets_flags: false, raw: 3573752831, size: 4, state: Aarch64 })") registers=[0, 0, 18035e848, 18035e7c0, 0, abe8b0, e000, 3, 0, 7ffdf000, abf2f0, 2ed48e4cb7021459, 0, 0, 0, e, a8397b1dcdaf, a8397b1dcdaf, 7ffdd000, 1000000, 30, 6, 1803cadc0, 2, 2545f4914f6cdd1d, 10100, 0, 7ffdf000, abe980, abfa20, 1800d1f6c]
turn=33557 thread=8 PC=0x18002cb88 SP=0xabe970 bytes=Ok([c0, 03, 5f, d6]) insn=Some("Ok(DecodedInsn { mnemonic: RET, cond: None, operands: [Reg(Register { num: 30, is_64bit: true, is_sp: false, kind: Gpr })], sets_flags: false, raw: 3596551104, size: 4, state: Aarch64 })") registers=[0, 0, 18035e848, 18035e7c0, 0, abe8b0, e000, 3, 0, 7ffdf000, abf2f0, 2ed48e4cb7021459, 0, 0, 0, e, a8397b1dcdaf, a8397b1dcdaf, 7ffdd000, 1000000, 30, 6, 1803cadc0, 2, 2545f4914f6cdd1d, 10100, 0, 7ffdf000, abe980, abfa20, 1800d1f6c]
turn=33558 thread=8 PC=0x1800d1f6c SP=0xabe970 bytes=Ok([ba, 17, 00, f0]) insn=Some("Ok(DecodedInsn { mnemonic: ADRP, cond: None, operands: [Reg(Register { num: 26, is_64bit: true, is_sp: false, kind: Gpr }), Label(3108864)], sets_flags: false, raw: 4026537914, size: 4, state: Aarch64 })") registers=[0, 0, 18035e848, 18035e7c0, 0, abe8b0, e000, 3, 0, 7ffdf000, abf2f0, 2ed48e4cb7021459, 0, 0, 0, e, a8397b1dcdaf, a8397b1dcdaf, 7ffdd000, 1000000, 30, 6, 1803cadc0, 2, 2545f4914f6cdd1d, 10100, 0, 7ffdf000, abe980, abfa20, 1800d1f6c]
turn=33559 thread=8 PC=0x1800d1f70 SP=0xabe970 bytes=Ok([40, 7f, 0a, b9]) insn=Some("Ok(DecodedInsn { mnemonic: STR, cond: None, operands: [Reg(Register { num: 0, is_64bit: false, is_sp: false, kind: Gpr }), Mem(MemOperand { base: Register { num: 26, is_64bit: true, is_sp: false, kind: Gpr }, offset: Imm(2684), mode: Offset })], sets_flags: false, raw: 3104472896, size: 4, state: Aarch64 })") registers=[0, 0, 18035e848, 18035e7c0, 0, abe8b0, e000, 3, 0, 7ffdf000, abf2f0, 2ed48e4cb7021459, 0, 0, 0, e, a8397b1dcdaf, a8397b1dcdaf, 7ffdd000, 1000000, 30, 6, 1803cadc0, 2, 2545f4914f6cdd1d, 10100, 1803c8000, 7ffdf000, abe980, abfa20, 1800d1f6c]
turn=33560 thread=8 PC=0x1800d1f74 SP=0xabe970 bytes=Ok([9f, 37, 00, b9]) insn=Some("Ok(DecodedInsn { mnemonic: STR, cond: None, operands: [Reg(Register { num: 31, is_64bit: false, is_sp: false, kind: Gpr }), Mem(MemOperand { base: Register { num: 28, is_64bit: true, is_sp: false, kind: Gpr }, offset: Imm(52), mode: Offset })], sets_flags: false, raw: 3103799199, size: 4, state: Aarch64 })") registers=[0, 0, 18035e848, 18035e7c0, 0, abe8b0, e000, 3, 0, 7ffdf000, abf2f0, 2ed48e4cb7021459, 0, 0, 0, e, a8397b1dcdaf, a8397b1dcdaf, 7ffdd000, 1000000, 30, 6, 1803cadc0, 2, 2545f4914f6cdd1d, 10100, 1803c8000, 7ffdf000, abe980, abfa20, 1800d1f6c]
turn=33561 thread=8 PC=0x1800d1f78 SP=0xabe970 bytes=Ok([83, d3, 00, 91]) insn=Some("Ok(DecodedInsn { mnemonic: ADD, cond: None, operands: [Reg(Register { num: 3, is_64bit: true, is_sp: false, kind: Gpr }), Reg(Register { num: 28, is_64bit: true, is_sp: false, kind: Gpr }), Imm(Immediate { value: 52, shift: 0 })], sets_flags: false, raw: 2432750467, size: 4, state: Aarch64 })") registers=[0, 0, 18035e848, 18035e7c0, 0, abe8b0, e000, 3, 0, 7ffdf000, abf2f0, 2ed48e4cb7021459, 0, 0, 0, e, a8397b1dcdaf, a8397b1dcdaf, 7ffdd000, 1000000, 30, 6, 1803cadc0, 2, 2545f4914f6cdd1d, 10100, 1803c8000, 7ffdf000, abe980, abfa20, 1800d1f6c]
turn=33562 thread=8 PC=0x1800d1f7c SP=0xabe970 bytes=Ok([02, 81, 80, 52]) insn=Some("Ok(DecodedInsn { mnemonic: MOVZ, cond: None, operands: [Reg(Register { num: 2, is_64bit: false, is_sp: false, kind: Gpr }), Imm(Immediate { value: 1032, shift: 0 })], sets_flags: false, raw: 1384153346, size: 4, state: Aarch64 })") registers=[0, 0, 18035e848, abe9b4, 0, abe8b0, e000, 3, 0, 7ffdf000, abf2f0, 2ed48e4cb7021459, 0, 0, 0, e, a8397b1dcdaf, a8397b1dcdaf, 7ffdd000, 1000000, 30, 6, 1803cadc0, 2, 2545f4914f6cdd1d, 10100, 1803c8000, 7ffdf000, abe980, abfa20, 1800d1f6c]
turn=33563 thread=8 PC=0x1800d1f80 SP=0xabe970 bytes=Ok([81, c3, 15, 91]) insn=Some("Ok(DecodedInsn { mnemonic: ADD, cond: None, operands: [Reg(Register { num: 1, is_64bit: true, is_sp: false, kind: Gpr }), Reg(Register { num: 28, is_64bit: true, is_sp: false, kind: Gpr }), Imm(Immediate { value: 1392, shift: 0 })], sets_flags: false, raw: 2434122625, size: 4, state: Aarch64 })") registers=[0, 0, 408, abe9b4, 0, abe8b0, e000, 3, 0, 7ffdf000, abf2f0, 2ed48e4cb7021459, 0, 0, 0, e, a8397b1dcdaf, a8397b1dcdaf, 7ffdd000, 1000000, 30, 6, 1803cadc0, 2, 2545f4914f6cdd1d, 10100, 1803c8000, 7ffdf000, abe980, abfa20, 1800d1f6c]
turn=33564 thread=8 PC=0x1800d1f84 SP=0xabe970 bytes=Ok([e0, 06, 80, 52]) insn=Some("Ok(DecodedInsn { mnemonic: MOVZ, cond: None, operands: [Reg(Register { num: 0, is_64bit: false, is_sp: false, kind: Gpr }), Imm(Immediate { value: 55, shift: 0 })], sets_flags: false, raw: 1384122080, size: 4, state: Aarch64 })") registers=[0, abeef0, 408, abe9b4, 0, abe8b0, e000, 3, 0, 7ffdf000, abf2f0, 2ed48e4cb7021459, 0, 0, 0, e, a8397b1dcdaf, a8397b1dcdaf, 7ffdd000, 1000000, 30, 6, 1803cadc0, 2, 2545f4914f6cdd1d, 10100, 1803c8000, 7ffdf000, abe980, abfa20, 1800d1f6c]
turn=33565 thread=8 PC=0x1800d1f88 SP=0xabe970 bytes=Ok([06, bd, fc, 97]) insn=Some("Ok(DecodedInsn { mnemonic: BL, cond: None, operands: [Label(-855016)], sets_flags: false, raw: 2549923078, size: 4, state: Aarch64 })") registers=[37, abeef0, 408, abe9b4, 0, abe8b0, e000, 3, 0, 7ffdf000, abf2f0, 2ed48e4cb7021459, 0, 0, 0, e, a8397b1dcdaf, a8397b1dcdaf, 7ffdd000, 1000000, 30, 6, 1803cadc0, 2, 2545f4914f6cdd1d, 10100, 1803c8000, 7ffdf000, abe980, abfa20, 1800d1f6c]
turn=33566 thread=8 PC=0x1800013a0 SP=0xabe970 bytes=Ok([c1, 06, 00, d4]) insn=Some("Ok(DecodedInsn { mnemonic: SVC, cond: None, operands: [Imm(Immediate { value: 54, shift: 0 })], sets_flags: false, raw: 3556771521, size: 4, state: Aarch64 })") registers=[37, abeef0, 408, abe9b4, 0, abe8b0, e000, 3, 0, 7ffdf000, abf2f0, 2ed48e4cb7021459, 0, 0, 0, e, a8397b1dcdaf, a8397b1dcdaf, 7ffdd000, 1000000, 30, 6, 1803cadc0, 2, 2545f4914f6cdd1d, 10100, 1803c8000, 7ffdf000, abe980, abfa20, 1800d1f8c]
terminal turn=33566 Complete(Internal("native NTDLL service NtQuerySystemInformation: Unimplemented(\"NtQuerySystemInformation: NtQuerySystemInformation class 55\")"))
