warning: "stdcall" is not a supported ABI for the current target
  --> vendor\vm-memory\src\mmap\windows.rs:22:1
   |
22 | / extern "stdcall" {
23 | |     pub fn VirtualAlloc(
24 | |         lpAddress: *mut c_void,
25 | |         dwSize: size_t,
...  |
49 | |     pub fn CloseHandle(hObject: RawHandle) -> u32; // BOOL
50 | | }
   | |_^
   |
   = warning: this was previously accepted by the compiler but is being phased out; it will become a hard error in a future release!
   = note: for more information, see issue #137018 <https://github.com/rust-lang/rust/issues/137018>
   = help: if you need `extern "stdcall"` on win32 and `extern "C"` everywhere else, use `extern "system"`
   = note: `#[warn(unsupported_calling_conventions)]` (part of `#[warn(future_incompatible)]`) on by default

warning: `vm-memory` (lib) generated 1 warning
   Compiling rax v0.1.0 (C:\Windows\Temp\assist-native-rax-20261010\src)
    Finished `test` profile [unoptimized + debuginfo] target(s) in 3m 02s
     Running unittests src\lib.rs (C:\Windows\Temp\assist-native-rax-20261010\target\debug\deps\rax-d861ee8f992d7cb6.exe)

running 12 tests
test user::windows::process::sched::tests::services_tests::hypervisor_page_tests::native_hypervisor_page_return_boundaries_are_atomic_after_wow64_publication_all_abis ... ok
test user::windows::process::sched::tests::services_tests::hypervisor_page_tests::native_hypervisor_page_guard_readonly_pairs_preserve_probe_priority_all_abis ... ok
test user::windows::process::sched::tests::services_tests::hypervisor_page_tests::native_hypervisor_page_guards_are_one_shot_and_short_wow64_output_is_untouched_all_abis ... ok
test user::windows::process::sched::tests::services_tests::hypervisor_page_tests::native_hypervisor_page_upper_output_span_and_direct_return_have_distinct_guard_order_native64 ... ok
test user::windows::process::sched::tests::services_tests::hypervisor_page_tests::native_hypervisor_page_readonly_destinations_preserve_conversion_write_order_all_abis ... ok
test user::windows::process::sched::tests::services_tests::hypervisor_page_tests::wow64_hypervisor_page_temporary_backing_budget_precedes_destination_probes ... ok
test user::windows::process::sched::tests::services_tests::hypervisor_page_tests::native_hypervisor_page_ulong_max_length_and_wrapping_output_do_not_allocate_all_abis ... ok
test user::windows::process::sched::tests::services_tests::hypervisor_page_tests::native_hypervisor_page_null_output_precedes_wow64_short_length_all_abis ... ok
test user::windows::process::sched::tests::services_tests::hypervisor_page_tests::native_hypervisor_page_return_aliases_are_written_after_pointer_all_abis ... ok
test user::windows::process::sched::tests::services_tests::hypervisor_page_tests::leaf_tests::installed_hypervisor_page_query_leaf_returns_guest_null_and_actual_cleanup ... ok
test user::windows::process::sched::tests::services_tests::hypervisor_page_tests::native_hypervisor_page_width_lengths_optional_return_and_alignment_all_abis ... ok
test user::windows::process::sched::tests::services_tests::hypervisor_page_tests::native_hypervisor_page_output_boundaries_probe_native_extent_and_wow64_pointer_only_all_abis ... ok

test result: ok. 12 passed; 0 failed; 0 ignored; 0 measured; 6966 filtered out; finished in 4.17s

