program C:/Windows/Temp/assist-native-rax-20261010/src/tests/fixtures/user/windows/bin/arm64/smoke.exe
opened modules=4
run reason=4 exit=3221225477 diagnostic="exited with status 0xc0000005 (STATUS_ACCESS_VIOLATION)"
threads=[]
modules=[{"base":"0x140000000","entry":"0x140001048","name":"probe.exe","path":"C:\\app\\probe.exe","size":12288},{"base":"0x180000000","entry":"0x0","name":"ntdll.dll","path":"C:\\WINDOWS\\system32\\ntdll.dll","size":4665344},{"base":"0x150000","entry":"0x157460","name":"kernel32.dll","path":"C:\\WINDOWS\\system32\\kernel32.dll","size":1511424},{"base":"0x2d0000","entry":"0x2dbf90","name":"KernelBase.dll","path":"C:\\WINDOWS\\system32\\KernelBase.dll","size":7233536}]
program C:/Windows/Temp/assist-native-rax-20261010/src/tests/fixtures/user/windows/crt_stdio/bin/arm64/msvcrt/streams.exe
opened modules=5
run reason=4 exit=3221225477 diagnostic="exited with status 0xc0000005 (STATUS_ACCESS_VIOLATION)"
threads=[]
modules=[{"base":"0x140000000","entry":"0x140001000","name":"probe.exe","path":"C:\\app\\probe.exe","size":12288},{"base":"0x180000000","entry":"0x0","name":"ntdll.dll","path":"C:\\WINDOWS\\system32\\ntdll.dll","size":4665344},{"base":"0x150000","entry":"0x157460","name":"kernel32.dll","path":"C:\\WINDOWS\\system32\\kernel32.dll","size":1511424},{"base":"0x2d0000","entry":"0x2dbf90","name":"KernelBase.dll","path":"C:\\WINDOWS\\system32\\KernelBase.dll","size":7233536},{"base":"0x9c0000","entry":"0x9cde50","name":"msvcrt.dll","path":"C:\\WINDOWS\\system32\\msvcrt.dll","size":1363968}]
program C:/Windows/Temp/assist-native-rax-20261010/src/tests/fixtures/user/windows/crt_stdio/bin/arm64/ucrtbase/streams.exe
opened modules=5
run reason=4 exit=3221225477 diagnostic="exited with status 0xc0000005 (STATUS_ACCESS_VIOLATION)"
threads=[]
modules=[{"base":"0x140000000","entry":"0x140001000","name":"probe.exe","path":"C:\\app\\probe.exe","size":12288},{"base":"0x180000000","entry":"0x0","name":"ntdll.dll","path":"C:\\WINDOWS\\system32\\ntdll.dll","size":4665344},{"base":"0x150000","entry":"0x157460","name":"kernel32.dll","path":"C:\\WINDOWS\\system32\\kernel32.dll","size":1511424},{"base":"0x2d0000","entry":"0x2dbf90","name":"KernelBase.dll","path":"C:\\WINDOWS\\system32\\KernelBase.dll","size":7233536},{"base":"0x9c0000","entry":"0x9cc640","name":"ucrtbase.dll","path":"C:\\WINDOWS\\system32\\ucrtbase.dll","size":2260992}]
program C:/Windows/System32/whoami.exe
opened modules=21
run reason=4 exit=3221225477 diagnostic="exited with status 0xc0000005 (STATUS_ACCESS_VIOLATION)"
threads=[]
modules=[{"base":"0x140000000","entry":"0x140001f60","name":"probe.exe","path":"C:\\app\\probe.exe","size":102400},{"base":"0x180000000","entry":"0x0","name":"ntdll.dll","path":"C:\\WINDOWS\\system32\\ntdll.dll","size":4665344},{"base":"0x150000","entry":"0x157460","name":"kernel32.dll","path":"C:\\WINDOWS\\system32\\kernel32.dll","size":1511424},{"base":"0x2d0000","entry":"0x2dbf90","name":"KernelBase.dll","path":"C:\\WINDOWS\\system32\\KernelBase.dll","size":7233536},{"base":"0x9c0000","entry":"0x9c5d80","name":"advapi32.dll","path":"C:\\WINDOWS\\system32\\advapi32.dll","size":1404928},{"base":"0xb20000","entry":"0xb2de50","name":"msvcrt.dll","path":"C:\\WINDOWS\\system32\\msvcrt.dll","size":1363968},{"base":"0xc70000","entry":"0xc73f70","name":"sechost.dll","path":"C:\\WINDOWS\\system32\\sechost.dll","size":991232},{"base":"0xd70000","entry":"0xd758b0","name":"rpcrt4.dll","path":"C:\\WINDOWS\\system32\\rpcrt4.dll","size":2191360},{"base":"0xf90000","entry":"0xfbe790","name":"user32.dll","path":"C:\\WINDOWS\\system32\\user32.dll","size":2797568},{"base":"0x1240000","entry":"0x0","name":"win32u.dll","path":"C:\\WINDOWS\\system32\\win32u.dll","size":401408},{"base":"0x12b0000","entry":"0x12b9f80","name":"gdi32.dll","path":"C:\\WINDOWS\\system32\\gdi32.dll","size":471040},{"base":"0x1330000","entry":"0x133c640","name":"ucrtbase.dll","path":"C:\\WINDOWS\\system32\\ucrtbase.dll","size":2260992},{"base":"0x1560000","entry":"0x1566c40","name":"gdi32full.dll","path":"C:\\WINDOWS\\system32\\gdi32full.dll","size":1916928},{"base":"0x1740000","entry":"0x176dea0","name":"msvcp_win.dll","path":"C:\\WINDOWS\\system32\\msvcp_win.dll","size":1355776},{"base":"0x1890000","entry":"0x18939d0","name":"ETW.dll","path":"C:\\WINDOWS\\system32\\ETW.dll","size":323584},{"base":"0x18e0000","entry":"0x190c130","name":"ws2_32.dll","path":"C:\\WINDOWS\\system32\\ws2_32.dll","size":897024},{"base":"0x19c0000","entry":"0x19c33c0","name":"version.dll","path":"C:\\WINDOWS\\system32\\version.dll","size":90112},{"base":"0x19e0000","entry":"0x19f9480","name":"authz.dll","path":"C:\\WINDOWS\\system32\\authz.dll","size":573440},{"base":"0x1a70000","entry":"0x1a73230","name":"sspicli.dll","path":"C:\\WINDOWS\\system32\\sspicli.dll","size":536576},{"base":"0x1b00000","entry":"0x1b058d0","name":"wkscli.dll","path":"C:\\WINDOWS\\system32\\wkscli.dll","size":208896},{"base":"0x1b40000","entry":"0x1b45db0","name":"netutils.dll","path":"C:\\WINDOWS\\system32\\netutils.dll","size":106496}]
