program C:\Windows\Temp\assist-native-rax-20261010\src\tests\fixtures\user\windows\bin\arm64\smoke.exe
arch=arm64 PEB=0x7ffdf000 ProcessHeap=Ok(65536) heaps=Heaps { heaps: {65536: Heap { flags: 0, align: 16, max: 0, segments: [(65536, 1048576)], free: {69216: 1044896}, by_size: {(1044896, 69216)}, used: {67056: (480, 470), 67984: (32, 20), 68304: (80, 66), 69184: (16, 8), 68816: (288, 288), 68016: (288, 288), 68384: (32, 26), 69104: (48, 34), 68704: (80, 70), 67632: (288, 288), 67920: (64, 60), 68416: (288, 288), 66960: (48, 34), 66896: (16, 8), 68784: (32, 30), 69152: (32, 20), 66912: (48, 34), 67536: (96, 88), 69200: (16, 12), 67008: (48, 40), 65792: (1104, 1096)} }}, align: 16 }
module probe.exe base=0x140000000 size=0x3000 entry=0x140001048
module ntdll.dll base=0x180000000 size=0x473000 entry=0x0
module kernel32.dll base=0x150000 size=0x171000 entry=0x157460
module KernelBase.dll base=0x2d0000 size=0x6e6000 entry=0x2dbf90
native LdrInitializeThunk target=0x1800ef6e0 context=0xabfbc0
kernel-before turn=36 service=0x36 PC=0x1800013a0 registers=[fa, 1803ca4c0, 10, abfb30, 0, 0]
kernel-after turn=36 service=0x36 PC=0x1800013a4 X0=0x0
kernel-before turn=141 service=0x48 PC=0x1800014c0 registers=[1803c9350, 1f0003, 0, 0, 0, 0]
kernel-after turn=141 service=0x48 PC=0x1800014c4 X0=0x0
kernel-before turn=160 service=0x119 PC=0x1800021d0 registers=[9, abfaf8, 8, abfaf0, 0, 0]
hotpatch-before info=0xabfaf8 bytes=Ok([01, 00, 00, 00, 00, 00, 00, 00]) returned=0xabfaf0 bytes=Ok([00, 00, 00, 00])
kernel-after turn=160 service=0x119 PC=0x1800021d4 X0=0xc00000bb
hotpatch-after info=0xabfaf8 bytes=Ok([01, 00, 00, 00, 00, 00, 00, 00]) returned=0xabfaf0 bytes=Ok([00, 00, 00, 00])
kernel-before turn=210 service=0xe PC=0x1800010e0 registers=[10, 0, 1488, abfaf0, 0, 0]
kernel-after turn=210 service=0xe PC=0x1800010e4 X0=0x0
kernel-before turn=252 service=0x48 PC=0x1800014c0 registers=[1803c93a0, 1f0003, 0, 0, 0, 0]
kernel-after turn=252 service=0x48 PC=0x1800014c4 X0=0x0
kernel-before turn=298 service=0x36 PC=0x1800013a0 registers=[0, abfa20, 40, 0, 0, 0]
kernel-after turn=298 service=0x36 PC=0x1800013a4 X0=0x0
kernel-before turn=418 service=0x19 PC=0x1800011a0 registers=[ffffffffffffffff, 24, abe9f0, 4, 0, 0]
kernel-after turn=418 service=0x19 PC=0x1800011a4 X0=0x0
kernel-before turn=709 service=0x12 PC=0x180001130 registers=[abe868, 80000000, abe8a0, abe8e0, 0, 18034f740]
NtOpenKey attributes=0xabe8a0 bytes=Ok([30, 00, 00, 00, 00, 00, 00, 00, 00, 00, 00, 00, 00, 00, 00, 00, 90, e8, ab, 00, 00, 00, 00, 00, 40, 02, 00, 00, 00, 00, 00, 00, 00, 00, 00, 00, 00, 00, 00, 00, 00, 00, 00, 00, 00, 00, 00, 00])
NtOpenKey name struct=0xabe890 length=126 buffer=0x18034f6d0 bytes=Ok([5c, 00, 52, 00, 65, 00, 67, 00, 69, 00, 73, 00, 74, 00, 72, 00, 79, 00, 5c, 00, 4d, 00, 61, 00, 63, 00, 68, 00, 69, 00, 6e, 00, 65, 00, 5c, 00, 53, 00, 79, 00, 73, 00, 74, 00, 65, 00, 6d, 00, 5c, 00, 43, 00, 75, 00, 72, 00, 72, 00, 65, 00, 6e, 00, 74, 00, 43, 00, 6f, 00, 6e, 00, 74, 00, 72, 00, 6f, 00, 6c, 00, 53, 00, 65, 00, 74, 00, 5c, 00, 43, 00, 6f, 00, 6e, 00, 74, 00, 72, 00, 6f, 00, 6c, 00, 5c, 00, 4e, 00, 6c, 00, 73, 00, 5c, 00, 43, 00, 6f, 00, 64, 00, 65, 00, 50, 00, 61, 00, 67, 00, 65, 00])
kernel-after turn=709 service=0x12 PC=0x180001134 X0=0x0
NtOpenKey output handle bytes=Ok([18, 00, 00, 00, 00, 00, 00, 00])
kernel-before turn=749 service=0x17 PC=0x180001180 registers=[18, abe870, 2, abe8d0, 24, abe860]
NtQueryValueKey name length=6 bytes=Ok([41, 00, 43, 00, 50, 00])
kernel-after turn=749 service=0x17 PC=0x180001184 X0=0x0
NtQueryValueKey output=Ok([00, 00, 00, 00, 01, 00, 00, 00, 0a, 00, 00, 00, 31, 00, 32, 00, 35, 00, 32, 00, 00, 00, 00, 00, 00, 00, 00, 00, 00, 00, 00, 00, 00, 00, 00, 00]) ResultLength=Ok([16, 00, 00, 00])
kernel-before turn=928 service=0x17 PC=0x180001180 registers=[18, abe870, 2, abe8d0, 24, abe860]
NtQueryValueKey name length=10 bytes=Ok([4f, 00, 45, 00, 4d, 00, 43, 00, 50, 00])
kernel-after turn=928 service=0x17 PC=0x180001184 X0=0x0
NtQueryValueKey output=Ok([00, 00, 00, 00, 01, 00, 00, 00, 08, 00, 00, 00, 34, 00, 33, 00, 37, 00, 00, 00, 00, 00, 00, 00, 00, 00, 00, 00, 00, 00, 00, 00, 00, 00, 00, 00]) ResultLength=Ok([14, 00, 00, 00])
kernel-before turn=1056 service=0xf PC=0x1800010f0 registers=[18, a, abe954, abe8d0, 24, abe8dc]
kernel-after turn=1056 service=0xf PC=0x1800010f4 X0=0x0
kernel-before turn=1101 service=0x101 PC=0x180002050 registers=[b, 4e4, 0, 1803bdd00, 0, abe8dc]
kernel-after turn=1101 service=0x101 PC=0x180002054 X0=0x0
NtGetNlsSectionPtr output=Ok(ac0000) size-pointer=0x0 size=Ok([]) view=Some(RegionInfo { base: 11272192, allocation_base: 11272192, allocation_protect: 2, size: 69632, state: 4096, protect: 2, kind: 262144 }) prefix=Some([0d, 00, e4, 04, 01, 00, 3f, 00, 3f, 00, 3f, 00, 3f, 00, 00, 00, 00, 00, 00, 00, 00, 00, 00, 00, 00, 00, 03, 01, 00, 00, 01, 00])
kernel-before turn=1112 service=0x101 PC=0x180002050 registers=[b, 1b5, 0, 1803bdd08, 0, abe8dc]
kernel-after turn=1112 service=0x101 PC=0x180002054 X0=0x0
NtGetNlsSectionPtr output=Ok(ae0000) size-pointer=0x0 size=Ok([]) view=Some(RegionInfo { base: 11403264, allocation_base: 11403264, allocation_protect: 2, size: 69632, state: 4096, protect: 2, kind: 262144 }) prefix=Some([0d, 00, b5, 01, 01, 00, 3f, 00, 3f, 00, 3f, 00, 3f, 00, 00, 00, 00, 00, 00, 00, 00, 00, 00, 00, 00, 00, 03, 02, 00, 00, 01, 00])
kernel-before turn=2412 service=0x23 PC=0x180001240 registers=[ffffffffffffffff, 180000000, 6, abe930, 18, 0]
kernel-after turn=2412 service=0x23 PC=0x180001244 X0=0x0
NtQueryVirtualMemory address=0x180000000 output=0xabe930 supplied-bytes=24 record=Ok([00, 00, 00, 80, 01, 00, 00, 00, 00, 30, 47, 00, 00, 00, 00, 00, 00, 00, 00, 00, 00, 00, 00, 00]) length-pointer=0x0 length-bytes=Ok([])
kernel-before turn=2778 service=0x23 PC=0x180001240 registers=[ffffffffffffffff, 0, 4, abf530, 50, 0]
kernel-after turn=2778 service=0x23 PC=0x180001244 X0=0x0
NtQueryVirtualMemory address=0x0 output=0xabf530 supplied-bytes=80 record=Ok([70, 13, 00, 80, 01, 00, 00, 00, 01, 02, 00, 05, 00, 00, 00, 00, e0, 14, 00, 80, 01, 00, 00, 00, 01, 02, 00, 05, 00, 00, 00, 00, 10, 14, 00, 80, 01, 00, 00, 00, 01, 02, 00, 05, 00, 00, 00, 00, b0, 13, 00, 80, 01, 00, 00, 00, 01, 02, 00, 05, 00, 00, 00, 00, a0, 12, 00, 80, 01, 00, 00, 00, 01, 02, 00, 05, 00, 00, 00, 00]) length-pointer=0x0 length-bytes=Ok([])
kernel-before turn=3128 service=0x50 PC=0x180001540 registers=[ffffffffffffffff, abe8f0, abe8e8, 2, abe8e0, 0]
kernel-after turn=3128 service=0x50 PC=0x180001544 X0=0x0
kernel-before turn=3237 service=0x12 PC=0x180001130 registers=[abe638, 1, 180360e70, abea18, abe9c8, abe990]
NtOpenKey attributes=0x180360e70 bytes=Ok([30, 00, 00, 00, 00, 00, 00, 00, 00, 00, 00, 00, 00, 00, 00, 00, 78, 0d, 36, 80, 01, 00, 00, 00, 40, 00, 00, 00, 00, 00, 00, 00, 00, 00, 00, 00, 00, 00, 00, 00, 00, 00, 00, 00, 00, 00, 00, 00])
NtOpenKey name struct=0x180360d78 length=132 buffer=0x18035f100 bytes=Ok([5c, 00, 52, 00, 65, 00, 67, 00, 69, 00, 73, 00, 74, 00, 72, 00, 79, 00, 5c, 00, 4d, 00, 41, 00, 43, 00, 48, 00, 49, 00, 4e, 00, 45, 00, 5c, 00, 53, 00, 79, 00, 73, 00, 74, 00, 65, 00, 6d, 00, 5c, 00, 43, 00, 75, 00, 72, 00, 72, 00, 65, 00, 6e, 00, 74, 00, 43, 00, 6f, 00, 6e, 00, 74, 00, 72, 00, 6f, 00, 6c, 00, 53, 00, 65, 00, 74, 00, 5c, 00, 43, 00, 6f, 00, 6e, 00, 74, 00, 72, 00, 6f, 00, 6c, 00, 5c, 00, 53, 00, 65, 00, 73, 00, 73, 00, 69, 00, 6f, 00, 6e, 00, 20, 00, 4d, 00, 61, 00, 6e, 00, 61, 00, 67, 00, 65, 00, 72, 00])
kernel-after turn=3237 service=0x12 PC=0x180001134 X0=0x0
NtOpenKey output handle bytes=Ok([18, 00, 00, 00, 00, 00, 00, 00])
kernel-before turn=3248 service=0x17 PC=0x180001180 registers=[18, 180360db8, 2, abe640, 50, abe630]
NtQueryValueKey name length=64 bytes=Ok([52, 00, 61, 00, 69, 00, 73, 00, 65, 00, 45, 00, 78, 00, 63, 00, 65, 00, 70, 00, 74, 00, 69, 00, 6f, 00, 6e, 00, 4f, 00, 6e, 00, 50, 00, 6f, 00, 73, 00, 73, 00, 69, 00, 62, 00, 6c, 00, 65, 00, 44, 00, 65, 00, 61, 00, 64, 00, 6c, 00, 6f, 00, 63, 00, 6b, 00])
kernel-after turn=3248 service=0x17 PC=0x180001184 X0=0xc0000034
NtQueryValueKey output=Ok([00, 00, 00, 00, 00, 00, 00, 00, 00, 00, 00, 00, 00, 00, 00, 00, 00, 00, 00, 00, 00, 00, 00, 00, 00, 00, 00, 00, 00, 00, 00, 00, 00, 00, 00, 00]) ResultLength=Ok([00, 00, 00, 00])
kernel-before turn=3253 service=0xf PC=0x1800010f0 registers=[18, 180360db8, 2, abe640, 50, abe630]
kernel-after turn=3253 service=0xf PC=0x1800010f4 X0=0x0
kernel-before turn=3405 service=0x12 PC=0x180001130 registers=[abe580, 9, abe588, abe6e8, 50, abe630]
NtOpenKey attributes=0xabe588 bytes=Ok([30, 00, 00, 00, 00, 00, 00, 00, 00, 00, 00, 00, 00, 00, 00, 00, 10, d0, 34, 80, 01, 00, 00, 00, 40, 02, 00, 00, 00, 00, 00, 00, 00, 00, 00, 00, 00, 00, 00, 00, 00, 00, 00, 00, 00, 00, 00, 00])
NtOpenKey name struct=0x18034d010 length=182 buffer=0x18034ce30 bytes=Ok([5c, 00, 52, 00, 65, 00, 67, 00, 69, 00, 73, 00, 74, 00, 72, 00, 79, 00, 5c, 00, 4d, 00, 61, 00, 63, 00, 68, 00, 69, 00, 6e, 00, 65, 00, 5c, 00, 53, 00, 6f, 00, 66, 00, 74, 00, 77, 00, 61, 00, 72, 00, 65, 00, 5c, 00, 4d, 00, 69, 00, 63, 00, 72, 00, 6f, 00, 73, 00, 6f, 00, 66, 00, 74, 00, 5c, 00, 57, 00, 69, 00, 6e, 00, 64, 00, 6f, 00, 77, 00, 73, 00, 20, 00, 4e, 00, 54, 00, 5c, 00, 43, 00, 75, 00, 72, 00, 72, 00, 65, 00, 6e, 00, 74, 00, 56, 00, 65, 00, 72, 00, 73, 00, 69, 00, 6f, 00, 6e, 00, 5c, 00, 49, 00, 6d, 00, 61, 00, 67, 00, 65, 00, 20, 00, 46, 00, 69, 00, 6c, 00, 65, 00, 20, 00, 45, 00, 78, 00, 65, 00, 63, 00, 75, 00, 74, 00, 69, 00, 6f, 00, 6e, 00, 20, 00, 4f, 00, 70, 00, 74, 00, 69, 00, 6f, 00, 6e, 00, 73, 00])
kernel-after turn=3405 service=0x12 PC=0x180001134 X0=0x0
NtOpenKey output handle bytes=Ok([18, 00, 00, 00, 00, 00, 00, 00])
kernel-before turn=3438 service=0x12 PC=0x180001130 registers=[abe608, 9, abe650, abe6e8, 50, abe630]
NtOpenKey attributes=0xabe650 bytes=Ok([30, 00, 00, 00, 00, 00, 00, 00, 18, 00, 00, 00, 00, 00, 00, 00, 40, e6, ab, 00, 00, 00, 00, 00, 40, 02, 00, 00, 00, 00, 00, 00, 00, 00, 00, 00, 00, 00, 00, 00, 00, 00, 00, 00, 00, 00, 00, 00])
NtOpenKey name struct=0xabe640 length=18 buffer=0x1056e bytes=Ok([70, 00, 72, 00, 6f, 00, 62, 00, 65, 00, 2e, 00, 65, 00, 78, 00, 65, 00])
kernel-after turn=3438 service=0x12 PC=0x180001134 X0=0xc0000034
NtOpenKey output handle bytes=Ok([00, 00, 00, 00, 00, 00, 00, 00])
kernel-before turn=4462 service=0x12 PC=0x180001130 registers=[abe618, 1, abe620, 0, 0, abe630]
NtOpenKey attributes=0xabe620 bytes=Ok([30, 00, 00, 00, 00, 00, 00, 00, 00, 00, 00, 00, 00, 00, 00, 00, 40, cb, 34, 80, 01, 00, 00, 00, 40, 00, 00, 00, 00, 00, 00, 00, 00, 00, 00, 00, 00, 00, 00, 00, 00, 00, 00, 00, 00, 00, 00, 00])
NtOpenKey name struct=0x18034cb40 length=158 buffer=0x18034c5d0 bytes=Ok([5c, 00, 52, 00, 65, 00, 67, 00, 69, 00, 73, 00, 74, 00, 72, 00, 79, 00, 5c, 00, 4d, 00, 61, 00, 63, 00, 68, 00, 69, 00, 6e, 00, 65, 00, 5c, 00, 53, 00, 59, 00, 53, 00, 54, 00, 45, 00, 4d, 00, 5c, 00, 43, 00, 75, 00, 72, 00, 72, 00, 65, 00, 6e, 00, 74, 00, 43, 00, 6f, 00, 6e, 00, 74, 00, 72, 00, 6f, 00, 6c, 00, 53, 00, 65, 00, 74, 00, 5c, 00, 43, 00, 6f, 00, 6e, 00, 74, 00, 72, 00, 6f, 00, 6c, 00, 5c, 00, 53, 00, 65, 00, 73, 00, 73, 00, 69, 00, 6f, 00, 6e, 00, 20, 00, 4d, 00, 61, 00, 6e, 00, 61, 00, 67, 00, 65, 00, 72, 00, 5c, 00, 53, 00, 65, 00, 67, 00, 6d, 00, 65, 00, 6e, 00, 74, 00, 20, 00, 48, 00, 65, 00, 61, 00, 70, 00])
kernel-after turn=4462 service=0x12 PC=0x180001134 X0=0xc0000034
NtOpenKey output handle bytes=Ok([00, 00, 00, 00, 00, 00, 00, 00])
kernel-before turn=5219 service=0x19 PC=0x1800011a0 registers=[ffffffffffffffff, 24, abe920, 4, 0, 4]
kernel-after turn=5219 service=0x19 PC=0x1800011a4 X0=0x0
kernel-before turn=6770 service=0x12 PC=0x180001130 registers=[abe8b8, 9, abe900, abea68, 0, 4]
NtOpenKey attributes=0xabe900 bytes=Ok([30, 00, 00, 00, 00, 00, 00, 00, 18, 00, 00, 00, 00, 00, 00, 00, f0, e8, ab, 00, 00, 00, 00, 00, 40, 02, 00, 00, 00, 00, 00, 00, 00, 00, 00, 00, 00, 00, 00, 00, 00, 00, 00, 00, 00, 00, 00, 00])
NtOpenKey name struct=0xabe8f0 length=18 buffer=0x1056e bytes=Ok([70, 00, 72, 00, 6f, 00, 62, 00, 65, 00, 2e, 00, 65, 00, 78, 00, 65, 00])
kernel-after turn=6770 service=0x12 PC=0x180001134 X0=0xc0000034
NtOpenKey output handle bytes=Ok([00, 00, 00, 00, 00, 00, 00, 00])
kernel-before turn=6803 service=0x19 PC=0x1800011a0 registers=[ffffffffffffffff, 24, abe960, 4, 0, 4]
kernel-after turn=6803 service=0x19 PC=0x1800011a4 X0=0x0
kernel-before turn=7030 service=0x36 PC=0x1800013a0 registers=[0, abf490, 40, 0, 0, 4]
kernel-after turn=7030 service=0x36 PC=0x1800013a4 X0=0x0
kernel-before turn=11206 service=0x36 PC=0x1800013a0 registers=[3e, abf450, 40, 0, 0, 4]
kernel-after turn=11206 service=0x36 PC=0x1800013a4 X0=0x0
kernel-before turn=11315 service=0x78 PC=0x1800017c0 registers=[ffffffffffffffff, 1803c50d8, abe950, 102000, 4, abe8e0]
NtAllocateVirtualMemoryEx base-pointer=0x1803c50d8 raw=Ok([00, 00, 00, 00, 00, 00, 00, 00]) size-pointer=0xabe950 raw=Ok([00, 10, 00, 02, 00, 00, 00, 00]) extended=0xabe8e0 count=1 raw=Ok([01, 00, 00, 00, 00, 00, 00, 00, c0, e8, ab, 00, 00, 00, 00, 00])
address-requirements pointer=0xabe8c0 raw=Ok([00, 00, 00, 00, 00, 00, 00, 00, 00, 00, 00, 00, 00, 00, 00, 00, 00, 00, 00, 00, 00, 00, 00, 00])
kernel-after turn=11315 service=0x78 PC=0x1800017c4 X0=0x0
kernel-before turn=11397 service=0x78 PC=0x1800017c0 registers=[ffffffffffffffff, 1803c50d0, abe958, 1000, 4, 0]
NtAllocateVirtualMemoryEx base-pointer=0x1803c50d0 raw=Ok([00, 00, fe, ff, ff, 7f, 00, 00]) size-pointer=0xabe958 raw=Ok([00, 10, 00, 00, 00, 00, 00, 00]) extended=0x0 count=0 raw=Err(MemFault { addr: 00, write: false })
kernel-after turn=11397 service=0x78 PC=0x1800017c4 X0=0x0
kernel-before turn=11542 service=0x78 PC=0x1800017c0 registers=[ffffffffffffffff, 1803c5140, abe950, 102000, 4, abe8e0]
NtAllocateVirtualMemoryEx base-pointer=0x1803c5140 raw=Ok([00, 00, 00, 00, 00, 00, 00, 00]) size-pointer=0xabe950 raw=Ok([00, 00, 02, 00, 01, 00, 00, 00]) extended=0xabe8e0 count=1 raw=Ok([01, 00, 00, 00, 00, 00, 00, 00, c0, e8, ab, 00, 00, 00, 00, 00])
address-requirements pointer=0xabe8c0 raw=Ok([00, 00, 00, 00, 00, 00, 00, 00, 00, 00, 00, 00, 00, 00, 00, 00, 00, 00, 00, 00, 00, 00, 00, 00])
kernel-after turn=11542 service=0x78 PC=0x1800017c4 X0=0x0
kernel-before turn=13286 service=0x16e PC=0x180002720 registers=[6b, abd890, 4, abd898, c50, 0]
NtQuerySystemInformationEx class=0x6b input=0xabd890 input-bytes=4 raw=Ok([04, 00, 00, 00]) output=0xabd898 output-bytes=3152 returned=0x0
kernel-after turn=13286 service=0x16e PC=0x180002724 X0=0x0
kernel-before turn=13686 service=0x78 PC=0x1800017c0 registers=[ffffffffffffffff, abe350, abe378, 2000, 4, abe2e0]
NtAllocateVirtualMemoryEx base-pointer=0xabe350 raw=Ok([00, 00, 00, 00, 00, 00, 00, 00]) size-pointer=0xabe378 raw=Ok([00, 00, 00, 01, 00, 00, 00, 00]) extended=0xabe2e0 count=1 raw=Ok([01, 00, 00, 00, 00, 00, 00, 00, c0, e2, ab, 00, 00, 00, 00, 00])
address-requirements pointer=0xabe2c0 raw=Ok([00, 00, 00, 00, 00, 00, 00, 00, 00, 00, 00, 00, 00, 00, 00, 00, 00, 00, 00, 01, 00, 00, 00, 00])
kernel-after turn=13686 service=0x78 PC=0x1800017c4 X0=0x0
kernel-before turn=13828 service=0x78 PC=0x1800017c0 registers=[ffffffffffffffff, abe288, abe280, 1000, 4, 0]
NtAllocateVirtualMemoryEx base-pointer=0xabe288 raw=Ok([00, 00, fc, fd, ff, 7f, 00, 00]) size-pointer=0xabe280 raw=Ok([00, 10, 00, 00, 00, 00, 00, 00]) extended=0x0 count=0 raw=Err(MemFault { addr: 00, write: false })
kernel-after turn=13828 service=0x78 PC=0x1800017c4 X0=0x0
kernel-before turn=13940 service=0x78 PC=0x1800017c0 registers=[ffffffffffffffff, abe288, abe280, 1000, 4, 0]
NtAllocateVirtualMemoryEx base-pointer=0xabe288 raw=Ok([00, 00, fc, fd, fe, 7f, 00, 00]) size-pointer=0xabe280 raw=Ok([00, 10, 00, 00, 00, 00, 00, 00]) extended=0x0 count=0 raw=Err(MemFault { addr: 00, write: false })
kernel-after turn=13940 service=0x78 PC=0x1800017c4 X0=0x0
kernel-before turn=16335 service=0x78 PC=0x1800017c0 registers=[ffffffffffffffff, abe4b0, abe458, 1000, 4, 0]
NtAllocateVirtualMemoryEx base-pointer=0xabe4b0 raw=Ok([00, 00, 00, 01, 00, 00, 00, 00]) size-pointer=0xabe458 raw=Ok([00, 10, 00, 00, 00, 00, 00, 00]) extended=0x0 count=0 raw=Err(MemFault { addr: 00, write: false })
kernel-after turn=16335 service=0x78 PC=0x1800017c4 X0=0x0
kernel-before turn=18683 service=0x78 PC=0x1800017c0 registers=[ffffffffffffffff, abe360, abe378, 1000, 4, 0]
NtAllocateVirtualMemoryEx base-pointer=0xabe360 raw=Ok([00, 00, 10, 01, 00, 00, 00, 00]) size-pointer=0xabe378 raw=Ok([00, 30, 00, 00, 00, 00, 00, 00]) extended=0x0 count=0 raw=Err(MemFault { addr: 00, write: false })
kernel-after turn=18683 service=0x78 PC=0x1800017c4 X0=0x0
kernel-before turn=18886 service=0x78 PC=0x1800017c0 registers=[ffffffffffffffff, abe3b8, abe3b0, 1000, 4, 0]
NtAllocateVirtualMemoryEx base-pointer=0xabe3b8 raw=Ok([00, 00, fe, fd, ff, 7f, 00, 00]) size-pointer=0xabe3b0 raw=Ok([00, 10, 00, 00, 00, 00, 00, 00]) extended=0x0 count=0 raw=Err(MemFault { addr: 00, write: false })
kernel-after turn=18886 service=0x78 PC=0x1800017c4 X0=0x0
kernel-before turn=23282 service=0x78 PC=0x1800017c0 registers=[ffffffffffffffff, abe540, abe4e8, 1000, 4, 0]
NtAllocateVirtualMemoryEx base-pointer=0xabe540 raw=Ok([00, 00, 20, 01, 00, 00, 00, 00]) size-pointer=0xabe4e8 raw=Ok([00, 10, 00, 00, 00, 00, 00, 00]) extended=0x0 count=0 raw=Err(MemFault { addr: 00, write: false })
kernel-after turn=23282 service=0x78 PC=0x1800017c4 X0=0x0
kernel-before turn=25985 service=0x78 PC=0x1800017c0 registers=[ffffffffffffffff, abe400, abe418, 1000, 4, 0]
NtAllocateVirtualMemoryEx base-pointer=0xabe400 raw=Ok([00, 00, 30, 01, 00, 00, 00, 00]) size-pointer=0xabe418 raw=Ok([00, 20, 00, 00, 00, 00, 00, 00]) extended=0x0 count=0 raw=Err(MemFault { addr: 00, write: false })
kernel-after turn=25985 service=0x78 PC=0x1800017c4 X0=0x0
kernel-before turn=28251 service=0x78 PC=0x1800017c0 registers=[ffffffffffffffff, abe470, abe488, 1000, 4, 0]
NtAllocateVirtualMemoryEx base-pointer=0xabe470 raw=Ok([00, 20, 30, 01, 00, 00, 00, 00]) size-pointer=0xabe488 raw=Ok([00, 10, 00, 00, 00, 00, 00, 00]) extended=0x0 count=0 raw=Err(MemFault { addr: 00, write: false })
kernel-after turn=28251 service=0x78 PC=0x1800017c4 X0=0x0
kernel-before turn=32733 service=0x78 PC=0x1800017c0 registers=[ffffffffffffffff, abe590, abe5a8, 1000, 4, 0]
NtAllocateVirtualMemoryEx base-pointer=0xabe590 raw=Ok([00, 30, 10, 01, 00, 00, 00, 00]) size-pointer=0xabe5a8 raw=Ok([00, 10, 00, 00, 00, 00, 00, 00]) extended=0x0 count=0 raw=Err(MemFault { addr: 00, write: false })
kernel-after turn=32733 service=0x78 PC=0x1800017c4 X0=0x0
kernel-before turn=33364 service=0x36 PC=0x1800013a0 registers=[c5, abeb08, 8, 0, 0, abe8b0]
kernel-after turn=33364 service=0x36 PC=0x1800013a4 X0=0xc5
turn=33333 thread=8 PC=0x180194b94 SP=0xabe970 bytes=Ok([08, ac, 02, b9]) insn=Some("Ok(DecodedInsn { mnemonic: STR, cond: None, operands: [Reg(Register { num: 8, is_64bit: false, is_sp: false, kind: Gpr }), Mem(MemOperand { base: Register { num: 0, is_64bit: true, is_sp: false, kind: Gpr }, offset: Imm(684), mode: Offset })], sets_flags: false, raw: 3103960072, size: 4, state: Aarch64 })") registers=[7ffdd000, 0, 0, 1102070, 0, abe8b0, e000, 3, 1, 7ffdd290, 1000, 2ed48e4cb7021459, 0, 0, 0, e, a8397b1dcdaf, a8397b1dcdaf, 7ffdd000, 1000000, 30, 6, 1803cadc0, 2, 2545f4914f6cdd1d, 10100, 0, 7ffdf000, abe980, abfa20, 1800d1ebc]
turn=33334 thread=8 PC=0x180194b98 SP=0xabe970 bytes=Ok([c8, ff, af, d2]) insn=Some("Ok(DecodedInsn { mnemonic: MOVZ, cond: None, operands: [Reg(Register { num: 8, is_64bit: true, is_sp: false, kind: Gpr }), Imm(Immediate { value: 32766, shift: 16 })], sets_flags: false, raw: 3534749640, size: 4, state: Aarch64 })") registers=[7ffdd000, 0, 0, 1102070, 0, abe8b0, e000, 3, 1, 7ffdd290, 1000, 2ed48e4cb7021459, 0, 0, 0, e, a8397b1dcdaf, a8397b1dcdaf, 7ffdd000, 1000000, 30, 6, 1803cadc0, 2, 2545f4914f6cdd1d, 10100, 0, 7ffdf000, abe980, abfa20, 1800d1ebc]
turn=33335 thread=8 PC=0x180194b9c SP=0xabe970 bytes=Ok([08, 64, 80, f2]) insn=Some("Ok(DecodedInsn { mnemonic: MOVK, cond: None, operands: [Reg(Register { num: 8, is_64bit: true, is_sp: false, kind: Gpr }), Imm(Immediate { value: 800, shift: 0 })], sets_flags: false, raw: 4068500488, size: 4, state: Aarch64 })") registers=[7ffdd000, 0, 0, 1102070, 0, abe8b0, e000, 3, 7ffe0000, 7ffdd290, 1000, 2ed48e4cb7021459, 0, 0, 0, e, a8397b1dcdaf, a8397b1dcdaf, 7ffdd000, 1000000, 30, 6, 1803cadc0, 2, 2545f4914f6cdd1d, 10100, 0, 7ffdf000, abe980, abfa20, 1800d1ebc]
turn=33336 thread=8 PC=0x180194ba0 SP=0xabe970 bytes=Ok([0a, 01, 40, f9]) insn=Some("Ok(DecodedInsn { mnemonic: LDR, cond: None, operands: [Reg(Register { num: 10, is_64bit: true, is_sp: false, kind: Gpr }), Mem(MemOperand { base: Register { num: 8, is_64bit: true, is_sp: false, kind: Gpr }, offset: Imm(0), mode: Offset })], sets_flags: false, raw: 4181721354, size: 4, state: Aarch64 })") registers=[7ffdd000, 0, 0, 1102070, 0, abe8b0, e000, 3, 7ffe0320, 7ffdd290, 1000, 2ed48e4cb7021459, 0, 0, 0, e, a8397b1dcdaf, a8397b1dcdaf, 7ffdd000, 1000000, 30, 6, 1803cadc0, 2, 2545f4914f6cdd1d, 10100, 0, 7ffdf000, abe980, abfa20, 1800d1ebc]
turn=33337 thread=8 PC=0x180194ba4 SP=0xabe970 bytes=Ok([c8, ff, af, d2]) insn=Some("Ok(DecodedInsn { mnemonic: MOVZ, cond: None, operands: [Reg(Register { num: 8, is_64bit: true, is_sp: false, kind: Gpr }), Imm(Immediate { value: 32766, shift: 16 })], sets_flags: false, raw: 3534749640, size: 4, state: Aarch64 })") registers=[7ffdd000, 0, 0, 1102070, 0, abe8b0, e000, 3, 7ffe0320, 7ffdd290, 0, 2ed48e4cb7021459, 0, 0, 0, e, a8397b1dcdaf, a8397b1dcdaf, 7ffdd000, 1000000, 30, 6, 1803cadc0, 2, 2545f4914f6cdd1d, 10100, 0, 7ffdf000, abe980, abfa20, 1800d1ebc]
turn=33338 thread=8 PC=0x180194ba8 SP=0xabe970 bytes=Ok([88, 00, 80, f2]) insn=Some("Ok(DecodedInsn { mnemonic: MOVK, cond: None, operands: [Reg(Register { num: 8, is_64bit: true, is_sp: false, kind: Gpr }), Imm(Immediate { value: 4, shift: 0 })], sets_flags: false, raw: 4068475016, size: 4, state: Aarch64 })") registers=[7ffdd000, 0, 0, 1102070, 0, abe8b0, e000, 3, 7ffe0000, 7ffdd290, 0, 2ed48e4cb7021459, 0, 0, 0, e, a8397b1dcdaf, a8397b1dcdaf, 7ffdd000, 1000000, 30, 6, 1803cadc0, 2, 2545f4914f6cdd1d, 10100, 0, 7ffdf000, abe980, abfa20, 1800d1ebc]
turn=33339 thread=8 PC=0x180194bac SP=0xabe970 bytes=Ok([08, 01, 40, b9]) insn=Some("Ok(DecodedInsn { mnemonic: LDR, cond: None, operands: [Reg(Register { num: 8, is_64bit: false, is_sp: false, kind: Gpr }), Mem(MemOperand { base: Register { num: 8, is_64bit: true, is_sp: false, kind: Gpr }, offset: Imm(0), mode: Offset })], sets_flags: false, raw: 3107979528, size: 4, state: Aarch64 })") registers=[7ffdd000, 0, 0, 1102070, 0, abe8b0, e000, 3, 7ffe0004, 7ffdd290, 0, 2ed48e4cb7021459, 0, 0, 0, e, a8397b1dcdaf, a8397b1dcdaf, 7ffdd000, 1000000, 30, 6, 1803cadc0, 2, 2545f4914f6cdd1d, 10100, 0, 7ffdf000, abe980, abfa20, 1800d1ebc]
turn=33340 thread=8 PC=0x180194bb0 SP=0xabe970 bytes=Ok([08, 7d, 0a, 9b]) insn=Some("Ok(DecodedInsn { mnemonic: MUL, cond: None, operands: [Reg(Register { num: 8, is_64bit: true, is_sp: false, kind: Gpr }), Reg(Register { num: 8, is_64bit: true, is_sp: false, kind: Gpr }), Reg(Register { num: 10, is_64bit: true, is_sp: false, kind: Gpr })], sets_flags: false, raw: 2601155848, size: 4, state: Aarch64 })") registers=[7ffdd000, 0, 0, 1102070, 0, abe8b0, e000, 3, 1000000, 7ffdd290, 0, 2ed48e4cb7021459, 0, 0, 0, e, a8397b1dcdaf, a8397b1dcdaf, 7ffdd000, 1000000, 30, 6, 1803cadc0, 2, 2545f4914f6cdd1d, 10100, 0, 7ffdf000, abe980, abfa20, 1800d1ebc]
turn=33341 thread=8 PC=0x180194bb4 SP=0xabe970 bytes=Ok([08, fd, 58, d3]) insn=Some("Ok(DecodedInsn { mnemonic: LSR, cond: None, operands: [Reg(Register { num: 8, is_64bit: true, is_sp: false, kind: Gpr }), Reg(Register { num: 8, is_64bit: true, is_sp: false, kind: Gpr }), Imm(Immediate { value: 24, shift: 0 }), Imm(Immediate { value: 63, shift: 0 })], sets_flags: false, raw: 3545824520, size: 4, state: Aarch64 })") registers=[7ffdd000, 0, 0, 1102070, 0, abe8b0, e000, 3, 0, 7ffdd290, 0, 2ed48e4cb7021459, 0, 0, 0, e, a8397b1dcdaf, a8397b1dcdaf, 7ffdd000, 1000000, 30, 6, 1803cadc0, 2, 2545f4914f6cdd1d, 10100, 0, 7ffdf000, abe980, abfa20, 1800d1ebc]
turn=33342 thread=8 PC=0x180194bb8 SP=0xabe970 bytes=Ok([08, b0, 02, b9]) insn=Some("Ok(DecodedInsn { mnemonic: STR, cond: None, operands: [Reg(Register { num: 8, is_64bit: false, is_sp: false, kind: Gpr }), Mem(MemOperand { base: Register { num: 0, is_64bit: true, is_sp: false, kind: Gpr }, offset: Imm(688), mode: Offset })], sets_flags: false, raw: 3103961096, size: 4, state: Aarch64 })") registers=[7ffdd000, 0, 0, 1102070, 0, abe8b0, e000, 3, 0, 7ffdd290, 0, 2ed48e4cb7021459, 0, 0, 0, e, a8397b1dcdaf, a8397b1dcdaf, 7ffdd000, 1000000, 30, 6, 1803cadc0, 2, 2545f4914f6cdd1d, 10100, 0, 7ffdf000, abe980, abfa20, 1800d1ebc]
turn=33343 thread=8 PC=0x180194bbc SP=0xabe970 bytes=Ok([48, 00, 80, 52]) insn=Some("Ok(DecodedInsn { mnemonic: MOVZ, cond: None, operands: [Reg(Register { num: 8, is_64bit: false, is_sp: false, kind: Gpr }), Imm(Immediate { value: 2, shift: 0 })], sets_flags: false, raw: 1384120392, size: 4, state: Aarch64 })") registers=[7ffdd000, 0, 0, 1102070, 0, abe8b0, e000, 3, 0, 7ffdd290, 0, 2ed48e4cb7021459, 0, 0, 0, e, a8397b1dcdaf, a8397b1dcdaf, 7ffdd000, 1000000, 30, 6, 1803cadc0, 2, 2545f4914f6cdd1d, 10100, 0, 7ffdf000, abe980, abfa20, 1800d1ebc]
turn=33344 thread=8 PC=0x180194bc0 SP=0xabe970 bytes=Ok([08, a8, 02, b9]) insn=Some("Ok(DecodedInsn { mnemonic: STR, cond: None, operands: [Reg(Register { num: 8, is_64bit: false, is_sp: false, kind: Gpr }), Mem(MemOperand { base: Register { num: 0, is_64bit: true, is_sp: false, kind: Gpr }, offset: Imm(680), mode: Offset })], sets_flags: false, raw: 3103959048, size: 4, state: Aarch64 })") registers=[7ffdd000, 0, 0, 1102070, 0, abe8b0, e000, 3, 2, 7ffdd290, 0, 2ed48e4cb7021459, 0, 0, 0, e, a8397b1dcdaf, a8397b1dcdaf, 7ffdd000, 1000000, 30, 6, 1803cadc0, 2, 2545f4914f6cdd1d, 10100, 0, 7ffdf000, abe980, abfa20, 1800d1ebc]
turn=33345 thread=8 PC=0x180194bc4 SP=0xabe970 bytes=Ok([09, 64, 01, f9]) insn=Some("Ok(DecodedInsn { mnemonic: STR, cond: None, operands: [Reg(Register { num: 9, is_64bit: true, is_sp: false, kind: Gpr }), Mem(MemOperand { base: Register { num: 0, is_64bit: true, is_sp: false, kind: Gpr }, offset: Imm(712), mode: Offset })], sets_flags: false, raw: 4177617929, size: 4, state: Aarch64 })") registers=[7ffdd000, 0, 0, 1102070, 0, abe8b0, e000, 3, 2, 7ffdd290, 0, 2ed48e4cb7021459, 0, 0, 0, e, a8397b1dcdaf, a8397b1dcdaf, 7ffdd000, 1000000, 30, 6, 1803cadc0, 2, 2545f4914f6cdd1d, 10100, 0, 7ffdf000, abe980, abfa20, 1800d1ebc]
turn=33346 thread=8 PC=0x180194bc8 SP=0xabe970 bytes=Ok([c0, 03, 5f, d6]) insn=Some("Ok(DecodedInsn { mnemonic: RET, cond: None, operands: [Reg(Register { num: 30, is_64bit: true, is_sp: false, kind: Gpr })], sets_flags: false, raw: 3596551104, size: 4, state: Aarch64 })") registers=[7ffdd000, 0, 0, 1102070, 0, abe8b0, e000, 3, 2, 7ffdd290, 0, 2ed48e4cb7021459, 0, 0, 0, e, a8397b1dcdaf, a8397b1dcdaf, 7ffdd000, 1000000, 30, 6, 1803cadc0, 2, 2545f4914f6cdd1d, 10100, 0, 7ffdf000, abe980, abfa20, 1800d1ebc]
turn=33347 thread=8 PC=0x1800d1ebc SP=0xabe970 bytes=Ok([c8, 17, 00, 90]) insn=Some("Ok(DecodedInsn { mnemonic: ADRP, cond: None, operands: [Reg(Register { num: 8, is_64bit: true, is_sp: false, kind: Gpr }), Label(3112960)], sets_flags: false, raw: 2415925192, size: 4, state: Aarch64 })") registers=[7ffdd000, 0, 0, 1102070, 0, abe8b0, e000, 3, 2, 7ffdd290, 0, 2ed48e4cb7021459, 0, 0, 0, e, a8397b1dcdaf, a8397b1dcdaf, 7ffdd000, 1000000, 30, 6, 1803cadc0, 2, 2545f4914f6cdd1d, 10100, 0, 7ffdf000, abe980, abfa20, 1800d1ebc]
turn=33348 thread=8 PC=0x1800d1ec0 SP=0xabe970 bytes=Ok([13, 31, 01, f9]) insn=Some("Ok(DecodedInsn { mnemonic: STR, cond: None, operands: [Reg(Register { num: 19, is_64bit: true, is_sp: false, kind: Gpr }), Mem(MemOperand { base: Register { num: 8, is_64bit: true, is_sp: false, kind: Gpr }, offset: Imm(608), mode: Offset })], sets_flags: false, raw: 4177604883, size: 4, state: Aarch64 })") registers=[7ffdd000, 0, 0, 1102070, 0, abe8b0, e000, 3, 1803c9000, 7ffdd290, 0, 2ed48e4cb7021459, 0, 0, 0, e, a8397b1dcdaf, a8397b1dcdaf, 7ffdd000, 1000000, 30, 6, 1803cadc0, 2, 2545f4914f6cdd1d, 10100, 0, 7ffdf000, abe980, abfa20, 1800d1ebc]
turn=33349 thread=8 PC=0x1800d1ec4 SP=0xabe970 bytes=Ok([69, 17, 00, f0]) insn=Some("Ok(DecodedInsn { mnemonic: ADRP, cond: None, operands: [Reg(Register { num: 9, is_64bit: true, is_sp: false, kind: Gpr }), Label(3076096)], sets_flags: false, raw: 4026537833, size: 4, state: Aarch64 })") registers=[7ffdd000, 0, 0, 1102070, 0, abe8b0, e000, 3, 1803c9000, 7ffdd290, 0, 2ed48e4cb7021459, 0, 0, 0, e, a8397b1dcdaf, a8397b1dcdaf, 7ffdd000, 1000000, 30, 6, 1803cadc0, 2, 2545f4914f6cdd1d, 10100, 0, 7ffdf000, abe980, abfa20, 1800d1ebc]
turn=33350 thread=8 PC=0x1800d1ec8 SP=0xabe970 bytes=Ok([29, 81, 04, 91]) insn=Some("Ok(DecodedInsn { mnemonic: ADD, cond: None, operands: [Reg(Register { num: 9, is_64bit: true, is_sp: false, kind: Gpr }), Reg(Register { num: 9, is_64bit: true, is_sp: false, kind: Gpr }), Imm(Immediate { value: 288, shift: 0 })], sets_flags: false, raw: 2432991529, size: 4, state: Aarch64 })") registers=[7ffdd000, 0, 0, 1102070, 0, abe8b0, e000, 3, 1803c9000, 1803c0000, 0, 2ed48e4cb7021459, 0, 0, 0, e, a8397b1dcdaf, a8397b1dcdaf, 7ffdd000, 1000000, 30, 6, 1803cadc0, 2, 2545f4914f6cdd1d, 10100, 0, 7ffdf000, abe980, abfa20, 1800d1ebc]
turn=33351 thread=8 PC=0x1800d1ecc SP=0xabe970 bytes=Ok([28, 41, 16, 91]) insn=Some("Ok(DecodedInsn { mnemonic: ADD, cond: None, operands: [Reg(Register { num: 8, is_64bit: true, is_sp: false, kind: Gpr }), Reg(Register { num: 9, is_64bit: true, is_sp: false, kind: Gpr }), Imm(Immediate { value: 1424, shift: 0 })], sets_flags: false, raw: 2434154792, size: 4, state: Aarch64 })") registers=[7ffdd000, 0, 0, 1102070, 0, abe8b0, e000, 3, 1803c9000, 1803c0120, 0, 2ed48e4cb7021459, 0, 0, 0, e, a8397b1dcdaf, a8397b1dcdaf, 7ffdd000, 1000000, 30, 6, 1803cadc0, 2, 2545f4914f6cdd1d, 10100, 0, 7ffdf000, abe980, abfa20, 1800d1ebc]
turn=33352 thread=8 PC=0x1800d1ed0 SP=0xabe970 bytes=Ok([1f, 0d, 40, f2]) insn=Some("Ok(DecodedInsn { mnemonic: TST, cond: None, operands: [Reg(Register { num: 8, is_64bit: true, is_sp: false, kind: Gpr }), Imm(Immediate { value: 15, shift: 0 })], sets_flags: true, raw: 4064283935, size: 4, state: Aarch64 })") registers=[7ffdd000, 0, 0, 1102070, 0, abe8b0, e000, 3, 1803c06b0, 1803c0120, 0, 2ed48e4cb7021459, 0, 0, 0, e, a8397b1dcdaf, a8397b1dcdaf, 7ffdd000, 1000000, 30, 6, 1803cadc0, 2, 2545f4914f6cdd1d, 10100, 0, 7ffdf000, abe980, abfa20, 1800d1ebc]
turn=33353 thread=8 PC=0x1800d1ed4 SP=0xabe970 bytes=Ok([01, 0d, 01, 54]) insn=Some("Ok(DecodedInsn { mnemonic: BCC, cond: Some(NE), operands: [Label(8608)], sets_flags: false, raw: 1409355009, size: 4, state: Aarch64 })") registers=[7ffdd000, 0, 0, 1102070, 0, abe8b0, e000, 3, 1803c06b0, 1803c0120, 0, 2ed48e4cb7021459, 0, 0, 0, e, a8397b1dcdaf, a8397b1dcdaf, 7ffdd000, 1000000, 30, 6, 1803cadc0, 2, 2545f4914f6cdd1d, 10100, 0, 7ffdf000, abe980, abfa20, 1800d1ebc]
turn=33354 thread=8 PC=0x1800d1ed8 SP=0xabe970 bytes=Ok([07, e4, 00, 4f]) insn=Some("Ok(DecodedInsn { mnemonic: UNKNOWN, cond: None, operands: [], sets_flags: false, raw: 1325458439, size: 4, state: Aarch64 })") registers=[7ffdd000, 0, 0, 1102070, 0, abe8b0, e000, 3, 1803c06b0, 1803c0120, 0, 2ed48e4cb7021459, 0, 0, 0, e, a8397b1dcdaf, a8397b1dcdaf, 7ffdd000, 1000000, 30, 6, 1803cadc0, 2, 2545f4914f6cdd1d, 10100, 0, 7ffdf000, abe980, abfa20, 1800d1ebc]
turn=33355 thread=8 PC=0x1800d1edc SP=0xabe970 bytes=Ok([27, 65, 81, 3d]) insn=Some("Ok(DecodedInsn { mnemonic: STR, cond: None, operands: [FpReg(FpRegister { num: 7, size: Q }), Mem(MemOperand { base: Register { num: 9, is_64bit: true, is_sp: false, kind: Gpr }, offset: Imm(1424), mode: Offset })], sets_flags: false, raw: 1031890215, size: 4, state: Aarch64 })") registers=[7ffdd000, 0, 0, 1102070, 0, abe8b0, e000, 3, 1803c06b0, 1803c0120, 0, 2ed48e4cb7021459, 0, 0, 0, e, a8397b1dcdaf, a8397b1dcdaf, 7ffdd000, 1000000, 30, 6, 1803cadc0, 2, 2545f4914f6cdd1d, 10100, 0, 7ffdf000, abe980, abfa20, 1800d1ebc]
turn=33356 thread=8 PC=0x1800d1ee0 SP=0xabe970 bytes=Ok([c8, 17, 00, 90]) insn=Some("Ok(DecodedInsn { mnemonic: ADRP, cond: None, operands: [Reg(Register { num: 8, is_64bit: true, is_sp: false, kind: Gpr }), Label(3112960)], sets_flags: false, raw: 2415925192, size: 4, state: Aarch64 })") registers=[7ffdd000, 0, 0, 1102070, 0, abe8b0, e000, 3, 1803c06b0, 1803c0120, 0, 2ed48e4cb7021459, 0, 0, 0, e, a8397b1dcdaf, a8397b1dcdaf, 7ffdd000, 1000000, 30, 6, 1803cadc0, 2, 2545f4914f6cdd1d, 10100, 0, 7ffdf000, abe980, abfa20, 1800d1ebc]
turn=33357 thread=8 PC=0x1800d1ee4 SP=0xabe970 bytes=Ok([1f, 55, 06, f9]) insn=Some("Ok(DecodedInsn { mnemonic: STR, cond: None, operands: [Reg(Register { num: 31, is_64bit: true, is_sp: false, kind: Gpr }), Mem(MemOperand { base: Register { num: 8, is_64bit: true, is_sp: false, kind: Gpr }, offset: Imm(3240), mode: Offset })], sets_flags: false, raw: 4177941791, size: 4, state: Aarch64 })") registers=[7ffdd000, 0, 0, 1102070, 0, abe8b0, e000, 3, 1803c9000, 1803c0120, 0, 2ed48e4cb7021459, 0, 0, 0, e, a8397b1dcdaf, a8397b1dcdaf, 7ffdd000, 1000000, 30, 6, 1803cadc0, 2, 2545f4914f6cdd1d, 10100, 0, 7ffdf000, abe980, abfa20, 1800d1ebc]
turn=33358 thread=8 PC=0x1800d1ee8 SP=0xabe970 bytes=Ok([9f, 03, 00, b9]) insn=Some("Ok(DecodedInsn { mnemonic: STR, cond: None, operands: [Reg(Register { num: 31, is_64bit: false, is_sp: false, kind: Gpr }), Mem(MemOperand { base: Register { num: 28, is_64bit: true, is_sp: false, kind: Gpr }, offset: Imm(0), mode: Offset })], sets_flags: false, raw: 3103785887, size: 4, state: Aarch64 })") registers=[7ffdd000, 0, 0, 1102070, 0, abe8b0, e000, 3, 1803c9000, 1803c0120, 0, 2ed48e4cb7021459, 0, 0, 0, e, a8397b1dcdaf, a8397b1dcdaf, 7ffdd000, 1000000, 30, 6, 1803cadc0, 2, 2545f4914f6cdd1d, 10100, 0, 7ffdf000, abe980, abfa20, 1800d1ebc]
turn=33359 thread=8 PC=0x1800d1eec SP=0xabe970 bytes=Ok([03, 00, 80, d2]) insn=Some("Ok(DecodedInsn { mnemonic: MOVZ, cond: None, operands: [Reg(Register { num: 3, is_64bit: true, is_sp: false, kind: Gpr }), Imm(Immediate { value: 0, shift: 0 })], sets_flags: false, raw: 3531603971, size: 4, state: Aarch64 })") registers=[7ffdd000, 0, 0, 1102070, 0, abe8b0, e000, 3, 1803c9000, 1803c0120, 0, 2ed48e4cb7021459, 0, 0, 0, e, a8397b1dcdaf, a8397b1dcdaf, 7ffdd000, 1000000, 30, 6, 1803cadc0, 2, 2545f4914f6cdd1d, 10100, 0, 7ffdf000, abe980, abfa20, 1800d1ebc]
turn=33360 thread=8 PC=0x1800d1ef0 SP=0xabe970 bytes=Ok([02, 01, 80, 52]) insn=Some("Ok(DecodedInsn { mnemonic: MOVZ, cond: None, operands: [Reg(Register { num: 2, is_64bit: false, is_sp: false, kind: Gpr }), Imm(Immediate { value: 8, shift: 0 })], sets_flags: false, raw: 1384120578, size: 4, state: Aarch64 })") registers=[7ffdd000, 0, 0, 0, 0, abe8b0, e000, 3, 1803c9000, 1803c0120, 0, 2ed48e4cb7021459, 0, 0, 0, e, a8397b1dcdaf, a8397b1dcdaf, 7ffdd000, 1000000, 30, 6, 1803cadc0, 2, 2545f4914f6cdd1d, 10100, 0, 7ffdf000, abe980, abfa20, 1800d1ebc]
turn=33361 thread=8 PC=0x1800d1ef4 SP=0xabe970 bytes=Ok([81, 23, 06, 91]) insn=Some("Ok(DecodedInsn { mnemonic: ADD, cond: None, operands: [Reg(Register { num: 1, is_64bit: true, is_sp: false, kind: Gpr }), Reg(Register { num: 28, is_64bit: true, is_sp: false, kind: Gpr }), Imm(Immediate { value: 392, shift: 0 })], sets_flags: false, raw: 2433098625, size: 4, state: Aarch64 })") registers=[7ffdd000, 0, 8, 0, 0, abe8b0, e000, 3, 1803c9000, 1803c0120, 0, 2ed48e4cb7021459, 0, 0, 0, e, a8397b1dcdaf, a8397b1dcdaf, 7ffdd000, 1000000, 30, 6, 1803cadc0, 2, 2545f4914f6cdd1d, 10100, 0, 7ffdf000, abe980, abfa20, 1800d1ebc]
turn=33362 thread=8 PC=0x1800d1ef8 SP=0xabe970 bytes=Ok([a0, 18, 80, 52]) insn=Some("Ok(DecodedInsn { mnemonic: MOVZ, cond: None, operands: [Reg(Register { num: 0, is_64bit: false, is_sp: false, kind: Gpr }), Imm(Immediate { value: 197, shift: 0 })], sets_flags: false, raw: 1384126624, size: 4, state: Aarch64 })") registers=[7ffdd000, abeb08, 8, 0, 0, abe8b0, e000, 3, 1803c9000, 1803c0120, 0, 2ed48e4cb7021459, 0, 0, 0, e, a8397b1dcdaf, a8397b1dcdaf, 7ffdd000, 1000000, 30, 6, 1803cadc0, 2, 2545f4914f6cdd1d, 10100, 0, 7ffdf000, abe980, abfa20, 1800d1ebc]
turn=33363 thread=8 PC=0x1800d1efc SP=0xabe970 bytes=Ok([29, bd, fc, 97]) insn=Some("Ok(DecodedInsn { mnemonic: BL, cond: None, operands: [Label(-854876)], sets_flags: false, raw: 2549923113, size: 4, state: Aarch64 })") registers=[c5, abeb08, 8, 0, 0, abe8b0, e000, 3, 1803c9000, 1803c0120, 0, 2ed48e4cb7021459, 0, 0, 0, e, a8397b1dcdaf, a8397b1dcdaf, 7ffdd000, 1000000, 30, 6, 1803cadc0, 2, 2545f4914f6cdd1d, 10100, 0, 7ffdf000, abe980, abfa20, 1800d1ebc]
turn=33364 thread=8 PC=0x1800013a0 SP=0xabe970 bytes=Ok([c1, 06, 00, d4]) insn=Some("Ok(DecodedInsn { mnemonic: SVC, cond: None, operands: [Imm(Immediate { value: 54, shift: 0 })], sets_flags: false, raw: 3556771521, size: 4, state: Aarch64 })") registers=[c5, abeb08, 8, 0, 0, abe8b0, e000, 3, 1803c9000, 1803c0120, 0, 2ed48e4cb7021459, 0, 0, 0, e, a8397b1dcdaf, a8397b1dcdaf, 7ffdd000, 1000000, 30, 6, 1803cadc0, 2, 2545f4914f6cdd1d, 10100, 0, 7ffdf000, abe980, abfa20, 1800d1f00]
terminal turn=33364 Complete(Internal("native NTDLL service NtQuerySystemInformation: Unimplemented(\"NtQuerySystemInformation: NtQuerySystemInformation class 197\")"))
