program C:\Windows\Temp\assist-native-rax-20261010\src\tests\fixtures\user\windows\bin\arm64\smoke.exe
arch=arm64 PEB=0x7ffdf000 ProcessHeap=Ok(65536) heaps=Heaps { heaps: {65536: Heap { flags: 0, align: 16, max: 0, segments: [(65536, 1048576)], free: {69152: 1044960}, by_size: {(1044960, 69152)}, used: {68320: (32, 26), 68720: (32, 30), 68240: (80, 66), 68352: (288, 288), 69120: (16, 8), 67568: (288, 288), 67472: (96, 88), 66848: (48, 34), 67856: (64, 60), 69088: (32, 20), 66896: (48, 34), 66832: (16, 8), 65792: (1040, 1040), 67952: (288, 288), 69040: (48, 34), 69136: (16, 12), 68752: (288, 288), 66992: (480, 470), 68640: (80, 70), 67920: (32, 20), 66944: (48, 40)} }}, align: 16 }
module probe.exe base=0x140000000 size=0x3000 entry=0x140001048
module ntdll.dll base=0x180000000 size=0x473000 entry=0x0
module kernel32.dll base=0x150000 size=0x171000 entry=0x157460
module KernelBase.dll base=0x2d0000 size=0x6e6000 entry=0x2dbf90
native LdrInitializeThunk target=0x1800ef6e0 context=0xabfbc0
kernel-before turn=36 service=0x36 PC=0x1800013a0 registers=[fa, 1803ca4c0, 10, abfb30, 0, 0]
kernel-after turn=36 service=0x36 PC=0x1800013a4 X0=0x0
kernel-before turn=141 service=0x48 PC=0x1800014c0 registers=[1803c9350, 1f0003, 0, 0, 0, 0]
kernel-after turn=141 service=0x48 PC=0x1800014c4 X0=0x0
kernel-before turn=160 service=0x119 PC=0x1800021d0 registers=[9, abfaf8, 8, abfaf0, 0, 0]
hotpatch-before info=0xabfaf8 bytes=Ok([01, 00, 00, 00, 00, 00, 00, 00]) returned=0xabfaf0 bytes=Ok([00, 00, 00, 00])
kernel-after turn=160 service=0x119 PC=0x1800021d4 X0=0xc00000bb
hotpatch-after info=0xabfaf8 bytes=Ok([01, 00, 00, 00, 00, 00, 00, 00]) returned=0xabfaf0 bytes=Ok([00, 00, 00, 00])
kernel-before turn=210 service=0xe PC=0x1800010e0 registers=[10, 0, 1488, abfaf0, 0, 0]
kernel-after turn=210 service=0xe PC=0x1800010e4 X0=0x0
kernel-before turn=252 service=0x48 PC=0x1800014c0 registers=[1803c93a0, 1f0003, 0, 0, 0, 0]
kernel-after turn=252 service=0x48 PC=0x1800014c4 X0=0x0
kernel-before turn=298 service=0x36 PC=0x1800013a0 registers=[0, abfa20, 40, 0, 0, 0]
kernel-after turn=298 service=0x36 PC=0x1800013a4 X0=0x0
kernel-before turn=418 service=0x19 PC=0x1800011a0 registers=[ffffffffffffffff, 24, abe9f0, 4, 0, 0]
kernel-after turn=418 service=0x19 PC=0x1800011a4 X0=0x0
kernel-before turn=709 service=0x12 PC=0x180001130 registers=[abe868, 80000000, abe8a0, abe8e0, 0, 18034f740]
NtOpenKey attributes=0xabe8a0 bytes=Ok([30, 00, 00, 00, 00, 00, 00, 00, 00, 00, 00, 00, 00, 00, 00, 00, 90, e8, ab, 00, 00, 00, 00, 00, 40, 02, 00, 00, 00, 00, 00, 00, 00, 00, 00, 00, 00, 00, 00, 00, 00, 00, 00, 00, 00, 00, 00, 00])
NtOpenKey name struct=0xabe890 length=126 buffer=0x18034f6d0 bytes=Ok([5c, 00, 52, 00, 65, 00, 67, 00, 69, 00, 73, 00, 74, 00, 72, 00, 79, 00, 5c, 00, 4d, 00, 61, 00, 63, 00, 68, 00, 69, 00, 6e, 00, 65, 00, 5c, 00, 53, 00, 79, 00, 73, 00, 74, 00, 65, 00, 6d, 00, 5c, 00, 43, 00, 75, 00, 72, 00, 72, 00, 65, 00, 6e, 00, 74, 00, 43, 00, 6f, 00, 6e, 00, 74, 00, 72, 00, 6f, 00, 6c, 00, 53, 00, 65, 00, 74, 00, 5c, 00, 43, 00, 6f, 00, 6e, 00, 74, 00, 72, 00, 6f, 00, 6c, 00, 5c, 00, 4e, 00, 6c, 00, 73, 00, 5c, 00, 43, 00, 6f, 00, 64, 00, 65, 00, 50, 00, 61, 00, 67, 00, 65, 00])
kernel-after turn=709 service=0x12 PC=0x180001134 X0=0x0
NtOpenKey output handle bytes=Ok([18, 00, 00, 00, 00, 00, 00, 00])
kernel-before turn=749 service=0x17 PC=0x180001180 registers=[18, abe870, 2, abe8d0, 24, abe860]
NtQueryValueKey name length=6 bytes=Ok([41, 00, 43, 00, 50, 00])
kernel-after turn=749 service=0x17 PC=0x180001184 X0=0x0
NtQueryValueKey output=Ok([00, 00, 00, 00, 01, 00, 00, 00, 0a, 00, 00, 00, 31, 00, 32, 00, 35, 00, 32, 00, 00, 00, 00, 00, 00, 00, 00, 00, 00, 00, 00, 00, 00, 00, 00, 00]) ResultLength=Ok([16, 00, 00, 00])
kernel-before turn=928 service=0x17 PC=0x180001180 registers=[18, abe870, 2, abe8d0, 24, abe860]
NtQueryValueKey name length=10 bytes=Ok([4f, 00, 45, 00, 4d, 00, 43, 00, 50, 00])
kernel-after turn=928 service=0x17 PC=0x180001184 X0=0x0
NtQueryValueKey output=Ok([00, 00, 00, 00, 01, 00, 00, 00, 08, 00, 00, 00, 34, 00, 33, 00, 37, 00, 00, 00, 00, 00, 00, 00, 00, 00, 00, 00, 00, 00, 00, 00, 00, 00, 00, 00]) ResultLength=Ok([14, 00, 00, 00])
kernel-before turn=1056 service=0xf PC=0x1800010f0 registers=[18, a, abe954, abe8d0, 24, abe8dc]
kernel-after turn=1056 service=0xf PC=0x1800010f4 X0=0x0
kernel-before turn=1101 service=0x101 PC=0x180002050 registers=[b, 4e4, 0, 1803bdd00, 0, abe8dc]
kernel-after turn=1101 service=0x101 PC=0x180002054 X0=0x0
NtGetNlsSectionPtr output=Ok(ac0000) size-pointer=0x0 size=Ok([]) view=Some(RegionInfo { base: 11272192, allocation_base: 11272192, allocation_protect: 2, size: 69632, state: 4096, protect: 2, kind: 262144 }) prefix=Some([0d, 00, e4, 04, 01, 00, 3f, 00, 3f, 00, 3f, 00, 3f, 00, 00, 00, 00, 00, 00, 00, 00, 00, 00, 00, 00, 00, 03, 01, 00, 00, 01, 00])
kernel-before turn=1112 service=0x101 PC=0x180002050 registers=[b, 1b5, 0, 1803bdd08, 0, abe8dc]
kernel-after turn=1112 service=0x101 PC=0x180002054 X0=0x0
NtGetNlsSectionPtr output=Ok(ae0000) size-pointer=0x0 size=Ok([]) view=Some(RegionInfo { base: 11403264, allocation_base: 11403264, allocation_protect: 2, size: 69632, state: 4096, protect: 2, kind: 262144 }) prefix=Some([0d, 00, b5, 01, 01, 00, 3f, 00, 3f, 00, 3f, 00, 3f, 00, 00, 00, 00, 00, 00, 00, 00, 00, 00, 00, 00, 00, 03, 02, 00, 00, 01, 00])
kernel-before turn=2412 service=0x23 PC=0x180001240 registers=[ffffffffffffffff, 180000000, 6, abe930, 18, 0]
kernel-after turn=2412 service=0x23 PC=0x180001244 X0=0x0
NtQueryVirtualMemory address=0x180000000 output=0xabe930 supplied-bytes=24 record=Ok([00, 00, 00, 80, 01, 00, 00, 00, 00, 30, 47, 00, 00, 00, 00, 00, 00, 00, 00, 00, 00, 00, 00, 00]) length-pointer=0x0 length-bytes=Ok([])
kernel-before turn=2778 service=0x23 PC=0x180001240 registers=[ffffffffffffffff, 0, 4, abf530, 50, 0]
kernel-after turn=2778 service=0x23 PC=0x180001244 X0=0x0
NtQueryVirtualMemory address=0x0 output=0xabf530 supplied-bytes=80 record=Ok([70, 13, 00, 80, 01, 00, 00, 00, 01, 02, 00, 05, 00, 00, 00, 00, e0, 14, 00, 80, 01, 00, 00, 00, 01, 02, 00, 05, 00, 00, 00, 00, 10, 14, 00, 80, 01, 00, 00, 00, 01, 02, 00, 05, 00, 00, 00, 00, b0, 13, 00, 80, 01, 00, 00, 00, 01, 02, 00, 05, 00, 00, 00, 00, a0, 12, 00, 80, 01, 00, 00, 00, 01, 02, 00, 05, 00, 00, 00, 00]) length-pointer=0x0 length-bytes=Ok([])
kernel-before turn=3128 service=0x50 PC=0x180001540 registers=[ffffffffffffffff, abe8f0, abe8e8, 2, abe8e0, 0]
kernel-after turn=3128 service=0x50 PC=0x180001544 X0=0x0
kernel-before turn=3237 service=0x12 PC=0x180001130 registers=[abe638, 1, 180360e70, abea18, abe9c8, abe990]
NtOpenKey attributes=0x180360e70 bytes=Ok([30, 00, 00, 00, 00, 00, 00, 00, 00, 00, 00, 00, 00, 00, 00, 00, 78, 0d, 36, 80, 01, 00, 00, 00, 40, 00, 00, 00, 00, 00, 00, 00, 00, 00, 00, 00, 00, 00, 00, 00, 00, 00, 00, 00, 00, 00, 00, 00])
NtOpenKey name struct=0x180360d78 length=132 buffer=0x18035f100 bytes=Ok([5c, 00, 52, 00, 65, 00, 67, 00, 69, 00, 73, 00, 74, 00, 72, 00, 79, 00, 5c, 00, 4d, 00, 41, 00, 43, 00, 48, 00, 49, 00, 4e, 00, 45, 00, 5c, 00, 53, 00, 79, 00, 73, 00, 74, 00, 65, 00, 6d, 00, 5c, 00, 43, 00, 75, 00, 72, 00, 72, 00, 65, 00, 6e, 00, 74, 00, 43, 00, 6f, 00, 6e, 00, 74, 00, 72, 00, 6f, 00, 6c, 00, 53, 00, 65, 00, 74, 00, 5c, 00, 43, 00, 6f, 00, 6e, 00, 74, 00, 72, 00, 6f, 00, 6c, 00, 5c, 00, 53, 00, 65, 00, 73, 00, 73, 00, 69, 00, 6f, 00, 6e, 00, 20, 00, 4d, 00, 61, 00, 6e, 00, 61, 00, 67, 00, 65, 00, 72, 00])
kernel-after turn=3237 service=0x12 PC=0x180001134 X0=0x0
NtOpenKey output handle bytes=Ok([18, 00, 00, 00, 00, 00, 00, 00])
kernel-before turn=3248 service=0x17 PC=0x180001180 registers=[18, 180360db8, 2, abe640, 50, abe630]
NtQueryValueKey name length=64 bytes=Ok([52, 00, 61, 00, 69, 00, 73, 00, 65, 00, 45, 00, 78, 00, 63, 00, 65, 00, 70, 00, 74, 00, 69, 00, 6f, 00, 6e, 00, 4f, 00, 6e, 00, 50, 00, 6f, 00, 73, 00, 73, 00, 69, 00, 62, 00, 6c, 00, 65, 00, 44, 00, 65, 00, 61, 00, 64, 00, 6c, 00, 6f, 00, 63, 00, 6b, 00])
kernel-after turn=3248 service=0x17 PC=0x180001184 X0=0xc0000034
NtQueryValueKey output=Ok([00, 00, 00, 00, 00, 00, 00, 00, 00, 00, 00, 00, 00, 00, 00, 00, 00, 00, 00, 00, 00, 00, 00, 00, 00, 00, 00, 00, 00, 00, 00, 00, 00, 00, 00, 00]) ResultLength=Ok([00, 00, 00, 00])
kernel-before turn=3253 service=0xf PC=0x1800010f0 registers=[18, 180360db8, 2, abe640, 50, abe630]
kernel-after turn=3253 service=0xf PC=0x1800010f4 X0=0x0
kernel-before turn=3405 service=0x12 PC=0x180001130 registers=[abe580, 9, abe588, abe6e8, 50, abe630]
NtOpenKey attributes=0xabe588 bytes=Ok([30, 00, 00, 00, 00, 00, 00, 00, 00, 00, 00, 00, 00, 00, 00, 00, 10, d0, 34, 80, 01, 00, 00, 00, 40, 02, 00, 00, 00, 00, 00, 00, 00, 00, 00, 00, 00, 00, 00, 00, 00, 00, 00, 00, 00, 00, 00, 00])
NtOpenKey name struct=0x18034d010 length=182 buffer=0x18034ce30 bytes=Ok([5c, 00, 52, 00, 65, 00, 67, 00, 69, 00, 73, 00, 74, 00, 72, 00, 79, 00, 5c, 00, 4d, 00, 61, 00, 63, 00, 68, 00, 69, 00, 6e, 00, 65, 00, 5c, 00, 53, 00, 6f, 00, 66, 00, 74, 00, 77, 00, 61, 00, 72, 00, 65, 00, 5c, 00, 4d, 00, 69, 00, 63, 00, 72, 00, 6f, 00, 73, 00, 6f, 00, 66, 00, 74, 00, 5c, 00, 57, 00, 69, 00, 6e, 00, 64, 00, 6f, 00, 77, 00, 73, 00, 20, 00, 4e, 00, 54, 00, 5c, 00, 43, 00, 75, 00, 72, 00, 72, 00, 65, 00, 6e, 00, 74, 00, 56, 00, 65, 00, 72, 00, 73, 00, 69, 00, 6f, 00, 6e, 00, 5c, 00, 49, 00, 6d, 00, 61, 00, 67, 00, 65, 00, 20, 00, 46, 00, 69, 00, 6c, 00, 65, 00, 20, 00, 45, 00, 78, 00, 65, 00, 63, 00, 75, 00, 74, 00, 69, 00, 6f, 00, 6e, 00, 20, 00, 4f, 00, 70, 00, 74, 00, 69, 00, 6f, 00, 6e, 00, 73, 00])
kernel-after turn=3405 service=0x12 PC=0x180001134 X0=0x0
NtOpenKey output handle bytes=Ok([18, 00, 00, 00, 00, 00, 00, 00])
kernel-before turn=3438 service=0x12 PC=0x180001130 registers=[abe608, 9, abe650, abe6e8, 50, abe630]
NtOpenKey attributes=0xabe650 bytes=Ok([30, 00, 00, 00, 00, 00, 00, 00, 18, 00, 00, 00, 00, 00, 00, 00, 40, e6, ab, 00, 00, 00, 00, 00, 40, 02, 00, 00, 00, 00, 00, 00, 00, 00, 00, 00, 00, 00, 00, 00, 00, 00, 00, 00, 00, 00, 00, 00])
NtOpenKey name struct=0xabe640 length=18 buffer=0x1052e bytes=Ok([70, 00, 72, 00, 6f, 00, 62, 00, 65, 00, 2e, 00, 65, 00, 78, 00, 65, 00])
kernel-after turn=3438 service=0x12 PC=0x180001134 X0=0xc0000034
NtOpenKey output handle bytes=Ok([00, 00, 00, 00, 00, 00, 00, 00])
kernel-before turn=4462 service=0x12 PC=0x180001130 registers=[abe618, 1, abe620, 0, 0, abe630]
NtOpenKey attributes=0xabe620 bytes=Ok([30, 00, 00, 00, 00, 00, 00, 00, 00, 00, 00, 00, 00, 00, 00, 00, 40, cb, 34, 80, 01, 00, 00, 00, 40, 00, 00, 00, 00, 00, 00, 00, 00, 00, 00, 00, 00, 00, 00, 00, 00, 00, 00, 00, 00, 00, 00, 00])
NtOpenKey name struct=0x18034cb40 length=158 buffer=0x18034c5d0 bytes=Ok([5c, 00, 52, 00, 65, 00, 67, 00, 69, 00, 73, 00, 74, 00, 72, 00, 79, 00, 5c, 00, 4d, 00, 61, 00, 63, 00, 68, 00, 69, 00, 6e, 00, 65, 00, 5c, 00, 53, 00, 59, 00, 53, 00, 54, 00, 45, 00, 4d, 00, 5c, 00, 43, 00, 75, 00, 72, 00, 72, 00, 65, 00, 6e, 00, 74, 00, 43, 00, 6f, 00, 6e, 00, 74, 00, 72, 00, 6f, 00, 6c, 00, 53, 00, 65, 00, 74, 00, 5c, 00, 43, 00, 6f, 00, 6e, 00, 74, 00, 72, 00, 6f, 00, 6c, 00, 5c, 00, 53, 00, 65, 00, 73, 00, 73, 00, 69, 00, 6f, 00, 6e, 00, 20, 00, 4d, 00, 61, 00, 6e, 00, 61, 00, 67, 00, 65, 00, 72, 00, 5c, 00, 53, 00, 65, 00, 67, 00, 6d, 00, 65, 00, 6e, 00, 74, 00, 20, 00, 48, 00, 65, 00, 61, 00, 70, 00])
kernel-after turn=4462 service=0x12 PC=0x180001134 X0=0xc0000034
NtOpenKey output handle bytes=Ok([00, 00, 00, 00, 00, 00, 00, 00])
kernel-before turn=5219 service=0x19 PC=0x1800011a0 registers=[ffffffffffffffff, 24, abe920, 4, 0, 4]
kernel-after turn=5219 service=0x19 PC=0x1800011a4 X0=0x0
kernel-before turn=6770 service=0x12 PC=0x180001130 registers=[abe8b8, 9, abe900, abea68, 0, 4]
NtOpenKey attributes=0xabe900 bytes=Ok([30, 00, 00, 00, 00, 00, 00, 00, 18, 00, 00, 00, 00, 00, 00, 00, f0, e8, ab, 00, 00, 00, 00, 00, 40, 02, 00, 00, 00, 00, 00, 00, 00, 00, 00, 00, 00, 00, 00, 00, 00, 00, 00, 00, 00, 00, 00, 00])
NtOpenKey name struct=0xabe8f0 length=18 buffer=0x1052e bytes=Ok([70, 00, 72, 00, 6f, 00, 62, 00, 65, 00, 2e, 00, 65, 00, 78, 00, 65, 00])
kernel-after turn=6770 service=0x12 PC=0x180001134 X0=0xc0000034
NtOpenKey output handle bytes=Ok([00, 00, 00, 00, 00, 00, 00, 00])
kernel-before turn=6803 service=0x19 PC=0x1800011a0 registers=[ffffffffffffffff, 24, abe960, 4, 0, 4]
kernel-after turn=6803 service=0x19 PC=0x1800011a4 X0=0x0
kernel-before turn=7030 service=0x36 PC=0x1800013a0 registers=[0, abf490, 40, 0, 0, 4]
kernel-after turn=7030 service=0x36 PC=0x1800013a4 X0=0x0
kernel-before turn=11206 service=0x36 PC=0x1800013a0 registers=[3e, abf450, 40, 0, 0, 4]
kernel-after turn=11206 service=0x36 PC=0x1800013a4 X0=0x3e
turn=11175 thread=8 PC=0x1800d1bf8 SP=0xabe970 bytes=Ok([68, 17, 00, f0]) insn=Some("Ok(DecodedInsn { mnemonic: ADRP, cond: None, operands: [Reg(Register { num: 8, is_64bit: true, is_sp: false, kind: Gpr }), Label(3076096)], sets_flags: false, raw: 4026537832, size: 4, state: Aarch64 })") registers=[1803c5138, 0, 18, 0, 0, 4, 20008, 1803cab20, 0, 1803c8998, 1803c9de1, 1803c9ff8, 1803c9de0, 0, 0, 18018fad0, a8397b1dcdaf, abf470, 7ffdd000, 1803c50c0, 30, ffffffffffffffff, 1803cadc0, 2, 2545f4914f6cdd1d, 10100, 0, 7ffdf000, abe980, abfa20, 1800d1b38]
turn=11176 thread=8 PC=0x1800d1bfc SP=0xabe970 bytes=Ok([08, 81, 04, 91]) insn=Some("Ok(DecodedInsn { mnemonic: ADD, cond: None, operands: [Reg(Register { num: 8, is_64bit: true, is_sp: false, kind: Gpr }), Reg(Register { num: 8, is_64bit: true, is_sp: false, kind: Gpr }), Imm(Immediate { value: 288, shift: 0 })], sets_flags: false, raw: 2432991496, size: 4, state: Aarch64 })") registers=[1803c5138, 0, 18, 0, 0, 4, 20008, 1803cab20, 1803c0000, 1803c8998, 1803c9de1, 1803c9ff8, 1803c9de0, 0, 0, 18018fad0, a8397b1dcdaf, abf470, 7ffdd000, 1803c50c0, 30, ffffffffffffffff, 1803cadc0, 2, 2545f4914f6cdd1d, 10100, 0, 7ffdf000, abe980, abfa20, 1800d1b38]
turn=11177 thread=8 PC=0x1800d1c00 SP=0xabe970 bytes=Ok([1f, 9d, 02, f9]) insn=Some("Ok(DecodedInsn { mnemonic: STR, cond: None, operands: [Reg(Register { num: 31, is_64bit: true, is_sp: false, kind: Gpr }), Mem(MemOperand { base: Register { num: 8, is_64bit: true, is_sp: false, kind: Gpr }, offset: Imm(1336), mode: Offset })], sets_flags: false, raw: 4177698079, size: 4, state: Aarch64 })") registers=[1803c5138, 0, 18, 0, 0, 4, 20008, 1803cab20, 1803c0120, 1803c8998, 1803c9de1, 1803c9ff8, 1803c9de0, 0, 0, 18018fad0, a8397b1dcdaf, abf470, 7ffdd000, 1803c50c0, 30, ffffffffffffffff, 1803cadc0, 2, 2545f4914f6cdd1d, 10100, 0, 7ffdf000, abe980, abfa20, 1800d1b38]
turn=11178 thread=8 PC=0x1800d1c04 SP=0xabe970 bytes=Ok([0a, 81, 13, 91]) insn=Some("Ok(DecodedInsn { mnemonic: ADD, cond: None, operands: [Reg(Register { num: 10, is_64bit: true, is_sp: false, kind: Gpr }), Reg(Register { num: 8, is_64bit: true, is_sp: false, kind: Gpr }), Imm(Immediate { value: 1248, shift: 0 })], sets_flags: false, raw: 2433974538, size: 4, state: Aarch64 })") registers=[1803c5138, 0, 18, 0, 0, 4, 20008, 1803cab20, 1803c0120, 1803c8998, 1803c9de1, 1803c9ff8, 1803c9de0, 0, 0, 18018fad0, a8397b1dcdaf, abf470, 7ffdd000, 1803c50c0, 30, ffffffffffffffff, 1803cadc0, 2, 2545f4914f6cdd1d, 10100, 0, 7ffdf000, abe980, abfa20, 1800d1b38]
turn=11179 thread=8 PC=0x1800d1c08 SP=0xabe970 bytes=Ok([5f, 7d, 00, a9]) insn=Some("Ok(DecodedInsn { mnemonic: STP, cond: None, operands: [Reg(Register { num: 31, is_64bit: true, is_sp: false, kind: Gpr }), Reg(Register { num: 31, is_64bit: true, is_sp: false, kind: Gpr }), Mem(MemOperand { base: Register { num: 10, is_64bit: true, is_sp: false, kind: Gpr }, offset: Imm(0), mode: Offset })], sets_flags: false, raw: 2835381599, size: 4, state: Aarch64 })") registers=[1803c5138, 0, 18, 0, 0, 4, 20008, 1803cab20, 1803c0120, 1803c8998, 1803c0600, 1803c9ff8, 1803c9de0, 0, 0, 18018fad0, a8397b1dcdaf, abf470, 7ffdd000, 1803c50c0, 30, ffffffffffffffff, 1803cadc0, 2, 2545f4914f6cdd1d, 10100, 0, 7ffdf000, abe980, abfa20, 1800d1b38]
turn=11180 thread=8 PC=0x1800d1c0c SP=0xabe970 bytes=Ok([5f, 7d, 01, a9]) insn=Some("Ok(DecodedInsn { mnemonic: STP, cond: None, operands: [Reg(Register { num: 31, is_64bit: true, is_sp: false, kind: Gpr }), Reg(Register { num: 31, is_64bit: true, is_sp: false, kind: Gpr }), Mem(MemOperand { base: Register { num: 10, is_64bit: true, is_sp: false, kind: Gpr }, offset: Imm(16), mode: Offset })], sets_flags: false, raw: 2835447135, size: 4, state: Aarch64 })") registers=[1803c5138, 0, 18, 0, 0, 4, 20008, 1803cab20, 1803c0120, 1803c8998, 1803c0600, 1803c9ff8, 1803c9de0, 0, 0, 18018fad0, a8397b1dcdaf, abf470, 7ffdd000, 1803c50c0, 30, ffffffffffffffff, 1803cadc0, 2, 2545f4914f6cdd1d, 10100, 0, 7ffdf000, abe980, abfa20, 1800d1b38]
turn=11181 thread=8 PC=0x1800d1c10 SP=0xabe970 bytes=Ok([5f, 7d, 02, a9]) insn=Some("Ok(DecodedInsn { mnemonic: STP, cond: None, operands: [Reg(Register { num: 31, is_64bit: true, is_sp: false, kind: Gpr }), Reg(Register { num: 31, is_64bit: true, is_sp: false, kind: Gpr }), Mem(MemOperand { base: Register { num: 10, is_64bit: true, is_sp: false, kind: Gpr }, offset: Imm(32), mode: Offset })], sets_flags: false, raw: 2835512671, size: 4, state: Aarch64 })") registers=[1803c5138, 0, 18, 0, 0, 4, 20008, 1803cab20, 1803c0120, 1803c8998, 1803c0600, 1803c9ff8, 1803c9de0, 0, 0, 18018fad0, a8397b1dcdaf, abf470, 7ffdd000, 1803c50c0, 30, ffffffffffffffff, 1803cadc0, 2, 2545f4914f6cdd1d, 10100, 0, 7ffdf000, abe980, abfa20, 1800d1b38]
turn=11182 thread=8 PC=0x1800d1c14 SP=0xabe970 bytes=Ok([5f, 7d, 03, a9]) insn=Some("Ok(DecodedInsn { mnemonic: STP, cond: None, operands: [Reg(Register { num: 31, is_64bit: true, is_sp: false, kind: Gpr }), Reg(Register { num: 31, is_64bit: true, is_sp: false, kind: Gpr }), Mem(MemOperand { base: Register { num: 10, is_64bit: true, is_sp: false, kind: Gpr }, offset: Imm(48), mode: Offset })], sets_flags: false, raw: 2835578207, size: 4, state: Aarch64 })") registers=[1803c5138, 0, 18, 0, 0, 4, 20008, 1803cab20, 1803c0120, 1803c8998, 1803c0600, 1803c9ff8, 1803c9de0, 0, 0, 18018fad0, a8397b1dcdaf, abf470, 7ffdd000, 1803c50c0, 30, ffffffffffffffff, 1803cadc0, 2, 2545f4914f6cdd1d, 10100, 0, 7ffdf000, abe980, abfa20, 1800d1b38]
turn=11183 thread=8 PC=0x1800d1c18 SP=0xabe970 bytes=Ok([1f, 91, 02, f9]) insn=Some("Ok(DecodedInsn { mnemonic: STR, cond: None, operands: [Reg(Register { num: 31, is_64bit: true, is_sp: false, kind: Gpr }), Mem(MemOperand { base: Register { num: 8, is_64bit: true, is_sp: false, kind: Gpr }, offset: Imm(1312), mode: Offset })], sets_flags: false, raw: 4177695007, size: 4, state: Aarch64 })") registers=[1803c5138, 0, 18, 0, 0, 4, 20008, 1803cab20, 1803c0120, 1803c8998, 1803c0600, 1803c9ff8, 1803c9de0, 0, 0, 18018fad0, a8397b1dcdaf, abf470, 7ffdd000, 1803c50c0, 30, ffffffffffffffff, 1803cadc0, 2, 2545f4914f6cdd1d, 10100, 0, 7ffdf000, abe980, abfa20, 1800d1b38]
turn=11184 thread=8 PC=0x1800d1c1c SP=0xabe970 bytes=Ok([09, a1, 14, 91]) insn=Some("Ok(DecodedInsn { mnemonic: ADD, cond: None, operands: [Reg(Register { num: 9, is_64bit: true, is_sp: false, kind: Gpr }), Reg(Register { num: 8, is_64bit: true, is_sp: false, kind: Gpr }), Imm(Immediate { value: 1320, shift: 0 })], sets_flags: false, raw: 2434048265, size: 4, state: Aarch64 })") registers=[1803c5138, 0, 18, 0, 0, 4, 20008, 1803cab20, 1803c0120, 1803c8998, 1803c0600, 1803c9ff8, 1803c9de0, 0, 0, 18018fad0, a8397b1dcdaf, abf470, 7ffdd000, 1803c50c0, 30, ffffffffffffffff, 1803cadc0, 2, 2545f4914f6cdd1d, 10100, 0, 7ffdf000, abe980, abfa20, 1800d1b38]
turn=11185 thread=8 PC=0x1800d1c20 SP=0xabe970 bytes=Ok([08, a1, 14, 91]) insn=Some("Ok(DecodedInsn { mnemonic: ADD, cond: None, operands: [Reg(Register { num: 8, is_64bit: true, is_sp: false, kind: Gpr }), Reg(Register { num: 8, is_64bit: true, is_sp: false, kind: Gpr }), Imm(Immediate { value: 1320, shift: 0 })], sets_flags: false, raw: 2434048264, size: 4, state: Aarch64 })") registers=[1803c5138, 0, 18, 0, 0, 4, 20008, 1803cab20, 1803c0120, 1803c0648, 1803c0600, 1803c9ff8, 1803c9de0, 0, 0, 18018fad0, a8397b1dcdaf, abf470, 7ffdd000, 1803c50c0, 30, ffffffffffffffff, 1803cadc0, 2, 2545f4914f6cdd1d, 10100, 0, 7ffdf000, abe980, abfa20, 1800d1b38]
turn=11186 thread=8 PC=0x1800d1c24 SP=0xabe970 bytes=Ok([48, a5, 04, a9]) insn=Some("Ok(DecodedInsn { mnemonic: STP, cond: None, operands: [Reg(Register { num: 8, is_64bit: true, is_sp: false, kind: Gpr }), Reg(Register { num: 9, is_64bit: true, is_sp: false, kind: Gpr }), Mem(MemOperand { base: Register { num: 10, is_64bit: true, is_sp: false, kind: Gpr }, offset: Imm(72), mode: Offset })], sets_flags: false, raw: 2835653960, size: 4, state: Aarch64 })") registers=[1803c5138, 0, 18, 0, 0, 4, 20008, 1803cab20, 1803c0648, 1803c0648, 1803c0600, 1803c9ff8, 1803c9de0, 0, 0, 18018fad0, a8397b1dcdaf, abf470, 7ffdd000, 1803c50c0, 30, ffffffffffffffff, 1803cadc0, 2, 2545f4914f6cdd1d, 10100, 0, 7ffdf000, abe980, abfa20, 1800d1b38]
turn=11187 thread=8 PC=0x1800d1c28 SP=0xabe970 bytes=Ok([07, e4, 00, 4f]) insn=Some("Ok(DecodedInsn { mnemonic: UNKNOWN, cond: None, operands: [], sets_flags: false, raw: 1325458439, size: 4, state: Aarch64 })") registers=[1803c5138, 0, 18, 0, 0, 4, 20008, 1803cab20, 1803c0648, 1803c0648, 1803c0600, 1803c9ff8, 1803c9de0, 0, 0, 18018fad0, a8397b1dcdaf, abf470, 7ffdd000, 1803c50c0, 30, ffffffffffffffff, 1803cadc0, 2, 2545f4914f6cdd1d, 10100, 0, 7ffdf000, abe980, abfa20, 1800d1b38]
turn=11188 thread=8 PC=0x1800d1c2c SP=0xabe970 bytes=Ok([87, 23, 81, 3d]) insn=Some("Ok(DecodedInsn { mnemonic: STR, cond: None, operands: [FpReg(FpRegister { num: 7, size: Q }), Mem(MemOperand { base: Register { num: 28, is_64bit: true, is_sp: false, kind: Gpr }, offset: Imm(1152), mode: Offset })], sets_flags: false, raw: 1031873415, size: 4, state: Aarch64 })") registers=[1803c5138, 0, 18, 0, 0, 4, 20008, 1803cab20, 1803c0648, 1803c0648, 1803c0600, 1803c9ff8, 1803c9de0, 0, 0, 18018fad0, a8397b1dcdaf, abf470, 7ffdd000, 1803c50c0, 30, ffffffffffffffff, 1803cadc0, 2, 2545f4914f6cdd1d, 10100, 0, 7ffdf000, abe980, abfa20, 1800d1b38]
turn=11189 thread=8 PC=0x1800d1c30 SP=0xabe970 bytes=Ok([c8, 17, 00, b0]) insn=Some("Ok(DecodedInsn { mnemonic: ADRP, cond: None, operands: [Reg(Register { num: 8, is_64bit: true, is_sp: false, kind: Gpr }), Label(3117056)], sets_flags: false, raw: 2952796104, size: 4, state: Aarch64 })") registers=[1803c5138, 0, 18, 0, 0, 4, 20008, 1803cab20, 1803c0648, 1803c0648, 1803c0600, 1803c9ff8, 1803c9de0, 0, 0, 18018fad0, a8397b1dcdaf, abf470, 7ffdd000, 1803c50c0, 30, ffffffffffffffff, 1803cadc0, 2, 2545f4914f6cdd1d, 10100, 0, 7ffdf000, abe980, abfa20, 1800d1b38]
turn=11190 thread=8 PC=0x1800d1c34 SP=0xabe970 bytes=Ok([09, c1, 08, 91]) insn=Some("Ok(DecodedInsn { mnemonic: ADD, cond: None, operands: [Reg(Register { num: 9, is_64bit: true, is_sp: false, kind: Gpr }), Reg(Register { num: 8, is_64bit: true, is_sp: false, kind: Gpr }), Imm(Immediate { value: 560, shift: 0 })], sets_flags: false, raw: 2433270025, size: 4, state: Aarch64 })") registers=[1803c5138, 0, 18, 0, 0, 4, 20008, 1803cab20, 1803ca000, 1803c0648, 1803c0600, 1803c9ff8, 1803c9de0, 0, 0, 18018fad0, a8397b1dcdaf, abf470, 7ffdd000, 1803c50c0, 30, ffffffffffffffff, 1803cadc0, 2, 2545f4914f6cdd1d, 10100, 0, 7ffdf000, abe980, abfa20, 1800d1b38]
turn=11191 thread=8 PC=0x1800d1c38 SP=0xabe970 bytes=Ok([3f, 01, 00, 79]) insn=Some("Ok(DecodedInsn { mnemonic: STRH, cond: None, operands: [Reg(Register { num: 31, is_64bit: false, is_sp: false, kind: Gpr }), Mem(MemOperand { base: Register { num: 9, is_64bit: true, is_sp: false, kind: Gpr }, offset: Imm(0), mode: Offset })], sets_flags: false, raw: 2030043455, size: 4, state: Aarch64 })") registers=[1803c5138, 0, 18, 0, 0, 4, 20008, 1803cab20, 1803ca000, 1803ca230, 1803c0600, 1803c9ff8, 1803c9de0, 0, 0, 18018fad0, a8397b1dcdaf, abf470, 7ffdd000, 1803c50c0, 30, ffffffffffffffff, 1803cadc0, 2, 2545f4914f6cdd1d, 10100, 0, 7ffdf000, abe980, abfa20, 1800d1b38]
turn=11192 thread=8 PC=0x1800d1c3c SP=0xabe970 bytes=Ok([3f, 09, 00, 39]) insn=Some("Ok(DecodedInsn { mnemonic: STRB, cond: None, operands: [Reg(Register { num: 31, is_64bit: false, is_sp: false, kind: Gpr }), Mem(MemOperand { base: Register { num: 9, is_64bit: true, is_sp: false, kind: Gpr }, offset: Imm(2), mode: Offset })], sets_flags: false, raw: 956303679, size: 4, state: Aarch64 })") registers=[1803c5138, 0, 18, 0, 0, 4, 20008, 1803cab20, 1803ca000, 1803ca230, 1803c0600, 1803c9ff8, 1803c9de0, 0, 0, 18018fad0, a8397b1dcdaf, abf470, 7ffdd000, 1803c50c0, 30, ffffffffffffffff, 1803cadc0, 2, 2545f4914f6cdd1d, 10100, 0, 7ffdf000, abe980, abfa20, 1800d1b38]
turn=11193 thread=8 PC=0x1800d1c40 SP=0xabe970 bytes=Ok([71, 90, 80, d2]) insn=Some("Ok(DecodedInsn { mnemonic: MOVZ, cond: None, operands: [Reg(Register { num: 17, is_64bit: true, is_sp: false, kind: Gpr }), Imm(Immediate { value: 1155, shift: 0 })], sets_flags: false, raw: 3531640945, size: 4, state: Aarch64 })") registers=[1803c5138, 0, 18, 0, 0, 4, 20008, 1803cab20, 1803ca000, 1803ca230, 1803c0600, 1803c9ff8, 1803c9de0, 0, 0, 18018fad0, a8397b1dcdaf, abf470, 7ffdd000, 1803c50c0, 30, ffffffffffffffff, 1803cadc0, 2, 2545f4914f6cdd1d, 10100, 0, 7ffdf000, abe980, abfa20, 1800d1b38]
turn=11194 thread=8 PC=0x1800d1c44 SP=0xabe970 bytes=Ok([88, 6b, 71, f8]) insn=Some("Ok(DecodedInsn { mnemonic: LDR, cond: None, operands: [Reg(Register { num: 8, is_64bit: true, is_sp: false, kind: Gpr }), Mem(MemOperand { base: Register { num: 28, is_64bit: true, is_sp: false, kind: Gpr }, offset: ExtendedReg(ExtendedRegister { reg: Register { num: 17, is_64bit: true, is_sp: false, kind: Gpr }, extend_type: UXTX, shift: 0 }), mode: Offset })], sets_flags: false, raw: 4168182664, size: 4, state: Aarch64 })") registers=[1803c5138, 0, 18, 0, 0, 4, 20008, 1803cab20, 1803ca000, 1803ca230, 1803c0600, 1803c9ff8, 1803c9de0, 0, 0, 18018fad0, a8397b1dcdaf, 483, 7ffdd000, 1803c50c0, 30, ffffffffffffffff, 1803cadc0, 2, 2545f4914f6cdd1d, 10100, 0, 7ffdf000, abe980, abfa20, 1800d1b38]
turn=11195 thread=8 PC=0x1800d1c48 SP=0xabe970 bytes=Ok([28, 31, 00, f8]) insn=Some("Ok(DecodedInsn { mnemonic: STR, cond: None, operands: [Reg(Register { num: 8, is_64bit: true, is_sp: false, kind: Gpr }), Mem(MemOperand { base: Register { num: 9, is_64bit: true, is_sp: false, kind: Gpr }, offset: Imm(3), mode: Offset })], sets_flags: false, raw: 4160762152, size: 4, state: Aarch64 })") registers=[1803c5138, 0, 18, 0, 0, 4, 20008, 1803cab20, 0, 1803ca230, 1803c0600, 1803c9ff8, 1803c9de0, 0, 0, 18018fad0, a8397b1dcdaf, 483, 7ffdd000, 1803c50c0, 30, ffffffffffffffff, 1803cadc0, 2, 2545f4914f6cdd1d, 10100, 0, 7ffdf000, abe980, abfa20, 1800d1b38]
turn=11196 thread=8 PC=0x1800d1c4c SP=0xabe970 bytes=Ok([71, 91, 80, d2]) insn=Some("Ok(DecodedInsn { mnemonic: MOVZ, cond: None, operands: [Reg(Register { num: 17, is_64bit: true, is_sp: false, kind: Gpr }), Imm(Immediate { value: 1163, shift: 0 })], sets_flags: false, raw: 3531641201, size: 4, state: Aarch64 })") registers=[1803c5138, 0, 18, 0, 0, 4, 20008, 1803cab20, 0, 1803ca230, 1803c0600, 1803c9ff8, 1803c9de0, 0, 0, 18018fad0, a8397b1dcdaf, 483, 7ffdd000, 1803c50c0, 30, ffffffffffffffff, 1803cadc0, 2, 2545f4914f6cdd1d, 10100, 0, 7ffdf000, abe980, abfa20, 1800d1b38]
turn=11197 thread=8 PC=0x1800d1c50 SP=0xabe970 bytes=Ok([88, 6b, 71, b8]) insn=Some("Ok(DecodedInsn { mnemonic: LDR, cond: None, operands: [Reg(Register { num: 8, is_64bit: false, is_sp: false, kind: Gpr }), Mem(MemOperand { base: Register { num: 28, is_64bit: true, is_sp: false, kind: Gpr }, offset: ExtendedReg(ExtendedRegister { reg: Register { num: 17, is_64bit: true, is_sp: false, kind: Gpr }, extend_type: UXTX, shift: 0 }), mode: Offset })], sets_flags: false, raw: 3094440840, size: 4, state: Aarch64 })") registers=[1803c5138, 0, 18, 0, 0, 4, 20008, 1803cab20, 0, 1803ca230, 1803c0600, 1803c9ff8, 1803c9de0, 0, 0, 18018fad0, a8397b1dcdaf, 48b, 7ffdd000, 1803c50c0, 30, ffffffffffffffff, 1803cadc0, 2, 2545f4914f6cdd1d, 10100, 0, 7ffdf000, abe980, abfa20, 1800d1b38]
turn=11198 thread=8 PC=0x1800d1c54 SP=0xabe970 bytes=Ok([28, b1, 00, b8]) insn=Some("Ok(DecodedInsn { mnemonic: STR, cond: None, operands: [Reg(Register { num: 8, is_64bit: false, is_sp: false, kind: Gpr }), Mem(MemOperand { base: Register { num: 9, is_64bit: true, is_sp: false, kind: Gpr }, offset: Imm(11), mode: Offset })], sets_flags: false, raw: 3087053096, size: 4, state: Aarch64 })") registers=[1803c5138, 0, 18, 0, 0, 4, 20008, 1803cab20, 0, 1803ca230, 1803c0600, 1803c9ff8, 1803c9de0, 0, 0, 18018fad0, a8397b1dcdaf, 48b, 7ffdd000, 1803c50c0, 30, ffffffffffffffff, 1803cadc0, 2, 2545f4914f6cdd1d, 10100, 0, 7ffdf000, abe980, abfa20, 1800d1b38]
turn=11199 thread=8 PC=0x1800d1c58 SP=0xabe970 bytes=Ok([e8, 2c, 1f, 0e]) insn=Some("Ok(DecodedInsn { mnemonic: VMOV, cond: None, operands: [FpReg(FpRegister { num: 8, size: D }), FpReg(FpRegister { num: 7, size: B })], sets_flags: false, raw: 236924136, size: 4, state: Aarch64 })") registers=[1803c5138, 0, 18, 0, 0, 4, 20008, 1803cab20, 0, 1803ca230, 1803c0600, 1803c9ff8, 1803c9de0, 0, 0, 18018fad0, a8397b1dcdaf, 48b, 7ffdd000, 1803c50c0, 30, ffffffffffffffff, 1803cadc0, 2, 2545f4914f6cdd1d, 10100, 0, 7ffdf000, abe980, abfa20, 1800d1b38]
turn=11200 thread=8 PC=0x1800d1c5c SP=0xabe970 bytes=Ok([28, 3d, 00, 39]) insn=Some("Ok(DecodedInsn { mnemonic: STRB, cond: None, operands: [Reg(Register { num: 8, is_64bit: false, is_sp: false, kind: Gpr }), Mem(MemOperand { base: Register { num: 9, is_64bit: true, is_sp: false, kind: Gpr }, offset: Imm(15), mode: Offset })], sets_flags: false, raw: 956316968, size: 4, state: Aarch64 })") registers=[1803c5138, 0, 18, 0, 0, 4, 20008, 1803cab20, 0, 1803ca230, 1803c0600, 1803c9ff8, 1803c9de0, 0, 0, 18018fad0, a8397b1dcdaf, 48b, 7ffdd000, 1803c50c0, 30, ffffffffffffffff, 1803cadc0, 2, 2545f4914f6cdd1d, 10100, 0, 7ffdf000, abe980, abfa20, 1800d1b38]
turn=11201 thread=8 PC=0x1800d1c60 SP=0xabe970 bytes=Ok([03, 00, 80, d2]) insn=Some("Ok(DecodedInsn { mnemonic: MOVZ, cond: None, operands: [Reg(Register { num: 3, is_64bit: true, is_sp: false, kind: Gpr }), Imm(Immediate { value: 0, shift: 0 })], sets_flags: false, raw: 3531603971, size: 4, state: Aarch64 })") registers=[1803c5138, 0, 18, 0, 0, 4, 20008, 1803cab20, 0, 1803ca230, 1803c0600, 1803c9ff8, 1803c9de0, 0, 0, 18018fad0, a8397b1dcdaf, 48b, 7ffdd000, 1803c50c0, 30, ffffffffffffffff, 1803cadc0, 2, 2545f4914f6cdd1d, 10100, 0, 7ffdf000, abe980, abfa20, 1800d1b38]
turn=11202 thread=8 PC=0x1800d1c64 SP=0xabe970 bytes=Ok([02, 08, 80, 52]) insn=Some("Ok(DecodedInsn { mnemonic: MOVZ, cond: None, operands: [Reg(Register { num: 2, is_64bit: false, is_sp: false, kind: Gpr }), Imm(Immediate { value: 64, shift: 0 })], sets_flags: false, raw: 1384122370, size: 4, state: Aarch64 })") registers=[1803c5138, 0, 18, 0, 0, 4, 20008, 1803cab20, 0, 1803ca230, 1803c0600, 1803c9ff8, 1803c9de0, 0, 0, 18018fad0, a8397b1dcdaf, 48b, 7ffdd000, 1803c50c0, 30, ffffffffffffffff, 1803cadc0, 2, 2545f4914f6cdd1d, 10100, 0, 7ffdf000, abe980, abfa20, 1800d1b38]
turn=11203 thread=8 PC=0x1800d1c68 SP=0xabe970 bytes=Ok([81, 43, 2b, 91]) insn=Some("Ok(DecodedInsn { mnemonic: ADD, cond: None, operands: [Reg(Register { num: 1, is_64bit: true, is_sp: false, kind: Gpr }), Reg(Register { num: 28, is_64bit: true, is_sp: false, kind: Gpr }), Imm(Immediate { value: 2768, shift: 0 })], sets_flags: false, raw: 2435531649, size: 4, state: Aarch64 })") registers=[1803c5138, 0, 40, 0, 0, 4, 20008, 1803cab20, 0, 1803ca230, 1803c0600, 1803c9ff8, 1803c9de0, 0, 0, 18018fad0, a8397b1dcdaf, 48b, 7ffdd000, 1803c50c0, 30, ffffffffffffffff, 1803cadc0, 2, 2545f4914f6cdd1d, 10100, 0, 7ffdf000, abe980, abfa20, 1800d1b38]
turn=11204 thread=8 PC=0x1800d1c6c SP=0xabe970 bytes=Ok([c0, 07, 80, 52]) insn=Some("Ok(DecodedInsn { mnemonic: MOVZ, cond: None, operands: [Reg(Register { num: 0, is_64bit: false, is_sp: false, kind: Gpr }), Imm(Immediate { value: 62, shift: 0 })], sets_flags: false, raw: 1384122304, size: 4, state: Aarch64 })") registers=[1803c5138, abf450, 40, 0, 0, 4, 20008, 1803cab20, 0, 1803ca230, 1803c0600, 1803c9ff8, 1803c9de0, 0, 0, 18018fad0, a8397b1dcdaf, 48b, 7ffdd000, 1803c50c0, 30, ffffffffffffffff, 1803cadc0, 2, 2545f4914f6cdd1d, 10100, 0, 7ffdf000, abe980, abfa20, 1800d1b38]
turn=11205 thread=8 PC=0x1800d1c70 SP=0xabe970 bytes=Ok([cc, bd, fc, 97]) insn=Some("Ok(DecodedInsn { mnemonic: BL, cond: None, operands: [Label(-854224)], sets_flags: false, raw: 2549923276, size: 4, state: Aarch64 })") registers=[3e, abf450, 40, 0, 0, 4, 20008, 1803cab20, 0, 1803ca230, 1803c0600, 1803c9ff8, 1803c9de0, 0, 0, 18018fad0, a8397b1dcdaf, 48b, 7ffdd000, 1803c50c0, 30, ffffffffffffffff, 1803cadc0, 2, 2545f4914f6cdd1d, 10100, 0, 7ffdf000, abe980, abfa20, 1800d1b38]
turn=11206 thread=8 PC=0x1800013a0 SP=0xabe970 bytes=Ok([c1, 06, 00, d4]) insn=Some("Ok(DecodedInsn { mnemonic: SVC, cond: None, operands: [Imm(Immediate { value: 54, shift: 0 })], sets_flags: false, raw: 3556771521, size: 4, state: Aarch64 })") registers=[3e, abf450, 40, 0, 0, 4, 20008, 1803cab20, 0, 1803ca230, 1803c0600, 1803c9ff8, 1803c9de0, 0, 0, 18018fad0, a8397b1dcdaf, 48b, 7ffdd000, 1803c50c0, 30, ffffffffffffffff, 1803cadc0, 2, 2545f4914f6cdd1d, 10100, 0, 7ffdf000, abe980, abfa20, 1800d1c74]
terminal turn=11206 Complete(Internal("native NTDLL service NtQuerySystemInformation: Unimplemented(\"NtQuerySystemInformation: NtQuerySystemInformation class 62\")"))
