program C:\Windows\Temp\assist-native-rax-20261010\src\tests\fixtures\user\windows\bin\arm64\smoke.exe
arch=arm64 PEB=0x7ffdf000 ProcessHeap=Ok(65536) heaps=Heaps { heaps: {65536: Heap { flags: 0, align: 16, max: 0, segments: [(65536, 1048576)], free: {69216: 1044896}, by_size: {(1044896, 69216)}, used: {68304: (80, 66), 67056: (480, 470), 68016: (288, 288), 67984: (32, 20), 66896: (16, 8), 67920: (64, 60), 68784: (32, 30), 68416: (288, 288), 68704: (80, 70), 67632: (288, 288), 69104: (48, 34), 69184: (16, 8), 67008: (48, 40), 66960: (48, 34), 69152: (32, 20), 66912: (48, 34), 67536: (96, 88), 68384: (32, 26), 69200: (16, 12), 68816: (288, 288), 65792: (1104, 1096)} }}, align: 16 }
module probe.exe base=0x140000000 size=0x3000 entry=0x140001048
module ntdll.dll base=0x180000000 size=0x473000 entry=0x0
module kernel32.dll base=0x150000 size=0x171000 entry=0x157460
module KernelBase.dll base=0x2d0000 size=0x6e6000 entry=0x2dbf90
native LdrInitializeThunk target=0x1800ef6e0 context=0xabfbc0
kernel-before turn=36 service=0x36 PC=0x1800013a0 registers=[fa, 1803ca4c0, 10, abfb30, 0, 0]
kernel-after turn=36 service=0x36 PC=0x1800013a4 X0=0x0
kernel-before turn=141 service=0x48 PC=0x1800014c0 registers=[1803c9350, 1f0003, 0, 0, 0, 0]
kernel-after turn=141 service=0x48 PC=0x1800014c4 X0=0x0
kernel-before turn=160 service=0x119 PC=0x1800021d0 registers=[9, abfaf8, 8, abfaf0, 0, 0]
hotpatch-before info=0xabfaf8 bytes=Ok([01, 00, 00, 00, 00, 00, 00, 00]) returned=0xabfaf0 bytes=Ok([00, 00, 00, 00])
kernel-after turn=160 service=0x119 PC=0x1800021d4 X0=0xc00000bb
hotpatch-after info=0xabfaf8 bytes=Ok([01, 00, 00, 00, 00, 00, 00, 00]) returned=0xabfaf0 bytes=Ok([00, 00, 00, 00])
kernel-before turn=210 service=0xe PC=0x1800010e0 registers=[10, 0, 1488, abfaf0, 0, 0]
kernel-after turn=210 service=0xe PC=0x1800010e4 X0=0x0
kernel-before turn=252 service=0x48 PC=0x1800014c0 registers=[1803c93a0, 1f0003, 0, 0, 0, 0]
kernel-after turn=252 service=0x48 PC=0x1800014c4 X0=0x0
kernel-before turn=298 service=0x36 PC=0x1800013a0 registers=[0, abfa20, 40, 0, 0, 0]
kernel-after turn=298 service=0x36 PC=0x1800013a4 X0=0x0
kernel-before turn=418 service=0x19 PC=0x1800011a0 registers=[ffffffffffffffff, 24, abe9f0, 4, 0, 0]
kernel-after turn=418 service=0x19 PC=0x1800011a4 X0=0x0
kernel-before turn=709 service=0x12 PC=0x180001130 registers=[abe868, 80000000, abe8a0, abe8e0, 0, 18034f740]
NtOpenKey attributes=0xabe8a0 bytes=Ok([30, 00, 00, 00, 00, 00, 00, 00, 00, 00, 00, 00, 00, 00, 00, 00, 90, e8, ab, 00, 00, 00, 00, 00, 40, 02, 00, 00, 00, 00, 00, 00, 00, 00, 00, 00, 00, 00, 00, 00, 00, 00, 00, 00, 00, 00, 00, 00])
NtOpenKey name struct=0xabe890 length=126 buffer=0x18034f6d0 bytes=Ok([5c, 00, 52, 00, 65, 00, 67, 00, 69, 00, 73, 00, 74, 00, 72, 00, 79, 00, 5c, 00, 4d, 00, 61, 00, 63, 00, 68, 00, 69, 00, 6e, 00, 65, 00, 5c, 00, 53, 00, 79, 00, 73, 00, 74, 00, 65, 00, 6d, 00, 5c, 00, 43, 00, 75, 00, 72, 00, 72, 00, 65, 00, 6e, 00, 74, 00, 43, 00, 6f, 00, 6e, 00, 74, 00, 72, 00, 6f, 00, 6c, 00, 53, 00, 65, 00, 74, 00, 5c, 00, 43, 00, 6f, 00, 6e, 00, 74, 00, 72, 00, 6f, 00, 6c, 00, 5c, 00, 4e, 00, 6c, 00, 73, 00, 5c, 00, 43, 00, 6f, 00, 64, 00, 65, 00, 50, 00, 61, 00, 67, 00, 65, 00])
kernel-after turn=709 service=0x12 PC=0x180001134 X0=0x0
NtOpenKey output handle bytes=Ok([18, 00, 00, 00, 00, 00, 00, 00])
kernel-before turn=749 service=0x17 PC=0x180001180 registers=[18, abe870, 2, abe8d0, 24, abe860]
NtQueryValueKey name length=6 bytes=Ok([41, 00, 43, 00, 50, 00])
kernel-after turn=749 service=0x17 PC=0x180001184 X0=0x0
NtQueryValueKey output=Ok([00, 00, 00, 00, 01, 00, 00, 00, 0a, 00, 00, 00, 31, 00, 32, 00, 35, 00, 32, 00, 00, 00, 00, 00, 00, 00, 00, 00, 00, 00, 00, 00, 00, 00, 00, 00]) ResultLength=Ok([16, 00, 00, 00])
kernel-before turn=928 service=0x17 PC=0x180001180 registers=[18, abe870, 2, abe8d0, 24, abe860]
NtQueryValueKey name length=10 bytes=Ok([4f, 00, 45, 00, 4d, 00, 43, 00, 50, 00])
kernel-after turn=928 service=0x17 PC=0x180001184 X0=0x0
NtQueryValueKey output=Ok([00, 00, 00, 00, 01, 00, 00, 00, 08, 00, 00, 00, 34, 00, 33, 00, 37, 00, 00, 00, 00, 00, 00, 00, 00, 00, 00, 00, 00, 00, 00, 00, 00, 00, 00, 00]) ResultLength=Ok([14, 00, 00, 00])
kernel-before turn=1056 service=0xf PC=0x1800010f0 registers=[18, a, abe954, abe8d0, 24, abe8dc]
kernel-after turn=1056 service=0xf PC=0x1800010f4 X0=0x0
kernel-before turn=1101 service=0x101 PC=0x180002050 registers=[b, 4e4, 0, 1803bdd00, 0, abe8dc]
kernel-after turn=1101 service=0x101 PC=0x180002054 X0=0x0
NtGetNlsSectionPtr output=Ok(ac0000) size-pointer=0x0 size=Ok([]) view=Some(RegionInfo { base: 11272192, allocation_base: 11272192, allocation_protect: 2, size: 69632, state: 4096, protect: 2, kind: 262144 }) prefix=Some([0d, 00, e4, 04, 01, 00, 3f, 00, 3f, 00, 3f, 00, 3f, 00, 00, 00, 00, 00, 00, 00, 00, 00, 00, 00, 00, 00, 03, 01, 00, 00, 01, 00])
kernel-before turn=1112 service=0x101 PC=0x180002050 registers=[b, 1b5, 0, 1803bdd08, 0, abe8dc]
kernel-after turn=1112 service=0x101 PC=0x180002054 X0=0x0
NtGetNlsSectionPtr output=Ok(ae0000) size-pointer=0x0 size=Ok([]) view=Some(RegionInfo { base: 11403264, allocation_base: 11403264, allocation_protect: 2, size: 69632, state: 4096, protect: 2, kind: 262144 }) prefix=Some([0d, 00, b5, 01, 01, 00, 3f, 00, 3f, 00, 3f, 00, 3f, 00, 00, 00, 00, 00, 00, 00, 00, 00, 00, 00, 00, 00, 03, 02, 00, 00, 01, 00])
kernel-before turn=2412 service=0x23 PC=0x180001240 registers=[ffffffffffffffff, 180000000, 6, abe930, 18, 0]
kernel-after turn=2412 service=0x23 PC=0x180001244 X0=0x0
NtQueryVirtualMemory address=0x180000000 output=0xabe930 supplied-bytes=24 record=Ok([00, 00, 00, 80, 01, 00, 00, 00, 00, 30, 47, 00, 00, 00, 00, 00, 00, 00, 00, 00, 00, 00, 00, 00]) length-pointer=0x0 length-bytes=Ok([])
kernel-before turn=2778 service=0x23 PC=0x180001240 registers=[ffffffffffffffff, 0, 4, abf530, 50, 0]
kernel-after turn=2778 service=0x23 PC=0x180001244 X0=0x0
NtQueryVirtualMemory address=0x0 output=0xabf530 supplied-bytes=80 record=Ok([70, 13, 00, 80, 01, 00, 00, 00, 01, 02, 00, 05, 00, 00, 00, 00, e0, 14, 00, 80, 01, 00, 00, 00, 01, 02, 00, 05, 00, 00, 00, 00, 10, 14, 00, 80, 01, 00, 00, 00, 01, 02, 00, 05, 00, 00, 00, 00, b0, 13, 00, 80, 01, 00, 00, 00, 01, 02, 00, 05, 00, 00, 00, 00, a0, 12, 00, 80, 01, 00, 00, 00, 01, 02, 00, 05, 00, 00, 00, 00]) length-pointer=0x0 length-bytes=Ok([])
kernel-before turn=3128 service=0x50 PC=0x180001540 registers=[ffffffffffffffff, abe8f0, abe8e8, 2, abe8e0, 0]
kernel-after turn=3128 service=0x50 PC=0x180001544 X0=0x0
kernel-before turn=3237 service=0x12 PC=0x180001130 registers=[abe638, 1, 180360e70, abea18, abe9c8, abe990]
NtOpenKey attributes=0x180360e70 bytes=Ok([30, 00, 00, 00, 00, 00, 00, 00, 00, 00, 00, 00, 00, 00, 00, 00, 78, 0d, 36, 80, 01, 00, 00, 00, 40, 00, 00, 00, 00, 00, 00, 00, 00, 00, 00, 00, 00, 00, 00, 00, 00, 00, 00, 00, 00, 00, 00, 00])
NtOpenKey name struct=0x180360d78 length=132 buffer=0x18035f100 bytes=Ok([5c, 00, 52, 00, 65, 00, 67, 00, 69, 00, 73, 00, 74, 00, 72, 00, 79, 00, 5c, 00, 4d, 00, 41, 00, 43, 00, 48, 00, 49, 00, 4e, 00, 45, 00, 5c, 00, 53, 00, 79, 00, 73, 00, 74, 00, 65, 00, 6d, 00, 5c, 00, 43, 00, 75, 00, 72, 00, 72, 00, 65, 00, 6e, 00, 74, 00, 43, 00, 6f, 00, 6e, 00, 74, 00, 72, 00, 6f, 00, 6c, 00, 53, 00, 65, 00, 74, 00, 5c, 00, 43, 00, 6f, 00, 6e, 00, 74, 00, 72, 00, 6f, 00, 6c, 00, 5c, 00, 53, 00, 65, 00, 73, 00, 73, 00, 69, 00, 6f, 00, 6e, 00, 20, 00, 4d, 00, 61, 00, 6e, 00, 61, 00, 67, 00, 65, 00, 72, 00])
kernel-after turn=3237 service=0x12 PC=0x180001134 X0=0x0
NtOpenKey output handle bytes=Ok([18, 00, 00, 00, 00, 00, 00, 00])
kernel-before turn=3248 service=0x17 PC=0x180001180 registers=[18, 180360db8, 2, abe640, 50, abe630]
NtQueryValueKey name length=64 bytes=Ok([52, 00, 61, 00, 69, 00, 73, 00, 65, 00, 45, 00, 78, 00, 63, 00, 65, 00, 70, 00, 74, 00, 69, 00, 6f, 00, 6e, 00, 4f, 00, 6e, 00, 50, 00, 6f, 00, 73, 00, 73, 00, 69, 00, 62, 00, 6c, 00, 65, 00, 44, 00, 65, 00, 61, 00, 64, 00, 6c, 00, 6f, 00, 63, 00, 6b, 00])
kernel-after turn=3248 service=0x17 PC=0x180001184 X0=0xc0000034
NtQueryValueKey output=Ok([00, 00, 00, 00, 00, 00, 00, 00, 00, 00, 00, 00, 00, 00, 00, 00, 00, 00, 00, 00, 00, 00, 00, 00, 00, 00, 00, 00, 00, 00, 00, 00, 00, 00, 00, 00]) ResultLength=Ok([00, 00, 00, 00])
kernel-before turn=3253 service=0xf PC=0x1800010f0 registers=[18, 180360db8, 2, abe640, 50, abe630]
kernel-after turn=3253 service=0xf PC=0x1800010f4 X0=0x0
kernel-before turn=3405 service=0x12 PC=0x180001130 registers=[abe580, 9, abe588, abe6e8, 50, abe630]
NtOpenKey attributes=0xabe588 bytes=Ok([30, 00, 00, 00, 00, 00, 00, 00, 00, 00, 00, 00, 00, 00, 00, 00, 10, d0, 34, 80, 01, 00, 00, 00, 40, 02, 00, 00, 00, 00, 00, 00, 00, 00, 00, 00, 00, 00, 00, 00, 00, 00, 00, 00, 00, 00, 00, 00])
NtOpenKey name struct=0x18034d010 length=182 buffer=0x18034ce30 bytes=Ok([5c, 00, 52, 00, 65, 00, 67, 00, 69, 00, 73, 00, 74, 00, 72, 00, 79, 00, 5c, 00, 4d, 00, 61, 00, 63, 00, 68, 00, 69, 00, 6e, 00, 65, 00, 5c, 00, 53, 00, 6f, 00, 66, 00, 74, 00, 77, 00, 61, 00, 72, 00, 65, 00, 5c, 00, 4d, 00, 69, 00, 63, 00, 72, 00, 6f, 00, 73, 00, 6f, 00, 66, 00, 74, 00, 5c, 00, 57, 00, 69, 00, 6e, 00, 64, 00, 6f, 00, 77, 00, 73, 00, 20, 00, 4e, 00, 54, 00, 5c, 00, 43, 00, 75, 00, 72, 00, 72, 00, 65, 00, 6e, 00, 74, 00, 56, 00, 65, 00, 72, 00, 73, 00, 69, 00, 6f, 00, 6e, 00, 5c, 00, 49, 00, 6d, 00, 61, 00, 67, 00, 65, 00, 20, 00, 46, 00, 69, 00, 6c, 00, 65, 00, 20, 00, 45, 00, 78, 00, 65, 00, 63, 00, 75, 00, 74, 00, 69, 00, 6f, 00, 6e, 00, 20, 00, 4f, 00, 70, 00, 74, 00, 69, 00, 6f, 00, 6e, 00, 73, 00])
kernel-after turn=3405 service=0x12 PC=0x180001134 X0=0x0
NtOpenKey output handle bytes=Ok([18, 00, 00, 00, 00, 00, 00, 00])
kernel-before turn=3438 service=0x12 PC=0x180001130 registers=[abe608, 9, abe650, abe6e8, 50, abe630]
NtOpenKey attributes=0xabe650 bytes=Ok([30, 00, 00, 00, 00, 00, 00, 00, 18, 00, 00, 00, 00, 00, 00, 00, 40, e6, ab, 00, 00, 00, 00, 00, 40, 02, 00, 00, 00, 00, 00, 00, 00, 00, 00, 00, 00, 00, 00, 00, 00, 00, 00, 00, 00, 00, 00, 00])
NtOpenKey name struct=0xabe640 length=18 buffer=0x1056e bytes=Ok([70, 00, 72, 00, 6f, 00, 62, 00, 65, 00, 2e, 00, 65, 00, 78, 00, 65, 00])
kernel-after turn=3438 service=0x12 PC=0x180001134 X0=0xc0000034
NtOpenKey output handle bytes=Ok([00, 00, 00, 00, 00, 00, 00, 00])
kernel-before turn=4462 service=0x12 PC=0x180001130 registers=[abe618, 1, abe620, 0, 0, abe630]
NtOpenKey attributes=0xabe620 bytes=Ok([30, 00, 00, 00, 00, 00, 00, 00, 00, 00, 00, 00, 00, 00, 00, 00, 40, cb, 34, 80, 01, 00, 00, 00, 40, 00, 00, 00, 00, 00, 00, 00, 00, 00, 00, 00, 00, 00, 00, 00, 00, 00, 00, 00, 00, 00, 00, 00])
NtOpenKey name struct=0x18034cb40 length=158 buffer=0x18034c5d0 bytes=Ok([5c, 00, 52, 00, 65, 00, 67, 00, 69, 00, 73, 00, 74, 00, 72, 00, 79, 00, 5c, 00, 4d, 00, 61, 00, 63, 00, 68, 00, 69, 00, 6e, 00, 65, 00, 5c, 00, 53, 00, 59, 00, 53, 00, 54, 00, 45, 00, 4d, 00, 5c, 00, 43, 00, 75, 00, 72, 00, 72, 00, 65, 00, 6e, 00, 74, 00, 43, 00, 6f, 00, 6e, 00, 74, 00, 72, 00, 6f, 00, 6c, 00, 53, 00, 65, 00, 74, 00, 5c, 00, 43, 00, 6f, 00, 6e, 00, 74, 00, 72, 00, 6f, 00, 6c, 00, 5c, 00, 53, 00, 65, 00, 73, 00, 73, 00, 69, 00, 6f, 00, 6e, 00, 20, 00, 4d, 00, 61, 00, 6e, 00, 61, 00, 67, 00, 65, 00, 72, 00, 5c, 00, 53, 00, 65, 00, 67, 00, 6d, 00, 65, 00, 6e, 00, 74, 00, 20, 00, 48, 00, 65, 00, 61, 00, 70, 00])
kernel-after turn=4462 service=0x12 PC=0x180001134 X0=0xc0000034
NtOpenKey output handle bytes=Ok([00, 00, 00, 00, 00, 00, 00, 00])
kernel-before turn=5219 service=0x19 PC=0x1800011a0 registers=[ffffffffffffffff, 24, abe920, 4, 0, 4]
kernel-after turn=5219 service=0x19 PC=0x1800011a4 X0=0x0
kernel-before turn=6770 service=0x12 PC=0x180001130 registers=[abe8b8, 9, abe900, abea68, 0, 4]
NtOpenKey attributes=0xabe900 bytes=Ok([30, 00, 00, 00, 00, 00, 00, 00, 18, 00, 00, 00, 00, 00, 00, 00, f0, e8, ab, 00, 00, 00, 00, 00, 40, 02, 00, 00, 00, 00, 00, 00, 00, 00, 00, 00, 00, 00, 00, 00, 00, 00, 00, 00, 00, 00, 00, 00])
NtOpenKey name struct=0xabe8f0 length=18 buffer=0x1056e bytes=Ok([70, 00, 72, 00, 6f, 00, 62, 00, 65, 00, 2e, 00, 65, 00, 78, 00, 65, 00])
kernel-after turn=6770 service=0x12 PC=0x180001134 X0=0xc0000034
NtOpenKey output handle bytes=Ok([00, 00, 00, 00, 00, 00, 00, 00])
kernel-before turn=6803 service=0x19 PC=0x1800011a0 registers=[ffffffffffffffff, 24, abe960, 4, 0, 4]
kernel-after turn=6803 service=0x19 PC=0x1800011a4 X0=0x0
kernel-before turn=7030 service=0x36 PC=0x1800013a0 registers=[0, abf490, 40, 0, 0, 4]
kernel-after turn=7030 service=0x36 PC=0x1800013a4 X0=0x0
kernel-before turn=11206 service=0x36 PC=0x1800013a0 registers=[3e, abf450, 40, 0, 0, 4]
kernel-after turn=11206 service=0x36 PC=0x1800013a4 X0=0x0
kernel-before turn=11315 service=0x78 PC=0x1800017c0 registers=[ffffffffffffffff, 1803c50d8, abe950, 102000, 4, abe8e0]
NtAllocateVirtualMemoryEx base-pointer=0x1803c50d8 raw=Ok([00, 00, 00, 00, 00, 00, 00, 00]) size-pointer=0xabe950 raw=Ok([00, 10, 00, 02, 00, 00, 00, 00]) extended=0xabe8e0 count=1 raw=Ok([01, 00, 00, 00, 00, 00, 00, 00, c0, e8, ab, 00, 00, 00, 00, 00])
address-requirements pointer=0xabe8c0 raw=Ok([00, 00, 00, 00, 00, 00, 00, 00, 00, 00, 00, 00, 00, 00, 00, 00, 00, 00, 00, 00, 00, 00, 00, 00])
kernel-after turn=11315 service=0x78 PC=0x1800017c4 X0=0x0
kernel-before turn=11397 service=0x78 PC=0x1800017c0 registers=[ffffffffffffffff, 1803c50d0, abe958, 1000, 4, 0]
NtAllocateVirtualMemoryEx base-pointer=0x1803c50d0 raw=Ok([00, 00, fe, ff, ff, 7f, 00, 00]) size-pointer=0xabe958 raw=Ok([00, 10, 00, 00, 00, 00, 00, 00]) extended=0x0 count=0 raw=Err(MemFault { addr: 00, write: false })
kernel-after turn=11397 service=0x78 PC=0x1800017c4 X0=0x0
kernel-before turn=11542 service=0x78 PC=0x1800017c0 registers=[ffffffffffffffff, 1803c5140, abe950, 102000, 4, abe8e0]
NtAllocateVirtualMemoryEx base-pointer=0x1803c5140 raw=Ok([00, 00, 00, 00, 00, 00, 00, 00]) size-pointer=0xabe950 raw=Ok([00, 00, 02, 00, 01, 00, 00, 00]) extended=0xabe8e0 count=1 raw=Ok([01, 00, 00, 00, 00, 00, 00, 00, c0, e8, ab, 00, 00, 00, 00, 00])
address-requirements pointer=0xabe8c0 raw=Ok([00, 00, 00, 00, 00, 00, 00, 00, 00, 00, 00, 00, 00, 00, 00, 00, 00, 00, 00, 00, 00, 00, 00, 00])
kernel-after turn=11542 service=0x78 PC=0x1800017c4 X0=0x0
kernel-before turn=13286 service=0x16e PC=0x180002720 registers=[6b, abd890, 4, abd898, c50, 0]
NtQuerySystemInformationEx class=0x6b input=0xabd890 input-bytes=4 raw=Ok([04, 00, 00, 00]) output=0xabd898 output-bytes=3152 returned=0x0
kernel-after turn=13286 service=0x16e PC=0x180002724 X0=0x6b
turn=13255 thread=8 PC=0x18017ac44 SP=0xabd890 bytes=Ok([40, 21, 9f, 4c]) insn=Some("Ok(DecodedInsn { mnemonic: VST1, cond: None, operands: [FpReg(FpRegister { num: 0, size: Q }), Mem(MemOperand { base: Register { num: 10, is_64bit: true, is_sp: false, kind: Gpr }, offset: None, mode: Offset })], sets_flags: false, raw: 1285497152, size: 4, state: Aarch64 })") registers=[abd898, 0, c48, 0, 1803c5988, 6, 0, 0, 8, 3, abe3e0, 0, 0, 0, 0, 2, a8397b1dcdaf, ffff57c6858e1731, 7ffdd000, 0, 1803c89d0, 0, 0, 1000, 100000, 102, abe880, 0, 400000, abe4f0, 18008e2f4]
turn=13256 thread=8 PC=0x18017ac48 SP=0xabd890 bytes=Ok([cc, ff, ff, 54]) insn=Some("Ok(DecodedInsn { mnemonic: BCC, cond: Some(GT), operands: [Label(-8)], sets_flags: false, raw: 1426063308, size: 4, state: Aarch64 })") registers=[abd898, 0, c48, 0, 1803c5988, 6, 0, 0, 8, 3, abe420, 0, 0, 0, 0, 2, a8397b1dcdaf, ffff57c6858e1731, 7ffdd000, 0, 1803c89d0, 0, 0, 1000, 100000, 102, abe880, 0, 400000, abe4f0, 18008e2f4]
turn=13257 thread=8 PC=0x18017ac40 SP=0xabd890 bytes=Ok([29, 05, 00, f1]) insn=Some("Ok(DecodedInsn { mnemonic: SUBS, cond: None, operands: [Reg(Register { num: 9, is_64bit: true, is_sp: false, kind: Gpr }), Reg(Register { num: 9, is_64bit: true, is_sp: false, kind: Gpr }), Imm(Immediate { value: 1, shift: 0 })], sets_flags: true, raw: 4043310377, size: 4, state: Aarch64 })") registers=[abd898, 0, c48, 0, 1803c5988, 6, 0, 0, 8, 3, abe420, 0, 0, 0, 0, 2, a8397b1dcdaf, ffff57c6858e1731, 7ffdd000, 0, 1803c89d0, 0, 0, 1000, 100000, 102, abe880, 0, 400000, abe4f0, 18008e2f4]
turn=13258 thread=8 PC=0x18017ac44 SP=0xabd890 bytes=Ok([40, 21, 9f, 4c]) insn=Some("Ok(DecodedInsn { mnemonic: VST1, cond: None, operands: [FpReg(FpRegister { num: 0, size: Q }), Mem(MemOperand { base: Register { num: 10, is_64bit: true, is_sp: false, kind: Gpr }, offset: None, mode: Offset })], sets_flags: false, raw: 1285497152, size: 4, state: Aarch64 })") registers=[abd898, 0, c48, 0, 1803c5988, 6, 0, 0, 8, 2, abe420, 0, 0, 0, 0, 2, a8397b1dcdaf, ffff57c6858e1731, 7ffdd000, 0, 1803c89d0, 0, 0, 1000, 100000, 102, abe880, 0, 400000, abe4f0, 18008e2f4]
turn=13259 thread=8 PC=0x18017ac48 SP=0xabd890 bytes=Ok([cc, ff, ff, 54]) insn=Some("Ok(DecodedInsn { mnemonic: BCC, cond: Some(GT), operands: [Label(-8)], sets_flags: false, raw: 1426063308, size: 4, state: Aarch64 })") registers=[abd898, 0, c48, 0, 1803c5988, 6, 0, 0, 8, 2, abe460, 0, 0, 0, 0, 2, a8397b1dcdaf, ffff57c6858e1731, 7ffdd000, 0, 1803c89d0, 0, 0, 1000, 100000, 102, abe880, 0, 400000, abe4f0, 18008e2f4]
turn=13260 thread=8 PC=0x18017ac40 SP=0xabd890 bytes=Ok([29, 05, 00, f1]) insn=Some("Ok(DecodedInsn { mnemonic: SUBS, cond: None, operands: [Reg(Register { num: 9, is_64bit: true, is_sp: false, kind: Gpr }), Reg(Register { num: 9, is_64bit: true, is_sp: false, kind: Gpr }), Imm(Immediate { value: 1, shift: 0 })], sets_flags: true, raw: 4043310377, size: 4, state: Aarch64 })") registers=[abd898, 0, c48, 0, 1803c5988, 6, 0, 0, 8, 2, abe460, 0, 0, 0, 0, 2, a8397b1dcdaf, ffff57c6858e1731, 7ffdd000, 0, 1803c89d0, 0, 0, 1000, 100000, 102, abe880, 0, 400000, abe4f0, 18008e2f4]
turn=13261 thread=8 PC=0x18017ac44 SP=0xabd890 bytes=Ok([40, 21, 9f, 4c]) insn=Some("Ok(DecodedInsn { mnemonic: VST1, cond: None, operands: [FpReg(FpRegister { num: 0, size: Q }), Mem(MemOperand { base: Register { num: 10, is_64bit: true, is_sp: false, kind: Gpr }, offset: None, mode: Offset })], sets_flags: false, raw: 1285497152, size: 4, state: Aarch64 })") registers=[abd898, 0, c48, 0, 1803c5988, 6, 0, 0, 8, 1, abe460, 0, 0, 0, 0, 2, a8397b1dcdaf, ffff57c6858e1731, 7ffdd000, 0, 1803c89d0, 0, 0, 1000, 100000, 102, abe880, 0, 400000, abe4f0, 18008e2f4]
turn=13262 thread=8 PC=0x18017ac48 SP=0xabd890 bytes=Ok([cc, ff, ff, 54]) insn=Some("Ok(DecodedInsn { mnemonic: BCC, cond: Some(GT), operands: [Label(-8)], sets_flags: false, raw: 1426063308, size: 4, state: Aarch64 })") registers=[abd898, 0, c48, 0, 1803c5988, 6, 0, 0, 8, 1, abe4a0, 0, 0, 0, 0, 2, a8397b1dcdaf, ffff57c6858e1731, 7ffdd000, 0, 1803c89d0, 0, 0, 1000, 100000, 102, abe880, 0, 400000, abe4f0, 18008e2f4]
turn=13263 thread=8 PC=0x18017ac40 SP=0xabd890 bytes=Ok([29, 05, 00, f1]) insn=Some("Ok(DecodedInsn { mnemonic: SUBS, cond: None, operands: [Reg(Register { num: 9, is_64bit: true, is_sp: false, kind: Gpr }), Reg(Register { num: 9, is_64bit: true, is_sp: false, kind: Gpr }), Imm(Immediate { value: 1, shift: 0 })], sets_flags: true, raw: 4043310377, size: 4, state: Aarch64 })") registers=[abd898, 0, c48, 0, 1803c5988, 6, 0, 0, 8, 1, abe4a0, 0, 0, 0, 0, 2, a8397b1dcdaf, ffff57c6858e1731, 7ffdd000, 0, 1803c89d0, 0, 0, 1000, 100000, 102, abe880, 0, 400000, abe4f0, 18008e2f4]
turn=13264 thread=8 PC=0x18017ac44 SP=0xabd890 bytes=Ok([40, 21, 9f, 4c]) insn=Some("Ok(DecodedInsn { mnemonic: VST1, cond: None, operands: [FpReg(FpRegister { num: 0, size: Q }), Mem(MemOperand { base: Register { num: 10, is_64bit: true, is_sp: false, kind: Gpr }, offset: None, mode: Offset })], sets_flags: false, raw: 1285497152, size: 4, state: Aarch64 })") registers=[abd898, 0, c48, 0, 1803c5988, 6, 0, 0, 8, 0, abe4a0, 0, 0, 0, 0, 2, a8397b1dcdaf, ffff57c6858e1731, 7ffdd000, 0, 1803c89d0, 0, 0, 1000, 100000, 102, abe880, 0, 400000, abe4f0, 18008e2f4]
turn=13265 thread=8 PC=0x18017ac48 SP=0xabd890 bytes=Ok([cc, ff, ff, 54]) insn=Some("Ok(DecodedInsn { mnemonic: BCC, cond: Some(GT), operands: [Label(-8)], sets_flags: false, raw: 1426063308, size: 4, state: Aarch64 })") registers=[abd898, 0, c48, 0, 1803c5988, 6, 0, 0, 8, 0, abe4e0, 0, 0, 0, 0, 2, a8397b1dcdaf, ffff57c6858e1731, 7ffdd000, 0, 1803c89d0, 0, 0, 1000, 100000, 102, abe880, 0, 400000, abe4f0, 18008e2f4]
turn=13266 thread=8 PC=0x18017ac4c SP=0xabd890 bytes=Ok([42, 14, 40, 92]) insn=Some("Ok(DecodedInsn { mnemonic: AND, cond: None, operands: [Reg(Register { num: 2, is_64bit: true, is_sp: false, kind: Gpr }), Reg(Register { num: 2, is_64bit: true, is_sp: false, kind: Gpr }), Imm(Immediate { value: 63, shift: 0 })], sets_flags: false, raw: 2453673026, size: 4, state: Aarch64 })") registers=[abd898, 0, c48, 0, 1803c5988, 6, 0, 0, 8, 0, abe4e0, 0, 0, 0, 0, 2, a8397b1dcdaf, ffff57c6858e1731, 7ffdd000, 0, 1803c89d0, 0, 0, 1000, 100000, 102, abe880, 0, 400000, abe4f0, 18008e2f4]
turn=13267 thread=8 PC=0x18017ac50 SP=0xabd890 bytes=Ok([42, fb, ff, b4]) insn=Some("Ok(DecodedInsn { mnemonic: CBZ, cond: None, operands: [Reg(Register { num: 2, is_64bit: true, is_sp: false, kind: Gpr }), Label(-152)], sets_flags: false, raw: 3036674882, size: 4, state: Aarch64 })") registers=[abd898, 0, 8, 0, 1803c5988, 6, 0, 0, 8, 0, abe4e0, 0, 0, 0, 0, 2, a8397b1dcdaf, ffff57c6858e1731, 7ffdd000, 0, 1803c89d0, 0, 0, 1000, 100000, 102, abe880, 0, 400000, abe4f0, 18008e2f4]
turn=13268 thread=8 PC=0x18017ac54 SP=0xabd890 bytes=Ok([5f, 80, 00, f1]) insn=Some("Ok(DecodedInsn { mnemonic: CMP, cond: None, operands: [Reg(Register { num: 2, is_64bit: true, is_sp: false, kind: Gpr }), Imm(Immediate { value: 32, shift: 0 })], sets_flags: true, raw: 4043341919, size: 4, state: Aarch64 })") registers=[abd898, 0, 8, 0, 1803c5988, 6, 0, 0, 8, 0, abe4e0, 0, 0, 0, 0, 2, a8397b1dcdaf, ffff57c6858e1731, 7ffdd000, 0, 1803c89d0, 0, 0, 1000, 100000, 102, abe880, 0, 400000, abe4f0, 18008e2f4]
turn=13269 thread=8 PC=0x18017ac58 SP=0xabd890 bytes=Ok([2b, f5, ff, 54]) insn=Some("Ok(DecodedInsn { mnemonic: BCC, cond: Some(LT), operands: [Label(-348)], sets_flags: false, raw: 1426060587, size: 4, state: Aarch64 })") registers=[abd898, 0, 8, 0, 1803c5988, 6, 0, 0, 8, 0, abe4e0, 0, 0, 0, 0, 2, a8397b1dcdaf, ffff57c6858e1731, 7ffdd000, 0, 1803c89d0, 0, 0, 1000, 100000, 102, abe880, 0, 400000, abe4f0, 18008e2f4]
turn=13270 thread=8 PC=0x18017aafc SP=0xabd890 bytes=Ok([01, 00, 66, 9e]) insn=Some("Ok(DecodedInsn { mnemonic: UNKNOWN, cond: None, operands: [], sets_flags: false, raw: 2657484801, size: 4, state: Aarch64 })") registers=[abd898, 0, 8, 0, 1803c5988, 6, 0, 0, 8, 0, abe4e0, 0, 0, 0, 0, 2, a8397b1dcdaf, ffff57c6858e1731, 7ffdd000, 0, 1803c89d0, 0, 0, 1000, 100000, 102, abe880, 0, 400000, abe4f0, 18008e2f4]
turn=13271 thread=8 PC=0x18017ab00 SP=0xabd890 bytes=Ok([88, 00, 00, 10]) insn=Some("Ok(DecodedInsn { mnemonic: ADR, cond: None, operands: [Reg(Register { num: 8, is_64bit: true, is_sp: false, kind: Gpr }), Label(16)], sets_flags: false, raw: 268435592, size: 4, state: Aarch64 })") registers=[abd898, 0, 8, 0, 1803c5988, 6, 0, 0, 8, 0, abe4e0, 0, 0, 0, 0, 2, a8397b1dcdaf, ffff57c6858e1731, 7ffdd000, 0, 1803c89d0, 0, 0, 1000, 100000, 102, abe880, 0, 400000, abe4f0, 18008e2f4]
turn=13272 thread=8 PC=0x18017ab04 SP=0xabd890 bytes=Ok([09, 69, 62, 38]) insn=Some("Ok(DecodedInsn { mnemonic: LDRB, cond: None, operands: [Reg(Register { num: 9, is_64bit: false, is_sp: false, kind: Gpr }), Mem(MemOperand { base: Register { num: 8, is_64bit: true, is_sp: false, kind: Gpr }, offset: ExtendedReg(ExtendedRegister { reg: Register { num: 2, is_64bit: true, is_sp: false, kind: Gpr }, extend_type: UXTX, shift: 0 }), mode: Offset })], sets_flags: false, raw: 945973513, size: 4, state: Aarch64 })") registers=[abd898, 0, 8, 0, 1803c5988, 6, 0, 0, 18017ab10, 0, abe4e0, 0, 0, 0, 0, 2, a8397b1dcdaf, ffff57c6858e1731, 7ffdd000, 0, 1803c89d0, 0, 0, 1000, 100000, 102, abe880, 0, 400000, abe4f0, 18008e2f4]
turn=13273 thread=8 PC=0x18017ab08 SP=0xabd890 bytes=Ok([08, 09, 09, 8b]) insn=Some("Ok(DecodedInsn { mnemonic: ADD, cond: None, operands: [Reg(Register { num: 8, is_64bit: true, is_sp: false, kind: Gpr }), Reg(Register { num: 8, is_64bit: true, is_sp: false, kind: Gpr }), ShiftedReg(ShiftedRegister { reg: Register { num: 9, is_64bit: true, is_sp: false, kind: Gpr }, shift_type: LSL, amount: Immediate(2) })], sets_flags: false, raw: 2332625160, size: 4, state: Aarch64 })") registers=[abd898, 0, 8, 0, 1803c5988, 6, 0, 0, 18017ab10, 24, abe4e0, 0, 0, 0, 0, 2, a8397b1dcdaf, ffff57c6858e1731, 7ffdd000, 0, 1803c89d0, 0, 0, 1000, 100000, 102, abe880, 0, 400000, abe4f0, 18008e2f4]
turn=13274 thread=8 PC=0x18017ab0c SP=0xabd890 bytes=Ok([00, 01, 1f, d6]) insn=Some("Ok(DecodedInsn { mnemonic: BR, cond: None, operands: [Reg(Register { num: 8, is_64bit: true, is_sp: false, kind: Gpr })], sets_flags: false, raw: 3592356096, size: 4, state: Aarch64 })") registers=[abd898, 0, 8, 0, 1803c5988, 6, 0, 0, 18017aba0, 24, abe4e0, 0, 0, 0, 0, 2, a8397b1dcdaf, ffff57c6858e1731, 7ffdd000, 0, 1803c89d0, 0, 0, 1000, 100000, 102, abe880, 0, 400000, abe4f0, 18008e2f4]
turn=13275 thread=8 PC=0x18017aba0 SP=0xabd890 bytes=Ok([40, 71, 00, 0c]) insn=Some("Ok(DecodedInsn { mnemonic: VST4, cond: None, operands: [FpReg(FpRegister { num: 0, size: D }), Mem(MemOperand { base: Register { num: 10, is_64bit: true, is_sp: false, kind: Gpr }, offset: None, mode: Offset })], sets_flags: false, raw: 201355584, size: 4, state: Aarch64 })") registers=[abd898, 0, 8, 0, 1803c5988, 6, 0, 0, 18017aba0, 24, abe4e0, 0, 0, 0, 0, 2, a8397b1dcdaf, ffff57c6858e1731, 7ffdd000, 0, 1803c89d0, 0, 0, 1000, 100000, 102, abe880, 0, 400000, abe4f0, 18008e2f4]
turn=13276 thread=8 PC=0x18017aba4 SP=0xabd890 bytes=Ok([c0, 03, 5f, d6]) insn=Some("Ok(DecodedInsn { mnemonic: RET, cond: None, operands: [Reg(Register { num: 30, is_64bit: true, is_sp: false, kind: Gpr })], sets_flags: false, raw: 3596551104, size: 4, state: Aarch64 })") registers=[abd898, 0, 8, 0, 1803c5988, 6, 0, 0, 18017aba0, 24, abe4e0, 0, 0, 0, 0, 2, a8397b1dcdaf, ffff57c6858e1731, 7ffdd000, 0, 1803c89d0, 0, 0, 1000, 100000, 102, abe880, 0, 400000, abe4f0, 18008e2f4]
turn=13277 thread=8 PC=0x18008e2f4 SP=0xabd890 bytes=Ok([88, 00, 80, 52]) insn=Some("Ok(DecodedInsn { mnemonic: MOVZ, cond: None, operands: [Reg(Register { num: 8, is_64bit: false, is_sp: false, kind: Gpr }), Imm(Immediate { value: 4, shift: 0 })], sets_flags: false, raw: 1384120456, size: 4, state: Aarch64 })") registers=[abd898, 0, 8, 0, 1803c5988, 6, 0, 0, 18017aba0, 24, abe4e0, 0, 0, 0, 0, 2, a8397b1dcdaf, ffff57c6858e1731, 7ffdd000, 0, 1803c89d0, 0, 0, 1000, 100000, 102, abe880, 0, 400000, abe4f0, 18008e2f4]
turn=13278 thread=8 PC=0x18008e2f8 SP=0xabd890 bytes=Ok([05, 00, 80, d2]) insn=Some("Ok(DecodedInsn { mnemonic: MOVZ, cond: None, operands: [Reg(Register { num: 5, is_64bit: true, is_sp: false, kind: Gpr }), Imm(Immediate { value: 0, shift: 0 })], sets_flags: false, raw: 3531603973, size: 4, state: Aarch64 })") registers=[abd898, 0, 8, 0, 1803c5988, 6, 0, 0, 4, 24, abe4e0, 0, 0, 0, 0, 2, a8397b1dcdaf, ffff57c6858e1731, 7ffdd000, 0, 1803c89d0, 0, 0, 1000, 100000, 102, abe880, 0, 400000, abe4f0, 18008e2f4]
turn=13279 thread=8 PC=0x18008e2fc SP=0xabd890 bytes=Ok([e8, 03, 00, b9]) insn=Some("Ok(DecodedInsn { mnemonic: STR, cond: None, operands: [Reg(Register { num: 8, is_64bit: false, is_sp: false, kind: Gpr }), Mem(MemOperand { base: Register { num: 31, is_64bit: true, is_sp: true, kind: Sp }, offset: Imm(0), mode: Offset })], sets_flags: false, raw: 3103785960, size: 4, state: Aarch64 })") registers=[abd898, 0, 8, 0, 1803c5988, 0, 0, 0, 4, 24, abe4e0, 0, 0, 0, 0, 2, a8397b1dcdaf, ffff57c6858e1731, 7ffdd000, 0, 1803c89d0, 0, 0, 1000, 100000, 102, abe880, 0, 400000, abe4f0, 18008e2f4]
turn=13280 thread=8 PC=0x18008e300 SP=0xabd890 bytes=Ok([04, 8a, 81, 52]) insn=Some("Ok(DecodedInsn { mnemonic: MOVZ, cond: None, operands: [Reg(Register { num: 4, is_64bit: false, is_sp: false, kind: Gpr }), Imm(Immediate { value: 3152, shift: 0 })], sets_flags: false, raw: 1384221188, size: 4, state: Aarch64 })") registers=[abd898, 0, 8, 0, 1803c5988, 0, 0, 0, 4, 24, abe4e0, 0, 0, 0, 0, 2, a8397b1dcdaf, ffff57c6858e1731, 7ffdd000, 0, 1803c89d0, 0, 0, 1000, 100000, 102, abe880, 0, 400000, abe4f0, 18008e2f4]
turn=13281 thread=8 PC=0x18008e304 SP=0xabd890 bytes=Ok([e3, 23, 00, 91]) insn=Some("Ok(DecodedInsn { mnemonic: ADD, cond: None, operands: [Reg(Register { num: 3, is_64bit: true, is_sp: false, kind: Gpr }), Reg(Register { num: 31, is_64bit: true, is_sp: true, kind: Sp }), Imm(Immediate { value: 8, shift: 0 })], sets_flags: false, raw: 2432705507, size: 4, state: Aarch64 })") registers=[abd898, 0, 8, 0, c50, 0, 0, 0, 4, 24, abe4e0, 0, 0, 0, 0, 2, a8397b1dcdaf, ffff57c6858e1731, 7ffdd000, 0, 1803c89d0, 0, 0, 1000, 100000, 102, abe880, 0, 400000, abe4f0, 18008e2f4]
turn=13282 thread=8 PC=0x18008e308 SP=0xabd890 bytes=Ok([82, 00, 80, 52]) insn=Some("Ok(DecodedInsn { mnemonic: MOVZ, cond: None, operands: [Reg(Register { num: 2, is_64bit: false, is_sp: false, kind: Gpr }), Imm(Immediate { value: 4, shift: 0 })], sets_flags: false, raw: 1384120450, size: 4, state: Aarch64 })") registers=[abd898, 0, 8, abd898, c50, 0, 0, 0, 4, 24, abe4e0, 0, 0, 0, 0, 2, a8397b1dcdaf, ffff57c6858e1731, 7ffdd000, 0, 1803c89d0, 0, 0, 1000, 100000, 102, abe880, 0, 400000, abe4f0, 18008e2f4]
turn=13283 thread=8 PC=0x18008e30c SP=0xabd890 bytes=Ok([e1, 03, 00, 91]) insn=Some("Ok(DecodedInsn { mnemonic: MOV, cond: None, operands: [Reg(Register { num: 1, is_64bit: true, is_sp: false, kind: Gpr }), Reg(Register { num: 31, is_64bit: true, is_sp: true, kind: Sp })], sets_flags: false, raw: 2432697313, size: 4, state: Aarch64 })") registers=[abd898, 0, 4, abd898, c50, 0, 0, 0, 4, 24, abe4e0, 0, 0, 0, 0, 2, a8397b1dcdaf, ffff57c6858e1731, 7ffdd000, 0, 1803c89d0, 0, 0, 1000, 100000, 102, abe880, 0, 400000, abe4f0, 18008e2f4]
turn=13284 thread=8 PC=0x18008e310 SP=0xabd890 bytes=Ok([60, 0d, 80, 52]) insn=Some("Ok(DecodedInsn { mnemonic: MOVZ, cond: None, operands: [Reg(Register { num: 0, is_64bit: false, is_sp: false, kind: Gpr }), Imm(Immediate { value: 107, shift: 0 })], sets_flags: false, raw: 1384123744, size: 4, state: Aarch64 })") registers=[abd898, abd890, 4, abd898, c50, 0, 0, 0, 4, 24, abe4e0, 0, 0, 0, 0, 2, a8397b1dcdaf, ffff57c6858e1731, 7ffdd000, 0, 1803c89d0, 0, 0, 1000, 100000, 102, abe880, 0, 400000, abe4f0, 18008e2f4]
turn=13285 thread=8 PC=0x18008e314 SP=0xabd890 bytes=Ok([03, d1, fd, 97]) insn=Some("Ok(DecodedInsn { mnemonic: BL, cond: None, operands: [Label(-572404)], sets_flags: false, raw: 2549993731, size: 4, state: Aarch64 })") registers=[6b, abd890, 4, abd898, c50, 0, 0, 0, 4, 24, abe4e0, 0, 0, 0, 0, 2, a8397b1dcdaf, ffff57c6858e1731, 7ffdd000, 0, 1803c89d0, 0, 0, 1000, 100000, 102, abe880, 0, 400000, abe4f0, 18008e2f4]
turn=13286 thread=8 PC=0x180002720 SP=0xabd890 bytes=Ok([c1, 2d, 00, d4]) insn=Some("Ok(DecodedInsn { mnemonic: SVC, cond: None, operands: [Imm(Immediate { value: 366, shift: 0 })], sets_flags: false, raw: 3556781505, size: 4, state: Aarch64 })") registers=[6b, abd890, 4, abd898, c50, 0, 0, 0, 4, 24, abe4e0, 0, 0, 0, 0, 2, a8397b1dcdaf, ffff57c6858e1731, 7ffdd000, 0, 1803c89d0, 0, 0, 1000, 100000, 102, abe880, 0, 400000, abe4f0, 18008e318]
terminal turn=13286 Complete(Internal("native NTDLL service NtQuerySystemInformationEx (0x16e) at 0x180002720 is not implemented"))
