**********************************************************************
** Visual Studio 2026 Developer PowerShell v18.7.1
** Copyright (c) 2026 Microsoft Corporation
**********************************************************************
pointer=4 ntdll=76F70000 code=7712C250 private=039E0000 reserve=039F0000
matrix target=0 length=0 status=C0000004 exception=00000000 returned=4294967295 guard=1 bytes=0000F776FFFFFFFF0000F776FFFFFFFF0000F776FFFFFFFF0000F776FFFFFFFF0000F776FFFFFFFF0000F776FFFFFFFF0000F776FFFFFFFF0000F776FFFFFFFF
matrix target=0 length=1 status=C0000004 exception=00000000 returned=4294967295 guard=1 bytes=0000F776FFFFFFFF0000F776FFFFFFFF0000F776FFFFFFFF0000F776FFFFFFFF0000F776FFFFFFFF0000F776FFFFFFFF0000F776FFFFFFFF0000F776FFFFFFFF
matrix target=0 length=7 status=C0000004 exception=00000000 returned=4294967295 guard=1 bytes=0000F776FFFFFFFF0000F776FFFFFFFF0000F776FFFFFFFF0000F776FFFFFFFF0000F776FFFFFFFF0000F776FFFFFFFF0000F776FFFFFFFF0000F776FFFFFFFF
matrix target=0 length=8 status=00000000 exception=00000000 returned=8 guard=1 bytes=0000F776278000450000F776FFFFFFFF0000F776FFFFFFFF0000F776FFFFFFFF0000F776FFFFFFFF0000F776FFFFFFFF0000F776FFFFFFFF0000F776FFFFFFFF
matrix target=0 length=12 status=00000000 exception=00000000 returned=8 guard=1 bytes=0000F776278000450000F776FFFFFFFF0000F776FFFFFFFF0000F776FFFFFFFF0000F776FFFFFFFF0000F776FFFFFFFF0000F776FFFFFFFF0000F776FFFFFFFF
matrix target=0 length=15 status=00000000 exception=00000000 returned=8 guard=1 bytes=0000F776278000450000F776FFFFFFFF0000F776FFFFFFFF0000F776FFFFFFFF0000F776FFFFFFFF0000F776FFFFFFFF0000F776FFFFFFFF0000F776FFFFFFFF
matrix target=0 length=16 status=00000000 exception=00000000 returned=16 guard=1 bytes=0000F776278000450000F776278000450000F776FFFFFFFF0000F776FFFFFFFF0000F776FFFFFFFF0000F776FFFFFFFF0000F776FFFFFFFF0000F776FFFFFFFF
matrix target=0 length=17 status=00000000 exception=00000000 returned=16 guard=1 bytes=0000F776278000450000F776278000450000F776FFFFFFFF0000F776FFFFFFFF0000F776FFFFFFFF0000F776FFFFFFFF0000F776FFFFFFFF0000F776FFFFFFFF
matrix target=0 length=24 status=00000000 exception=00000000 returned=24 guard=1 bytes=0000F776278000450000F776278000450000F776278000450000F776FFFFFFFF0000F776FFFFFFFF0000F776FFFFFFFF0000F776FFFFFFFF0000F776FFFFFFFF
matrix target=0 length=31 status=00000000 exception=00000000 returned=24 guard=1 bytes=0000F776278000450000F776278000450000F776278000450000F776FFFFFFFF0000F776FFFFFFFF0000F776FFFFFFFF0000F776FFFFFFFF0000F776FFFFFFFF
matrix target=0 length=32 status=00000000 exception=00000000 returned=32 guard=1 bytes=0000F776278000450000F776278000450000F776278000450000F776278000450000F776FFFFFFFF0000F776FFFFFFFF0000F776FFFFFFFF0000F776FFFFFFFF
matrix target=0 length=64 status=00000000 exception=00000000 returned=64 guard=1 bytes=0000F776278000450000F776278000450000F776278000450000F776278000450000F776278000450000F776278000450000F776278000450000F77627800045
matrix target=0 length=80 status=00000000 exception=00000000 returned=80 guard=1 bytes=0000F776278000450000F776278000450000F776278000450000F776278000450000F776278000450000F776278000450000F776278000450000F77627800045
matrix target=0 length=128 status=00000000 exception=00000000 returned=128 guard=1 bytes=0000F776278000450000F776278000450000F776278000450000F776278000450000F776278000450000F776278000450000F776278000450000F77627800045
matrix target=1 length=0 status=C0000004 exception=00000000 returned=4294967295 guard=1 bytes=50C21277FFFFFFFF50C21277FFFFFFFF50C21277FFFFFFFF50C21277FFFFFFFF50C21277FFFFFFFF50C21277FFFFFFFF50C21277FFFFFFFF50C21277FFFFFFFF
matrix target=1 length=1 status=C0000004 exception=00000000 returned=4294967295 guard=1 bytes=50C21277FFFFFFFF50C21277FFFFFFFF50C21277FFFFFFFF50C21277FFFFFFFF50C21277FFFFFFFF50C21277FFFFFFFF50C21277FFFFFFFF50C21277FFFFFFFF
matrix target=1 length=7 status=C0000004 exception=00000000 returned=4294967295 guard=1 bytes=50C21277FFFFFFFF50C21277FFFFFFFF50C21277FFFFFFFF50C21277FFFFFFFF50C21277FFFFFFFF50C21277FFFFFFFF50C21277FFFFFFFF50C21277FFFFFFFF
matrix target=1 length=8 status=00000000 exception=00000000 returned=8 guard=1 bytes=50C212770382004550C21277FFFFFFFF50C21277FFFFFFFF50C21277FFFFFFFF50C21277FFFFFFFF50C21277FFFFFFFF50C21277FFFFFFFF50C21277FFFFFFFF
matrix target=1 length=12 status=00000000 exception=00000000 returned=8 guard=1 bytes=50C212770382004550C21277FFFFFFFF50C21277FFFFFFFF50C21277FFFFFFFF50C21277FFFFFFFF50C21277FFFFFFFF50C21277FFFFFFFF50C21277FFFFFFFF
matrix target=1 length=15 status=00000000 exception=00000000 returned=8 guard=1 bytes=50C212770382004550C21277FFFFFFFF50C21277FFFFFFFF50C21277FFFFFFFF50C21277FFFFFFFF50C21277FFFFFFFF50C21277FFFFFFFF50C21277FFFFFFFF
matrix target=1 length=16 status=00000000 exception=00000000 returned=16 guard=1 bytes=50C212770382004550C212770382004550C21277FFFFFFFF50C21277FFFFFFFF50C21277FFFFFFFF50C21277FFFFFFFF50C21277FFFFFFFF50C21277FFFFFFFF
matrix target=1 length=17 status=00000000 exception=00000000 returned=16 guard=1 bytes=50C212770382004550C212770382004550C21277FFFFFFFF50C21277FFFFFFFF50C21277FFFFFFFF50C21277FFFFFFFF50C21277FFFFFFFF50C21277FFFFFFFF
matrix target=1 length=24 status=00000000 exception=00000000 returned=24 guard=1 bytes=50C212770382004550C212770382004550C212770382004550C21277FFFFFFFF50C21277FFFFFFFF50C21277FFFFFFFF50C21277FFFFFFFF50C21277FFFFFFFF
matrix target=1 length=31 status=00000000 exception=00000000 returned=24 guard=1 bytes=50C212770382004550C212770382004550C212770382004550C21277FFFFFFFF50C21277FFFFFFFF50C21277FFFFFFFF50C21277FFFFFFFF50C21277FFFFFFFF
matrix target=1 length=32 status=00000000 exception=00000000 returned=32 guard=1 bytes=50C212770382004550C212770382004550C212770382004550C212770382004550C21277FFFFFFFF50C21277FFFFFFFF50C21277FFFFFFFF50C21277FFFFFFFF
matrix target=1 length=64 status=00000000 exception=00000000 returned=64 guard=1 bytes=50C212770382004550C212770382004550C212770382004550C212770382004550C212770382004550C212770382004550C212770382004550C2127703820045
matrix target=1 length=80 status=00000000 exception=00000000 returned=80 guard=1 bytes=50C212770382004550C212770382004550C212770382004550C212770382004550C212770382004550C212770382004550C212770382004550C2127703820045
matrix target=1 length=128 status=00000000 exception=00000000 returned=128 guard=1 bytes=50C212770382004550C212770382004550C212770382004550C212770382004550C212770382004550C212770382004550C212770382004550C2127703820045
matrix target=2 length=0 status=C0000004 exception=00000000 returned=4294967295 guard=1 bytes=00209E03FFFFFFFF00209E03FFFFFFFF00209E03FFFFFFFF00209E03FFFFFFFF00209E03FFFFFFFF00209E03FFFFFFFF00209E03FFFFFFFF00209E03FFFFFFFF
matrix target=2 length=1 status=C0000004 exception=00000000 returned=4294967295 guard=1 bytes=00209E03FFFFFFFF00209E03FFFFFFFF00209E03FFFFFFFF00209E03FFFFFFFF00209E03FFFFFFFF00209E03FFFFFFFF00209E03FFFFFFFF00209E03FFFFFFFF
matrix target=2 length=7 status=C0000004 exception=00000000 returned=4294967295 guard=1 bytes=00209E03FFFFFFFF00209E03FFFFFFFF00209E03FFFFFFFF00209E03FFFFFFFF00209E03FFFFFFFF00209E03FFFFFFFF00209E03FFFFFFFF00209E03FFFFFFFF
matrix target=2 length=8 status=00000000 exception=00000000 returned=8 guard=1 bytes=00209E030000000000209E03FFFFFFFF00209E03FFFFFFFF00209E03FFFFFFFF00209E03FFFFFFFF00209E03FFFFFFFF00209E03FFFFFFFF00209E03FFFFFFFF
matrix target=2 length=12 status=00000000 exception=00000000 returned=8 guard=1 bytes=00209E030000000000209E03FFFFFFFF00209E03FFFFFFFF00209E03FFFFFFFF00209E03FFFFFFFF00209E03FFFFFFFF00209E03FFFFFFFF00209E03FFFFFFFF
matrix target=2 length=15 status=00000000 exception=00000000 returned=8 guard=1 bytes=00209E030000000000209E03FFFFFFFF00209E03FFFFFFFF00209E03FFFFFFFF00209E03FFFFFFFF00209E03FFFFFFFF00209E03FFFFFFFF00209E03FFFFFFFF
matrix target=2 length=16 status=00000000 exception=00000000 returned=16 guard=1 bytes=00209E030000000000209E030000000000209E03FFFFFFFF00209E03FFFFFFFF00209E03FFFFFFFF00209E03FFFFFFFF00209E03FFFFFFFF00209E03FFFFFFFF
matrix target=2 length=17 status=00000000 exception=00000000 returned=16 guard=1 bytes=00209E030000000000209E030000000000209E03FFFFFFFF00209E03FFFFFFFF00209E03FFFFFFFF00209E03FFFFFFFF00209E03FFFFFFFF00209E03FFFFFFFF
matrix target=2 length=24 status=00000000 exception=00000000 returned=24 guard=1 bytes=00209E030000000000209E030000000000209E030000000000209E03FFFFFFFF00209E03FFFFFFFF00209E03FFFFFFFF00209E03FFFFFFFF00209E03FFFFFFFF
matrix target=2 length=31 status=00000000 exception=00000000 returned=24 guard=1 bytes=00209E030000000000209E030000000000209E030000000000209E03FFFFFFFF00209E03FFFFFFFF00209E03FFFFFFFF00209E03FFFFFFFF00209E03FFFFFFFF
matrix target=2 length=32 status=00000000 exception=00000000 returned=32 guard=1 bytes=00209E030000000000209E030000000000209E030000000000209E030000000000209E03FFFFFFFF00209E03FFFFFFFF00209E03FFFFFFFF00209E03FFFFFFFF
matrix target=2 length=64 status=00000000 exception=00000000 returned=64 guard=1 bytes=00209E030000000000209E030000000000209E030000000000209E030000000000209E030000000000209E030000000000209E030000000000209E0300000000
matrix target=2 length=80 status=00000000 exception=00000000 returned=80 guard=1 bytes=00209E030000000000209E030000000000209E030000000000209E030000000000209E030000000000209E030000000000209E030000000000209E0300000000
matrix target=2 length=128 status=00000000 exception=00000000 returned=128 guard=1 bytes=00209E030000000000209E030000000000209E030000000000209E030000000000209E030000000000209E030000000000209E030000000000209E0300000000
matrix target=3 length=0 status=C0000004 exception=00000000 returned=4294967295 guard=1 bytes=00309E03FFFFFFFF00309E03FFFFFFFF00309E03FFFFFFFF00309E03FFFFFFFF00309E03FFFFFFFF00309E03FFFFFFFF00309E03FFFFFFFF00309E03FFFFFFFF
matrix target=3 length=1 status=C0000004 exception=00000000 returned=4294967295 guard=1 bytes=00309E03FFFFFFFF00309E03FFFFFFFF00309E03FFFFFFFF00309E03FFFFFFFF00309E03FFFFFFFF00309E03FFFFFFFF00309E03FFFFFFFF00309E03FFFFFFFF
matrix target=3 length=7 status=C0000004 exception=00000000 returned=4294967295 guard=1 bytes=00309E03FFFFFFFF00309E03FFFFFFFF00309E03FFFFFFFF00309E03FFFFFFFF00309E03FFFFFFFF00309E03FFFFFFFF00309E03FFFFFFFF00309E03FFFFFFFF
matrix target=3 length=8 status=00000000 exception=00000000 returned=8 guard=1 bytes=00309E032100000500309E03FFFFFFFF00309E03FFFFFFFF00309E03FFFFFFFF00309E03FFFFFFFF00309E03FFFFFFFF00309E03FFFFFFFF00309E03FFFFFFFF
matrix target=3 length=12 status=00000000 exception=00000000 returned=8 guard=1 bytes=00309E032100000500309E03FFFFFFFF00309E03FFFFFFFF00309E03FFFFFFFF00309E03FFFFFFFF00309E03FFFFFFFF00309E03FFFFFFFF00309E03FFFFFFFF
matrix target=3 length=15 status=00000000 exception=00000000 returned=8 guard=1 bytes=00309E032100000500309E03FFFFFFFF00309E03FFFFFFFF00309E03FFFFFFFF00309E03FFFFFFFF00309E03FFFFFFFF00309E03FFFFFFFF00309E03FFFFFFFF
matrix target=3 length=16 status=00000000 exception=00000000 returned=16 guard=1 bytes=00309E032100000500309E032100000500309E03FFFFFFFF00309E03FFFFFFFF00309E03FFFFFFFF00309E03FFFFFFFF00309E03FFFFFFFF00309E03FFFFFFFF
matrix target=3 length=17 status=00000000 exception=00000000 returned=16 guard=1 bytes=00309E032100000500309E032100000500309E03FFFFFFFF00309E03FFFFFFFF00309E03FFFFFFFF00309E03FFFFFFFF00309E03FFFFFFFF00309E03FFFFFFFF
matrix target=3 length=24 status=00000000 exception=00000000 returned=24 guard=1 bytes=00309E032100000500309E032100000500309E032100000500309E03FFFFFFFF00309E03FFFFFFFF00309E03FFFFFFFF00309E03FFFFFFFF00309E03FFFFFFFF
matrix target=3 length=31 status=00000000 exception=00000000 returned=24 guard=1 bytes=00309E032100000500309E032100000500309E032100000500309E03FFFFFFFF00309E03FFFFFFFF00309E03FFFFFFFF00309E03FFFFFFFF00309E03FFFFFFFF
matrix target=3 length=32 status=00000000 exception=00000000 returned=32 guard=1 bytes=00309E032100000500309E032100000500309E032100000500309E032100000500309E03FFFFFFFF00309E03FFFFFFFF00309E03FFFFFFFF00309E03FFFFFFFF
matrix target=3 length=64 status=00000000 exception=00000000 returned=64 guard=1 bytes=00309E032100000500309E032100000500309E032100000500309E032100000500309E032100000500309E032100000500309E032100000500309E0321000005
matrix target=3 length=80 status=00000000 exception=00000000 returned=80 guard=1 bytes=00309E032100000500309E032100000500309E032100000500309E032100000500309E032100000500309E032100000500309E032100000500309E0321000005
matrix target=3 length=128 status=00000000 exception=00000000 returned=128 guard=1 bytes=00309E032100000500309E032100000500309E032100000500309E032100000500309E032100000500309E032100000500309E032100000500309E0321000005
matrix target=4 length=0 status=C0000004 exception=00000000 returned=4294967295 guard=1 bytes=00409E03FFFFFFFF00409E03FFFFFFFF00409E03FFFFFFFF00409E03FFFFFFFF00409E03FFFFFFFF00409E03FFFFFFFF00409E03FFFFFFFF00409E03FFFFFFFF
matrix target=4 length=1 status=C0000004 exception=00000000 returned=4294967295 guard=1 bytes=00409E03FFFFFFFF00409E03FFFFFFFF00409E03FFFFFFFF00409E03FFFFFFFF00409E03FFFFFFFF00409E03FFFFFFFF00409E03FFFFFFFF00409E03FFFFFFFF
matrix target=4 length=7 status=C0000004 exception=00000000 returned=4294967295 guard=1 bytes=00409E03FFFFFFFF00409E03FFFFFFFF00409E03FFFFFFFF00409E03FFFFFFFF00409E03FFFFFFFF00409E03FFFFFFFF00409E03FFFFFFFF00409E03FFFFFFFF
matrix target=4 length=8 status=00000000 exception=00000000 returned=8 guard=1 bytes=00409E030000400D00409E03FFFFFFFF00409E03FFFFFFFF00409E03FFFFFFFF00409E03FFFFFFFF00409E03FFFFFFFF00409E03FFFFFFFF00409E03FFFFFFFF
matrix target=4 length=12 status=00000000 exception=00000000 returned=8 guard=1 bytes=00409E030000400D00409E03FFFFFFFF00409E03FFFFFFFF00409E03FFFFFFFF00409E03FFFFFFFF00409E03FFFFFFFF00409E03FFFFFFFF00409E03FFFFFFFF
matrix target=4 length=15 status=00000000 exception=00000000 returned=8 guard=1 bytes=00409E030000400D00409E03FFFFFFFF00409E03FFFFFFFF00409E03FFFFFFFF00409E03FFFFFFFF00409E03FFFFFFFF00409E03FFFFFFFF00409E03FFFFFFFF
matrix target=4 length=16 status=00000000 exception=00000000 returned=16 guard=1 bytes=00409E030000400D00409E030000400D00409E03FFFFFFFF00409E03FFFFFFFF00409E03FFFFFFFF00409E03FFFFFFFF00409E03FFFFFFFF00409E03FFFFFFFF
matrix target=4 length=17 status=00000000 exception=00000000 returned=16 guard=1 bytes=00409E030000400D00409E030000400D00409E03FFFFFFFF00409E03FFFFFFFF00409E03FFFFFFFF00409E03FFFFFFFF00409E03FFFFFFFF00409E03FFFFFFFF
matrix target=4 length=24 status=00000000 exception=00000000 returned=24 guard=1 bytes=00409E030000400D00409E030000400D00409E030000400D00409E03FFFFFFFF00409E03FFFFFFFF00409E03FFFFFFFF00409E03FFFFFFFF00409E03FFFFFFFF
matrix target=4 length=31 status=00000000 exception=00000000 returned=24 guard=1 bytes=00409E030000400D00409E030000400D00409E030000400D00409E03FFFFFFFF00409E03FFFFFFFF00409E03FFFFFFFF00409E03FFFFFFFF00409E03FFFFFFFF
matrix target=4 length=32 status=00000000 exception=00000000 returned=32 guard=1 bytes=00409E030000400D00409E030000400D00409E030000400D00409E030000400D00409E03FFFFFFFF00409E03FFFFFFFF00409E03FFFFFFFF00409E03FFFFFFFF
matrix target=4 length=64 status=00000000 exception=00000000 returned=64 guard=1 bytes=00409E030000400D00409E030000400D00409E030000400D00409E030000400D00409E030000400D00409E030000400D00409E030000400D00409E030000400D
matrix target=4 length=80 status=00000000 exception=00000000 returned=80 guard=1 bytes=00409E030000400D00409E030000400D00409E030000400D00409E030000400D00409E030000400D00409E030000400D00409E030000400D00409E030000400D
matrix target=4 length=128 status=00000000 exception=00000000 returned=128 guard=1 bytes=00409E030000400D00409E030000400D00409E030000400D00409E030000400D00409E030000400D00409E030000400D00409E030000400D00409E030000400D
matrix target=5 length=0 status=C0000004 exception=00000000 returned=4294967295 guard=1 bytes=00509E03FFFFFFFF00509E03FFFFFFFF00509E03FFFFFFFF00509E03FFFFFFFF00509E03FFFFFFFF00509E03FFFFFFFF00509E03FFFFFFFF00509E03FFFFFFFF
matrix target=5 length=1 status=C0000004 exception=00000000 returned=4294967295 guard=1 bytes=00509E03FFFFFFFF00509E03FFFFFFFF00509E03FFFFFFFF00509E03FFFFFFFF00509E03FFFFFFFF00509E03FFFFFFFF00509E03FFFFFFFF00509E03FFFFFFFF
matrix target=5 length=7 status=C0000004 exception=00000000 returned=4294967295 guard=1 bytes=00509E03FFFFFFFF00509E03FFFFFFFF00509E03FFFFFFFF00509E03FFFFFFFF00509E03FFFFFFFF00509E03FFFFFFFF00509E03FFFFFFFF00509E03FFFFFFFF
matrix target=5 length=8 status=00000000 exception=00000000 returned=8 guard=1 bytes=00509E030000000000509E03FFFFFFFF00509E03FFFFFFFF00509E03FFFFFFFF00509E03FFFFFFFF00509E03FFFFFFFF00509E03FFFFFFFF00509E03FFFFFFFF
matrix target=5 length=12 status=00000000 exception=00000000 returned=8 guard=1 bytes=00509E030000000000509E03FFFFFFFF00509E03FFFFFFFF00509E03FFFFFFFF00509E03FFFFFFFF00509E03FFFFFFFF00509E03FFFFFFFF00509E03FFFFFFFF
matrix target=5 length=15 status=00000000 exception=00000000 returned=8 guard=1 bytes=00509E030000000000509E03FFFFFFFF00509E03FFFFFFFF00509E03FFFFFFFF00509E03FFFFFFFF00509E03FFFFFFFF00509E03FFFFFFFF00509E03FFFFFFFF
matrix target=5 length=16 status=00000000 exception=00000000 returned=16 guard=1 bytes=00509E030000000000509E030000000000509E03FFFFFFFF00509E03FFFFFFFF00509E03FFFFFFFF00509E03FFFFFFFF00509E03FFFFFFFF00509E03FFFFFFFF
matrix target=5 length=17 status=00000000 exception=00000000 returned=16 guard=1 bytes=00509E030000000000509E030000000000509E03FFFFFFFF00509E03FFFFFFFF00509E03FFFFFFFF00509E03FFFFFFFF00509E03FFFFFFFF00509E03FFFFFFFF
matrix target=5 length=24 status=00000000 exception=00000000 returned=24 guard=1 bytes=00509E030000000000509E030000000000509E030000000000509E03FFFFFFFF00509E03FFFFFFFF00509E03FFFFFFFF00509E03FFFFFFFF00509E03FFFFFFFF
matrix target=5 length=31 status=00000000 exception=00000000 returned=24 guard=1 bytes=00509E030000000000509E030000000000509E030000000000509E03FFFFFFFF00509E03FFFFFFFF00509E03FFFFFFFF00509E03FFFFFFFF00509E03FFFFFFFF
matrix target=5 length=32 status=00000000 exception=00000000 returned=32 guard=1 bytes=00509E030000000000509E030000000000509E030000000000509E030000000000509E03FFFFFFFF00509E03FFFFFFFF00509E03FFFFFFFF00509E03FFFFFFFF
matrix target=5 length=64 status=00000000 exception=00000000 returned=64 guard=1 bytes=00509E030000000000509E030000000000509E030000000000509E030000000000509E030000000000509E030000000000509E030000000000509E0300000000
matrix target=5 length=80 status=00000000 exception=00000000 returned=80 guard=1 bytes=00509E030000000000509E030000000000509E030000000000509E030000000000509E030000000000509E030000000000509E030000000000509E0300000000
matrix target=5 length=128 status=00000000 exception=00000000 returned=128 guard=1 bytes=00509E030000000000509E030000000000509E030000000000509E030000000000509E030000000000509E030000000000509E030000000000509E0300000000
matrix target=6 length=0 status=C0000004 exception=00000000 returned=4294967295 guard=1 bytes=00009F03FFFFFFFF00009F03FFFFFFFF00009F03FFFFFFFF00009F03FFFFFFFF00009F03FFFFFFFF00009F03FFFFFFFF00009F03FFFFFFFF00009F03FFFFFFFF
matrix target=6 length=1 status=C0000004 exception=00000000 returned=4294967295 guard=1 bytes=00009F03FFFFFFFF00009F03FFFFFFFF00009F03FFFFFFFF00009F03FFFFFFFF00009F03FFFFFFFF00009F03FFFFFFFF00009F03FFFFFFFF00009F03FFFFFFFF
matrix target=6 length=7 status=C0000004 exception=00000000 returned=4294967295 guard=1 bytes=00009F03FFFFFFFF00009F03FFFFFFFF00009F03FFFFFFFF00009F03FFFFFFFF00009F03FFFFFFFF00009F03FFFFFFFF00009F03FFFFFFFF00009F03FFFFFFFF
matrix target=6 length=8 status=00000000 exception=00000000 returned=8 guard=1 bytes=00009F030000000000009F03FFFFFFFF00009F03FFFFFFFF00009F03FFFFFFFF00009F03FFFFFFFF00009F03FFFFFFFF00009F03FFFFFFFF00009F03FFFFFFFF
matrix target=6 length=12 status=00000000 exception=00000000 returned=8 guard=1 bytes=00009F030000000000009F03FFFFFFFF00009F03FFFFFFFF00009F03FFFFFFFF00009F03FFFFFFFF00009F03FFFFFFFF00009F03FFFFFFFF00009F03FFFFFFFF
matrix target=6 length=15 status=00000000 exception=00000000 returned=8 guard=1 bytes=00009F030000000000009F03FFFFFFFF00009F03FFFFFFFF00009F03FFFFFFFF00009F03FFFFFFFF00009F03FFFFFFFF00009F03FFFFFFFF00009F03FFFFFFFF
matrix target=6 length=16 status=00000000 exception=00000000 returned=16 guard=1 bytes=00009F030000000000009F030000000000009F03FFFFFFFF00009F03FFFFFFFF00009F03FFFFFFFF00009F03FFFFFFFF00009F03FFFFFFFF00009F03FFFFFFFF
matrix target=6 length=17 status=00000000 exception=00000000 returned=16 guard=1 bytes=00009F030000000000009F030000000000009F03FFFFFFFF00009F03FFFFFFFF00009F03FFFFFFFF00009F03FFFFFFFF00009F03FFFFFFFF00009F03FFFFFFFF
matrix target=6 length=24 status=00000000 exception=00000000 returned=24 guard=1 bytes=00009F030000000000009F030000000000009F030000000000009F03FFFFFFFF00009F03FFFFFFFF00009F03FFFFFFFF00009F03FFFFFFFF00009F03FFFFFFFF
matrix target=6 length=31 status=00000000 exception=00000000 returned=24 guard=1 bytes=00009F030000000000009F030000000000009F030000000000009F03FFFFFFFF00009F03FFFFFFFF00009F03FFFFFFFF00009F03FFFFFFFF00009F03FFFFFFFF
matrix target=6 length=32 status=00000000 exception=00000000 returned=32 guard=1 bytes=00009F030000000000009F030000000000009F030000000000009F030000000000009F03FFFFFFFF00009F03FFFFFFFF00009F03FFFFFFFF00009F03FFFFFFFF
matrix target=6 length=64 status=00000000 exception=00000000 returned=64 guard=1 bytes=00009F030000000000009F030000000000009F030000000000009F030000000000009F030000000000009F030000000000009F030000000000009F0300000000
matrix target=6 length=80 status=00000000 exception=00000000 returned=80 guard=1 bytes=00009F030000000000009F030000000000009F030000000000009F030000000000009F030000000000009F030000000000009F030000000000009F0300000000
matrix target=6 length=128 status=00000000 exception=00000000 returned=128 guard=1 bytes=00009F030000000000009F030000000000009F030000000000009F030000000000009F030000000000009F030000000000009F030000000000009F0300000000
matrix target=7 length=0 status=C0000004 exception=00000000 returned=4294967295 guard=1 bytes=00000000FFFFFFFF00000000FFFFFFFF00000000FFFFFFFF00000000FFFFFFFF00000000FFFFFFFF00000000FFFFFFFF00000000FFFFFFFF00000000FFFFFFFF
matrix target=7 length=1 status=C0000004 exception=00000000 returned=4294967295 guard=1 bytes=00000000FFFFFFFF00000000FFFFFFFF00000000FFFFFFFF00000000FFFFFFFF00000000FFFFFFFF00000000FFFFFFFF00000000FFFFFFFF00000000FFFFFFFF
matrix target=7 length=7 status=C0000004 exception=00000000 returned=4294967295 guard=1 bytes=00000000FFFFFFFF00000000FFFFFFFF00000000FFFFFFFF00000000FFFFFFFF00000000FFFFFFFF00000000FFFFFFFF00000000FFFFFFFF00000000FFFFFFFF
matrix target=7 length=8 status=00000000 exception=00000000 returned=8 guard=1 bytes=000000000000000000000000FFFFFFFF00000000FFFFFFFF00000000FFFFFFFF00000000FFFFFFFF00000000FFFFFFFF00000000FFFFFFFF00000000FFFFFFFF
matrix target=7 length=12 status=00000000 exception=00000000 returned=8 guard=1 bytes=000000000000000000000000FFFFFFFF00000000FFFFFFFF00000000FFFFFFFF00000000FFFFFFFF00000000FFFFFFFF00000000FFFFFFFF00000000FFFFFFFF
matrix target=7 length=15 status=00000000 exception=00000000 returned=8 guard=1 bytes=000000000000000000000000FFFFFFFF00000000FFFFFFFF00000000FFFFFFFF00000000FFFFFFFF00000000FFFFFFFF00000000FFFFFFFF00000000FFFFFFFF
matrix target=7 length=16 status=00000000 exception=00000000 returned=16 guard=1 bytes=0000000000000000000000000000000000000000FFFFFFFF00000000FFFFFFFF00000000FFFFFFFF00000000FFFFFFFF00000000FFFFFFFF00000000FFFFFFFF
matrix target=7 length=17 status=00000000 exception=00000000 returned=16 guard=1 bytes=0000000000000000000000000000000000000000FFFFFFFF00000000FFFFFFFF00000000FFFFFFFF00000000FFFFFFFF00000000FFFFFFFF00000000FFFFFFFF
matrix target=7 length=24 status=00000000 exception=00000000 returned=24 guard=1 bytes=00000000000000000000000000000000000000000000000000000000FFFFFFFF00000000FFFFFFFF00000000FFFFFFFF00000000FFFFFFFF00000000FFFFFFFF
matrix target=7 length=31 status=00000000 exception=00000000 returned=24 guard=1 bytes=00000000000000000000000000000000000000000000000000000000FFFFFFFF00000000FFFFFFFF00000000FFFFFFFF00000000FFFFFFFF00000000FFFFFFFF
matrix target=7 length=32 status=00000000 exception=00000000 returned=32 guard=1 bytes=000000000000000000000000000000000000000000000000000000000000000000000000FFFFFFFF00000000FFFFFFFF00000000FFFFFFFF00000000FFFFFFFF
matrix target=7 length=64 status=00000000 exception=00000000 returned=64 guard=1 bytes=00000000000000000000000000000000000000000000000000000000000000000000000000000000000000000000000000000000000000000000000000000000
matrix target=7 length=80 status=00000000 exception=00000000 returned=80 guard=1 bytes=00000000000000000000000000000000000000000000000000000000000000000000000000000000000000000000000000000000000000000000000000000000
matrix target=7 length=128 status=00000000 exception=00000000 returned=128 guard=1 bytes=00000000000000000000000000000000000000000000000000000000000000000000000000000000000000000000000000000000000000000000000000000000
matrix target=8 length=0 status=C0000004 exception=00000000 returned=4294967295 guard=1 bytes=01000000FFFFFFFF01000000FFFFFFFF01000000FFFFFFFF01000000FFFFFFFF01000000FFFFFFFF01000000FFFFFFFF01000000FFFFFFFF01000000FFFFFFFF
matrix target=8 length=1 status=C0000004 exception=00000000 returned=4294967295 guard=1 bytes=01000000FFFFFFFF01000000FFFFFFFF01000000FFFFFFFF01000000FFFFFFFF01000000FFFFFFFF01000000FFFFFFFF01000000FFFFFFFF01000000FFFFFFFF
matrix target=8 length=7 status=C0000004 exception=00000000 returned=4294967295 guard=1 bytes=01000000FFFFFFFF01000000FFFFFFFF01000000FFFFFFFF01000000FFFFFFFF01000000FFFFFFFF01000000FFFFFFFF01000000FFFFFFFF01000000FFFFFFFF
matrix target=8 length=8 status=00000000 exception=00000000 returned=8 guard=1 bytes=010000000000000001000000FFFFFFFF01000000FFFFFFFF01000000FFFFFFFF01000000FFFFFFFF01000000FFFFFFFF01000000FFFFFFFF01000000FFFFFFFF
matrix target=8 length=12 status=00000000 exception=00000000 returned=8 guard=1 bytes=010000000000000001000000FFFFFFFF01000000FFFFFFFF01000000FFFFFFFF01000000FFFFFFFF01000000FFFFFFFF01000000FFFFFFFF01000000FFFFFFFF
matrix target=8 length=15 status=00000000 exception=00000000 returned=8 guard=1 bytes=010000000000000001000000FFFFFFFF01000000FFFFFFFF01000000FFFFFFFF01000000FFFFFFFF01000000FFFFFFFF01000000FFFFFFFF01000000FFFFFFFF
matrix target=8 length=16 status=00000000 exception=00000000 returned=16 guard=1 bytes=0100000000000000010000000000000001000000FFFFFFFF01000000FFFFFFFF01000000FFFFFFFF01000000FFFFFFFF01000000FFFFFFFF01000000FFFFFFFF
matrix target=8 length=17 status=00000000 exception=00000000 returned=16 guard=1 bytes=0100000000000000010000000000000001000000FFFFFFFF01000000FFFFFFFF01000000FFFFFFFF01000000FFFFFFFF01000000FFFFFFFF01000000FFFFFFFF
matrix target=8 length=24 status=00000000 exception=00000000 returned=24 guard=1 bytes=01000000000000000100000000000000010000000000000001000000FFFFFFFF01000000FFFFFFFF01000000FFFFFFFF01000000FFFFFFFF01000000FFFFFFFF
matrix target=8 length=31 status=00000000 exception=00000000 returned=24 guard=1 bytes=01000000000000000100000000000000010000000000000001000000FFFFFFFF01000000FFFFFFFF01000000FFFFFFFF01000000FFFFFFFF01000000FFFFFFFF
matrix target=8 length=32 status=00000000 exception=00000000 returned=32 guard=1 bytes=010000000000000001000000000000000100000000000000010000000000000001000000FFFFFFFF01000000FFFFFFFF01000000FFFFFFFF01000000FFFFFFFF
matrix target=8 length=64 status=00000000 exception=00000000 returned=64 guard=1 bytes=01000000000000000100000000000000010000000000000001000000000000000100000000000000010000000000000001000000000000000100000000000000
matrix target=8 length=80 status=00000000 exception=00000000 returned=80 guard=1 bytes=01000000000000000100000000000000010000000000000001000000000000000100000000000000010000000000000001000000000000000100000000000000
matrix target=8 length=128 status=00000000 exception=00000000 returned=128 guard=1 bytes=01000000000000000100000000000000010000000000000001000000000000000100000000000000010000000000000001000000000000000100000000000000
matrix target=9 length=0 status=C0000004 exception=00000000 returned=4294967295 guard=1 bytes=FFFFFFFFFFFFFFFFFFFFFFFFFFFFFFFFFFFFFFFFFFFFFFFFFFFFFFFFFFFFFFFFFFFFFFFFFFFFFFFFFFFFFFFFFFFFFFFFFFFFFFFFFFFFFFFFFFFFFFFFFFFFFFFF
matrix target=9 length=1 status=C0000004 exception=00000000 returned=4294967295 guard=1 bytes=FFFFFFFFFFFFFFFFFFFFFFFFFFFFFFFFFFFFFFFFFFFFFFFFFFFFFFFFFFFFFFFFFFFFFFFFFFFFFFFFFFFFFFFFFFFFFFFFFFFFFFFFFFFFFFFFFFFFFFFFFFFFFFFF
matrix target=9 length=7 status=C0000004 exception=00000000 returned=4294967295 guard=1 bytes=FFFFFFFFFFFFFFFFFFFFFFFFFFFFFFFFFFFFFFFFFFFFFFFFFFFFFFFFFFFFFFFFFFFFFFFFFFFFFFFFFFFFFFFFFFFFFFFFFFFFFFFFFFFFFFFFFFFFFFFFFFFFFFFF
matrix target=9 length=8 status=00000000 exception=00000000 returned=8 guard=1 bytes=FFFFFFFF00000000FFFFFFFFFFFFFFFFFFFFFFFFFFFFFFFFFFFFFFFFFFFFFFFFFFFFFFFFFFFFFFFFFFFFFFFFFFFFFFFFFFFFFFFFFFFFFFFFFFFFFFFFFFFFFFFF
matrix target=9 length=12 status=00000000 exception=00000000 returned=8 guard=1 bytes=FFFFFFFF00000000FFFFFFFFFFFFFFFFFFFFFFFFFFFFFFFFFFFFFFFFFFFFFFFFFFFFFFFFFFFFFFFFFFFFFFFFFFFFFFFFFFFFFFFFFFFFFFFFFFFFFFFFFFFFFFFF
matrix target=9 length=15 status=00000000 exception=00000000 returned=8 guard=1 bytes=FFFFFFFF00000000FFFFFFFFFFFFFFFFFFFFFFFFFFFFFFFFFFFFFFFFFFFFFFFFFFFFFFFFFFFFFFFFFFFFFFFFFFFFFFFFFFFFFFFFFFFFFFFFFFFFFFFFFFFFFFFF
matrix target=9 length=16 status=00000000 exception=00000000 returned=16 guard=1 bytes=FFFFFFFF00000000FFFFFFFF00000000FFFFFFFFFFFFFFFFFFFFFFFFFFFFFFFFFFFFFFFFFFFFFFFFFFFFFFFFFFFFFFFFFFFFFFFFFFFFFFFFFFFFFFFFFFFFFFFF
matrix target=9 length=17 status=00000000 exception=00000000 returned=16 guard=1 bytes=FFFFFFFF00000000FFFFFFFF00000000FFFFFFFFFFFFFFFFFFFFFFFFFFFFFFFFFFFFFFFFFFFFFFFFFFFFFFFFFFFFFFFFFFFFFFFFFFFFFFFFFFFFFFFFFFFFFFFF
matrix target=9 length=24 status=00000000 exception=00000000 returned=24 guard=1 bytes=FFFFFFFF00000000FFFFFFFF00000000FFFFFFFF00000000FFFFFFFFFFFFFFFFFFFFFFFFFFFFFFFFFFFFFFFFFFFFFFFFFFFFFFFFFFFFFFFFFFFFFFFFFFFFFFFF
matrix target=9 length=31 status=00000000 exception=00000000 returned=24 guard=1 bytes=FFFFFFFF00000000FFFFFFFF00000000FFFFFFFF00000000FFFFFFFFFFFFFFFFFFFFFFFFFFFFFFFFFFFFFFFFFFFFFFFFFFFFFFFFFFFFFFFFFFFFFFFFFFFFFFFF
matrix target=9 length=32 status=00000000 exception=00000000 returned=32 guard=1 bytes=FFFFFFFF00000000FFFFFFFF00000000FFFFFFFF00000000FFFFFFFF00000000FFFFFFFFFFFFFFFFFFFFFFFFFFFFFFFFFFFFFFFFFFFFFFFFFFFFFFFFFFFFFFFF
matrix target=9 length=64 status=00000000 exception=00000000 returned=64 guard=1 bytes=FFFFFFFF00000000FFFFFFFF00000000FFFFFFFF00000000FFFFFFFF00000000FFFFFFFF00000000FFFFFFFF00000000FFFFFFFF00000000FFFFFFFF00000000
matrix target=9 length=80 status=00000000 exception=00000000 returned=80 guard=1 bytes=FFFFFFFF00000000FFFFFFFF00000000FFFFFFFF00000000FFFFFFFF00000000FFFFFFFF00000000FFFFFFFF00000000FFFFFFFF00000000FFFFFFFF00000000
matrix target=9 length=128 status=00000000 exception=00000000 returned=128 guard=1 bytes=FFFFFFFF00000000FFFFFFFF00000000FFFFFFFF00000000FFFFFFFF00000000FFFFFFFF00000000FFFFFFFF00000000FFFFFFFF00000000FFFFFFFF00000000
matrix target=10 length=0 status=C0000004 exception=00000000 returned=4294967295 guard=1 bytes=00609E03FFFFFFFF00609E03FFFFFFFF00609E03FFFFFFFF00609E03FFFFFFFF00609E03FFFFFFFF00609E03FFFFFFFF00609E03FFFFFFFF00609E03FFFFFFFF
matrix target=10 length=1 status=C0000004 exception=00000000 returned=4294967295 guard=1 bytes=00609E03FFFFFFFF00609E03FFFFFFFF00609E03FFFFFFFF00609E03FFFFFFFF00609E03FFFFFFFF00609E03FFFFFFFF00609E03FFFFFFFF00609E03FFFFFFFF
matrix target=10 length=7 status=C0000004 exception=00000000 returned=4294967295 guard=1 bytes=00609E03FFFFFFFF00609E03FFFFFFFF00609E03FFFFFFFF00609E03FFFFFFFF00609E03FFFFFFFF00609E03FFFFFFFF00609E03FFFFFFFF00609E03FFFFFFFF
matrix target=10 length=8 status=00000000 exception=00000000 returned=8 guard=1 bytes=00609E030000000000609E03FFFFFFFF00609E03FFFFFFFF00609E03FFFFFFFF00609E03FFFFFFFF00609E03FFFFFFFF00609E03FFFFFFFF00609E03FFFFFFFF
matrix target=10 length=12 status=00000000 exception=00000000 returned=8 guard=1 bytes=00609E030000000000609E03FFFFFFFF00609E03FFFFFFFF00609E03FFFFFFFF00609E03FFFFFFFF00609E03FFFFFFFF00609E03FFFFFFFF00609E03FFFFFFFF
matrix target=10 length=15 status=00000000 exception=00000000 returned=8 guard=1 bytes=00609E030000000000609E03FFFFFFFF00609E03FFFFFFFF00609E03FFFFFFFF00609E03FFFFFFFF00609E03FFFFFFFF00609E03FFFFFFFF00609E03FFFFFFFF
matrix target=10 length=16 status=00000000 exception=00000000 returned=16 guard=1 bytes=00609E030000000000609E030000000000609E03FFFFFFFF00609E03FFFFFFFF00609E03FFFFFFFF00609E03FFFFFFFF00609E03FFFFFFFF00609E03FFFFFFFF
matrix target=10 length=17 status=00000000 exception=00000000 returned=16 guard=1 bytes=00609E030000000000609E030000000000609E03FFFFFFFF00609E03FFFFFFFF00609E03FFFFFFFF00609E03FFFFFFFF00609E03FFFFFFFF00609E03FFFFFFFF
matrix target=10 length=24 status=00000000 exception=00000000 returned=24 guard=1 bytes=00609E030000000000609E030000000000609E030000000000609E03FFFFFFFF00609E03FFFFFFFF00609E03FFFFFFFF00609E03FFFFFFFF00609E03FFFFFFFF
matrix target=10 length=31 status=00000000 exception=00000000 returned=24 guard=1 bytes=00609E030000000000609E030000000000609E030000000000609E03FFFFFFFF00609E03FFFFFFFF00609E03FFFFFFFF00609E03FFFFFFFF00609E03FFFFFFFF
matrix target=10 length=32 status=00000000 exception=00000000 returned=32 guard=1 bytes=00609E030000000000609E030000000000609E030000000000609E030000000000609E03FFFFFFFF00609E03FFFFFFFF00609E03FFFFFFFF00609E03FFFFFFFF
matrix target=10 length=64 status=00000000 exception=00000000 returned=64 guard=1 bytes=00609E030000000000609E030000000000609E030000000000609E030000000000609E030000000000609E030000000000609E030000000000609E0300000000
matrix target=10 length=80 status=00000000 exception=00000000 returned=80 guard=1 bytes=00609E030000000000609E030000000000609E030000000000609E030000000000609E030000000000609E030000000000609E030000000000609E0300000000
matrix target=10 length=128 status=00000000 exception=00000000 returned=128 guard=1 bytes=00609E030000000000609E030000000000609E030000000000609E030000000000609E030000000000609E030000000000609E030000000000609E0300000000
matrix target=11 length=0 status=C0000004 exception=00000000 returned=4294967295 guard=1 bytes=01209E03FFFFFFFF01209E03FFFFFFFF01209E03FFFFFFFF01209E03FFFFFFFF01209E03FFFFFFFF01209E03FFFFFFFF01209E03FFFFFFFF01209E03FFFFFFFF
matrix target=11 length=1 status=C0000004 exception=00000000 returned=4294967295 guard=1 bytes=01209E03FFFFFFFF01209E03FFFFFFFF01209E03FFFFFFFF01209E03FFFFFFFF01209E03FFFFFFFF01209E03FFFFFFFF01209E03FFFFFFFF01209E03FFFFFFFF
matrix target=11 length=7 status=C0000004 exception=00000000 returned=4294967295 guard=1 bytes=01209E03FFFFFFFF01209E03FFFFFFFF01209E03FFFFFFFF01209E03FFFFFFFF01209E03FFFFFFFF01209E03FFFFFFFF01209E03FFFFFFFF01209E03FFFFFFFF
matrix target=11 length=8 status=00000000 exception=00000000 returned=8 guard=1 bytes=01209E030000000001209E03FFFFFFFF01209E03FFFFFFFF01209E03FFFFFFFF01209E03FFFFFFFF01209E03FFFFFFFF01209E03FFFFFFFF01209E03FFFFFFFF
matrix target=11 length=12 status=00000000 exception=00000000 returned=8 guard=1 bytes=01209E030000000001209E03FFFFFFFF01209E03FFFFFFFF01209E03FFFFFFFF01209E03FFFFFFFF01209E03FFFFFFFF01209E03FFFFFFFF01209E03FFFFFFFF
matrix target=11 length=15 status=00000000 exception=00000000 returned=8 guard=1 bytes=01209E030000000001209E03FFFFFFFF01209E03FFFFFFFF01209E03FFFFFFFF01209E03FFFFFFFF01209E03FFFFFFFF01209E03FFFFFFFF01209E03FFFFFFFF
matrix target=11 length=16 status=00000000 exception=00000000 returned=16 guard=1 bytes=01209E030000000001209E030000000001209E03FFFFFFFF01209E03FFFFFFFF01209E03FFFFFFFF01209E03FFFFFFFF01209E03FFFFFFFF01209E03FFFFFFFF
matrix target=11 length=17 status=00000000 exception=00000000 returned=16 guard=1 bytes=01209E030000000001209E030000000001209E03FFFFFFFF01209E03FFFFFFFF01209E03FFFFFFFF01209E03FFFFFFFF01209E03FFFFFFFF01209E03FFFFFFFF
matrix target=11 length=24 status=00000000 exception=00000000 returned=24 guard=1 bytes=01209E030000000001209E030000000001209E030000000001209E03FFFFFFFF01209E03FFFFFFFF01209E03FFFFFFFF01209E03FFFFFFFF01209E03FFFFFFFF
matrix target=11 length=31 status=00000000 exception=00000000 returned=24 guard=1 bytes=01209E030000000001209E030000000001209E030000000001209E03FFFFFFFF01209E03FFFFFFFF01209E03FFFFFFFF01209E03FFFFFFFF01209E03FFFFFFFF
matrix target=11 length=32 status=00000000 exception=00000000 returned=32 guard=1 bytes=01209E030000000001209E030000000001209E030000000001209E030000000001209E03FFFFFFFF01209E03FFFFFFFF01209E03FFFFFFFF01209E03FFFFFFFF
matrix target=11 length=64 status=00000000 exception=00000000 returned=64 guard=1 bytes=01209E030000000001209E030000000001209E030000000001209E030000000001209E030000000001209E030000000001209E030000000001209E0300000000
matrix target=11 length=80 status=00000000 exception=00000000 returned=80 guard=1 bytes=01209E030000000001209E030000000001209E030000000001209E030000000001209E030000000001209E030000000001209E030000000001209E0300000000
matrix target=11 length=128 status=00000000 exception=00000000 returned=128 guard=1 bytes=01209E030000000001209E030000000001209E030000000001209E030000000001209E030000000001209E030000000001209E030000000001209E0300000000
fault role=0 length=64 status=00000000 exception=00000000 guards=00 bytes=50C212770382004550C212770382004550C212770382004550C212770382004550C212770382004550C212770382004550C212770382004550C2127703820045 returned=40000000A5A5A5A5A5A5A5A5A5A5A5A5
fault role=1 length=0 status=C0000004 exception=00000000 guards=00 bytes=50C21277FFFFFFFF50C21277FFFFFFFF50C21277FFFFFFFF50C21277FFFFFFFF50C21277FFFFFFFF50C21277FFFFFFFF50C21277FFFFFFFF50C21277FFFFFFFF returned=A5A5A5A5A5A5A5A5A5A5A5A5A5A5A5A5
fault role=2 length=64 status=C0000005 exception=00000000 guards=00 bytes=50C21277FFFFFFFF50C21277FFFFFFFF50C21277FFFFFFFF50C21277FFFFFFFF50C21277FFFFFFFF50C21277FFFFFFFF50C21277FFFFFFFF50C21277FFFFFFFF returned=A5A5A5A5A5A5A5A5A5A5A5A5A5A5A5A5
fault role=3 length=64 status=C0000005 exception=00000000 guards=00 bytes=50C21277FFFFFFFF50C21277FFFFFFFF50C21277FFFFFFFF50C21277FFFFFFFF50C21277FFFFFFFF50C21277FFFFFFFF50C21277FFFFFFFF50C21277FFFFFFFF returned=A5A5A5A5A5A5A5A5A5A5A5A5A5A5A5A5
fault role=4 length=64 status=00000000 exception=00000000 guards=00 bytes=50C21277FF00000000C21277FF00000000C21277FF00000000C21277FF00000000C21277FF00000000C21277FF00000000C21277FF00000000C21277FF000000 returned=40000000A5A5A5A5A5A5A5A5A5A5A5A5
fault role=5 length=64 status=00000000 exception=00000000 guards=00 bytes=50C21277FFFFFFFF00000000FFFFFFFF00000000FFFFFFFF00000000FFFFFFFF00000000FFFFFFFF00000000FFFFFFFF00000000FFFFFFFF00000000FFFFFFFF returned=40000000A5A5A5A5A5A5A5A5A5A5A5A5
fault role=6 length=64 status=00000000 exception=00000000 guards=00 bytes=50C212770382004550C212770382004550C212770382004550C212770382004550C212770382004550C212770382004550C212770382004550C2127703820045 returned=A5A5A5A5A5A5A5A5A5A5A5A5A5A5A5A5
fault role=7 length=64 status=00000000 exception=00000000 guards=00 bytes=50C212770382004550C212770382004550C212770382004550C212770382004550C212770382004550C212770382004550C212770382004550C2127703820045 returned=A540000000A5A5A5A5A5A5A5A5A5A5A5
fault role=8 length=64 status=C0000008 exception=00000000 guards=00 bytes=50C21277FFFFFFFF50C21277FFFFFFFF50C21277FFFFFFFF50C21277FFFFFFFF50C21277FFFFFFFF50C21277FFFFFFFF50C21277FFFFFFFF50C21277FFFFFFFF returned=A5A5A5A5A5A5A5A5A5A5A5A5A5A5A5A5
fault role=9 length=64 status=C0000024 exception=00000000 guards=00 bytes=50C21277FFFFFFFF50C21277FFFFFFFF50C21277FFFFFFFF50C21277FFFFFFFF50C21277FFFFFFFF50C21277FFFFFFFF50C21277FFFFFFFF50C21277FFFFFFFF returned=A5A5A5A5A5A5A5A5A5A5A5A5A5A5A5A5
fault role=10 length=64 status=C000000D exception=00000000 guards=00 bytes=50C21277FFFFFFFF50C21277FFFFFFFF50C21277FFFFFFFF50C21277FFFFFFFF50C21277FFFFFFFF50C21277FFFFFFFF50C21277FFFFFFFF50C21277FFFFFFFF returned=A5A5A5A5A5A5A5A5A5A5A5A5A5A5A5A5
fault role=11 length=64 status=00000000 exception=00000000 guards=00 bytes=50C212770382004550C212770382004550C212770382004550C212770382004550C212770382004550C212770382004550C212770382004550C2127703820045 returned=40000000A5A5A5A5A5A5A5A5A5A5A5A5
fault role=12 length=64 status=C0000005 exception=00000000 guards=00 bytes=50C21277FFFFFFFF50C21277FFFFFFFF50C21277FFFFFFFF50C21277FFFFFFFF50C21277FFFFFFFF50C21277FFFFFFFF50C21277FFFFFFFF50C21277FFFFFFFF returned=A5A5A5A5A5A5A5A5A5A5A5A5A5A5A5A5
fault role=13 length=64 status=80000001 exception=00000000 guards=00 bytes=50C21277FFFFFFFF50C21277FFFFFFFF50C21277FFFFFFFF50C21277FFFFFFFF50C21277FFFFFFFF50C21277FFFFFFFF50C21277FFFFFFFF50C21277FFFFFFFF returned=A5A5A5A5A5A5A5A5A5A5A5A5A5A5A5A5
fault role=14 length=64 status=00000000 exception=00000000 guards=00 bytes=50C212770382004550C212770382004550C212770382004550C212770382004550C212770382004550C212770382004550C212770382004550C2127703820045 returned=A5A5A5A5A5A5A5A5A5A5A5A5A5A5A5A5
fault role=15 length=64 status=00000000 exception=00000000 guards=00 bytes=50C212770382004550C212770382004550C212770382004550C212770382004550C212770382004550C212770382004550C212770382004550C2127703820045 returned=A5A5A5A5A5A5A5A5A5A5A5A5A5A5A5A5
fault role=16 length=64 status=80000001 exception=00000000 guards=00 bytes=50C21277FFFFFFFF50C21277FFFFFFFF50C21277FFFFFFFF50C21277FFFFFFFF50C21277FFFFFFFF50C21277FFFFFFFF50C21277FFFFFFFF50C21277FFFFFFFF returned=A5A5A5A5A5A5A5A5A5A5A5A5A5A5A5A5
fault role=17 length=64 status=00000000 exception=00000000 guards=00 bytes=50C21277FFFFFFFF50C21277FFFFFFFF50C21277FFFFFFFF50C21277FFFFFFFF50C21277FFFFFFFF50C21277FFFFFFFF50C21277FFFFFFFF50C21277FFFFFFFF returned=A5A5A5A5A5A5A5A5A5A5A5A5A5A5A5A5
fault role=18 length=64 status=00000000 exception=00000000 guards=00 bytes=400000000382004550C212770382004550C212770382004550C212770382004550C212770382004550C212770382004550C212770382004550C2127703820045 returned=A5A5A5A5A5A5A5A5A5A5A5A5A5A5A5A5
fault role=19 length=17 status=00000000 exception=00000000 guards=00 bytes=50C21277FFFFFFFF50C21277FFFFFFFF50C21277FFFFFFFF50C21277FFFFFFFF50C21277FFFFFFFF50C21277FFFFFFFF50C21277FFFFFFFF50C21277FFFFFFFF returned=10000000A5A5A5A5A5A5A5A5A5A5A5A5
fault role=20 length=9 status=00000000 exception=00000000 guards=00 bytes=50C21277FFFFFFFF50C21277FFFFFFFF50C21277FFFFFFFF50C21277FFFFFFFF50C21277FFFFFFFF50C21277FFFFFFFF50C21277FFFFFFFF50C21277FFFFFFFF returned=08000000A5A5A5A5A5A5A5A5A5A5A5A5
fault role=21 length=16 status=00000000 exception=00000000 guards=00 bytes=50C21277FFFFFFFF50C21277FFFFFFFF50C21277FFFFFFFF50C21277FFFFFFFF50C21277FFFFFFFF50C21277FFFFFFFF50C21277FFFFFFFF50C21277FFFFFFFF returned=10000000A5A5A5A5A5A5A5A5A5A5A5A5
fault role=22 length=8 status=00000000 exception=00000000 guards=00 bytes=50C21277FFFFFFFF50C21277FFFFFFFF50C21277FFFFFFFF50C21277FFFFFFFF50C21277FFFFFFFF50C21277FFFFFFFF50C21277FFFFFFFF50C21277FFFFFFFF returned=08000000A5A5A5A5A5A5A5A5A5A5A5A5
fault role=23 length=0 status=C0000004 exception=00000000 guards=00 bytes=50C21277FFFFFFFF50C21277FFFFFFFF50C21277FFFFFFFF50C21277FFFFFFFF50C21277FFFFFFFF50C21277FFFFFFFF50C21277FFFFFFFF50C21277FFFFFFFF returned=A5A5A5A5A5A5A5A5A5A5A5A5A5A5A5A5
fault role=24 length=64 status=C0000005 exception=00000000 guards=00 bytes=50C21277FFFFFFFF50C21277FFFFFFFF50C21277FFFFFFFF50C21277FFFFFFFF50C21277FFFFFFFF50C21277FFFFFFFF50C21277FFFFFFFF50C21277FFFFFFFF returned=A5A5A5A5A5A5A5A5A5A5A5A5A5A5A5A5
fault role=25 length=7 status=C0000004 exception=00000000 guards=00 bytes=50C21277FFFFFFFF50C21277FFFFFFFF50C21277FFFFFFFF50C21277FFFFFFFF50C21277FFFFFFFF50C21277FFFFFFFF50C21277FFFFFFFF50C21277FFFFFFFF returned=A5A5A5A5A5A5A5A5A5A5A5A5A5A5A5A5
fault role=26 length=4294967295 status=C0000017 exception=00000000 guards=00 bytes=50C21277FFFFFFFF50C21277FFFFFFFF50C21277FFFFFFFF50C21277FFFFFFFF50C21277FFFFFFFF50C21277FFFFFFFF50C21277FFFFFFFF50C21277FFFFFFFF returned=A5A5A5A5A5A5A5A5A5A5A5A5A5A5A5A5
fault role=27 length=2147483648 status=C0000017 exception=00000000 guards=00 bytes=50C21277FFFFFFFF50C21277FFFFFFFF50C21277FFFFFFFF50C21277FFFFFFFF50C21277FFFFFFFF50C21277FFFFFFFF50C21277FFFFFFFF50C21277FFFFFFFF returned=A5A5A5A5A5A5A5A5A5A5A5A5A5A5A5A5
fault role=28 length=64 status=00000000 exception=00000000 guards=00 bytes=50C212770382004550C212770382004550C212770382004550C212770382004550C212770382004550C212770382004550C212770382004550C2127703820045 returned=A5A5A5A5A5A5A5A5A5A5A5A5A5A5A5A5
fault role=29 length=64 status=C0000005 exception=00000000 guards=00 bytes=50C21277FFFFFFFF50C21277FFFFFFFF50C21277FFFFFFFF50C21277FFFFFFFF50C21277FFFFFFFF50C21277FFFFFFFF50C21277FFFFFFFF50C21277FFFFFFFF returned=A5A5A5A5A5A5A5A5A5A5A5A5A5A5A5A5
rights access=10 status=C0000022 exception=00000000 returned=4294967295 flags=A5A5A5A5
rights access=400 status=00000000 exception=00000000 returned=8 flags=45008203
rights access=1000 status=00000000 exception=00000000 returned=8 flags=45008203
rights access=1010 status=00000000 exception=00000000 returned=8 flags=45008203
rights access=410 status=00000000 exception=00000000 returned=8 flags=45008203
rights access=1FFFFF status=00000000 exception=00000000 returned=8 flags=45008203
