program C:\Windows\Temp\assist-native-rax-20261010\src\tests\fixtures\user\windows\bin\arm64\smoke.exe
arch=arm64 PEB=0x7ffdf000 ProcessHeap=Ok(65536) heaps=Heaps { heaps: {65536: Heap { flags: 0, align: 16, max: 0, segments: [(65536, 1048576)], free: {69152: 1044960}, by_size: {(1044960, 69152)}, used: {65792: (1040, 1040), 68320: (32, 26), 69088: (32, 20), 69120: (16, 8), 69136: (16, 12), 67472: (96, 88), 67568: (288, 288), 66896: (48, 34), 66848: (48, 34), 68352: (288, 288), 68752: (288, 288), 68720: (32, 30), 67920: (32, 20), 68240: (80, 66), 67952: (288, 288), 68640: (80, 70), 66944: (48, 40), 66992: (480, 470), 67856: (64, 60), 66832: (16, 8), 69040: (48, 34)} }}, align: 16 }
module probe.exe base=0x140000000 size=0x3000 entry=0x140001048
module ntdll.dll base=0x180000000 size=0x473000 entry=0x0
module kernel32.dll base=0x150000 size=0x171000 entry=0x157460
module KernelBase.dll base=0x2d0000 size=0x6e6000 entry=0x2dbf90
native LdrInitializeThunk target=0x1800ef6e0 context=0xabfbc0
kernel-before turn=36 service=0x36 PC=0x1800013a0 registers=[fa, 1803ca4c0, 10, abfb30, 0, 0]
kernel-after turn=36 service=0x36 PC=0x1800013a4 X0=0x0
kernel-before turn=141 service=0x48 PC=0x1800014c0 registers=[1803c9350, 1f0003, 0, 0, 0, 0]
kernel-after turn=141 service=0x48 PC=0x1800014c4 X0=0x0
kernel-before turn=160 service=0x119 PC=0x1800021d0 registers=[9, abfaf8, 8, abfaf0, 0, 0]
hotpatch-before info=0xabfaf8 bytes=Ok([01, 00, 00, 00, 00, 00, 00, 00]) returned=0xabfaf0 bytes=Ok([00, 00, 00, 00])
kernel-after turn=160 service=0x119 PC=0x1800021d4 X0=0xc00000bb
hotpatch-after info=0xabfaf8 bytes=Ok([01, 00, 00, 00, 00, 00, 00, 00]) returned=0xabfaf0 bytes=Ok([00, 00, 00, 00])
kernel-before turn=210 service=0xe PC=0x1800010e0 registers=[10, 0, 1488, abfaf0, 0, 0]
kernel-after turn=210 service=0xe PC=0x1800010e4 X0=0x0
kernel-before turn=252 service=0x48 PC=0x1800014c0 registers=[1803c93a0, 1f0003, 0, 0, 0, 0]
kernel-after turn=252 service=0x48 PC=0x1800014c4 X0=0x0
kernel-before turn=298 service=0x36 PC=0x1800013a0 registers=[0, abfa20, 40, 0, 0, 0]
kernel-after turn=298 service=0x36 PC=0x1800013a4 X0=0x0
kernel-before turn=418 service=0x19 PC=0x1800011a0 registers=[ffffffffffffffff, 24, abe9f0, 4, 0, 0]
kernel-after turn=418 service=0x19 PC=0x1800011a4 X0=0x0
kernel-before turn=709 service=0x12 PC=0x180001130 registers=[abe868, 80000000, abe8a0, abe8e0, 0, 18034f740]
NtOpenKey attributes=0xabe8a0 bytes=Ok([30, 00, 00, 00, 00, 00, 00, 00, 00, 00, 00, 00, 00, 00, 00, 00, 90, e8, ab, 00, 00, 00, 00, 00, 40, 02, 00, 00, 00, 00, 00, 00, 00, 00, 00, 00, 00, 00, 00, 00, 00, 00, 00, 00, 00, 00, 00, 00])
NtOpenKey name struct=0xabe890 length=126 buffer=0x18034f6d0 bytes=Ok([5c, 00, 52, 00, 65, 00, 67, 00, 69, 00, 73, 00, 74, 00, 72, 00, 79, 00, 5c, 00, 4d, 00, 61, 00, 63, 00, 68, 00, 69, 00, 6e, 00, 65, 00, 5c, 00, 53, 00, 79, 00, 73, 00, 74, 00, 65, 00, 6d, 00, 5c, 00, 43, 00, 75, 00, 72, 00, 72, 00, 65, 00, 6e, 00, 74, 00, 43, 00, 6f, 00, 6e, 00, 74, 00, 72, 00, 6f, 00, 6c, 00, 53, 00, 65, 00, 74, 00, 5c, 00, 43, 00, 6f, 00, 6e, 00, 74, 00, 72, 00, 6f, 00, 6c, 00, 5c, 00, 4e, 00, 6c, 00, 73, 00, 5c, 00, 43, 00, 6f, 00, 64, 00, 65, 00, 50, 00, 61, 00, 67, 00, 65, 00])
kernel-after turn=709 service=0x12 PC=0x180001134 X0=0x0
NtOpenKey output handle bytes=Ok([18, 00, 00, 00, 00, 00, 00, 00])
kernel-before turn=749 service=0x17 PC=0x180001180 registers=[18, abe870, 2, abe8d0, 24, abe860]
NtQueryValueKey name length=6 bytes=Ok([41, 00, 43, 00, 50, 00])
kernel-after turn=749 service=0x17 PC=0x180001184 X0=0x0
NtQueryValueKey output=Ok([00, 00, 00, 00, 01, 00, 00, 00, 0a, 00, 00, 00, 31, 00, 32, 00, 35, 00, 32, 00, 00, 00, 00, 00, 00, 00, 00, 00, 00, 00, 00, 00, 00, 00, 00, 00]) ResultLength=Ok([16, 00, 00, 00])
kernel-before turn=928 service=0x17 PC=0x180001180 registers=[18, abe870, 2, abe8d0, 24, abe860]
NtQueryValueKey name length=10 bytes=Ok([4f, 00, 45, 00, 4d, 00, 43, 00, 50, 00])
kernel-after turn=928 service=0x17 PC=0x180001184 X0=0x0
NtQueryValueKey output=Ok([00, 00, 00, 00, 01, 00, 00, 00, 08, 00, 00, 00, 34, 00, 33, 00, 37, 00, 00, 00, 00, 00, 00, 00, 00, 00, 00, 00, 00, 00, 00, 00, 00, 00, 00, 00]) ResultLength=Ok([14, 00, 00, 00])
kernel-before turn=1056 service=0xf PC=0x1800010f0 registers=[18, a, abe954, abe8d0, 24, abe8dc]
kernel-after turn=1056 service=0xf PC=0x1800010f4 X0=0x0
kernel-before turn=1101 service=0x101 PC=0x180002050 registers=[b, 4e4, 0, 1803bdd00, 0, abe8dc]
kernel-after turn=1101 service=0x101 PC=0x180002054 X0=0x0
NtGetNlsSectionPtr output=Ok(ac0000) size-pointer=0x0 size=Ok([]) view=Some(RegionInfo { base: 11272192, allocation_base: 11272192, allocation_protect: 2, size: 69632, state: 4096, protect: 2, kind: 262144 }) prefix=Some([0d, 00, e4, 04, 01, 00, 3f, 00, 3f, 00, 3f, 00, 3f, 00, 00, 00, 00, 00, 00, 00, 00, 00, 00, 00, 00, 00, 03, 01, 00, 00, 01, 00])
kernel-before turn=1112 service=0x101 PC=0x180002050 registers=[b, 1b5, 0, 1803bdd08, 0, abe8dc]
kernel-after turn=1112 service=0x101 PC=0x180002054 X0=0x0
NtGetNlsSectionPtr output=Ok(ae0000) size-pointer=0x0 size=Ok([]) view=Some(RegionInfo { base: 11403264, allocation_base: 11403264, allocation_protect: 2, size: 69632, state: 4096, protect: 2, kind: 262144 }) prefix=Some([0d, 00, b5, 01, 01, 00, 3f, 00, 3f, 00, 3f, 00, 3f, 00, 00, 00, 00, 00, 00, 00, 00, 00, 00, 00, 00, 00, 03, 02, 00, 00, 01, 00])
kernel-before turn=2412 service=0x23 PC=0x180001240 registers=[ffffffffffffffff, 180000000, 6, abe930, 18, 0]
kernel-after turn=2412 service=0x23 PC=0x180001244 X0=0x0
NtQueryVirtualMemory address=0x180000000 output=0xabe930 supplied-bytes=24 record=Ok([00, 00, 00, 80, 01, 00, 00, 00, 00, 30, 47, 00, 00, 00, 00, 00, 00, 00, 00, 00, 00, 00, 00, 00]) length-pointer=0x0 length-bytes=Ok([])
kernel-before turn=2778 service=0x23 PC=0x180001240 registers=[ffffffffffffffff, 0, 4, abf530, 50, 0]
kernel-after turn=2778 service=0x23 PC=0x180001244 X0=0x0
NtQueryVirtualMemory address=0x0 output=0xabf530 supplied-bytes=80 record=Ok([70, 13, 00, 80, 01, 00, 00, 00, 01, 02, 00, 05, 00, 00, 00, 00, e0, 14, 00, 80, 01, 00, 00, 00, 01, 02, 00, 05, 00, 00, 00, 00, 10, 14, 00, 80, 01, 00, 00, 00, 01, 02, 00, 05, 00, 00, 00, 00, b0, 13, 00, 80, 01, 00, 00, 00, 01, 02, 00, 05, 00, 00, 00, 00, a0, 12, 00, 80, 01, 00, 00, 00, 01, 02, 00, 05, 00, 00, 00, 00]) length-pointer=0x0 length-bytes=Ok([])
kernel-before turn=3128 service=0x50 PC=0x180001540 registers=[ffffffffffffffff, abe8f0, abe8e8, 2, abe8e0, 0]
kernel-after turn=3128 service=0x50 PC=0x180001544 X0=0x0
kernel-before turn=3237 service=0x12 PC=0x180001130 registers=[abe638, 1, 180360e70, abea18, abe9c8, abe990]
NtOpenKey attributes=0x180360e70 bytes=Ok([30, 00, 00, 00, 00, 00, 00, 00, 00, 00, 00, 00, 00, 00, 00, 00, 78, 0d, 36, 80, 01, 00, 00, 00, 40, 00, 00, 00, 00, 00, 00, 00, 00, 00, 00, 00, 00, 00, 00, 00, 00, 00, 00, 00, 00, 00, 00, 00])
NtOpenKey name struct=0x180360d78 length=132 buffer=0x18035f100 bytes=Ok([5c, 00, 52, 00, 65, 00, 67, 00, 69, 00, 73, 00, 74, 00, 72, 00, 79, 00, 5c, 00, 4d, 00, 41, 00, 43, 00, 48, 00, 49, 00, 4e, 00, 45, 00, 5c, 00, 53, 00, 79, 00, 73, 00, 74, 00, 65, 00, 6d, 00, 5c, 00, 43, 00, 75, 00, 72, 00, 72, 00, 65, 00, 6e, 00, 74, 00, 43, 00, 6f, 00, 6e, 00, 74, 00, 72, 00, 6f, 00, 6c, 00, 53, 00, 65, 00, 74, 00, 5c, 00, 43, 00, 6f, 00, 6e, 00, 74, 00, 72, 00, 6f, 00, 6c, 00, 5c, 00, 53, 00, 65, 00, 73, 00, 73, 00, 69, 00, 6f, 00, 6e, 00, 20, 00, 4d, 00, 61, 00, 6e, 00, 61, 00, 67, 00, 65, 00, 72, 00])
kernel-after turn=3237 service=0x12 PC=0x180001134 X0=0xabe638
NtOpenKey output handle bytes=Ok([00, 00, 00, 00, 00, 00, 00, 00])
turn=3206 thread=8 PC=0x1800cf0f8 SP=0xabe6c0 bytes=Ok([ff, 7f, 00, 29]) insn=Some("Ok(DecodedInsn { mnemonic: STP, cond: None, operands: [Reg(Register { num: 31, is_64bit: false, is_sp: false, kind: Gpr }), Reg(Register { num: 31, is_64bit: false, is_sp: false, kind: Gpr }), Mem(MemOperand { base: Register { num: 31, is_64bit: true, is_sp: true, kind: Sp }, offset: Imm(0), mode: Offset })], sets_flags: false, raw: 687898623, size: 4, state: Aarch64 })") registers=[abe9d0, 7ffdf000, 180000000, abea18, abe9c8, abe990, 20, 0, ffffffff, 0, 0, 1803ce650, 210, 0, 0, ae001a, a8397b1dcdaf, ffff57c6858e1b51, 7ffdd000, 0, 7ffdf000, 0, 0, 0, 180000000, 0, abfbc0, abe9d0, 0, abe910, 1800cf0ac]
turn=3207 thread=8 PC=0x1800cf0fc SP=0xabe6c0 bytes=Ok([ff, 1b, 00, b9]) insn=Some("Ok(DecodedInsn { mnemonic: STR, cond: None, operands: [Reg(Register { num: 31, is_64bit: false, is_sp: false, kind: Gpr }), Mem(MemOperand { base: Register { num: 31, is_64bit: true, is_sp: true, kind: Sp }, offset: Imm(24), mode: Offset })], sets_flags: false, raw: 3103792127, size: 4, state: Aarch64 })") registers=[abe9d0, 7ffdf000, 180000000, abea18, abe9c8, abe990, 20, 0, ffffffff, 0, 0, 1803ce650, 210, 0, 0, ae001a, a8397b1dcdaf, ffff57c6858e1b51, 7ffdd000, 0, 7ffdf000, 0, 0, 0, 180000000, 0, abfbc0, abe9d0, 0, abe910, 1800cf0ac]
turn=3208 thread=8 PC=0x1800cf100 SP=0xabe6c0 bytes=Ok([38, 00, 80, 52]) insn=Some("Ok(DecodedInsn { mnemonic: MOVZ, cond: None, operands: [Reg(Register { num: 24, is_64bit: false, is_sp: false, kind: Gpr }), Imm(Immediate { value: 1, shift: 0 })], sets_flags: false, raw: 1384120376, size: 4, state: Aarch64 })") registers=[abe9d0, 7ffdf000, 180000000, abea18, abe9c8, abe990, 20, 0, ffffffff, 0, 0, 1803ce650, 210, 0, 0, ae001a, a8397b1dcdaf, ffff57c6858e1b51, 7ffdd000, 0, 7ffdf000, 0, 0, 0, 180000000, 0, abfbc0, abe9d0, 0, abe910, 1800cf0ac]
turn=3209 thread=8 PC=0x1800cf104 SP=0xabe6c0 bytes=Ok([9f, 00, 00, f9]) insn=Some("Ok(DecodedInsn { mnemonic: STR, cond: None, operands: [Reg(Register { num: 31, is_64bit: true, is_sp: false, kind: Gpr }), Mem(MemOperand { base: Register { num: 4, is_64bit: true, is_sp: false, kind: Gpr }, offset: Imm(0), mode: Offset })], sets_flags: false, raw: 4177526943, size: 4, state: Aarch64 })") registers=[abe9d0, 7ffdf000, 180000000, abea18, abe9c8, abe990, 20, 0, ffffffff, 0, 0, 1803ce650, 210, 0, 0, ae001a, a8397b1dcdaf, ffff57c6858e1b51, 7ffdd000, 0, 7ffdf000, 0, 0, 0, 1, 0, abfbc0, abe9d0, 0, abe910, 1800cf0ac]
turn=3210 thread=8 PC=0x1800cf108 SP=0xabe6c0 bytes=Ok([1a, 00, 80, d2]) insn=Some("Ok(DecodedInsn { mnemonic: MOVZ, cond: None, operands: [Reg(Register { num: 26, is_64bit: true, is_sp: false, kind: Gpr }), Imm(Immediate { value: 0, shift: 0 })], sets_flags: false, raw: 3531603994, size: 4, state: Aarch64 })") registers=[abe9d0, 7ffdf000, 180000000, abea18, abe9c8, abe990, 20, 0, ffffffff, 0, 0, 1803ce650, 210, 0, 0, ae001a, a8397b1dcdaf, ffff57c6858e1b51, 7ffdd000, 0, 7ffdf000, 0, 0, 0, 1, 0, abfbc0, abe9d0, 0, abe910, 1800cf0ac]
turn=3211 thread=8 PC=0x1800cf10c SP=0xabe6c0 bytes=Ok([ff, 0b, 04, a9]) insn=Some("Ok(DecodedInsn { mnemonic: STP, cond: None, operands: [Reg(Register { num: 31, is_64bit: true, is_sp: false, kind: Gpr }), Reg(Register { num: 2, is_64bit: true, is_sp: false, kind: Gpr }), Mem(MemOperand { base: Register { num: 31, is_64bit: true, is_sp: true, kind: Sp }, offset: Imm(64), mode: Offset })], sets_flags: false, raw: 2835614719, size: 4, state: Aarch64 })") registers=[abe9d0, 7ffdf000, 180000000, abea18, abe9c8, abe990, 20, 0, ffffffff, 0, 0, 1803ce650, 210, 0, 0, ae001a, a8397b1dcdaf, ffff57c6858e1b51, 7ffdd000, 0, 7ffdf000, 0, 0, 0, 1, 0, 0, abe9d0, 0, abe910, 1800cf0ac]
turn=3212 thread=8 PC=0x1800cf110 SP=0xabe6c0 bytes=Ok([a0, ff, ff, 97]) insn=Some("Ok(DecodedInsn { mnemonic: BL, cond: None, operands: [Label(-384)], sets_flags: false, raw: 2550136736, size: 4, state: Aarch64 })") registers=[abe9d0, 7ffdf000, 180000000, abea18, abe9c8, abe990, 20, 0, ffffffff, 0, 0, 1803ce650, 210, 0, 0, ae001a, a8397b1dcdaf, ffff57c6858e1b51, 7ffdd000, 0, 7ffdf000, 0, 0, 0, 1, 0, 0, abe9d0, 0, abe910, 1800cf0ac]
turn=3213 thread=8 PC=0x1800cef90 SP=0xabe6c0 bytes=Ok([7f, 23, 03, d5]) insn=Some("Ok(DecodedInsn { mnemonic: HINT, cond: None, operands: [Imm(Immediate { value: 27, shift: 0 })], sets_flags: false, raw: 3573752703, size: 4, state: Aarch64 })") registers=[abe9d0, 7ffdf000, 180000000, abea18, abe9c8, abe990, 20, 0, ffffffff, 0, 0, 1803ce650, 210, 0, 0, ae001a, a8397b1dcdaf, ffff57c6858e1b51, 7ffdd000, 0, 7ffdf000, 0, 0, 0, 1, 0, 0, abe9d0, 0, abe910, 1800cf114]
turn=3214 thread=8 PC=0x1800cef94 SP=0xabe6c0 bytes=Ok([fd, 7b, be, a9]) insn=Some("Ok(DecodedInsn { mnemonic: STP, cond: None, operands: [Reg(Register { num: 29, is_64bit: true, is_sp: false, kind: Gpr }), Reg(Register { num: 30, is_64bit: true, is_sp: false, kind: Gpr }), Mem(MemOperand { base: Register { num: 31, is_64bit: true, is_sp: true, kind: Sp }, offset: Imm(-32), mode: PreIndex })], sets_flags: false, raw: 2847833085, size: 4, state: Aarch64 })") registers=[abe9d0, 7ffdf000, 180000000, abea18, abe9c8, abe990, 20, 0, ffffffff, 0, 0, 1803ce650, 210, 0, 0, ae001a, a8397b1dcdaf, ffff57c6858e1b51, 7ffdd000, 0, 7ffdf000, 0, 0, 0, 1, 0, 0, abe9d0, 0, abe910, 1800cf114]
turn=3215 thread=8 PC=0x1800cef98 SP=0xabe6a0 bytes=Ok([f3, 53, 01, a9]) insn=Some("Ok(DecodedInsn { mnemonic: STP, cond: None, operands: [Reg(Register { num: 19, is_64bit: true, is_sp: false, kind: Gpr }), Reg(Register { num: 20, is_64bit: true, is_sp: false, kind: Gpr }), Mem(MemOperand { base: Register { num: 31, is_64bit: true, is_sp: true, kind: Sp }, offset: Imm(16), mode: Offset })], sets_flags: false, raw: 2835436531, size: 4, state: Aarch64 })") registers=[abe9d0, 7ffdf000, 180000000, abea18, abe9c8, abe990, 20, 0, ffffffff, 0, 0, 1803ce650, 210, 0, 0, ae001a, a8397b1dcdaf, ffff57c6858e1b51, 7ffdd000, 0, 7ffdf000, 0, 0, 0, 1, 0, 0, abe9d0, 0, abe910, 1800cf114]
turn=3216 thread=8 PC=0x1800cef9c SP=0xabe6a0 bytes=Ok([fd, 03, 00, 91]) insn=Some("Ok(DecodedInsn { mnemonic: MOV, cond: None, operands: [Reg(Register { num: 29, is_64bit: true, is_sp: false, kind: Gpr }), Reg(Register { num: 31, is_64bit: true, is_sp: true, kind: Sp })], sets_flags: false, raw: 2432697341, size: 4, state: Aarch64 })") registers=[abe9d0, 7ffdf000, 180000000, abea18, abe9c8, abe990, 20, 0, ffffffff, 0, 0, 1803ce650, 210, 0, 0, ae001a, a8397b1dcdaf, ffff57c6858e1b51, 7ffdd000, 0, 7ffdf000, 0, 0, 0, 1, 0, 0, abe9d0, 0, abe910, 1800cf114]
turn=3217 thread=8 PC=0x1800cefa0 SP=0xabe6a0 bytes=Ok([f0, ed, 08, 94]) insn=Some("Ok(DecodedInsn { mnemonic: BL, cond: None, operands: [Label(2340800)], sets_flags: false, raw: 2483613168, size: 4, state: Aarch64 })") registers=[abe9d0, 7ffdf000, 180000000, abea18, abe9c8, abe990, 20, 0, ffffffff, 0, 0, 1803ce650, 210, 0, 0, ae001a, a8397b1dcdaf, ffff57c6858e1b51, 7ffdd000, 0, 7ffdf000, 0, 0, 0, 1, 0, 0, abe9d0, 0, abe6a0, 1800cf114]
turn=3218 thread=8 PC=0x18030a760 SP=0xabe6a0 bytes=Ok([ff, 43, 00, d1]) insn=Some("Ok(DecodedInsn { mnemonic: SUB, cond: None, operands: [Reg(Register { num: 31, is_64bit: true, is_sp: true, kind: Sp }), Reg(Register { num: 31, is_64bit: true, is_sp: true, kind: Sp }), Imm(Immediate { value: 16, shift: 0 })], sets_flags: false, raw: 3506455551, size: 4, state: Aarch64 })") registers=[abe9d0, 7ffdf000, 180000000, abea18, abe9c8, abe990, 20, 0, ffffffff, 0, 0, 1803ce650, 210, 0, 0, ae001a, a8397b1dcdaf, ffff57c6858e1b51, 7ffdd000, 0, 7ffdf000, 0, 0, 0, 1, 0, 0, abe9d0, 0, abe6a0, 1800cefa4]
turn=3219 thread=8 PC=0x18030a764 SP=0xabe690 bytes=Ok([11, 07, 00, f0]) insn=Some("Ok(DecodedInsn { mnemonic: ADRP, cond: None, operands: [Reg(Register { num: 17, is_64bit: true, is_sp: false, kind: Gpr }), Label(929792)], sets_flags: false, raw: 4026533649, size: 4, state: Aarch64 })") registers=[abe9d0, 7ffdf000, 180000000, abea18, abe9c8, abe990, 20, 0, ffffffff, 0, 0, 1803ce650, 210, 0, 0, ae001a, a8397b1dcdaf, ffff57c6858e1b51, 7ffdd000, 0, 7ffdf000, 0, 0, 0, 1, 0, 0, abe9d0, 0, abe6a0, 1800cefa4]
turn=3220 thread=8 PC=0x18030a768 SP=0xabe690 bytes=Ok([31, 4e, 46, f9]) insn=Some("Ok(DecodedInsn { mnemonic: LDR, cond: None, operands: [Reg(Register { num: 17, is_64bit: true, is_sp: false, kind: Gpr }), Mem(MemOperand { base: Register { num: 17, is_64bit: true, is_sp: false, kind: Gpr }, offset: Imm(3224), mode: Offset })], sets_flags: false, raw: 4182134321, size: 4, state: Aarch64 })") registers=[abe9d0, 7ffdf000, 180000000, abea18, abe9c8, abe990, 20, 0, ffffffff, 0, 0, 1803ce650, 210, 0, 0, ae001a, a8397b1dcdaf, 1803ed000, 7ffdd000, 0, 7ffdf000, 0, 0, 0, 1, 0, 0, abe9d0, 0, abe6a0, 1800cefa4]
turn=3221 thread=8 PC=0x18030a76c SP=0xabe690 bytes=Ok([f1, 63, 31, cb]) insn=Some("Ok(DecodedInsn { mnemonic: SUB, cond: None, operands: [Reg(Register { num: 17, is_64bit: true, is_sp: false, kind: Gpr }), Reg(Register { num: 31, is_64bit: true, is_sp: true, kind: Sp }), ExtendedReg(ExtendedRegister { reg: Register { num: 17, is_64bit: true, is_sp: false, kind: Gpr }, extend_type: UXTX, shift: 0 })], sets_flags: false, raw: 3409011697, size: 4, state: Aarch64 })") registers=[abe9d0, 7ffdf000, 180000000, abea18, abe9c8, abe990, 20, 0, ffffffff, 0, 0, 1803ce650, 210, 0, 0, ae001a, a8397b1dcdaf, a8397b1dcdaf, 7ffdd000, 0, 7ffdf000, 0, 0, 0, 1, 0, 0, abe9d0, 0, abe6a0, 1800cefa4]
turn=3222 thread=8 PC=0x18030a770 SP=0xabe690 bytes=Ok([f1, 07, 00, f9]) insn=Some("Ok(DecodedInsn { mnemonic: STR, cond: None, operands: [Reg(Register { num: 17, is_64bit: true, is_sp: false, kind: Gpr }), Mem(MemOperand { base: Register { num: 31, is_64bit: true, is_sp: true, kind: Sp }, offset: Imm(8), mode: Offset })], sets_flags: false, raw: 4177528817, size: 4, state: Aarch64 })") registers=[abe9d0, 7ffdf000, 180000000, abea18, abe9c8, abe990, 20, 0, ffffffff, 0, 0, 1803ce650, 210, 0, 0, ae001a, a8397b1dcdaf, ffff57c6858e18e1, 7ffdd000, 0, 7ffdf000, 0, 0, 0, 1, 0, 0, abe9d0, 0, abe6a0, 1800cefa4]
turn=3223 thread=8 PC=0x18030a774 SP=0xabe690 bytes=Ok([c0, 03, 5f, d6]) insn=Some("Ok(DecodedInsn { mnemonic: RET, cond: None, operands: [Reg(Register { num: 30, is_64bit: true, is_sp: false, kind: Gpr })], sets_flags: false, raw: 3596551104, size: 4, state: Aarch64 })") registers=[abe9d0, 7ffdf000, 180000000, abea18, abe9c8, abe990, 20, 0, ffffffff, 0, 0, 1803ce650, 210, 0, 0, ae001a, a8397b1dcdaf, ffff57c6858e18e1, 7ffdd000, 0, 7ffdf000, 0, 0, 0, 1, 0, 0, abe9d0, 0, abe6a0, 1800cefa4]
turn=3224 thread=8 PC=0x1800cefa4 SP=0xabe690 bytes=Ok([ff, 83, 01, d1]) insn=Some("Ok(DecodedInsn { mnemonic: SUB, cond: None, operands: [Reg(Register { num: 31, is_64bit: true, is_sp: true, kind: Sp }), Reg(Register { num: 31, is_64bit: true, is_sp: true, kind: Sp }), Imm(Immediate { value: 96, shift: 0 })], sets_flags: false, raw: 3506537471, size: 4, state: Aarch64 })") registers=[abe9d0, 7ffdf000, 180000000, abea18, abe9c8, abe990, 20, 0, ffffffff, 0, 0, 1803ce650, 210, 0, 0, ae001a, a8397b1dcdaf, ffff57c6858e18e1, 7ffdd000, 0, 7ffdf000, 0, 0, 0, 1, 0, 0, abe9d0, 0, abe6a0, 1800cefa4]
turn=3225 thread=8 PC=0x1800cefa8 SP=0xabe630 bytes=Ok([c8, 17, 00, f0]) insn=Some("Ok(DecodedInsn { mnemonic: ADRP, cond: None, operands: [Reg(Register { num: 8, is_64bit: true, is_sp: false, kind: Gpr }), Label(3125248)], sets_flags: false, raw: 4026537928, size: 4, state: Aarch64 })") registers=[abe9d0, 7ffdf000, 180000000, abea18, abe9c8, abe990, 20, 0, ffffffff, 0, 0, 1803ce650, 210, 0, 0, ae001a, a8397b1dcdaf, ffff57c6858e18e1, 7ffdd000, 0, 7ffdf000, 0, 0, 0, 1, 0, 0, abe9d0, 0, abe6a0, 1800cefa4]
turn=3226 thread=8 PC=0x1800cefac SP=0xabe630 bytes=Ok([08, 81, 4b, 39]) insn=Some("Ok(DecodedInsn { mnemonic: LDRB, cond: None, operands: [Reg(Register { num: 8, is_64bit: false, is_sp: false, kind: Gpr }), Mem(MemOperand { base: Register { num: 8, is_64bit: true, is_sp: false, kind: Gpr }, offset: Imm(736), mode: Offset })], sets_flags: false, raw: 961249544, size: 4, state: Aarch64 })") registers=[abe9d0, 7ffdf000, 180000000, abea18, abe9c8, abe990, 20, 0, 1803c9000, 0, 0, 1803ce650, 210, 0, 0, ae001a, a8397b1dcdaf, ffff57c6858e18e1, 7ffdd000, 0, 7ffdf000, 0, 0, 0, 1, 0, 0, abe9d0, 0, abe6a0, 1800cefa4]
turn=3227 thread=8 PC=0x1800cefb0 SP=0xabe630 bytes=Ok([f3, 17, 00, 90]) insn=Some("Ok(DecodedInsn { mnemonic: ADRP, cond: None, operands: [Reg(Register { num: 19, is_64bit: true, is_sp: false, kind: Gpr }), Label(3129344)], sets_flags: false, raw: 2415925235, size: 4, state: Aarch64 })") registers=[abe9d0, 7ffdf000, 180000000, abea18, abe9c8, abe990, 20, 0, 0, 0, 0, 1803ce650, 210, 0, 0, ae001a, a8397b1dcdaf, ffff57c6858e18e1, 7ffdd000, 0, 7ffdf000, 0, 0, 0, 1, 0, 0, abe9d0, 0, abe6a0, 1800cefa4]
turn=3228 thread=8 PC=0x1800cefb4 SP=0xabe630 bytes=Ok([c8, 03, 00, 35]) insn=Some("Ok(DecodedInsn { mnemonic: CBNZ, cond: None, operands: [Reg(Register { num: 8, is_64bit: false, is_sp: false, kind: Gpr }), Label(120)], sets_flags: false, raw: 889193416, size: 4, state: Aarch64 })") registers=[abe9d0, 7ffdf000, 180000000, abea18, abe9c8, abe990, 20, 0, 0, 0, 0, 1803ce650, 210, 0, 0, ae001a, a8397b1dcdaf, ffff57c6858e18e1, 7ffdd000, 1803ca000, 7ffdf000, 0, 0, 0, 1, 0, 0, abe9d0, 0, abe6a0, 1800cefa4]
turn=3229 thread=8 PC=0x1800cefb8 SP=0xabe630 bytes=Ok([88, 14, 00, d0]) insn=Some("Ok(DecodedInsn { mnemonic: ADRP, cond: None, operands: [Reg(Register { num: 8, is_64bit: true, is_sp: false, kind: Gpr }), Label(2695168)], sets_flags: false, raw: 3489666184, size: 4, state: Aarch64 })") registers=[abe9d0, 7ffdf000, 180000000, abea18, abe9c8, abe990, 20, 0, 0, 0, 0, 1803ce650, 210, 0, 0, ae001a, a8397b1dcdaf, ffff57c6858e18e1, 7ffdd000, 1803ca000, 7ffdf000, 0, 0, 0, 1, 0, 0, abe9d0, 0, abe6a0, 1800cefa4]
turn=3230 thread=8 PC=0x1800cefbc SP=0xabe630 bytes=Ok([02, c1, 39, 91]) insn=Some("Ok(DecodedInsn { mnemonic: ADD, cond: None, operands: [Reg(Register { num: 2, is_64bit: true, is_sp: false, kind: Gpr }), Reg(Register { num: 8, is_64bit: true, is_sp: false, kind: Gpr }), Imm(Immediate { value: 3696, shift: 0 })], sets_flags: false, raw: 2436481282, size: 4, state: Aarch64 })") registers=[abe9d0, 7ffdf000, 180000000, abea18, abe9c8, abe990, 20, 0, 180360000, 0, 0, 1803ce650, 210, 0, 0, ae001a, a8397b1dcdaf, ffff57c6858e18e1, 7ffdd000, 1803ca000, 7ffdf000, 0, 0, 0, 1, 0, 0, abe9d0, 0, abe6a0, 1800cefa4]
turn=3231 thread=8 PC=0x1800cefc0 SP=0xabe630 bytes=Ok([21, 00, 80, 52]) insn=Some("Ok(DecodedInsn { mnemonic: MOVZ, cond: None, operands: [Reg(Register { num: 1, is_64bit: false, is_sp: false, kind: Gpr }), Imm(Immediate { value: 1, shift: 0 })], sets_flags: false, raw: 1384120353, size: 4, state: Aarch64 })") registers=[abe9d0, 7ffdf000, 180360e70, abea18, abe9c8, abe990, 20, 0, 180360000, 0, 0, 1803ce650, 210, 0, 0, ae001a, a8397b1dcdaf, ffff57c6858e18e1, 7ffdd000, 1803ca000, 7ffdf000, 0, 0, 0, 1, 0, 0, abe9d0, 0, abe6a0, 1800cefa4]
turn=3232 thread=8 PC=0x1800cefc4 SP=0xabe630 bytes=Ok([7f, 82, 32, 39]) insn=Some("Ok(DecodedInsn { mnemonic: STRB, cond: None, operands: [Reg(Register { num: 31, is_64bit: false, is_sp: false, kind: Gpr }), Mem(MemOperand { base: Register { num: 19, is_64bit: true, is_sp: false, kind: Gpr }, offset: Imm(3232), mode: Offset })], sets_flags: false, raw: 959611519, size: 4, state: Aarch64 })") registers=[abe9d0, 1, 180360e70, abea18, abe9c8, abe990, 20, 0, 180360000, 0, 0, 1803ce650, 210, 0, 0, ae001a, a8397b1dcdaf, ffff57c6858e18e1, 7ffdd000, 1803ca000, 7ffdf000, 0, 0, 0, 1, 0, 0, abe9d0, 0, abe6a0, 1800cefa4]
turn=3233 thread=8 PC=0x1800cefc8 SP=0xabe630 bytes=Ok([e0, 23, 00, 91]) insn=Some("Ok(DecodedInsn { mnemonic: ADD, cond: None, operands: [Reg(Register { num: 0, is_64bit: true, is_sp: false, kind: Gpr }), Reg(Register { num: 31, is_64bit: true, is_sp: true, kind: Sp }), Imm(Immediate { value: 8, shift: 0 })], sets_flags: false, raw: 2432705504, size: 4, state: Aarch64 })") registers=[abe9d0, 1, 180360e70, abea18, abe9c8, abe990, 20, 0, 180360000, 0, 0, 1803ce650, 210, 0, 0, ae001a, a8397b1dcdaf, ffff57c6858e18e1, 7ffdd000, 1803ca000, 7ffdf000, 0, 0, 0, 1, 0, 0, abe9d0, 0, abe6a0, 1800cefa4]
turn=3234 thread=8 PC=0x1800cefcc SP=0xabe630 bytes=Ok([ff, 07, 00, f9]) insn=Some("Ok(DecodedInsn { mnemonic: STR, cond: None, operands: [Reg(Register { num: 31, is_64bit: true, is_sp: false, kind: Gpr }), Mem(MemOperand { base: Register { num: 31, is_64bit: true, is_sp: true, kind: Sp }, offset: Imm(8), mode: Offset })], sets_flags: false, raw: 4177528831, size: 4, state: Aarch64 })") registers=[abe638, 1, 180360e70, abea18, abe9c8, abe990, 20, 0, 180360000, 0, 0, 1803ce650, 210, 0, 0, ae001a, a8397b1dcdaf, ffff57c6858e18e1, 7ffdd000, 1803ca000, 7ffdf000, 0, 0, 0, 1, 0, 0, abe9d0, 0, abe6a0, 1800cefa4]
turn=3235 thread=8 PC=0x1800cefd0 SP=0xabe630 bytes=Ok([ff, 03, 00, b9]) insn=Some("Ok(DecodedInsn { mnemonic: STR, cond: None, operands: [Reg(Register { num: 31, is_64bit: false, is_sp: false, kind: Gpr }), Mem(MemOperand { base: Register { num: 31, is_64bit: true, is_sp: true, kind: Sp }, offset: Imm(0), mode: Offset })], sets_flags: false, raw: 3103785983, size: 4, state: Aarch64 })") registers=[abe638, 1, 180360e70, abea18, abe9c8, abe990, 20, 0, 180360000, 0, 0, 1803ce650, 210, 0, 0, ae001a, a8397b1dcdaf, ffff57c6858e18e1, 7ffdd000, 1803ca000, 7ffdf000, 0, 0, 0, 1, 0, 0, abe9d0, 0, abe6a0, 1800cefa4]
turn=3236 thread=8 PC=0x1800cefd4 SP=0xabe630 bytes=Ok([57, c8, fc, 97]) insn=Some("Ok(DecodedInsn { mnemonic: BL, cond: None, operands: [Label(-843428)], sets_flags: false, raw: 2549925975, size: 4, state: Aarch64 })") registers=[abe638, 1, 180360e70, abea18, abe9c8, abe990, 20, 0, 180360000, 0, 0, 1803ce650, 210, 0, 0, ae001a, a8397b1dcdaf, ffff57c6858e18e1, 7ffdd000, 1803ca000, 7ffdf000, 0, 0, 0, 1, 0, 0, abe9d0, 0, abe6a0, 1800cefa4]
turn=3237 thread=8 PC=0x180001130 SP=0xabe630 bytes=Ok([41, 02, 00, d4]) insn=Some("Ok(DecodedInsn { mnemonic: SVC, cond: None, operands: [Imm(Immediate { value: 18, shift: 0 })], sets_flags: false, raw: 3556770369, size: 4, state: Aarch64 })") registers=[abe638, 1, 180360e70, abea18, abe9c8, abe990, 20, 0, 180360000, 0, 0, 1803ce650, 210, 0, 0, ae001a, a8397b1dcdaf, ffff57c6858e18e1, 7ffdd000, 1803ca000, 7ffdf000, 0, 0, 0, 1, 0, 0, abe9d0, 0, abe6a0, 1800cefd8]
terminal turn=3237 Complete(Internal("native NTDLL service NtOpenKey: Unimplemented(\"NtOpenKey: registry key outside selected NLS snapshot\")"))

