**********************************************************************
** Visual Studio 2026 Developer PowerShell v18.7.1
** Copyright (c) 2026 Microsoft Corporation
**********************************************************************
pointer=8 code=00007FF867781240
capture role=0 length=64 status=C0000005 exception=00000000 guards=000 output=40127867F87F0000FFFFFFFFFFFFFFFF40127867F87F0000FFFFFFFFFFFFFFFF40127867F87F0000FFFFFFFFFFFFFFFF40127867F87F0000FFFFFFFFFFFFFFFF returned=A5A5A5A5A5A5A5A5A5A5A5A5A5A5A5A5
capture role=1 length=64 status=80000001 exception=00000000 guards=000 output=40127867F87F0000FFFFFFFFFFFFFFFF40127867F87F0000FFFFFFFFFFFFFFFF40127867F87F0000FFFFFFFFFFFFFFFF40127867F87F0000FFFFFFFFFFFFFFFF returned=A5A5A5A5A5A5A5A5A5A5A5A5A5A5A5A5
capture role=2 length=64 status=C0000005 exception=00000000 guards=000 output= returned=A5A5A5A5A5A5A5A5A5A5A5A5A5A5A5A5
capture role=3 length=64 status=80000002 exception=00000000 guards=000 output= returned=A5A5A5A5A5A5A5A5A5A5A5A5A5A5A5A5
capture role=4 length=64 status=C0000005 exception=00000000 guards=000 output=40127867F87F0000FFFFFFFFFFFFFFFF40127867F87F0000FFFFFFFFFFFFFFFF40127867F87F0000FFFFFFFFFFFFFFFF40127867F87F0000FFFFFFFFFFFFFFFF returned=A5A5A5A5A5A5A5A5A5A5A5A5A5A5A5A5
capture role=5 length=64 status=80000001 exception=00000000 guards=000 output=40127867F87F0000FFFFFFFFFFFFFFFF40127867F87F0000FFFFFFFFFFFFFFFF40127867F87F0000FFFFFFFFFFFFFFFF40127867F87F0000FFFFFFFFFFFFFFFF returned=40127867F87F0000FFFFFFFFFFFFFFFF
capture role=6 length=64 status=80000001 exception=00000000 guards=000 output=40127867F87F0000FFFFFFFFFFFFFFFF40127867F87F0000FFFFFFFFFFFFFFFF40127867F87F0000FFFFFFFFFFFFFFFF40127867F87F0000FFFFFFFFFFFFFFFF returned=40127867F87F0000FFFFFFFFFFFFFFFF
capture role=7 length=64 status=80000001 exception=00000000 guards=010 output=40127867F87F0000FFFFFFFFFFFFFFFF40127867F87F0000FFFFFFFFFFFFFFFF40127867F87F0000FFFFFFFFFFFFFFFF40127867F87F0000FFFFFFFFFFFFFFFF returned=A5A5A5A5A5A5A5A5A5A5A5A5A5A5A5A5
capture role=8 length=64 status=80000001 exception=00000000 guards=000 output=40127867F87F0000FFFFFFFFFFFFFFFF40127867F87F0000FFFFFFFFFFFFFFFF40127867F87F0000FFFFFFFFFFFFFFFF40127867F87F0000FFFFFFFFFFFFFFFF returned=A5A5A5A5A5A5A5A5A5A5A5A5A5A5A5A5
capture role=9 length=0 status=C0000004 exception=00000000 guards=110 output=40127867F87F0000FFFFFFFFFFFFFFFF40127867F87F0000FFFFFFFFFFFFFFFF40127867F87F0000FFFFFFFFFFFFFFFF40127867F87F0000FFFFFFFFFFFFFFFF returned=A5A5A5A5A5A5A5A5A5A5A5A5A5A5A5A5
capture role=10 length=64 status=C000000D exception=00000000 guards=100 output=40127867F87F0000FFFFFFFFFFFFFFFF40127867F87F0000FFFFFFFFFFFFFFFF40127867F87F0000FFFFFFFFFFFFFFFF40127867F87F0000FFFFFFFFFFFFFFFF returned=A5A5A5A5A5A5A5A5A5A5A5A5A5A5A5A5
capture role=11 length=64 status=C000000D exception=00000000 guards=000 output= returned=A5A5A5A5A5A5A5A5A5A5A5A5A5A5A5A5
capture role=12 length=0 status=C0000004 exception=00000000 guards=000 output= returned=A5A5A5A5A5A5A5A5A5A5A5A5A5A5A5A5
capture role=13 length=64 status=80000002 exception=00000000 guards=000 output=127867F87F0000FFFFFFFFFFFFFFFF40127867F87F0000FFFFFFFFFFFFFFFF40127867F87F0000FFFFFFFFFFFFFFFF40127867F87F0000FFFFFFFFFFFFFFFF40 returned=A5A5A5A5A5A5A5A5A5A5A5A5A5A5A5A5
capture role=14 length=0 status=C0000004 exception=00000000 guards=000 output=40127867F87F0000FFFFFFFFFFFFFFFF40127867F87F0000FFFFFFFFFFFFFFFF40127867F87F0000FFFFFFFFFFFFFFFF40127867F87F0000FFFFFFFFFFFFFFFF returned=A5A5A5A5A5A5A5A5A5A5A5A5A5A5A5A5
capture role=15 length=64 status=C0000005 exception=00000000 guards=000 output=40127867F87F0000FFFFFFFFFFFFFFFF40127867F87F0000FFFFFFFFFFFFFFFF40127867F87F0000FFFFFFFFFFFFFFFF40127867F87F0000FFFFFFFFFFFFFFFF returned=A5A5A5A5A5A5A5A5A5A5A5A5A5A5A5A5
capture role=16 length=64 status=00000000 exception=00000000 guards=000 output=40127867F87F00000F8200450000000040127867F87F00000F8200450000000040127867F87F00000F8200450000000040127867F87F00000F82004500000000 returned=
capture role=17 length=17 status=C0000005 exception=00000000 guards=000 output=40127867F87F0000A5A5A5A5A5A5A5A5A5A5A5A5A5A5A5A5A5A5A5A5A5A5A5A5A5A5A5A5A5A5A5A5A5A5A5A5A5A5A5A5A5A5A5A5A5A5A5A5A5A5A5A5A5A5A5A5 returned=A5A5A5A5A5A5A5A5A5A5A5A5A5A5A5A5
capture role=18 length=17 status=80000001 exception=00000000 guards=000 output=40127867F87F0000A5A5A5A5A5A5A5A5A5A5A5A5A5A5A5A5A5A5A5A5A5A5A5A5A5A5A5A5A5A5A5A5A5A5A5A5A5A5A5A5A5A5A5A5A5A5A5A5A5A5A5A5A5A5A5A5 returned=A5A5A5A5A5A5A5A5A5A5A5A5A5A5A5A5
capture role=19 length=64 status=C0000005 exception=00000000 guards=000 output=40127867F87F0000FFFFFFFFFFFFFFFF40127867F87F0000FFFFFFFFFFFFFFFF40127867F87F0000FFFFFFFFFFFFFFFF40127867F87F0000FFFFFFFFFFFFFFFF returned=A5A5A5A5A5A5A5A5A5A5A5A5A5A5A5A5
capture role=20 length=64 status=00000000 exception=00000000 guards=000 output=40127867F87F0000400000000000000040127867F87F00000F8200450000000040127867F87F00000F8200450000000040127867F87F00000F82004500000000 returned=400000000000000040127867F87F0000
capture role=21 length=64 status=00000000 exception=00000000 guards=000 output=0010A0DCB0010000410000050000000040127867F87F00000F8200450000000040127867F87F00000F8200450000000040127867F87F00000F82004500000000 returned=4000000000000000A5A5A5A5A5A5A5A5
capture role=22 length=64 status=00000000 exception=00000000 guards=001 output=0030A0DCB00100000000400D0000000040127867F87F00000F8200450000000040127867F87F00000F8200450000000040127867F87F00000F82004500000000 returned=4000000000000000A5A5A5A5A5A5A5A5
capture role=23 length=64 status=00000000 exception=00000000 guards=000 output=0030A0DCB00100000000400D0000000040127867F87F00000F8200450000000040127867F87F00000F8200450000000040127867F87F00000F82004500000000 returned=4000000000000000A5A5A5A5A5A5A5A5
