**********************************************************************
** Visual Studio 2026 Developer PowerShell v18.7.1
** Copyright (c) 2026 Microsoft Corporation
**********************************************************************
pointer=4 code=7712C250
capture role=0 length=64 status=C0000008 exception=00000000 guards=000 output=50C21277FFFFFFFF50C21277FFFFFFFF50C21277FFFFFFFF50C21277FFFFFFFF50C21277FFFFFFFF50C21277FFFFFFFF50C21277FFFFFFFF50C21277FFFFFFFF returned=A5A5A5A5A5A5A5A5A5A5A5A5A5A5A5A5
capture role=1 length=64 status=80000001 exception=00000000 guards=000 output=50C21277FFFFFFFF50C21277FFFFFFFF50C21277FFFFFFFF50C21277FFFFFFFF50C21277FFFFFFFF50C21277FFFFFFFF50C21277FFFFFFFF50C21277FFFFFFFF returned=A5A5A5A5A5A5A5A5A5A5A5A5A5A5A5A5
capture role=2 length=64 status=C0000005 exception=00000000 guards=000 output= returned=A5A5A5A5A5A5A5A5A5A5A5A5A5A5A5A5
capture role=3 length=64 status=C0000005 exception=00000000 guards=000 output= returned=A5A5A5A5A5A5A5A5A5A5A5A5A5A5A5A5
capture role=4 length=64 status=C0000005 exception=00000000 guards=000 output=50C21277FFFFFFFF50C21277FFFFFFFF50C21277FFFFFFFF50C21277FFFFFFFF50C21277FFFFFFFF50C21277FFFFFFFF50C21277FFFFFFFF50C21277FFFFFFFF returned=A5A5A5A5A5A5A5A5A5A5A5A5A5A5A5A5
capture role=5 length=64 status=00000000 exception=00000000 guards=000 output=50C212770382004550C212770382004550C212770382004550C212770382004550C212770382004550C212770382004550C212770382004550C2127703820045 returned=50C21277FFFFFFFF50C21277FFFFFFFF
capture role=6 length=64 status=00000000 exception=00000000 guards=000 output=50C212770382004550C212770382004550C212770382004550C212770382004550C212770382004550C212770382004550C212770382004550C2127703820045 returned=50C212770382004550C2127703820045
capture role=7 length=64 status=80000001 exception=00000000 guards=000 output=50C21277FFFFFFFF50C21277FFFFFFFF50C21277FFFFFFFF50C21277FFFFFFFF50C21277FFFFFFFF50C21277FFFFFFFF50C21277FFFFFFFF50C21277FFFFFFFF returned=A5A5A5A5A5A5A5A5A5A5A5A5A5A5A5A5
capture role=8 length=64 status=00000000 exception=00000000 guards=000 output=50C212770382004550C212770382004550C212770382004550C212770382004550C212770382004550C212770382004550C212770382004550C2127703820045 returned=A5A5A5A5A5A5A5A5A5A5A5A5A5A5A5A5
capture role=9 length=0 status=C0000004 exception=00000000 guards=100 output=50C21277FFFFFFFF50C21277FFFFFFFF50C21277FFFFFFFF50C21277FFFFFFFF50C21277FFFFFFFF50C21277FFFFFFFF50C21277FFFFFFFF50C21277FFFFFFFF returned=A5A5A5A5A5A5A5A5A5A5A5A5A5A5A5A5
capture role=10 length=64 status=C000000D exception=00000000 guards=100 output=50C21277FFFFFFFF50C21277FFFFFFFF50C21277FFFFFFFF50C21277FFFFFFFF50C21277FFFFFFFF50C21277FFFFFFFF50C21277FFFFFFFF50C21277FFFFFFFF returned=A5A5A5A5A5A5A5A5A5A5A5A5A5A5A5A5
capture role=11 length=64 status=C000000D exception=00000000 guards=000 output= returned=A5A5A5A5A5A5A5A5A5A5A5A5A5A5A5A5
capture role=12 length=0 status=C0000004 exception=00000000 guards=000 output= returned=A5A5A5A5A5A5A5A5A5A5A5A5A5A5A5A5
capture role=13 length=64 status=C0000008 exception=00000000 guards=000 output=C21277FFFFFFFF50C21277FFFFFFFF50C21277FFFFFFFF50C21277FFFFFFFF50C21277FFFFFFFF50C21277FFFFFFFF50C21277FFFFFFFF50C21277FFFFFFFF50 returned=A5A5A5A5A5A5A5A5A5A5A5A5A5A5A5A5
capture role=14 length=0 status=C0000004 exception=00000000 guards=000 output=50C21277FFFFFFFF50C21277FFFFFFFF50C21277FFFFFFFF50C21277FFFFFFFF50C21277FFFFFFFF50C21277FFFFFFFF50C21277FFFFFFFF50C21277FFFFFFFF returned=A5A5A5A5A5A5A5A5A5A5A5A5A5A5A5A5
capture role=15 length=64 status=C0000005 exception=00000000 guards=000 output=50C21277FFFFFFFF50C21277FFFFFFFF50C21277FFFFFFFF50C21277FFFFFFFF50C21277FFFFFFFF50C21277FFFFFFFF50C21277FFFFFFFF50C21277FFFFFFFF returned=A5A5A5A5A5A5A5A5A5A5A5A5A5A5A5A5
capture role=16 length=64 status=00000000 exception=00000000 guards=000 output=50C212770382004550C212770382004550C212770382004550C212770382004550C212770382004550C212770382004550C212770382004550C2127703820045 returned=
capture role=17 length=9 status=00000000 exception=00000000 guards=000 output=50C2127703820045A5A5A5A5A5A5A5A5A5A5A5A5A5A5A5A5A5A5A5A5A5A5A5A5A5A5A5A5A5A5A5A5A5A5A5A5A5A5A5A5A5A5A5A5A5A5A5A5A5A5A5A5A5A5A5A5 returned=08000000A5A5A5A5A5A5A5A5A5A5A5A5
capture role=18 length=9 status=00000000 exception=00000000 guards=010 output=50C2127703820045A5A5A5A5A5A5A5A5A5A5A5A5A5A5A5A5A5A5A5A5A5A5A5A5A5A5A5A5A5A5A5A5A5A5A5A5A5A5A5A5A5A5A5A5A5A5A5A5A5A5A5A5A5A5A5A5 returned=08000000A5A5A5A5A5A5A5A5A5A5A5A5
capture role=19 length=64 status=00000000 exception=00000000 guards=000 output=50C212770382004550C212770382004550C212770382004550C212770382004550C212770382004550C212770382004550C212770382004550C2127703820045 returned=A5A5A5A5A5A5A5A5A5A5A5A5A5A5A5A5
capture role=20 length=64 status=00000000 exception=00000000 guards=000 output=50C212774000000050C212770382004550C212770382004550C212770382004550C212770382004550C212770382004550C212770382004550C2127703820045 returned=4000000050C212770382004550C21277
capture role=21 length=64 status=00000000 exception=00000000 guards=000 output=0010BE034100000550C212770382004550C212770382004550C212770382004550C212770382004550C212770382004550C212770382004550C2127703820045 returned=40000000A5A5A5A5A5A5A5A5A5A5A5A5
capture role=22 length=64 status=00000000 exception=00000000 guards=001 output=0030BE030000400D50C212770382004550C212770382004550C212770382004550C212770382004550C212770382004550C212770382004550C2127703820045 returned=40000000A5A5A5A5A5A5A5A5A5A5A5A5
capture role=23 length=64 status=00000000 exception=00000000 guards=000 output=0030BE030000400D50C212770382004550C212770382004550C212770382004550C212770382004550C212770382004550C212770382004550C2127703820045 returned=40000000A5A5A5A5A5A5A5A5A5A5A5A5
