**********************************************************************
** Visual Studio 2026 Developer PowerShell v18.7.1
** Copyright (c) 2026 Microsoft Corporation
**********************************************************************
pointer=8 ntdll=00007FF867780000 code=00007FF867AA1480 private=000001F975BE0000 reserve=000000F5CF1A0000
matrix target=0 length=0 status=C0000004 exception=00000000 returned=18446744073709551615 guard=1 bytes=00007867F87F0000FFFFFFFFFFFFFFFF00007867F87F0000FFFFFFFFFFFFFFFF00007867F87F0000FFFFFFFFFFFFFFFF00007867F87F0000FFFFFFFFFFFFFFFF
matrix target=0 length=1 status=C0000004 exception=00000000 returned=18446744073709551615 guard=1 bytes=00007867F87F0000FFFFFFFFFFFFFFFF00007867F87F0000FFFFFFFFFFFFFFFF00007867F87F0000FFFFFFFFFFFFFFFF00007867F87F0000FFFFFFFFFFFFFFFF
matrix target=0 length=7 status=C0000004 exception=00000000 returned=18446744073709551615 guard=1 bytes=00007867F87F0000FFFFFFFFFFFFFFFF00007867F87F0000FFFFFFFFFFFFFFFF00007867F87F0000FFFFFFFFFFFFFFFF00007867F87F0000FFFFFFFFFFFFFFFF
matrix target=0 length=8 status=C0000004 exception=00000000 returned=18446744073709551615 guard=1 bytes=00007867F87F0000FFFFFFFFFFFFFFFF00007867F87F0000FFFFFFFFFFFFFFFF00007867F87F0000FFFFFFFFFFFFFFFF00007867F87F0000FFFFFFFFFFFFFFFF
matrix target=0 length=12 status=C0000004 exception=00000000 returned=18446744073709551615 guard=1 bytes=00007867F87F0000FFFFFFFFFFFFFFFF00007867F87F0000FFFFFFFFFFFFFFFF00007867F87F0000FFFFFFFFFFFFFFFF00007867F87F0000FFFFFFFFFFFFFFFF
matrix target=0 length=15 status=C0000004 exception=00000000 returned=18446744073709551615 guard=1 bytes=00007867F87F0000FFFFFFFFFFFFFFFF00007867F87F0000FFFFFFFFFFFFFFFF00007867F87F0000FFFFFFFFFFFFFFFF00007867F87F0000FFFFFFFFFFFFFFFF
matrix target=0 length=16 status=00000000 exception=00000000 returned=16 guard=1 bytes=00007867F87F0000210000050000000000007867F87F0000FFFFFFFFFFFFFFFF00007867F87F0000FFFFFFFFFFFFFFFF00007867F87F0000FFFFFFFFFFFFFFFF
matrix target=0 length=17 status=00000000 exception=00000000 returned=17 guard=1 bytes=00007867F87F0000210000050000000000007867F87F0000FFFFFFFFFFFFFFFF00007867F87F0000FFFFFFFFFFFFFFFF00007867F87F0000FFFFFFFFFFFFFFFF
matrix target=0 length=24 status=00000000 exception=00000000 returned=24 guard=1 bytes=00007867F87F0000210000050000000000007867F87F0000FFFFFFFFFFFFFFFF00007867F87F0000FFFFFFFFFFFFFFFF00007867F87F0000FFFFFFFFFFFFFFFF
matrix target=0 length=31 status=00000000 exception=00000000 returned=31 guard=1 bytes=00007867F87F0000210000050000000000007867F87F0000FFFFFFFFFFFFFFFF00007867F87F0000FFFFFFFFFFFFFFFF00007867F87F0000FFFFFFFFFFFFFFFF
matrix target=0 length=32 status=00000000 exception=00000000 returned=32 guard=1 bytes=00007867F87F0000210000050000000000007867F87F0000210000050000000000007867F87F0000FFFFFFFFFFFFFFFF00007867F87F0000FFFFFFFFFFFFFFFF
matrix target=0 length=64 status=00000000 exception=00000000 returned=64 guard=1 bytes=00007867F87F0000210000050000000000007867F87F0000210000050000000000007867F87F0000210000050000000000007867F87F00002100000500000000
matrix target=0 length=80 status=00000000 exception=00000000 returned=80 guard=1 bytes=00007867F87F0000210000050000000000007867F87F0000210000050000000000007867F87F0000210000050000000000007867F87F00002100000500000000
matrix target=0 length=128 status=00000000 exception=00000000 returned=128 guard=1 bytes=00007867F87F0000210000050000000000007867F87F0000210000050000000000007867F87F0000210000050000000000007867F87F00002100000500000000
matrix target=1 length=0 status=C0000004 exception=00000000 returned=18446744073709551615 guard=1 bytes=8014AA67F87F0000FFFFFFFFFFFFFFFF8014AA67F87F0000FFFFFFFFFFFFFFFF8014AA67F87F0000FFFFFFFFFFFFFFFF8014AA67F87F0000FFFFFFFFFFFFFFFF
matrix target=1 length=1 status=C0000004 exception=00000000 returned=18446744073709551615 guard=1 bytes=8014AA67F87F0000FFFFFFFFFFFFFFFF8014AA67F87F0000FFFFFFFFFFFFFFFF8014AA67F87F0000FFFFFFFFFFFFFFFF8014AA67F87F0000FFFFFFFFFFFFFFFF
matrix target=1 length=7 status=C0000004 exception=00000000 returned=18446744073709551615 guard=1 bytes=8014AA67F87F0000FFFFFFFFFFFFFFFF8014AA67F87F0000FFFFFFFFFFFFFFFF8014AA67F87F0000FFFFFFFFFFFFFFFF8014AA67F87F0000FFFFFFFFFFFFFFFF
matrix target=1 length=8 status=C0000004 exception=00000000 returned=18446744073709551615 guard=1 bytes=8014AA67F87F0000FFFFFFFFFFFFFFFF8014AA67F87F0000FFFFFFFFFFFFFFFF8014AA67F87F0000FFFFFFFFFFFFFFFF8014AA67F87F0000FFFFFFFFFFFFFFFF
matrix target=1 length=12 status=C0000004 exception=00000000 returned=18446744073709551615 guard=1 bytes=8014AA67F87F0000FFFFFFFFFFFFFFFF8014AA67F87F0000FFFFFFFFFFFFFFFF8014AA67F87F0000FFFFFFFFFFFFFFFF8014AA67F87F0000FFFFFFFFFFFFFFFF
matrix target=1 length=15 status=C0000004 exception=00000000 returned=18446744073709551615 guard=1 bytes=8014AA67F87F0000FFFFFFFFFFFFFFFF8014AA67F87F0000FFFFFFFFFFFFFFFF8014AA67F87F0000FFFFFFFFFFFFFFFF8014AA67F87F0000FFFFFFFFFFFFFFFF
matrix target=1 length=16 status=00000000 exception=00000000 returned=16 guard=1 bytes=8014AA67F87F00000F820045000000008014AA67F87F0000FFFFFFFFFFFFFFFF8014AA67F87F0000FFFFFFFFFFFFFFFF8014AA67F87F0000FFFFFFFFFFFFFFFF
matrix target=1 length=17 status=00000000 exception=00000000 returned=17 guard=1 bytes=8014AA67F87F00000F820045000000008014AA67F87F0000FFFFFFFFFFFFFFFF8014AA67F87F0000FFFFFFFFFFFFFFFF8014AA67F87F0000FFFFFFFFFFFFFFFF
matrix target=1 length=24 status=00000000 exception=00000000 returned=24 guard=1 bytes=8014AA67F87F00000F820045000000008014AA67F87F0000FFFFFFFFFFFFFFFF8014AA67F87F0000FFFFFFFFFFFFFFFF8014AA67F87F0000FFFFFFFFFFFFFFFF
matrix target=1 length=31 status=00000000 exception=00000000 returned=31 guard=1 bytes=8014AA67F87F00000F820045000000008014AA67F87F0000FFFFFFFFFFFFFFFF8014AA67F87F0000FFFFFFFFFFFFFFFF8014AA67F87F0000FFFFFFFFFFFFFFFF
matrix target=1 length=32 status=00000000 exception=00000000 returned=32 guard=1 bytes=8014AA67F87F00000F820045000000008014AA67F87F00000F820045000000008014AA67F87F0000FFFFFFFFFFFFFFFF8014AA67F87F0000FFFFFFFFFFFFFFFF
matrix target=1 length=64 status=00000000 exception=00000000 returned=64 guard=1 bytes=8014AA67F87F00000F820045000000008014AA67F87F00000F820045000000008014AA67F87F00000F820045000000008014AA67F87F00000F82004500000000
matrix target=1 length=80 status=00000000 exception=00000000 returned=80 guard=1 bytes=8014AA67F87F00000F820045000000008014AA67F87F00000F820045000000008014AA67F87F00000F820045000000008014AA67F87F00000F82004500000000
matrix target=1 length=128 status=00000000 exception=00000000 returned=128 guard=1 bytes=8014AA67F87F00000F820045000000008014AA67F87F00000F820045000000008014AA67F87F00000F820045000000008014AA67F87F00000F82004500000000
matrix target=2 length=0 status=C0000004 exception=00000000 returned=18446744073709551615 guard=1 bytes=0020BE75F9010000FFFFFFFFFFFFFFFF0020BE75F9010000FFFFFFFFFFFFFFFF0020BE75F9010000FFFFFFFFFFFFFFFF0020BE75F9010000FFFFFFFFFFFFFFFF
matrix target=2 length=1 status=C0000004 exception=00000000 returned=18446744073709551615 guard=1 bytes=0020BE75F9010000FFFFFFFFFFFFFFFF0020BE75F9010000FFFFFFFFFFFFFFFF0020BE75F9010000FFFFFFFFFFFFFFFF0020BE75F9010000FFFFFFFFFFFFFFFF
matrix target=2 length=7 status=C0000004 exception=00000000 returned=18446744073709551615 guard=1 bytes=0020BE75F9010000FFFFFFFFFFFFFFFF0020BE75F9010000FFFFFFFFFFFFFFFF0020BE75F9010000FFFFFFFFFFFFFFFF0020BE75F9010000FFFFFFFFFFFFFFFF
matrix target=2 length=8 status=C0000004 exception=00000000 returned=18446744073709551615 guard=1 bytes=0020BE75F9010000FFFFFFFFFFFFFFFF0020BE75F9010000FFFFFFFFFFFFFFFF0020BE75F9010000FFFFFFFFFFFFFFFF0020BE75F9010000FFFFFFFFFFFFFFFF
matrix target=2 length=12 status=C0000004 exception=00000000 returned=18446744073709551615 guard=1 bytes=0020BE75F9010000FFFFFFFFFFFFFFFF0020BE75F9010000FFFFFFFFFFFFFFFF0020BE75F9010000FFFFFFFFFFFFFFFF0020BE75F9010000FFFFFFFFFFFFFFFF
matrix target=2 length=15 status=C0000004 exception=00000000 returned=18446744073709551615 guard=1 bytes=0020BE75F9010000FFFFFFFFFFFFFFFF0020BE75F9010000FFFFFFFFFFFFFFFF0020BE75F9010000FFFFFFFFFFFFFFFF0020BE75F9010000FFFFFFFFFFFFFFFF
matrix target=2 length=16 status=00000000 exception=00000000 returned=16 guard=1 bytes=0020BE75F901000000000000000000000020BE75F9010000FFFFFFFFFFFFFFFF0020BE75F9010000FFFFFFFFFFFFFFFF0020BE75F9010000FFFFFFFFFFFFFFFF
matrix target=2 length=17 status=00000000 exception=00000000 returned=17 guard=1 bytes=0020BE75F901000000000000000000000020BE75F9010000FFFFFFFFFFFFFFFF0020BE75F9010000FFFFFFFFFFFFFFFF0020BE75F9010000FFFFFFFFFFFFFFFF
matrix target=2 length=24 status=00000000 exception=00000000 returned=24 guard=1 bytes=0020BE75F901000000000000000000000020BE75F9010000FFFFFFFFFFFFFFFF0020BE75F9010000FFFFFFFFFFFFFFFF0020BE75F9010000FFFFFFFFFFFFFFFF
matrix target=2 length=31 status=00000000 exception=00000000 returned=31 guard=1 bytes=0020BE75F901000000000000000000000020BE75F9010000FFFFFFFFFFFFFFFF0020BE75F9010000FFFFFFFFFFFFFFFF0020BE75F9010000FFFFFFFFFFFFFFFF
matrix target=2 length=32 status=00000000 exception=00000000 returned=32 guard=1 bytes=0020BE75F901000000000000000000000020BE75F901000000000000000000000020BE75F9010000FFFFFFFFFFFFFFFF0020BE75F9010000FFFFFFFFFFFFFFFF
matrix target=2 length=64 status=00000000 exception=00000000 returned=64 guard=1 bytes=0020BE75F901000000000000000000000020BE75F901000000000000000000000020BE75F901000000000000000000000020BE75F90100000000000000000000
matrix target=2 length=80 status=00000000 exception=00000000 returned=80 guard=1 bytes=0020BE75F901000000000000000000000020BE75F901000000000000000000000020BE75F901000000000000000000000020BE75F90100000000000000000000
matrix target=2 length=128 status=00000000 exception=00000000 returned=128 guard=1 bytes=0020BE75F901000000000000000000000020BE75F901000000000000000000000020BE75F901000000000000000000000020BE75F90100000000000000000000
matrix target=3 length=0 status=C0000004 exception=00000000 returned=18446744073709551615 guard=1 bytes=0030BE75F9010000FFFFFFFFFFFFFFFF0030BE75F9010000FFFFFFFFFFFFFFFF0030BE75F9010000FFFFFFFFFFFFFFFF0030BE75F9010000FFFFFFFFFFFFFFFF
matrix target=3 length=1 status=C0000004 exception=00000000 returned=18446744073709551615 guard=1 bytes=0030BE75F9010000FFFFFFFFFFFFFFFF0030BE75F9010000FFFFFFFFFFFFFFFF0030BE75F9010000FFFFFFFFFFFFFFFF0030BE75F9010000FFFFFFFFFFFFFFFF
matrix target=3 length=7 status=C0000004 exception=00000000 returned=18446744073709551615 guard=1 bytes=0030BE75F9010000FFFFFFFFFFFFFFFF0030BE75F9010000FFFFFFFFFFFFFFFF0030BE75F9010000FFFFFFFFFFFFFFFF0030BE75F9010000FFFFFFFFFFFFFFFF
matrix target=3 length=8 status=C0000004 exception=00000000 returned=18446744073709551615 guard=1 bytes=0030BE75F9010000FFFFFFFFFFFFFFFF0030BE75F9010000FFFFFFFFFFFFFFFF0030BE75F9010000FFFFFFFFFFFFFFFF0030BE75F9010000FFFFFFFFFFFFFFFF
matrix target=3 length=12 status=C0000004 exception=00000000 returned=18446744073709551615 guard=1 bytes=0030BE75F9010000FFFFFFFFFFFFFFFF0030BE75F9010000FFFFFFFFFFFFFFFF0030BE75F9010000FFFFFFFFFFFFFFFF0030BE75F9010000FFFFFFFFFFFFFFFF
matrix target=3 length=15 status=C0000004 exception=00000000 returned=18446744073709551615 guard=1 bytes=0030BE75F9010000FFFFFFFFFFFFFFFF0030BE75F9010000FFFFFFFFFFFFFFFF0030BE75F9010000FFFFFFFFFFFFFFFF0030BE75F9010000FFFFFFFFFFFFFFFF
matrix target=3 length=16 status=00000000 exception=00000000 returned=16 guard=1 bytes=0030BE75F901000021000005000000000030BE75F9010000FFFFFFFFFFFFFFFF0030BE75F9010000FFFFFFFFFFFFFFFF0030BE75F9010000FFFFFFFFFFFFFFFF
matrix target=3 length=17 status=00000000 exception=00000000 returned=17 guard=1 bytes=0030BE75F901000021000005000000000030BE75F9010000FFFFFFFFFFFFFFFF0030BE75F9010000FFFFFFFFFFFFFFFF0030BE75F9010000FFFFFFFFFFFFFFFF
matrix target=3 length=24 status=00000000 exception=00000000 returned=24 guard=1 bytes=0030BE75F901000021000005000000000030BE75F9010000FFFFFFFFFFFFFFFF0030BE75F9010000FFFFFFFFFFFFFFFF0030BE75F9010000FFFFFFFFFFFFFFFF
matrix target=3 length=31 status=00000000 exception=00000000 returned=31 guard=1 bytes=0030BE75F901000021000005000000000030BE75F9010000FFFFFFFFFFFFFFFF0030BE75F9010000FFFFFFFFFFFFFFFF0030BE75F9010000FFFFFFFFFFFFFFFF
matrix target=3 length=32 status=00000000 exception=00000000 returned=32 guard=1 bytes=0030BE75F901000021000005000000000030BE75F901000021000005000000000030BE75F9010000FFFFFFFFFFFFFFFF0030BE75F9010000FFFFFFFFFFFFFFFF
matrix target=3 length=64 status=00000000 exception=00000000 returned=64 guard=1 bytes=0030BE75F901000021000005000000000030BE75F901000021000005000000000030BE75F901000021000005000000000030BE75F90100002100000500000000
matrix target=3 length=80 status=00000000 exception=00000000 returned=80 guard=1 bytes=0030BE75F901000021000005000000000030BE75F901000021000005000000000030BE75F901000021000005000000000030BE75F90100002100000500000000
matrix target=3 length=128 status=00000000 exception=00000000 returned=128 guard=1 bytes=0030BE75F901000021000005000000000030BE75F901000021000005000000000030BE75F901000021000005000000000030BE75F90100002100000500000000
matrix target=4 length=0 status=C0000004 exception=00000000 returned=18446744073709551615 guard=1 bytes=0040BE75F9010000FFFFFFFFFFFFFFFF0040BE75F9010000FFFFFFFFFFFFFFFF0040BE75F9010000FFFFFFFFFFFFFFFF0040BE75F9010000FFFFFFFFFFFFFFFF
matrix target=4 length=1 status=C0000004 exception=00000000 returned=18446744073709551615 guard=1 bytes=0040BE75F9010000FFFFFFFFFFFFFFFF0040BE75F9010000FFFFFFFFFFFFFFFF0040BE75F9010000FFFFFFFFFFFFFFFF0040BE75F9010000FFFFFFFFFFFFFFFF
matrix target=4 length=7 status=C0000004 exception=00000000 returned=18446744073709551615 guard=1 bytes=0040BE75F9010000FFFFFFFFFFFFFFFF0040BE75F9010000FFFFFFFFFFFFFFFF0040BE75F9010000FFFFFFFFFFFFFFFF0040BE75F9010000FFFFFFFFFFFFFFFF
matrix target=4 length=8 status=C0000004 exception=00000000 returned=18446744073709551615 guard=1 bytes=0040BE75F9010000FFFFFFFFFFFFFFFF0040BE75F9010000FFFFFFFFFFFFFFFF0040BE75F9010000FFFFFFFFFFFFFFFF0040BE75F9010000FFFFFFFFFFFFFFFF
matrix target=4 length=12 status=C0000004 exception=00000000 returned=18446744073709551615 guard=1 bytes=0040BE75F9010000FFFFFFFFFFFFFFFF0040BE75F9010000FFFFFFFFFFFFFFFF0040BE75F9010000FFFFFFFFFFFFFFFF0040BE75F9010000FFFFFFFFFFFFFFFF
matrix target=4 length=15 status=C0000004 exception=00000000 returned=18446744073709551615 guard=1 bytes=0040BE75F9010000FFFFFFFFFFFFFFFF0040BE75F9010000FFFFFFFFFFFFFFFF0040BE75F9010000FFFFFFFFFFFFFFFF0040BE75F9010000FFFFFFFFFFFFFFFF
matrix target=4 length=16 status=00000000 exception=00000000 returned=16 guard=1 bytes=0040BE75F90100000000400D000000000040BE75F9010000FFFFFFFFFFFFFFFF0040BE75F9010000FFFFFFFFFFFFFFFF0040BE75F9010000FFFFFFFFFFFFFFFF
matrix target=4 length=17 status=00000000 exception=00000000 returned=17 guard=1 bytes=0040BE75F90100000000400D000000000040BE75F9010000FFFFFFFFFFFFFFFF0040BE75F9010000FFFFFFFFFFFFFFFF0040BE75F9010000FFFFFFFFFFFFFFFF
matrix target=4 length=24 status=00000000 exception=00000000 returned=24 guard=1 bytes=0040BE75F90100000000400D000000000040BE75F9010000FFFFFFFFFFFFFFFF0040BE75F9010000FFFFFFFFFFFFFFFF0040BE75F9010000FFFFFFFFFFFFFFFF
matrix target=4 length=31 status=00000000 exception=00000000 returned=31 guard=1 bytes=0040BE75F90100000000400D000000000040BE75F9010000FFFFFFFFFFFFFFFF0040BE75F9010000FFFFFFFFFFFFFFFF0040BE75F9010000FFFFFFFFFFFFFFFF
matrix target=4 length=32 status=00000000 exception=00000000 returned=32 guard=1 bytes=0040BE75F90100000000400D000000000040BE75F90100000000400D000000000040BE75F9010000FFFFFFFFFFFFFFFF0040BE75F9010000FFFFFFFFFFFFFFFF
matrix target=4 length=64 status=00000000 exception=00000000 returned=64 guard=1 bytes=0040BE75F90100000000400D000000000040BE75F90100000000400D000000000040BE75F90100000000400D000000000040BE75F90100000000400D00000000
matrix target=4 length=80 status=00000000 exception=00000000 returned=80 guard=1 bytes=0040BE75F90100000000400D000000000040BE75F90100000000400D000000000040BE75F90100000000400D000000000040BE75F90100000000400D00000000
matrix target=4 length=128 status=00000000 exception=00000000 returned=128 guard=1 bytes=0040BE75F90100000000400D000000000040BE75F90100000000400D000000000040BE75F90100000000400D000000000040BE75F90100000000400D00000000
matrix target=5 length=0 status=C0000004 exception=00000000 returned=18446744073709551615 guard=1 bytes=0050BE75F9010000FFFFFFFFFFFFFFFF0050BE75F9010000FFFFFFFFFFFFFFFF0050BE75F9010000FFFFFFFFFFFFFFFF0050BE75F9010000FFFFFFFFFFFFFFFF
matrix target=5 length=1 status=C0000004 exception=00000000 returned=18446744073709551615 guard=1 bytes=0050BE75F9010000FFFFFFFFFFFFFFFF0050BE75F9010000FFFFFFFFFFFFFFFF0050BE75F9010000FFFFFFFFFFFFFFFF0050BE75F9010000FFFFFFFFFFFFFFFF
matrix target=5 length=7 status=C0000004 exception=00000000 returned=18446744073709551615 guard=1 bytes=0050BE75F9010000FFFFFFFFFFFFFFFF0050BE75F9010000FFFFFFFFFFFFFFFF0050BE75F9010000FFFFFFFFFFFFFFFF0050BE75F9010000FFFFFFFFFFFFFFFF
matrix target=5 length=8 status=C0000004 exception=00000000 returned=18446744073709551615 guard=1 bytes=0050BE75F9010000FFFFFFFFFFFFFFFF0050BE75F9010000FFFFFFFFFFFFFFFF0050BE75F9010000FFFFFFFFFFFFFFFF0050BE75F9010000FFFFFFFFFFFFFFFF
matrix target=5 length=12 status=C0000004 exception=00000000 returned=18446744073709551615 guard=1 bytes=0050BE75F9010000FFFFFFFFFFFFFFFF0050BE75F9010000FFFFFFFFFFFFFFFF0050BE75F9010000FFFFFFFFFFFFFFFF0050BE75F9010000FFFFFFFFFFFFFFFF
matrix target=5 length=15 status=C0000004 exception=00000000 returned=18446744073709551615 guard=1 bytes=0050BE75F9010000FFFFFFFFFFFFFFFF0050BE75F9010000FFFFFFFFFFFFFFFF0050BE75F9010000FFFFFFFFFFFFFFFF0050BE75F9010000FFFFFFFFFFFFFFFF
matrix target=5 length=16 status=00000000 exception=00000000 returned=16 guard=1 bytes=0050BE75F901000000000000000000000050BE75F9010000FFFFFFFFFFFFFFFF0050BE75F9010000FFFFFFFFFFFFFFFF0050BE75F9010000FFFFFFFFFFFFFFFF
matrix target=5 length=17 status=00000000 exception=00000000 returned=17 guard=1 bytes=0050BE75F901000000000000000000000050BE75F9010000FFFFFFFFFFFFFFFF0050BE75F9010000FFFFFFFFFFFFFFFF0050BE75F9010000FFFFFFFFFFFFFFFF
matrix target=5 length=24 status=00000000 exception=00000000 returned=24 guard=1 bytes=0050BE75F901000000000000000000000050BE75F9010000FFFFFFFFFFFFFFFF0050BE75F9010000FFFFFFFFFFFFFFFF0050BE75F9010000FFFFFFFFFFFFFFFF
matrix target=5 length=31 status=00000000 exception=00000000 returned=31 guard=1 bytes=0050BE75F901000000000000000000000050BE75F9010000FFFFFFFFFFFFFFFF0050BE75F9010000FFFFFFFFFFFFFFFF0050BE75F9010000FFFFFFFFFFFFFFFF
matrix target=5 length=32 status=00000000 exception=00000000 returned=32 guard=1 bytes=0050BE75F901000000000000000000000050BE75F901000000000000000000000050BE75F9010000FFFFFFFFFFFFFFFF0050BE75F9010000FFFFFFFFFFFFFFFF
matrix target=5 length=64 status=00000000 exception=00000000 returned=64 guard=1 bytes=0050BE75F901000000000000000000000050BE75F901000000000000000000000050BE75F901000000000000000000000050BE75F90100000000000000000000
matrix target=5 length=80 status=00000000 exception=00000000 returned=80 guard=1 bytes=0050BE75F901000000000000000000000050BE75F901000000000000000000000050BE75F901000000000000000000000050BE75F90100000000000000000000
matrix target=5 length=128 status=00000000 exception=00000000 returned=128 guard=1 bytes=0050BE75F901000000000000000000000050BE75F901000000000000000000000050BE75F901000000000000000000000050BE75F90100000000000000000000
matrix target=6 length=0 status=C0000004 exception=00000000 returned=18446744073709551615 guard=1 bytes=00001ACFF5000000FFFFFFFFFFFFFFFF00001ACFF5000000FFFFFFFFFFFFFFFF00001ACFF5000000FFFFFFFFFFFFFFFF00001ACFF5000000FFFFFFFFFFFFFFFF
matrix target=6 length=1 status=C0000004 exception=00000000 returned=18446744073709551615 guard=1 bytes=00001ACFF5000000FFFFFFFFFFFFFFFF00001ACFF5000000FFFFFFFFFFFFFFFF00001ACFF5000000FFFFFFFFFFFFFFFF00001ACFF5000000FFFFFFFFFFFFFFFF
matrix target=6 length=7 status=C0000004 exception=00000000 returned=18446744073709551615 guard=1 bytes=00001ACFF5000000FFFFFFFFFFFFFFFF00001ACFF5000000FFFFFFFFFFFFFFFF00001ACFF5000000FFFFFFFFFFFFFFFF00001ACFF5000000FFFFFFFFFFFFFFFF
matrix target=6 length=8 status=C0000004 exception=00000000 returned=18446744073709551615 guard=1 bytes=00001ACFF5000000FFFFFFFFFFFFFFFF00001ACFF5000000FFFFFFFFFFFFFFFF00001ACFF5000000FFFFFFFFFFFFFFFF00001ACFF5000000FFFFFFFFFFFFFFFF
matrix target=6 length=12 status=C0000004 exception=00000000 returned=18446744073709551615 guard=1 bytes=00001ACFF5000000FFFFFFFFFFFFFFFF00001ACFF5000000FFFFFFFFFFFFFFFF00001ACFF5000000FFFFFFFFFFFFFFFF00001ACFF5000000FFFFFFFFFFFFFFFF
matrix target=6 length=15 status=C0000004 exception=00000000 returned=18446744073709551615 guard=1 bytes=00001ACFF5000000FFFFFFFFFFFFFFFF00001ACFF5000000FFFFFFFFFFFFFFFF00001ACFF5000000FFFFFFFFFFFFFFFF00001ACFF5000000FFFFFFFFFFFFFFFF
matrix target=6 length=16 status=00000000 exception=00000000 returned=16 guard=1 bytes=00001ACFF5000000000000000000000000001ACFF5000000FFFFFFFFFFFFFFFF00001ACFF5000000FFFFFFFFFFFFFFFF00001ACFF5000000FFFFFFFFFFFFFFFF
matrix target=6 length=17 status=00000000 exception=00000000 returned=17 guard=1 bytes=00001ACFF5000000000000000000000000001ACFF5000000FFFFFFFFFFFFFFFF00001ACFF5000000FFFFFFFFFFFFFFFF00001ACFF5000000FFFFFFFFFFFFFFFF
matrix target=6 length=24 status=00000000 exception=00000000 returned=24 guard=1 bytes=00001ACFF5000000000000000000000000001ACFF5000000FFFFFFFFFFFFFFFF00001ACFF5000000FFFFFFFFFFFFFFFF00001ACFF5000000FFFFFFFFFFFFFFFF
matrix target=6 length=31 status=00000000 exception=00000000 returned=31 guard=1 bytes=00001ACFF5000000000000000000000000001ACFF5000000FFFFFFFFFFFFFFFF00001ACFF5000000FFFFFFFFFFFFFFFF00001ACFF5000000FFFFFFFFFFFFFFFF
matrix target=6 length=32 status=00000000 exception=00000000 returned=32 guard=1 bytes=00001ACFF5000000000000000000000000001ACFF5000000000000000000000000001ACFF5000000FFFFFFFFFFFFFFFF00001ACFF5000000FFFFFFFFFFFFFFFF
matrix target=6 length=64 status=00000000 exception=00000000 returned=64 guard=1 bytes=00001ACFF5000000000000000000000000001ACFF5000000000000000000000000001ACFF5000000000000000000000000001ACFF50000000000000000000000
matrix target=6 length=80 status=00000000 exception=00000000 returned=80 guard=1 bytes=00001ACFF5000000000000000000000000001ACFF5000000000000000000000000001ACFF5000000000000000000000000001ACFF50000000000000000000000
matrix target=6 length=128 status=00000000 exception=00000000 returned=128 guard=1 bytes=00001ACFF5000000000000000000000000001ACFF5000000000000000000000000001ACFF5000000000000000000000000001ACFF50000000000000000000000
matrix target=7 length=0 status=C0000004 exception=00000000 returned=18446744073709551615 guard=1 bytes=0000000000000000FFFFFFFFFFFFFFFF0000000000000000FFFFFFFFFFFFFFFF0000000000000000FFFFFFFFFFFFFFFF0000000000000000FFFFFFFFFFFFFFFF
matrix target=7 length=1 status=C0000004 exception=00000000 returned=18446744073709551615 guard=1 bytes=0000000000000000FFFFFFFFFFFFFFFF0000000000000000FFFFFFFFFFFFFFFF0000000000000000FFFFFFFFFFFFFFFF0000000000000000FFFFFFFFFFFFFFFF
matrix target=7 length=7 status=C0000004 exception=00000000 returned=18446744073709551615 guard=1 bytes=0000000000000000FFFFFFFFFFFFFFFF0000000000000000FFFFFFFFFFFFFFFF0000000000000000FFFFFFFFFFFFFFFF0000000000000000FFFFFFFFFFFFFFFF
matrix target=7 length=8 status=C0000004 exception=00000000 returned=18446744073709551615 guard=1 bytes=0000000000000000FFFFFFFFFFFFFFFF0000000000000000FFFFFFFFFFFFFFFF0000000000000000FFFFFFFFFFFFFFFF0000000000000000FFFFFFFFFFFFFFFF
matrix target=7 length=12 status=C0000004 exception=00000000 returned=18446744073709551615 guard=1 bytes=0000000000000000FFFFFFFFFFFFFFFF0000000000000000FFFFFFFFFFFFFFFF0000000000000000FFFFFFFFFFFFFFFF0000000000000000FFFFFFFFFFFFFFFF
matrix target=7 length=15 status=C0000004 exception=00000000 returned=18446744073709551615 guard=1 bytes=0000000000000000FFFFFFFFFFFFFFFF0000000000000000FFFFFFFFFFFFFFFF0000000000000000FFFFFFFFFFFFFFFF0000000000000000FFFFFFFFFFFFFFFF
matrix target=7 length=16 status=00000000 exception=00000000 returned=16 guard=1 bytes=000000000000000000000000000000000000000000000000FFFFFFFFFFFFFFFF0000000000000000FFFFFFFFFFFFFFFF0000000000000000FFFFFFFFFFFFFFFF
matrix target=7 length=17 status=00000000 exception=00000000 returned=17 guard=1 bytes=000000000000000000000000000000000000000000000000FFFFFFFFFFFFFFFF0000000000000000FFFFFFFFFFFFFFFF0000000000000000FFFFFFFFFFFFFFFF
matrix target=7 length=24 status=00000000 exception=00000000 returned=24 guard=1 bytes=000000000000000000000000000000000000000000000000FFFFFFFFFFFFFFFF0000000000000000FFFFFFFFFFFFFFFF0000000000000000FFFFFFFFFFFFFFFF
matrix target=7 length=31 status=00000000 exception=00000000 returned=31 guard=1 bytes=000000000000000000000000000000000000000000000000FFFFFFFFFFFFFFFF0000000000000000FFFFFFFFFFFFFFFF0000000000000000FFFFFFFFFFFFFFFF
matrix target=7 length=32 status=00000000 exception=00000000 returned=32 guard=1 bytes=00000000000000000000000000000000000000000000000000000000000000000000000000000000FFFFFFFFFFFFFFFF0000000000000000FFFFFFFFFFFFFFFF
matrix target=7 length=64 status=00000000 exception=00000000 returned=64 guard=1 bytes=00000000000000000000000000000000000000000000000000000000000000000000000000000000000000000000000000000000000000000000000000000000
matrix target=7 length=80 status=00000000 exception=00000000 returned=80 guard=1 bytes=00000000000000000000000000000000000000000000000000000000000000000000000000000000000000000000000000000000000000000000000000000000
matrix target=7 length=128 status=00000000 exception=00000000 returned=128 guard=1 bytes=00000000000000000000000000000000000000000000000000000000000000000000000000000000000000000000000000000000000000000000000000000000
matrix target=8 length=0 status=C0000004 exception=00000000 returned=18446744073709551615 guard=1 bytes=0100000000000000FFFFFFFFFFFFFFFF0100000000000000FFFFFFFFFFFFFFFF0100000000000000FFFFFFFFFFFFFFFF0100000000000000FFFFFFFFFFFFFFFF
matrix target=8 length=1 status=C0000004 exception=00000000 returned=18446744073709551615 guard=1 bytes=0100000000000000FFFFFFFFFFFFFFFF0100000000000000FFFFFFFFFFFFFFFF0100000000000000FFFFFFFFFFFFFFFF0100000000000000FFFFFFFFFFFFFFFF
matrix target=8 length=7 status=C0000004 exception=00000000 returned=18446744073709551615 guard=1 bytes=0100000000000000FFFFFFFFFFFFFFFF0100000000000000FFFFFFFFFFFFFFFF0100000000000000FFFFFFFFFFFFFFFF0100000000000000FFFFFFFFFFFFFFFF
matrix target=8 length=8 status=C0000004 exception=00000000 returned=18446744073709551615 guard=1 bytes=0100000000000000FFFFFFFFFFFFFFFF0100000000000000FFFFFFFFFFFFFFFF0100000000000000FFFFFFFFFFFFFFFF0100000000000000FFFFFFFFFFFFFFFF
matrix target=8 length=12 status=C0000004 exception=00000000 returned=18446744073709551615 guard=1 bytes=0100000000000000FFFFFFFFFFFFFFFF0100000000000000FFFFFFFFFFFFFFFF0100000000000000FFFFFFFFFFFFFFFF0100000000000000FFFFFFFFFFFFFFFF
matrix target=8 length=15 status=C0000004 exception=00000000 returned=18446744073709551615 guard=1 bytes=0100000000000000FFFFFFFFFFFFFFFF0100000000000000FFFFFFFFFFFFFFFF0100000000000000FFFFFFFFFFFFFFFF0100000000000000FFFFFFFFFFFFFFFF
matrix target=8 length=16 status=00000000 exception=00000000 returned=16 guard=1 bytes=010000000000000000000000000000000100000000000000FFFFFFFFFFFFFFFF0100000000000000FFFFFFFFFFFFFFFF0100000000000000FFFFFFFFFFFFFFFF
matrix target=8 length=17 status=00000000 exception=00000000 returned=17 guard=1 bytes=010000000000000000000000000000000100000000000000FFFFFFFFFFFFFFFF0100000000000000FFFFFFFFFFFFFFFF0100000000000000FFFFFFFFFFFFFFFF
matrix target=8 length=24 status=00000000 exception=00000000 returned=24 guard=1 bytes=010000000000000000000000000000000100000000000000FFFFFFFFFFFFFFFF0100000000000000FFFFFFFFFFFFFFFF0100000000000000FFFFFFFFFFFFFFFF
matrix target=8 length=31 status=00000000 exception=00000000 returned=31 guard=1 bytes=010000000000000000000000000000000100000000000000FFFFFFFFFFFFFFFF0100000000000000FFFFFFFFFFFFFFFF0100000000000000FFFFFFFFFFFFFFFF
matrix target=8 length=32 status=00000000 exception=00000000 returned=32 guard=1 bytes=01000000000000000000000000000000010000000000000000000000000000000100000000000000FFFFFFFFFFFFFFFF0100000000000000FFFFFFFFFFFFFFFF
matrix target=8 length=64 status=00000000 exception=00000000 returned=64 guard=1 bytes=01000000000000000000000000000000010000000000000000000000000000000100000000000000000000000000000001000000000000000000000000000000
matrix target=8 length=80 status=00000000 exception=00000000 returned=80 guard=1 bytes=01000000000000000000000000000000010000000000000000000000000000000100000000000000000000000000000001000000000000000000000000000000
matrix target=8 length=128 status=00000000 exception=00000000 returned=128 guard=1 bytes=01000000000000000000000000000000010000000000000000000000000000000100000000000000000000000000000001000000000000000000000000000000
matrix target=9 length=0 status=C0000004 exception=00000000 returned=18446744073709551615 guard=1 bytes=FFFFFFFFFFFFFFFFFFFFFFFFFFFFFFFFFFFFFFFFFFFFFFFFFFFFFFFFFFFFFFFFFFFFFFFFFFFFFFFFFFFFFFFFFFFFFFFFFFFFFFFFFFFFFFFFFFFFFFFFFFFFFFFF
matrix target=9 length=1 status=C0000004 exception=00000000 returned=18446744073709551615 guard=1 bytes=FFFFFFFFFFFFFFFFFFFFFFFFFFFFFFFFFFFFFFFFFFFFFFFFFFFFFFFFFFFFFFFFFFFFFFFFFFFFFFFFFFFFFFFFFFFFFFFFFFFFFFFFFFFFFFFFFFFFFFFFFFFFFFFF
matrix target=9 length=7 status=C0000004 exception=00000000 returned=18446744073709551615 guard=1 bytes=FFFFFFFFFFFFFFFFFFFFFFFFFFFFFFFFFFFFFFFFFFFFFFFFFFFFFFFFFFFFFFFFFFFFFFFFFFFFFFFFFFFFFFFFFFFFFFFFFFFFFFFFFFFFFFFFFFFFFFFFFFFFFFFF
matrix target=9 length=8 status=C0000004 exception=00000000 returned=18446744073709551615 guard=1 bytes=FFFFFFFFFFFFFFFFFFFFFFFFFFFFFFFFFFFFFFFFFFFFFFFFFFFFFFFFFFFFFFFFFFFFFFFFFFFFFFFFFFFFFFFFFFFFFFFFFFFFFFFFFFFFFFFFFFFFFFFFFFFFFFFF
matrix target=9 length=12 status=C0000004 exception=00000000 returned=18446744073709551615 guard=1 bytes=FFFFFFFFFFFFFFFFFFFFFFFFFFFFFFFFFFFFFFFFFFFFFFFFFFFFFFFFFFFFFFFFFFFFFFFFFFFFFFFFFFFFFFFFFFFFFFFFFFFFFFFFFFFFFFFFFFFFFFFFFFFFFFFF
matrix target=9 length=15 status=C0000004 exception=00000000 returned=18446744073709551615 guard=1 bytes=FFFFFFFFFFFFFFFFFFFFFFFFFFFFFFFFFFFFFFFFFFFFFFFFFFFFFFFFFFFFFFFFFFFFFFFFFFFFFFFFFFFFFFFFFFFFFFFFFFFFFFFFFFFFFFFFFFFFFFFFFFFFFFFF
matrix target=9 length=16 status=00000000 exception=00000000 returned=16 guard=1 bytes=FFFFFFFFFFFFFFFF0000000000000000FFFFFFFFFFFFFFFFFFFFFFFFFFFFFFFFFFFFFFFFFFFFFFFFFFFFFFFFFFFFFFFFFFFFFFFFFFFFFFFFFFFFFFFFFFFFFFFF
matrix target=9 length=17 status=00000000 exception=00000000 returned=17 guard=1 bytes=FFFFFFFFFFFFFFFF0000000000000000FFFFFFFFFFFFFFFFFFFFFFFFFFFFFFFFFFFFFFFFFFFFFFFFFFFFFFFFFFFFFFFFFFFFFFFFFFFFFFFFFFFFFFFFFFFFFFFF
matrix target=9 length=24 status=00000000 exception=00000000 returned=24 guard=1 bytes=FFFFFFFFFFFFFFFF0000000000000000FFFFFFFFFFFFFFFFFFFFFFFFFFFFFFFFFFFFFFFFFFFFFFFFFFFFFFFFFFFFFFFFFFFFFFFFFFFFFFFFFFFFFFFFFFFFFFFF
matrix target=9 length=31 status=00000000 exception=00000000 returned=31 guard=1 bytes=FFFFFFFFFFFFFFFF0000000000000000FFFFFFFFFFFFFFFFFFFFFFFFFFFFFFFFFFFFFFFFFFFFFFFFFFFFFFFFFFFFFFFFFFFFFFFFFFFFFFFFFFFFFFFFFFFFFFFF
matrix target=9 length=32 status=00000000 exception=00000000 returned=32 guard=1 bytes=FFFFFFFFFFFFFFFF0000000000000000FFFFFFFFFFFFFFFF0000000000000000FFFFFFFFFFFFFFFFFFFFFFFFFFFFFFFFFFFFFFFFFFFFFFFFFFFFFFFFFFFFFFFF
matrix target=9 length=64 status=00000000 exception=00000000 returned=64 guard=1 bytes=FFFFFFFFFFFFFFFF0000000000000000FFFFFFFFFFFFFFFF0000000000000000FFFFFFFFFFFFFFFF0000000000000000FFFFFFFFFFFFFFFF0000000000000000
matrix target=9 length=80 status=00000000 exception=00000000 returned=80 guard=1 bytes=FFFFFFFFFFFFFFFF0000000000000000FFFFFFFFFFFFFFFF0000000000000000FFFFFFFFFFFFFFFF0000000000000000FFFFFFFFFFFFFFFF0000000000000000
matrix target=9 length=128 status=00000000 exception=00000000 returned=128 guard=1 bytes=FFFFFFFFFFFFFFFF0000000000000000FFFFFFFFFFFFFFFF0000000000000000FFFFFFFFFFFFFFFF0000000000000000FFFFFFFFFFFFFFFF0000000000000000
matrix target=10 length=0 status=C0000004 exception=00000000 returned=18446744073709551615 guard=1 bytes=0060BE75F9010000FFFFFFFFFFFFFFFF0060BE75F9010000FFFFFFFFFFFFFFFF0060BE75F9010000FFFFFFFFFFFFFFFF0060BE75F9010000FFFFFFFFFFFFFFFF
matrix target=10 length=1 status=C0000004 exception=00000000 returned=18446744073709551615 guard=1 bytes=0060BE75F9010000FFFFFFFFFFFFFFFF0060BE75F9010000FFFFFFFFFFFFFFFF0060BE75F9010000FFFFFFFFFFFFFFFF0060BE75F9010000FFFFFFFFFFFFFFFF
matrix target=10 length=7 status=C0000004 exception=00000000 returned=18446744073709551615 guard=1 bytes=0060BE75F9010000FFFFFFFFFFFFFFFF0060BE75F9010000FFFFFFFFFFFFFFFF0060BE75F9010000FFFFFFFFFFFFFFFF0060BE75F9010000FFFFFFFFFFFFFFFF
matrix target=10 length=8 status=C0000004 exception=00000000 returned=18446744073709551615 guard=1 bytes=0060BE75F9010000FFFFFFFFFFFFFFFF0060BE75F9010000FFFFFFFFFFFFFFFF0060BE75F9010000FFFFFFFFFFFFFFFF0060BE75F9010000FFFFFFFFFFFFFFFF
matrix target=10 length=12 status=C0000004 exception=00000000 returned=18446744073709551615 guard=1 bytes=0060BE75F9010000FFFFFFFFFFFFFFFF0060BE75F9010000FFFFFFFFFFFFFFFF0060BE75F9010000FFFFFFFFFFFFFFFF0060BE75F9010000FFFFFFFFFFFFFFFF
matrix target=10 length=15 status=C0000004 exception=00000000 returned=18446744073709551615 guard=1 bytes=0060BE75F9010000FFFFFFFFFFFFFFFF0060BE75F9010000FFFFFFFFFFFFFFFF0060BE75F9010000FFFFFFFFFFFFFFFF0060BE75F9010000FFFFFFFFFFFFFFFF
matrix target=10 length=16 status=00000000 exception=00000000 returned=16 guard=1 bytes=0060BE75F901000000000000000000000060BE75F9010000FFFFFFFFFFFFFFFF0060BE75F9010000FFFFFFFFFFFFFFFF0060BE75F9010000FFFFFFFFFFFFFFFF
matrix target=10 length=17 status=00000000 exception=00000000 returned=17 guard=1 bytes=0060BE75F901000000000000000000000060BE75F9010000FFFFFFFFFFFFFFFF0060BE75F9010000FFFFFFFFFFFFFFFF0060BE75F9010000FFFFFFFFFFFFFFFF
matrix target=10 length=24 status=00000000 exception=00000000 returned=24 guard=1 bytes=0060BE75F901000000000000000000000060BE75F9010000FFFFFFFFFFFFFFFF0060BE75F9010000FFFFFFFFFFFFFFFF0060BE75F9010000FFFFFFFFFFFFFFFF
matrix target=10 length=31 status=00000000 exception=00000000 returned=31 guard=1 bytes=0060BE75F901000000000000000000000060BE75F9010000FFFFFFFFFFFFFFFF0060BE75F9010000FFFFFFFFFFFFFFFF0060BE75F9010000FFFFFFFFFFFFFFFF
matrix target=10 length=32 status=00000000 exception=00000000 returned=32 guard=1 bytes=0060BE75F901000000000000000000000060BE75F901000000000000000000000060BE75F9010000FFFFFFFFFFFFFFFF0060BE75F9010000FFFFFFFFFFFFFFFF
matrix target=10 length=64 status=00000000 exception=00000000 returned=64 guard=1 bytes=0060BE75F901000000000000000000000060BE75F901000000000000000000000060BE75F901000000000000000000000060BE75F90100000000000000000000
matrix target=10 length=80 status=00000000 exception=00000000 returned=80 guard=1 bytes=0060BE75F901000000000000000000000060BE75F901000000000000000000000060BE75F901000000000000000000000060BE75F90100000000000000000000
matrix target=10 length=128 status=00000000 exception=00000000 returned=128 guard=1 bytes=0060BE75F901000000000000000000000060BE75F901000000000000000000000060BE75F901000000000000000000000060BE75F90100000000000000000000
matrix target=11 length=0 status=C0000004 exception=00000000 returned=18446744073709551615 guard=1 bytes=0120BE75F9010000FFFFFFFFFFFFFFFF0120BE75F9010000FFFFFFFFFFFFFFFF0120BE75F9010000FFFFFFFFFFFFFFFF0120BE75F9010000FFFFFFFFFFFFFFFF
matrix target=11 length=1 status=C0000004 exception=00000000 returned=18446744073709551615 guard=1 bytes=0120BE75F9010000FFFFFFFFFFFFFFFF0120BE75F9010000FFFFFFFFFFFFFFFF0120BE75F9010000FFFFFFFFFFFFFFFF0120BE75F9010000FFFFFFFFFFFFFFFF
matrix target=11 length=7 status=C0000004 exception=00000000 returned=18446744073709551615 guard=1 bytes=0120BE75F9010000FFFFFFFFFFFFFFFF0120BE75F9010000FFFFFFFFFFFFFFFF0120BE75F9010000FFFFFFFFFFFFFFFF0120BE75F9010000FFFFFFFFFFFFFFFF
matrix target=11 length=8 status=C0000004 exception=00000000 returned=18446744073709551615 guard=1 bytes=0120BE75F9010000FFFFFFFFFFFFFFFF0120BE75F9010000FFFFFFFFFFFFFFFF0120BE75F9010000FFFFFFFFFFFFFFFF0120BE75F9010000FFFFFFFFFFFFFFFF
matrix target=11 length=12 status=C0000004 exception=00000000 returned=18446744073709551615 guard=1 bytes=0120BE75F9010000FFFFFFFFFFFFFFFF0120BE75F9010000FFFFFFFFFFFFFFFF0120BE75F9010000FFFFFFFFFFFFFFFF0120BE75F9010000FFFFFFFFFFFFFFFF
matrix target=11 length=15 status=C0000004 exception=00000000 returned=18446744073709551615 guard=1 bytes=0120BE75F9010000FFFFFFFFFFFFFFFF0120BE75F9010000FFFFFFFFFFFFFFFF0120BE75F9010000FFFFFFFFFFFFFFFF0120BE75F9010000FFFFFFFFFFFFFFFF
matrix target=11 length=16 status=00000000 exception=00000000 returned=16 guard=1 bytes=0120BE75F901000000000000000000000120BE75F9010000FFFFFFFFFFFFFFFF0120BE75F9010000FFFFFFFFFFFFFFFF0120BE75F9010000FFFFFFFFFFFFFFFF
matrix target=11 length=17 status=00000000 exception=00000000 returned=17 guard=1 bytes=0120BE75F901000000000000000000000120BE75F9010000FFFFFFFFFFFFFFFF0120BE75F9010000FFFFFFFFFFFFFFFF0120BE75F9010000FFFFFFFFFFFFFFFF
matrix target=11 length=24 status=00000000 exception=00000000 returned=24 guard=1 bytes=0120BE75F901000000000000000000000120BE75F9010000FFFFFFFFFFFFFFFF0120BE75F9010000FFFFFFFFFFFFFFFF0120BE75F9010000FFFFFFFFFFFFFFFF
matrix target=11 length=31 status=00000000 exception=00000000 returned=31 guard=1 bytes=0120BE75F901000000000000000000000120BE75F9010000FFFFFFFFFFFFFFFF0120BE75F9010000FFFFFFFFFFFFFFFF0120BE75F9010000FFFFFFFFFFFFFFFF
matrix target=11 length=32 status=00000000 exception=00000000 returned=32 guard=1 bytes=0120BE75F901000000000000000000000120BE75F901000000000000000000000120BE75F9010000FFFFFFFFFFFFFFFF0120BE75F9010000FFFFFFFFFFFFFFFF
matrix target=11 length=64 status=00000000 exception=00000000 returned=64 guard=1 bytes=0120BE75F901000000000000000000000120BE75F901000000000000000000000120BE75F901000000000000000000000120BE75F90100000000000000000000
matrix target=11 length=80 status=00000000 exception=00000000 returned=80 guard=1 bytes=0120BE75F901000000000000000000000120BE75F901000000000000000000000120BE75F901000000000000000000000120BE75F90100000000000000000000
matrix target=11 length=128 status=00000000 exception=00000000 returned=128 guard=1 bytes=0120BE75F901000000000000000000000120BE75F901000000000000000000000120BE75F901000000000000000000000120BE75F90100000000000000000000
fault role=0 length=64 status=00000000 exception=00000000 guards=00 bytes=8014AA67F87F00000F820045000000008014AA67F87F00000F820045000000008014AA67F87F00000F820045000000008014AA67F87F00000F82004500000000 returned=4000000000000000A5A5A5A5A5A5A5A5
fault role=1 length=0 status=C0000004 exception=00000000 guards=00 bytes=8014AA67F87F0000FFFFFFFFFFFFFFFF8014AA67F87F0000FFFFFFFFFFFFFFFF8014AA67F87F0000FFFFFFFFFFFFFFFF8014AA67F87F0000FFFFFFFFFFFFFFFF returned=A5A5A5A5A5A5A5A5A5A5A5A5A5A5A5A5
fault role=2 length=64 status=C0000005 exception=00000000 guards=00 bytes=8014AA67F87F0000FFFFFFFFFFFFFFFF8014AA67F87F0000FFFFFFFFFFFFFFFF8014AA67F87F0000FFFFFFFFFFFFFFFF8014AA67F87F0000FFFFFFFFFFFFFFFF returned=A5A5A5A5A5A5A5A5A5A5A5A5A5A5A5A5
fault role=3 length=64 status=80000002 exception=00000000 guards=00 bytes=8014AA67F87F0000FFFFFFFFFFFFFFFF8014AA67F87F0000FFFFFFFFFFFFFFFF8014AA67F87F0000FFFFFFFFFFFFFFFF8014AA67F87F0000FFFFFFFFFFFFFFFF returned=A5A5A5A5A5A5A5A5A5A5A5A5A5A5A5A5
fault role=4 length=64 status=80000002 exception=00000000 guards=00 bytes=8014AA67F87F0000FFFFFFFFFFFFFFFF8014AA67F87F0000FFFFFFFFFFFFFFFF8014AA67F87F0000FFFFFFFFFFFFFFFF8014AA67F87F0000FFFFFFFFFFFFFFFF returned=A5A5A5A5A5A5A5A5A5A5A5A5A5A5A5A5
fault role=5 length=64 status=80000002 exception=00000000 guards=00 bytes=8014AA67F87F0000FFFFFFFFFFFFFFFF8014AA67F87F0000FFFFFFFFFFFFFFFF8014AA67F87F0000FFFFFFFFFFFFFFFF8014AA67F87F0000FFFFFFFFFFFFFFFF returned=A5A5A5A5A5A5A5A5A5A5A5A5A5A5A5A5
fault role=6 length=64 status=C0000005 exception=00000000 guards=00 bytes=8014AA67F87F0000FFFFFFFFFFFFFFFF8014AA67F87F0000FFFFFFFFFFFFFFFF8014AA67F87F0000FFFFFFFFFFFFFFFF8014AA67F87F0000FFFFFFFFFFFFFFFF returned=A5A5A5A5A5A5A5A5A5A5A5A5A5A5A5A5
fault role=7 length=64 status=00000000 exception=00000000 guards=00 bytes=8014AA67F87F00000F820045000000008014AA67F87F00000F820045000000008014AA67F87F00000F820045000000008014AA67F87F00000F82004500000000 returned=A54000000000000000A5A5A5A5A5A5A5
fault role=8 length=64 status=C0000008 exception=00000000 guards=00 bytes=8014AA67F87F0000FFFFFFFFFFFFFFFF8014AA67F87F0000FFFFFFFFFFFFFFFF8014AA67F87F0000FFFFFFFFFFFFFFFF8014AA67F87F0000FFFFFFFFFFFFFFFF returned=A5A5A5A5A5A5A5A5A5A5A5A5A5A5A5A5
fault role=9 length=64 status=C0000024 exception=00000000 guards=00 bytes=8014AA67F87F0000FFFFFFFFFFFFFFFF8014AA67F87F0000FFFFFFFFFFFFFFFF8014AA67F87F0000FFFFFFFFFFFFFFFF8014AA67F87F0000FFFFFFFFFFFFFFFF returned=A5A5A5A5A5A5A5A5A5A5A5A5A5A5A5A5
fault role=10 length=64 status=C000000D exception=00000000 guards=00 bytes=8014AA67F87F0000FFFFFFFFFFFFFFFF8014AA67F87F0000FFFFFFFFFFFFFFFF8014AA67F87F0000FFFFFFFFFFFFFFFF8014AA67F87F0000FFFFFFFFFFFFFFFF returned=A5A5A5A5A5A5A5A5A5A5A5A5A5A5A5A5
fault role=11 length=64 status=00000000 exception=00000000 guards=00 bytes=8014AA67F87F00000F820045000000008014AA67F87F00000F820045000000008014AA67F87F00000F820045000000008014AA67F87F00000F82004500000000 returned=4000000000000000A5A5A5A5A5A5A5A5
fault role=12 length=64 status=C0000005 exception=00000000 guards=00 bytes=8014AA67F87F0000FFFFFFFFFFFFFFFF8014AA67F87F0000FFFFFFFFFFFFFFFF8014AA67F87F0000FFFFFFFFFFFFFFFF8014AA67F87F0000FFFFFFFFFFFFFFFF returned=A5A5A5A5A5A5A5A5A5A5A5A5A5A5A5A5
fault role=13 length=64 status=80000001 exception=00000000 guards=00 bytes=8014AA67F87F0000FFFFFFFFFFFFFFFF8014AA67F87F0000FFFFFFFFFFFFFFFF8014AA67F87F0000FFFFFFFFFFFFFFFF8014AA67F87F0000FFFFFFFFFFFFFFFF returned=A5A5A5A5A5A5A5A5A5A5A5A5A5A5A5A5
fault role=14 length=64 status=C0000005 exception=00000000 guards=00 bytes=8014AA67F87F0000FFFFFFFFFFFFFFFF8014AA67F87F0000FFFFFFFFFFFFFFFF8014AA67F87F0000FFFFFFFFFFFFFFFF8014AA67F87F0000FFFFFFFFFFFFFFFF returned=A5A5A5A5A5A5A5A5A5A5A5A5A5A5A5A5
fault role=15 length=64 status=80000001 exception=00000000 guards=00 bytes=8014AA67F87F0000FFFFFFFFFFFFFFFF8014AA67F87F0000FFFFFFFFFFFFFFFF8014AA67F87F0000FFFFFFFFFFFFFFFF8014AA67F87F0000FFFFFFFFFFFFFFFF returned=A5A5A5A5A5A5A5A5A5A5A5A5A5A5A5A5
fault role=16 length=64 status=80000001 exception=00000000 guards=01 bytes=8014AA67F87F0000FFFFFFFFFFFFFFFF8014AA67F87F0000FFFFFFFFFFFFFFFF8014AA67F87F0000FFFFFFFFFFFFFFFF8014AA67F87F0000FFFFFFFFFFFFFFFF returned=A5A5A5A5A5A5A5A5A5A5A5A5A5A5A5A5
fault role=17 length=64 status=80000001 exception=00000000 guards=00 bytes=8014AA67F87F0000FFFFFFFFFFFFFFFF8014AA67F87F0000FFFFFFFFFFFFFFFF8014AA67F87F0000FFFFFFFFFFFFFFFF8014AA67F87F0000FFFFFFFFFFFFFFFF returned=A5A5A5A5A5A5A5A5A5A5A5A5A5A5A5A5
fault role=18 length=64 status=00000000 exception=00000000 guards=00 bytes=40000000000000000F820045000000008014AA67F87F00000F820045000000008014AA67F87F00000F820045000000008014AA67F87F00000F82004500000000 returned=A5A5A5A5A5A5A5A5A5A5A5A5A5A5A5A5
fault role=19 length=17 status=C0000005 exception=00000000 guards=00 bytes=8014AA67F87F0000FFFFFFFFFFFFFFFF8014AA67F87F0000FFFFFFFFFFFFFFFF8014AA67F87F0000FFFFFFFFFFFFFFFF8014AA67F87F0000FFFFFFFFFFFFFFFF returned=A5A5A5A5A5A5A5A5A5A5A5A5A5A5A5A5
fault role=20 length=9 status=C0000004 exception=00000000 guards=00 bytes=8014AA67F87F0000FFFFFFFFFFFFFFFF8014AA67F87F0000FFFFFFFFFFFFFFFF8014AA67F87F0000FFFFFFFFFFFFFFFF8014AA67F87F0000FFFFFFFFFFFFFFFF returned=A5A5A5A5A5A5A5A5A5A5A5A5A5A5A5A5
fault role=21 length=16 status=00000000 exception=00000000 guards=00 bytes=8014AA67F87F0000FFFFFFFFFFFFFFFF8014AA67F87F0000FFFFFFFFFFFFFFFF8014AA67F87F0000FFFFFFFFFFFFFFFF8014AA67F87F0000FFFFFFFFFFFFFFFF returned=1000000000000000A5A5A5A5A5A5A5A5
fault role=22 length=8 status=C0000004 exception=00000000 guards=00 bytes=8014AA67F87F0000FFFFFFFFFFFFFFFF8014AA67F87F0000FFFFFFFFFFFFFFFF8014AA67F87F0000FFFFFFFFFFFFFFFF8014AA67F87F0000FFFFFFFFFFFFFFFF returned=A5A5A5A5A5A5A5A5A5A5A5A5A5A5A5A5
fault role=23 length=0 status=C0000004 exception=00000000 guards=10 bytes=8014AA67F87F0000FFFFFFFFFFFFFFFF8014AA67F87F0000FFFFFFFFFFFFFFFF8014AA67F87F0000FFFFFFFFFFFFFFFF8014AA67F87F0000FFFFFFFFFFFFFFFF returned=A5A5A5A5A5A5A5A5A5A5A5A5A5A5A5A5
fault role=24 length=64 status=C0000005 exception=00000000 guards=00 bytes=8014AA67F87F0000FFFFFFFFFFFFFFFF8014AA67F87F0000FFFFFFFFFFFFFFFF8014AA67F87F0000FFFFFFFFFFFFFFFF8014AA67F87F0000FFFFFFFFFFFFFFFF returned=A5A5A5A5A5A5A5A5A5A5A5A5A5A5A5A5
fault role=25 length=15 status=C0000004 exception=00000000 guards=00 bytes=8014AA67F87F0000FFFFFFFFFFFFFFFF8014AA67F87F0000FFFFFFFFFFFFFFFF8014AA67F87F0000FFFFFFFFFFFFFFFF8014AA67F87F0000FFFFFFFFFFFFFFFF returned=A5A5A5A5A5A5A5A5A5A5A5A5A5A5A5A5
fault role=26 length=18446744073709551615 status=C0000005 exception=00000000 guards=00 bytes=8014AA67F87F0000FFFFFFFFFFFFFFFF8014AA67F87F0000FFFFFFFFFFFFFFFF8014AA67F87F0000FFFFFFFFFFFFFFFF8014AA67F87F0000FFFFFFFFFFFFFFFF returned=A5A5A5A5A5A5A5A5A5A5A5A5A5A5A5A5
fault role=27 length=4294967296 status=C0000005 exception=00000000 guards=00 bytes=8014AA67F87F0000FFFFFFFFFFFFFFFF8014AA67F87F0000FFFFFFFFFFFFFFFF8014AA67F87F0000FFFFFFFFFFFFFFFF8014AA67F87F0000FFFFFFFFFFFFFFFF returned=A5A5A5A5A5A5A5A5A5A5A5A5A5A5A5A5
fault role=28 length=64 status=00000000 exception=00000000 guards=00 bytes=8014AA67F87F00000F820045000000008014AA67F87F00000F820045000000008014AA67F87F00000F820045000000008014AA67F87F00000F82004500000000 returned=A5A5A5A5A5A5A5A5A5A5A5A5A5A5A5A5
fault role=29 length=64 status=C0000005 exception=00000000 guards=00 bytes=8014AA67F87F0000FFFFFFFFFFFFFFFF8014AA67F87F0000FFFFFFFFFFFFFFFF8014AA67F87F0000FFFFFFFFFFFFFFFF8014AA67F87F0000FFFFFFFFFFFFFFFF returned=A5A5A5A5A5A5A5A5A5A5A5A5A5A5A5A5
rights access=10 status=C0000022 exception=00000000 returned=18446744073709551615 flags=A5A5A5A5A5A5A5A5
rights access=400 status=00000000 exception=00000000 returned=16 flags=4500820F
rights access=1000 status=00000000 exception=00000000 returned=16 flags=4500820F
rights access=1010 status=00000000 exception=00000000 returned=16 flags=4500820F
rights access=410 status=00000000 exception=00000000 returned=16 flags=4500820F
rights access=1FFFFF status=00000000 exception=00000000 returned=16 flags=4500820F
