case=base-null width=8 status=C0000005 exception=00000000 base=0 size=1000 page-protect=00000004
case=size-null width=8 status=C0000005 exception=00000000 base=0 size=1000 page-protect=00000004
case=base-unaligned width=8 status=00000000 exception=00000000 base=0 size=1000 page-protect=00000004 freed=00000000
case=size-unaligned width=8 status=00000000 exception=00000000 base=8000100000 size=1000 page-protect=00000004 freed=00000000
case=base-unmapped width=8 status=C0000005 exception=00000000 base=0 size=1000 page-protect=00000004
case=size-unmapped width=8 status=C0000005 exception=00000000 base=0 size=1000 page-protect=00000004
case=base-readonly width=8 status=C0000005 exception=00000000 base=0 size=1000 page-protect=00000002
case=size-readonly width=8 status=C0000005 exception=00000000 base=0 size=1000 page-protect=00000002
case=base-guard width=8 status=80000001 exception=00000000 base=0 size=1000 page-protect=00000004
case=size-guard width=8 status=80000001 exception=00000000 base=0 size=1000 page-protect=00000004
case=parameters-guard width=8 status=80000001 exception=00000000 base=0 size=1000 page-protect=00000004
case=requirements-guard width=8 status=80000001 exception=00000000 base=0 size=1000 page-protect=00000004
case=handle-null width=8 status=C0000008 exception=00000000 base=0 size=1000 page-protect=00000004
case=handle-thread width=8 status=C0000024 exception=00000000 base=0 size=1000 page-protect=00000004
case=handle-invalid width=8 status=C0000008 exception=00000000 base=0 size=1000 page-protect=00000004
case=bad-flags-base-null width=8 status=C0000005 exception=00000000 base=0 size=1000 page-protect=00000004
case=bad-flags-parameters-null width=8 status=C000000D exception=00000000 base=0 size=1000 page-protect=00000004
case=bad-protect-base-null width=8 status=C0000005 exception=00000000 base=0 size=1000 page-protect=00000004
case=bad-count-base-null width=8 status=C0000005 exception=00000000 base=0 size=1000 page-protect=00000004
case=bad-parameters-base-null width=8 status=C0000005 exception=00000000 base=0 size=1000 page-protect=00000004
case=bad-parameters-size-null width=8 status=C0000005 exception=00000000 base=0 size=1000 page-protect=00000004
case=unaligned-parameters-base-null width=8 status=C0000005 exception=00000000 base=0 size=1000 page-protect=00000004
case=unaligned-requirements-base-null width=8 status=C0000005 exception=00000000 base=0 size=1000 page-protect=00000004
case=unknown-type-base-null width=8 status=C0000005 exception=00000000 base=0 size=1000 page-protect=00000004
case=duplicate-numa width=8 status=C000000D exception=00000000 base=0 size=1000 page-protect=00000004
case=duplicate-attributes width=8 status=C000000D exception=00000000 base=0 size=1000 page-protect=00000004
case=numa-unspecified width=8 status=C000000D exception=00000000 base=0 size=1000 page-protect=00000004
case=attributes-unknown width=8 status=C000000D exception=00000000 base=0 size=1000 page-protect=00000004
case=attributes-ec-code width=8 status=C000000D exception=00000000 base=0 size=1000 page-protect=00000004
case=requirements-high-limit width=8 status=00000000 exception=00000000 base=8000100000 size=1000 page-protect=00000004 freed=00000000
case=requirements-low-above-limit width=8 status=C000000D exception=00000000 base=0 size=1000 page-protect=00000004
case=requirements-size-overflow width=8 status=C000000D exception=00000000 base=0 size=FFFFFFFFFFFFFFFF page-protect=00000004
case=parameters-cross-inaccessible width=8 status=C0000005 exception=00000000 base=0 size=1000 page-protect=00000004
case=requirements-cross-inaccessible width=8 status=C0000005 exception=00000000 base=0 size=1000 page-protect=00000004
case=valid-array-count width=8 count=0 status=C000000D exception=00000000 base=0 size=1000
case=valid-array-count width=8 count=1 status=C000000D exception=00000000 base=0 size=1000
case=valid-array-count width=8 count=2 status=C000000D exception=00000000 base=0 size=1000
case=valid-array-count width=8 count=3 status=C000000D exception=00000000 base=0 size=1000
case=valid-array-count width=8 count=4 status=C000000D exception=00000000 base=0 size=1000
case=valid-array-count width=8 count=5 status=C000000D exception=00000000 base=0 size=1000
case=valid-array-count width=8 count=6 status=C000000D exception=00000000 base=0 size=1000
case=valid-array-count width=8 count=7 status=C000000D exception=00000000 base=0 size=1000
case=valid-array-count width=8 count=8 status=C000000D exception=00000000 base=0 size=1000
case=valid-array-count width=8 count=9 status=C000000D exception=00000000 base=0 size=1000
case=valid-array-count width=8 count=10 status=C000000D exception=00000000 base=0 size=1000
case=valid-array-count width=8 count=11 status=C000000D exception=00000000 base=0 size=1000
case=valid-array-count width=8 count=12 status=C000000D exception=00000000 base=0 size=1000
case=valid-array-count width=8 count=13 status=C000000D exception=00000000 base=0 size=1000
case=valid-array-count width=8 count=14 status=C000000D exception=00000000 base=0 size=1000
case=valid-array-count width=8 count=15 status=C000000D exception=00000000 base=0 size=1000
case=valid-array-count width=8 count=16 status=C000000D exception=00000000 base=0 size=1000
