case=count-seven-inaccessible-aligned width=8 status=C0000005 base=0 size=1000 page-protect=00000004
case=count-six-inaccessible-aligned width=8 status=C0000005 base=0 size=1000 page-protect=00000004
case=count-seven-accessible-prefix width=8 status=C0000005 base=0 size=1000 page-protect=00000004
case=unknown-type-before-inaccessible-second width=8 status=C0000005 base=0 size=1000 page-protect=00000004
case=requirements-before-inaccessible-second width=8 status=C0000005 base=0 size=1000 page-protect=00000004
case=invalid-protect-range-invalid width=8 status=C000000D base=0 size=1000 page-protect=00000004
case=invalid-flags-range-invalid width=8 status=C000000D base=0 size=1000 page-protect=00000004
case=unaligned-array-invalid-flags width=8 status=80000002 base=0 size=1000 page-protect=00000004
case=invalid-handle-unaligned-array width=8 status=80000002 base=0 size=1000 page-protect=00000004
case=invalid-handle-invalid-range width=8 status=C0000008 base=0 size=1000 page-protect=00000004
case=base-null-size-guard width=8 status=C0000005 base=0 size=1000 page-protect=00000104
case=base-guard-size-null width=8 status=C0000005 base=0 size=1000 page-protect=00000004
case=size-readonly-invalid-type width=8 status=C0000005 base=0 size=1000 page-protect=00000002
case=base-readonly-invalid-type width=8 status=C0000005 base=0 size=1000 page-protect=00000002
case=x86-pointer-padding width=8 status=00000000 base=AB6BFC0000 size=1000 page-protect=00000004 freed=00000000
case=range-no-aligned-fit width=8 status=C000000D base=0 size=1000 page-protect=00000004
case=large-alignment width=8 status=C000000D base=0 size=1000 page-protect=00000004
case=attribute-nonpaged width=8 status=C000000D base=0 size=1000 page-protect=00000004
case=partition-null width=8 status=C000000D base=0 size=1000 page-protect=00000004
case=user-physical-null width=8 status=C000000D base=0 size=1000 page-protect=00000004
case=image-machine-zero width=8 status=C000000D base=0 size=1000 page-protect=00000004
